******************************************************************************
                  TI ARM Linker Unix v18.1.3                   
******************************************************************************
>> Linked Tue May  7 15:59:47 2019

OUTPUT FILE NAME:   <asm_gio.out>
ENTRY POINT SYMBOL: "_c_int00"  address: 00002ff0


MEMORY CONFIGURATION

         name            origin    length      used     unused   attr    fill
----------------------  --------  ---------  --------  --------  ----  --------
  VECTORS               00000000   00000020  00000020  00000000     X
  FLASH0                00000020   001fffe0  000034c0  001fcb20  R  X
  FLASH1                00200000   00200000  00000000  00200000  R  X
  STACKS                08000000   00001500  00000000  00001500  RW  
  RAM                   08001500   0007eb00  00000000  0007eb00  RW  


SEGMENT ALLOCATION MAP

run origin  load origin   length   init length attrs members
----------  ----------- ---------- ----------- ----- -------
00000000    00000000    000034e0   000034e0    r-x
  00000000    00000000    00000020   00000020    r-x .intvecs
  00000020    00000020    000032c0   000032c0    r-x .text
  000032e0    000032e0    00000200   00000200    r-- .const


SECTION ALLOCATION MAP

 output                                  attributes/
section   page    origin      length       input sections
--------  ----  ----------  ----------   ----------------
.intvecs   0    00000000    00000020     
                  00000000    00000020     HL_sys_intvecs.obj (.intvecs)

.text      0    00000020    000032c0     
                  00000020    000009cc     HL_pinmux.obj (.text)
                  000009ec    0000095c     HL_system.obj (.text)
                  00001348    00000938     HL_sys_vim.obj (.text)
                  00001c80    0000078c     HL_esm.obj (.text)
                  0000240c    000003c4     HL_sys_core.obj (.text)
                  000027d0    0000036c     HL_sys_mpu.obj (.text)
                  00002b3c    0000033c     HL_sys_vim.obj (.text:retain)
                  00002e78    00000178     HL_esm.obj (.text:retain)
                  00002ff0    000000b4     HL_sys_startup.obj (.text:retain)
                  000030a4    000000a0     HL_rti.obj (.text:retain)
                  00003144    0000009c     HL_notification.obj (.text)
                  000031e0    0000007c     gio.obj (.text)
                  0000325c    00000068     rtsv7R4_A_be_v3D16_eabi.lib : autoinit.c.obj (.text:__TI_auto_init_nobinit_nopinit:__TI_auto_init_nobinit_nopinit)
                  000032c4    00000010     HL_sys_main.obj (.text)
                  000032d4    00000008     rtsv7R4_A_be_v3D16_eabi.lib : exit.c.obj (.text:abort:abort)
                  000032dc    00000004     HL_sys_phantom.obj (.text:retain)

.const     0    000032e0    00000200     
                  000032e0    00000200     HL_sys_vim.obj (.const:s_vim_init)

.cinit     0    00000020    00000000     UNINITIALIZED

MODULE SUMMARY

       Module                code    ro data   rw data
       ------                ----    -------   -------
    ./include/
       gio.obj               124     0         0      
    +--+---------------------+-------+---------+---------+
       Total:                124     0         0      
                                                      
    ./source/
       HL_sys_vim.obj        3188    512       0      
       HL_pinmux.obj         2508    0         0      
       HL_system.obj         2396    0         0      
       HL_esm.obj            2308    0         0      
       HL_sys_core.obj       964     0         0      
       HL_sys_mpu.obj        876     0         0      
       HL_sys_startup.obj    180     0         0      
       HL_rti.obj            160     0         0      
       HL_notification.obj   156     0         0      
       HL_sys_intvecs.obj    32      0         0      
       HL_sys_main.obj       16      0         0      
       HL_sys_phantom.obj    4       0         0      
    +--+---------------------+-------+---------+---------+
       Total:                12788   512       0      
                                                      
    /home/koitt/ti/ccsv8/tools/compiler/ti-cgt-arm_18.1.3.LTS/lib/rtsv7R4_A_be_v3D16_eabi.lib
       autoinit.c.obj        104     0         0      
       exit.c.obj            8       0         0      
    +--+---------------------+-------+---------+---------+
       Total:                112     0         0      
                                                      
    +--+---------------------+-------+---------+---------+
       Grand Total:          13024   512       0      


GLOBAL SYMBOLS: SORTED ALPHABETICALLY BY Name 

address   name                                
-------   ----                                
000032d4  C$$EXIT                             
UNDEFED   SHT$$INIT_ARRAY$$Base               
UNDEFED   SHT$$INIT_ARRAY$$Limit              
UNDEFED   __TI_CINIT_Base                     
UNDEFED   __TI_CINIT_Limit                    
UNDEFED   __TI_Handler_Table_Base             
UNDEFED   __TI_Handler_Table_Limit            
000027c8  __TI_PINIT_Base                     
000027cc  __TI_PINIT_Limit                    
0000325c  __TI_auto_init_nobinit_nopinit      
ffffffff  __TI_pprof_out_hndl                 
ffffffff  __TI_prof_data_size                 
ffffffff  __TI_prof_data_start                
00000000  __TI_static_base__                  
ffffffff  __binit__                           
ffffffff  __c_args__                          
00002ff0  _c_int00                            
0000277c  _cacheDisable_                      
00002738  _cacheEnable_                       
00002718  _checkMemInitOn_                    
00002624  _coreClearAuxiliaryDataFault_       
00002638  _coreClearAuxiliaryInstructionFault_
000025fc  _coreClearDataFaultAddress_         
000025d4  _coreClearDataFault_                
00002610  _coreClearInstructionFaultAddress_  
000025e8  _coreClearInstructionFault_         
000025ac  _coreDisableEventBusExport_         
0000259c  _coreEnableEventBusExport_          
000025bc  _coreEnableIrqVicOffset_            
00002584  _coreEnableVfp_                     
0000261c  _coreGetAuxiliaryDataFault_         
00002630  _coreGetAuxiliaryInstructionFault_  
000025f4  _coreGetDataFaultAddress_           
000025cc  _coreGetDataFault_                  
00002608  _coreGetInstructionFaultAddress_    
000025e0  _coreGetInstructionFault_           
0000240c  _coreInitRegisters_                 
00002518  _coreInitStackPointer_              
000027a0  _dCacheInvalidate_                  
00002644  _disable_IRQ_interrupt_             
0000264c  _enable_IRQ_interrupt_              
00002654  _enable_interrupt_                  
0000265c  _esmCcmErrorsClear_                 
00002564  _getCPSRValue_                      
000031e0  _gio_a5_on_                         
0000256c  _gotoCPUIdle_                       
000027b4  _iCacheInvalidate_                  
000026e4  _memInit_                           
00002ae4  _mpuAreRegionsSeparate_             
00002ac8  _mpuDisableBackgroundRegion_        
00002aa0  _mpuDisable_                        
00002ab8  _mpuEnableBackgroundRegion_         
00002a88  _mpuEnable_                         
00002ad8  _mpuGetNumberOfRegions_             
00002b08  _mpuGetRegionBaseAddress_           
00002b28  _mpuGetRegionPermission_            
00002b1c  _mpuGetRegionType_                  
00002af8  _mpuGetRegion_                      
000027d0  _mpuInit_                           
00002b00  _mpuSetRegionBaseAddress_           
00002b34  _mpuSetRegionSizeRegister_          
00002b10  _mpuSetRegionTypeAndPermission_     
00002af0  _mpuSetRegion_                      
0000324c  _print_cpsr_                        
00003254  _print_spsr_                        
UNDEFED   _system_post_cinit                  
000032d4  abort                               
ffffffff  binit                               
0000317c  dmaGroupANotification               
000031cc  epcCAMFullNotification              
000031d0  epcFIFOFullNotification             
00001e90  esmActivateNormalOperation          
00001fdc  esmClearStatus                      
00002040  esmClearStatusBuffer                
0000201c  esmClearStatusUpper                 
00001e3c  esmDisableError                     
00001e64  esmDisableErrorUpper                
00001ee4  esmDisableInterrupt                 
00001f0c  esmDisableInterruptUpper            
00001df8  esmEnableError                      
00001e20  esmEnableErrorUpper                 
00001ea0  esmEnableInterrupt                  
00001ec8  esmEnableInterruptUpper             
00002170  esmEnterSelfTest                    
00001ddc  esmError                            
00002248  esmGetConfigValue                   
0000207c  esmGetStatus                        
00002148  esmGetStatusBuffer                  
00002100  esmGetStatusUpper                   
00003144  esmGroup1Notification               
00003158  esmGroup2Notification               
0000316c  esmGroup3Notification               
00002e78  esmHighInterrupt                    
00001c80  esmInit                             
000021f8  esmSelfTestStatus                   
0000205c  esmSetCounterPreloadValue           
00001f28  esmSetInterruptLevel                
00001f9c  esmSetInterruptLevelUpper           
00001e80  esmTriggerErrorPinReset             
00000d58  getResetSource                      
000031a4  gioNotification                     
000032c4  main                                
00000b88  mapClocks                           
00000020  muxInit                             
00000ad4  periphInit                          
000032dc  phantomInterrupt                    
00000000  resetEntry                          
000030a4  rtiCompare0Interrupt                
000030f0  rtiCompare1Interrupt                
00003190  rtiNotification                     
000031b8  sciNotification                     
00000a94  setupFlash                          
000009ec  setupPLL                            
00000e80  systemGetConfigValue                
00000cb4  systemInit                          
00000d28  systemPowerDown                     
00000a4c  trimLPO                             
0000141c  vimChannelMap                       
00001688  vimDisableInterrupt                 
00002b3c  vimECCErrorHandler                  
000014c0  vimEnableInterrupt                  
00001734  vimGetConfigValue                   
00001348  vimInit                             


GLOBAL SYMBOLS: SORTED BY Symbol Address 

address   name                                
-------   ----                                
00000000  __TI_static_base__                  
00000000  resetEntry                          
00000020  muxInit                             
000009ec  setupPLL                            
00000a4c  trimLPO                             
00000a94  setupFlash                          
00000ad4  periphInit                          
00000b88  mapClocks                           
00000cb4  systemInit                          
00000d28  systemPowerDown                     
00000d58  getResetSource                      
00000e80  systemGetConfigValue                
00001348  vimInit                             
0000141c  vimChannelMap                       
000014c0  vimEnableInterrupt                  
00001688  vimDisableInterrupt                 
00001734  vimGetConfigValue                   
00001c80  esmInit                             
00001ddc  esmError                            
00001df8  esmEnableError                      
00001e20  esmEnableErrorUpper                 
00001e3c  esmDisableError                     
00001e64  esmDisableErrorUpper                
00001e80  esmTriggerErrorPinReset             
00001e90  esmActivateNormalOperation          
00001ea0  esmEnableInterrupt                  
00001ec8  esmEnableInterruptUpper             
00001ee4  esmDisableInterrupt                 
00001f0c  esmDisableInterruptUpper            
00001f28  esmSetInterruptLevel                
00001f9c  esmSetInterruptLevelUpper           
00001fdc  esmClearStatus                      
0000201c  esmClearStatusUpper                 
00002040  esmClearStatusBuffer                
0000205c  esmSetCounterPreloadValue           
0000207c  esmGetStatus                        
00002100  esmGetStatusUpper                   
00002148  esmGetStatusBuffer                  
00002170  esmEnterSelfTest                    
000021f8  esmSelfTestStatus                   
00002248  esmGetConfigValue                   
0000240c  _coreInitRegisters_                 
00002518  _coreInitStackPointer_              
00002564  _getCPSRValue_                      
0000256c  _gotoCPUIdle_                       
00002584  _coreEnableVfp_                     
0000259c  _coreEnableEventBusExport_          
000025ac  _coreDisableEventBusExport_         
000025bc  _coreEnableIrqVicOffset_            
000025cc  _coreGetDataFault_                  
000025d4  _coreClearDataFault_                
000025e0  _coreGetInstructionFault_           
000025e8  _coreClearInstructionFault_         
000025f4  _coreGetDataFaultAddress_           
000025fc  _coreClearDataFaultAddress_         
00002608  _coreGetInstructionFaultAddress_    
00002610  _coreClearInstructionFaultAddress_  
0000261c  _coreGetAuxiliaryDataFault_         
00002624  _coreClearAuxiliaryDataFault_       
00002630  _coreGetAuxiliaryInstructionFault_  
00002638  _coreClearAuxiliaryInstructionFault_
00002644  _disable_IRQ_interrupt_             
0000264c  _enable_IRQ_interrupt_              
00002654  _enable_interrupt_                  
0000265c  _esmCcmErrorsClear_                 
000026e4  _memInit_                           
00002718  _checkMemInitOn_                    
00002738  _cacheEnable_                       
0000277c  _cacheDisable_                      
000027a0  _dCacheInvalidate_                  
000027b4  _iCacheInvalidate_                  
000027c8  __TI_PINIT_Base                     
000027cc  __TI_PINIT_Limit                    
000027d0  _mpuInit_                           
00002a88  _mpuEnable_                         
00002aa0  _mpuDisable_                        
00002ab8  _mpuEnableBackgroundRegion_         
00002ac8  _mpuDisableBackgroundRegion_        
00002ad8  _mpuGetNumberOfRegions_             
00002ae4  _mpuAreRegionsSeparate_             
00002af0  _mpuSetRegion_                      
00002af8  _mpuGetRegion_                      
00002b00  _mpuSetRegionBaseAddress_           
00002b08  _mpuGetRegionBaseAddress_           
00002b10  _mpuSetRegionTypeAndPermission_     
00002b1c  _mpuGetRegionType_                  
00002b28  _mpuGetRegionPermission_            
00002b34  _mpuSetRegionSizeRegister_          
00002b3c  vimECCErrorHandler                  
00002e78  esmHighInterrupt                    
00002ff0  _c_int00                            
000030a4  rtiCompare0Interrupt                
000030f0  rtiCompare1Interrupt                
00003144  esmGroup1Notification               
00003158  esmGroup2Notification               
0000316c  esmGroup3Notification               
0000317c  dmaGroupANotification               
00003190  rtiNotification                     
000031a4  gioNotification                     
000031b8  sciNotification                     
000031cc  epcCAMFullNotification              
000031d0  epcFIFOFullNotification             
000031e0  _gio_a5_on_                         
0000324c  _print_cpsr_                        
00003254  _print_spsr_                        
0000325c  __TI_auto_init_nobinit_nopinit      
000032c4  main                                
000032d4  C$$EXIT                             
000032d4  abort                               
000032dc  phantomInterrupt                    
ffffffff  __TI_pprof_out_hndl                 
ffffffff  __TI_prof_data_size                 
ffffffff  __TI_prof_data_start                
ffffffff  __binit__                           
ffffffff  __c_args__                          
ffffffff  binit                               
UNDEFED   SHT$$INIT_ARRAY$$Base               
UNDEFED   SHT$$INIT_ARRAY$$Limit              
UNDEFED   __TI_CINIT_Base                     
UNDEFED   __TI_CINIT_Limit                    
UNDEFED   __TI_Handler_Table_Base             
UNDEFED   __TI_Handler_Table_Limit            
UNDEFED   _system_post_cinit                  

[123 symbols]
