******************************************************************************
                  TI ARM Linker Unix v18.1.3                   
******************************************************************************
>> Linked Tue Mar  5 17:59:07 2019

OUTPUT FILE NAME:   <MOSFET_test.out>
ENTRY POINT SYMBOL: "_c_int00"  address: 00005160


MEMORY CONFIGURATION

         name            origin    length      used     unused   attr    fill
----------------------  --------  ---------  --------  --------  ----  --------
  VECTORS               00000000   00000020  00000020  00000000     X
  FLASH0                00000020   001fffe0  0000550c  001faad4  R  X
  FLASH1                00200000   00200000  00000000  00200000  R  X
  STACKS                08000000   00001500  00000000  00001500  RW  
  RAM                   08001500   0007eb00  00000000  0007eb00  RW  


SEGMENT ALLOCATION MAP

run origin  load origin   length   init length attrs members
----------  ----------- ---------- ----------- ----- -------
00000000    00000000    0000532c   0000532c    r-x
  00000000    00000000    00000020   00000020    r-x .intvecs
  00000020    00000020    0000530c   0000530c    r-x .text
00005340    00005340    00000200   00000200    r--
  00005340    00005340    00000200   00000200    r-- .const


SECTION ALLOCATION MAP

 output                                  attributes/
section   page    origin      length       input sections
--------  ----  ----------  ----------   ----------------
.intvecs   0    00000000    00000020     
                  00000000    00000020     HL_sys_intvecs.obj (.intvecs)

.text      0    00000020    0000530c     
                  00000020    00002178     HL_etpwm.obj (.text)
                  00002198    000009c4     HL_pinmux.obj (.text)
                  00002b5c    0000095c     HL_system.obj (.text)
                  000034b8    00000938     HL_sys_vim.obj (.text)
                  00003df0    0000078c     HL_esm.obj (.text)
                  0000457c    000003c4     HL_sys_core.obj (.text)
                  00004940    0000036c     HL_sys_mpu.obj (.text)
                  00004cac    0000033c     HL_sys_vim.obj (.text:retain)
                  00004fe8    00000178     HL_esm.obj (.text:retain)
                  00005160    000000b4     HL_sys_startup.obj (.text:retain)
                  00005214    00000084     HL_notification.obj (.text)
                  00005298    00000068     rtsv7R4_A_be_v3D16_eabi.lib : autoinit.c.obj (.text:__TI_auto_init_nobinit_nopinit:__TI_auto_init_nobinit_nopinit)
                  00005300    00000020     HL_sys_main.obj (.text)
                  00005320    00000008     rtsv7R4_A_be_v3D16_eabi.lib : exit.c.obj (.text:abort:abort)
                  00005328    00000004     HL_sys_phantom.obj (.text:retain)

.const     0    00005340    00000200     
                  00005340    00000200     HL_sys_vim.obj (.const:s_vim_init)

.cinit     0    00000020    00000000     UNINITIALIZED

MODULE SUMMARY

       Module                code    ro data   rw data
       ------                ----    -------   -------
    ./source/
       HL_etpwm.obj          8568    0         0      
       HL_sys_vim.obj        3188    512       0      
       HL_pinmux.obj         2500    0         0      
       HL_system.obj         2396    0         0      
       HL_esm.obj            2308    0         0      
       HL_sys_core.obj       964     0         0      
       HL_sys_mpu.obj        876     0         0      
       HL_sys_startup.obj    180     0         0      
       HL_notification.obj   132     0         0      
       HL_sys_intvecs.obj    32      0         0      
       HL_sys_main.obj       32      0         0      
       HL_sys_phantom.obj    4       0         0      
    +--+---------------------+-------+---------+---------+
       Total:                21180   512       0      
                                                      
    /home/koitt/ti/ccsv8/tools/compiler/ti-cgt-arm_18.1.3.LTS/lib/rtsv7R4_A_be_v3D16_eabi.lib
       autoinit.c.obj        104     0         0      
       exit.c.obj            8       0         0      
    +--+---------------------+-------+---------+---------+
       Total:                112     0         0      
                                                      
    +--+---------------------+-------+---------+---------+
       Grand Total:          21292   512       0      


GLOBAL SYMBOLS: SORTED ALPHABETICALLY BY Name 

address   name                                
-------   ----                                
00005320  C$$EXIT                             
UNDEFED   SHT$$INIT_ARRAY$$Base               
UNDEFED   SHT$$INIT_ARRAY$$Limit              
UNDEFED   __TI_CINIT_Base                     
UNDEFED   __TI_CINIT_Limit                    
UNDEFED   __TI_Handler_Table_Base             
UNDEFED   __TI_Handler_Table_Limit            
00004938  __TI_PINIT_Base                     
0000493c  __TI_PINIT_Limit                    
00005298  __TI_auto_init_nobinit_nopinit      
ffffffff  __TI_pprof_out_hndl                 
ffffffff  __TI_prof_data_size                 
ffffffff  __TI_prof_data_start                
00000000  __TI_static_base__                  
ffffffff  __binit__                           
ffffffff  __c_args__                          
00005160  _c_int00                            
000048ec  _cacheDisable_                      
000048a8  _cacheEnable_                       
00004888  _checkMemInitOn_                    
00004794  _coreClearAuxiliaryDataFault_       
000047a8  _coreClearAuxiliaryInstructionFault_
0000476c  _coreClearDataFaultAddress_         
00004744  _coreClearDataFault_                
00004780  _coreClearInstructionFaultAddress_  
00004758  _coreClearInstructionFault_         
0000471c  _coreDisableEventBusExport_         
0000470c  _coreEnableEventBusExport_          
0000472c  _coreEnableIrqVicOffset_            
000046f4  _coreEnableVfp_                     
0000478c  _coreGetAuxiliaryDataFault_         
000047a0  _coreGetAuxiliaryInstructionFault_  
00004764  _coreGetDataFaultAddress_           
0000473c  _coreGetDataFault_                  
00004778  _coreGetInstructionFaultAddress_    
00004750  _coreGetInstructionFault_           
0000457c  _coreInitRegisters_                 
00004688  _coreInitStackPointer_              
00004910  _dCacheInvalidate_                  
000047b4  _disable_IRQ_interrupt_             
000047bc  _enable_IRQ_interrupt_              
000047c4  _enable_interrupt_                  
000047cc  _esmCcmErrorsClear_                 
000046d4  _getCPSRValue_                      
000046dc  _gotoCPUIdle_                       
00004924  _iCacheInvalidate_                  
00004854  _memInit_                           
00004c54  _mpuAreRegionsSeparate_             
00004c38  _mpuDisableBackgroundRegion_        
00004c10  _mpuDisable_                        
00004c28  _mpuEnableBackgroundRegion_         
00004bf8  _mpuEnable_                         
00004c48  _mpuGetNumberOfRegions_             
00004c78  _mpuGetRegionBaseAddress_           
00004c98  _mpuGetRegionPermission_            
00004c8c  _mpuGetRegionType_                  
00004c68  _mpuGetRegion_                      
00004940  _mpuInit_                           
00004c70  _mpuSetRegionBaseAddress_           
00004ca4  _mpuSetRegionSizeRegister_          
00004c80  _mpuSetRegionTypeAndPermission_     
00004c60  _mpuSetRegion_                      
UNDEFED   _system_post_cinit                  
00005320  abort                               
ffffffff  binit                               
0000524c  dmaGroupANotification               
00005284  epcCAMFullNotification              
00005288  epcFIFOFullNotification             
00004000  esmActivateNormalOperation          
0000414c  esmClearStatus                      
000041b0  esmClearStatusBuffer                
0000418c  esmClearStatusUpper                 
00003fac  esmDisableError                     
00003fd4  esmDisableErrorUpper                
00004054  esmDisableInterrupt                 
0000407c  esmDisableInterruptUpper            
00003f68  esmEnableError                      
00003f90  esmEnableErrorUpper                 
00004010  esmEnableInterrupt                  
00004038  esmEnableInterruptUpper             
000042e0  esmEnterSelfTest                    
00003f4c  esmError                            
000043b8  esmGetConfigValue                   
000041ec  esmGetStatus                        
000042b8  esmGetStatusBuffer                  
00004270  esmGetStatusUpper                   
00005214  esmGroup1Notification               
00005228  esmGroup2Notification               
0000523c  esmGroup3Notification               
00004fe8  esmHighInterrupt                    
00003df0  esmInit                             
00004368  esmSelfTestStatus                   
000041cc  esmSetCounterPreloadValue           
00004098  esmSetInterruptLevel                
0000410c  esmSetInterruptLevelUpper           
00003ff0  esmTriggerErrorPinReset             
00000aa8  etpwm1GetConfigValue                
00000da4  etpwm2GetConfigValue                
000010b4  etpwm3GetConfigValue                
00001394  etpwm4GetConfigValue                
00001674  etpwm5GetConfigValue                
0000195c  etpwm6GetConfigValue                
00001c7c  etpwm7GetConfigValue                
000009dc  etpwmClearEventFlag                 
000007ac  etpwmClearTripCondition             
000007cc  etpwmClearTripInterruptFlag         
00000670  etpwmDisableChopping                
0000043c  etpwmDisableCmpAShadowMode          
0000049c  etpwmDisableCmpBShadowMode          
000002cc  etpwmDisableCounterLoadOnSync       
000005f0  etpwmDisableDeadband                
000009a0  etpwmDisableInterrupt               
0000087c  etpwmDisableSOCA                    
00000914  etpwmDisableSOCB                    
00000238  etpwmDisableTimebasePeriodShadowMode
0000077c  etpwmDisableTripInterrupt           
000006b4  etpwmDisableTripZoneSources         
0000063c  etpwmEnableChopping                 
00000400  etpwmEnableCmpAShadowMode           
0000045c  etpwmEnableCmpBShadowMode           
0000027c  etpwmEnableCounterLoadOnSync        
0000059c  etpwmEnableDeadBand                 
00000a1c  etpwmEnableDigitalCompareEvents     
00000934  etpwmEnableInterrupt                
00000808  etpwmEnableSOCA                     
000008a0  etpwmEnableSOCB                     
00000258  etpwmEnableTimebasePeriodShadowMode 
00000754  etpwmEnableTripInterrupt            
0000068c  etpwmEnableTripZoneSources          
000007e8  etpwmForceTripEvent                 
000009c4  etpwmGetEventStatus                 
00000020  etpwmInit                           
00005260  etpwmNotification                   
000004bc  etpwmSetActionQualPwmA              
0000052c  etpwmSetActionQualPwmB              
000001b0  etpwmSetClkDiv                      
000003c0  etpwmSetCmpA                        
000003e0  etpwmSetCmpB                        
00000218  etpwmSetCount                       
0000032c  etpwmSetCounterMode                 
0000060c  etpwmSetDeadBandDelay               
00000388  etpwmSetRunMode                     
000002f0  etpwmSetSyncOut                     
000001f8  etpwmSetTimebasePeriod              
000006e4  etpwmSetTripAction                  
0000011c  etpwmStartTBCLK                     
00000168  etpwmStopTBCLK                      
000009fc  etpwmTriggerEvent                   
00000368  etpwmTriggerSWSync                  
00005270  etpwmTripNotification               
00002ec8  getResetSource                      
00005300  main                                
00002cf8  mapClocks                           
00002198  muxInit                             
00002c44  periphInit                          
00005328  phantomInterrupt                    
00000000  resetEntry                          
00002c04  setupFlash                          
00002b5c  setupPLL                            
00002ff0  systemGetConfigValue                
00002e24  systemInit                          
00002e98  systemPowerDown                     
00002bbc  trimLPO                             
0000358c  vimChannelMap                       
000037f8  vimDisableInterrupt                 
00004cac  vimECCErrorHandler                  
00003630  vimEnableInterrupt                  
000038a4  vimGetConfigValue                   
000034b8  vimInit                             


GLOBAL SYMBOLS: SORTED BY Symbol Address 

address   name                                
-------   ----                                
00000000  __TI_static_base__                  
00000000  resetEntry                          
00000020  etpwmInit                           
0000011c  etpwmStartTBCLK                     
00000168  etpwmStopTBCLK                      
000001b0  etpwmSetClkDiv                      
000001f8  etpwmSetTimebasePeriod              
00000218  etpwmSetCount                       
00000238  etpwmDisableTimebasePeriodShadowMode
00000258  etpwmEnableTimebasePeriodShadowMode 
0000027c  etpwmEnableCounterLoadOnSync        
000002cc  etpwmDisableCounterLoadOnSync       
000002f0  etpwmSetSyncOut                     
0000032c  etpwmSetCounterMode                 
00000368  etpwmTriggerSWSync                  
00000388  etpwmSetRunMode                     
000003c0  etpwmSetCmpA                        
000003e0  etpwmSetCmpB                        
00000400  etpwmEnableCmpAShadowMode           
0000043c  etpwmDisableCmpAShadowMode          
0000045c  etpwmEnableCmpBShadowMode           
0000049c  etpwmDisableCmpBShadowMode          
000004bc  etpwmSetActionQualPwmA              
0000052c  etpwmSetActionQualPwmB              
0000059c  etpwmEnableDeadBand                 
000005f0  etpwmDisableDeadband                
0000060c  etpwmSetDeadBandDelay               
0000063c  etpwmEnableChopping                 
00000670  etpwmDisableChopping                
0000068c  etpwmEnableTripZoneSources          
000006b4  etpwmDisableTripZoneSources         
000006e4  etpwmSetTripAction                  
00000754  etpwmEnableTripInterrupt            
0000077c  etpwmDisableTripInterrupt           
000007ac  etpwmClearTripCondition             
000007cc  etpwmClearTripInterruptFlag         
000007e8  etpwmForceTripEvent                 
00000808  etpwmEnableSOCA                     
0000087c  etpwmDisableSOCA                    
000008a0  etpwmEnableSOCB                     
00000914  etpwmDisableSOCB                    
00000934  etpwmEnableInterrupt                
000009a0  etpwmDisableInterrupt               
000009c4  etpwmGetEventStatus                 
000009dc  etpwmClearEventFlag                 
000009fc  etpwmTriggerEvent                   
00000a1c  etpwmEnableDigitalCompareEvents     
00000aa8  etpwm1GetConfigValue                
00000da4  etpwm2GetConfigValue                
000010b4  etpwm3GetConfigValue                
00001394  etpwm4GetConfigValue                
00001674  etpwm5GetConfigValue                
0000195c  etpwm6GetConfigValue                
00001c7c  etpwm7GetConfigValue                
00002198  muxInit                             
00002b5c  setupPLL                            
00002bbc  trimLPO                             
00002c04  setupFlash                          
00002c44  periphInit                          
00002cf8  mapClocks                           
00002e24  systemInit                          
00002e98  systemPowerDown                     
00002ec8  getResetSource                      
00002ff0  systemGetConfigValue                
000034b8  vimInit                             
0000358c  vimChannelMap                       
00003630  vimEnableInterrupt                  
000037f8  vimDisableInterrupt                 
000038a4  vimGetConfigValue                   
00003df0  esmInit                             
00003f4c  esmError                            
00003f68  esmEnableError                      
00003f90  esmEnableErrorUpper                 
00003fac  esmDisableError                     
00003fd4  esmDisableErrorUpper                
00003ff0  esmTriggerErrorPinReset             
00004000  esmActivateNormalOperation          
00004010  esmEnableInterrupt                  
00004038  esmEnableInterruptUpper             
00004054  esmDisableInterrupt                 
0000407c  esmDisableInterruptUpper            
00004098  esmSetInterruptLevel                
0000410c  esmSetInterruptLevelUpper           
0000414c  esmClearStatus                      
0000418c  esmClearStatusUpper                 
000041b0  esmClearStatusBuffer                
000041cc  esmSetCounterPreloadValue           
000041ec  esmGetStatus                        
00004270  esmGetStatusUpper                   
000042b8  esmGetStatusBuffer                  
000042e0  esmEnterSelfTest                    
00004368  esmSelfTestStatus                   
000043b8  esmGetConfigValue                   
0000457c  _coreInitRegisters_                 
00004688  _coreInitStackPointer_              
000046d4  _getCPSRValue_                      
000046dc  _gotoCPUIdle_                       
000046f4  _coreEnableVfp_                     
0000470c  _coreEnableEventBusExport_          
0000471c  _coreDisableEventBusExport_         
0000472c  _coreEnableIrqVicOffset_            
0000473c  _coreGetDataFault_                  
00004744  _coreClearDataFault_                
00004750  _coreGetInstructionFault_           
00004758  _coreClearInstructionFault_         
00004764  _coreGetDataFaultAddress_           
0000476c  _coreClearDataFaultAddress_         
00004778  _coreGetInstructionFaultAddress_    
00004780  _coreClearInstructionFaultAddress_  
0000478c  _coreGetAuxiliaryDataFault_         
00004794  _coreClearAuxiliaryDataFault_       
000047a0  _coreGetAuxiliaryInstructionFault_  
000047a8  _coreClearAuxiliaryInstructionFault_
000047b4  _disable_IRQ_interrupt_             
000047bc  _enable_IRQ_interrupt_              
000047c4  _enable_interrupt_                  
000047cc  _esmCcmErrorsClear_                 
00004854  _memInit_                           
00004888  _checkMemInitOn_                    
000048a8  _cacheEnable_                       
000048ec  _cacheDisable_                      
00004910  _dCacheInvalidate_                  
00004924  _iCacheInvalidate_                  
00004938  __TI_PINIT_Base                     
0000493c  __TI_PINIT_Limit                    
00004940  _mpuInit_                           
00004bf8  _mpuEnable_                         
00004c10  _mpuDisable_                        
00004c28  _mpuEnableBackgroundRegion_         
00004c38  _mpuDisableBackgroundRegion_        
00004c48  _mpuGetNumberOfRegions_             
00004c54  _mpuAreRegionsSeparate_             
00004c60  _mpuSetRegion_                      
00004c68  _mpuGetRegion_                      
00004c70  _mpuSetRegionBaseAddress_           
00004c78  _mpuGetRegionBaseAddress_           
00004c80  _mpuSetRegionTypeAndPermission_     
00004c8c  _mpuGetRegionType_                  
00004c98  _mpuGetRegionPermission_            
00004ca4  _mpuSetRegionSizeRegister_          
00004cac  vimECCErrorHandler                  
00004fe8  esmHighInterrupt                    
00005160  _c_int00                            
00005214  esmGroup1Notification               
00005228  esmGroup2Notification               
0000523c  esmGroup3Notification               
0000524c  dmaGroupANotification               
00005260  etpwmNotification                   
00005270  etpwmTripNotification               
00005284  epcCAMFullNotification              
00005288  epcFIFOFullNotification             
00005298  __TI_auto_init_nobinit_nopinit      
00005300  main                                
00005320  C$$EXIT                             
00005320  abort                               
00005328  phantomInterrupt                    
ffffffff  __TI_pprof_out_hndl                 
ffffffff  __TI_prof_data_size                 
ffffffff  __TI_prof_data_start                
ffffffff  __binit__                           
ffffffff  __c_args__                          
ffffffff  binit                               
UNDEFED   SHT$$INIT_ARRAY$$Base               
UNDEFED   SHT$$INIT_ARRAY$$Limit              
UNDEFED   __TI_CINIT_Base                     
UNDEFED   __TI_CINIT_Limit                    
UNDEFED   __TI_Handler_Table_Base             
UNDEFED   __TI_Handler_Table_Limit            
UNDEFED   _system_post_cinit                  

[169 symbols]
