******************************************************************************
                  TI ARM Linker Unix v18.1.3                   
******************************************************************************
>> Linked Wed Jun 26 18:57:40 2019

OUTPUT FILE NAME:   <CAN_test.out>
ENTRY POINT SYMBOL: "_c_int00"  address: 000067f8


MEMORY CONFIGURATION

         name            origin    length      used     unused   attr    fill
----------------------  --------  ---------  --------  --------  ----  --------
  VECTORS               00000000   00000020  00000020  00000000     X
  FLASH0                00000020   001fffe0  000072d8  001f8d08  R  X
  FLASH1                00200000   00200000  00000000  00200000  R  X
  STACKS                08000000   00001500  00000000  00001500  RW  
  RAM                   08001500   0007eb00  0000005c  0007eaa4  RW  


SEGMENT ALLOCATION MAP

run origin  load origin   length   init length attrs members
----------  ----------- ---------- ----------- ----- -------
00000000    00000000    00006fa4   00006fa4    r-x
  00000000    00000000    00000020   00000020    r-x .intvecs
  00000020    00000020    00006f84   00006f84    r-x .text
00006fc0    00006fc0    00000324   00000324    r--
  00006fc0    00006fc0    00000324   00000324    r-- .const
00007300    00007300    00000030   00000030    r--
  00007300    00007300    00000030   00000030    r-- .cinit
08001500    08001500    0000005c   00000000    rw-
  08001500    08001500    00000050   00000000    rw- .bss
  08001550    08001550    0000000c   00000000    rw- .data


SECTION ALLOCATION MAP

 output                                  attributes/
section   page    origin      length       input sections
--------  ----  ----------  ----------   ----------------
.intvecs   0    00000000    00000020     
                  00000000    00000020     HL_sys_intvecs.obj (.intvecs)

.text      0    00000020    00006f84     
                  00000020    00000f9c     rtsv7R4_A_be_v3D16_eabi.lib : _printfi.c.obj (.text:__TI_printfi)
                  00000fbc    00000b0c     HL_can.obj (.text)
                  00001ac8    000009c4     HL_pinmux.obj (.text)
                  0000248c    0000095c     HL_system.obj (.text)
                  00002de8    0000093c     HL_sys_vim.obj (.text)
                  00003724    00000870     HL_sci.obj (.text)
                  00003f94    0000078c     HL_esm.obj (.text)
                  00004720    000003c4     HL_sys_core.obj (.text)
                  00004ae4    0000036c     HL_sys_mpu.obj (.text)
                  00004e50    0000033c     HL_sys_vim.obj (.text:retain)
                  0000518c    000002dc     rtsv7R4_A_be_v3D16_eabi.lib : _printfi.c.obj (.text:_pconv_a)
                  00005468    000002b8                                 : ull_div32.asm.obj (.text)
                  00005720    00000248                                 : _printfi.c.obj (.text:_pconv_g)
                  00005968    00000238     HL_sys_main.obj (.text)
                  00005ba0    0000019c     HL_can.obj (.text:retain)
                  00005d3c    00000180     rtsv7R4_A_be_v3D16_eabi.lib : memcpy32.asm.obj (.text)
                  00005ebc    00000178     HL_esm.obj (.text:retain)
                  00006034    0000015c     rtsv7R4_A_be_v3D16_eabi.lib : _printfi.c.obj (.text:_pconv_e)
                  00006190    00000144                                 : _printfi.c.obj (.text:fcvt)
                  000062d4    0000013c                                 : s_floor.c.obj (.text:floor)
                  00006410    00000120                                 : s_scalbn.c.obj (.text:scalbn)
                  00006530    00000115                                 : _printfi.c.obj (.text:_ltostr)
                  00006645    00000003     --HOLE-- [fill = 0]
                  00006648    000000e8     HL_notification.obj (.text)
                  00006730    000000c8     rtsv7R4_A_be_v3D16_eabi.lib : _printfi.c.obj (.text:_mcpy)
                  000067f8    000000b4     HL_sys_startup.obj (.text:retain)
                  000068ac    000000b0     rtsv7R4_A_be_v3D16_eabi.lib : memset32.asm.obj (.text)
                  0000695c    00000098                                 : _printfi.c.obj (.text:_ecpy)
                  000069f4    00000090                                 : copy_decompress_lzss.c.obj (.text:decompress:lzss:__TI_decompress_lzss)
                  00006a84    0000008c                                 : s_frexp.c.obj (.text:frexp)
                  00006b10    00000084                                 : atoi.c.obj (.text:atoi)
                  00006b94    00000080                                 : ltoa.c.obj (.text:ltoa)
                  00006c14    00000074                                 : _printfi.c.obj (.text:_pconv_f)
                  00006c88    00000068                                 : autoinit.c.obj (.text:__TI_auto_init_nobinit_nopinit:__TI_auto_init_nobinit_nopinit)
                  00006cf0    00000064                                 : _printfi.c.obj (.text:_fcpy)
                  00006d54    00000064                                 : sprintf.c.obj (.text:sprintf)
                  00006db8    00000054                                 : i_div32.asm.obj (.text)
                  00006e0c    00000050                                 : u_div32.asm.obj (.text)
                  00006e5c    00000030                                 : sprintf.c.obj (.text:_outs)
                  00006e8c    0000002c                                 : memccpy.c.obj (.text:memccpy)
                  00006eb8    00000028                                 : strchr.c.obj (.text:strchr)
                  00006ee0    00000024                                 : wcslen.c.obj (.text:wcslen)
                  00006f04    00000020                                 : copy_zero_init.c.obj (.text:decompress:ZI:__TI_zero_init_nomemset:__TI_zero_init_nomemset)
                  00006f24    00000020                                 : strlen.c.obj (.text:strlen)
                  00006f44    0000001c                                 : s_copysign.c.obj (.text:copysign)
                  00006f60    00000014                                 : sprintf.c.obj (.text:_outc)
                  00006f74    00000014                                 : copy_decompress_none.c.obj (.text:decompress:none:__TI_decompress_none)
                  00006f88    0000000c                                 : errno.c.obj (.text:__aeabi_errno_addr)
                  00006f94    00000008                                 : exit.c.obj (.text:abort:abort)
                  00006f9c    00000004     HL_sys_phantom.obj (.text:retain)
                  00006fa0    00000004     rtsv7R4_A_be_v3D16_eabi.lib : div0.asm.obj (.text)

.const     0    00006fc0    00000324     
                  00006fc0    00000200     HL_sys_vim.obj (.const:s_vim_init)
                  000071c0    00000101     rtsv7R4_A_be_v3D16_eabi.lib : ctype.c.obj (.const:.string:_ctypes_)
                  000072c1    00000003     --HOLE-- [fill = 0]
                  000072c4    00000020     HL_can.obj (.const:s_canByteOrder)

.cinit     0    00007300    00000030     
                  00007300    0000000c     (__TI_handler_table)
                  0000730c    00000004     --HOLE-- [fill = 0]
                  00007310    00000008     (.cinit..bss.load) [load image, compression = zero_init]
                  00007318    00000007     (.cinit..data.load) [load image, compression = lzss]
                  0000731f    00000001     --HOLE-- [fill = 0]
                  00007320    00000010     (__TI_cinit_table)

.bss       0    08001500    00000050     UNINITIALIZED
                  08001500    00000050     HL_sci.obj (.bss:g_sciTransfer_t)

.data      0    08001550    0000000c     UNINITIALIZED
                  08001550    00000008     HL_sys_main.obj (.data:rx_data)
                  08001558    00000004     rtsv7R4_A_be_v3D16_eabi.lib : errno.c.obj (.data)

MODULE SUMMARY

       Module                       code    ro data   rw data
       ------                       ----    -------   -------
    ./source/
       HL_sys_vim.obj               3192    512       0      
       HL_can.obj                   3240    32        0      
       HL_pinmux.obj                2500    0         0      
       HL_system.obj                2396    0         0      
       HL_esm.obj                   2308    0         0      
       HL_sci.obj                   2160    0         80     
       HL_sys_core.obj              964     0         0      
       HL_sys_mpu.obj               876     0         0      
       HL_sys_main.obj              568     0         8      
       HL_notification.obj          232     0         0      
       HL_sys_startup.obj           180     0         0      
       HL_sys_intvecs.obj           32      0         0      
       HL_sys_phantom.obj           4       0         0      
    +--+----------------------------+-------+---------+---------+
       Total:                       18652   544       88     
                                                             
    /home/koitt/ti/ccsv8/tools/compiler/ti-cgt-arm_18.1.3.LTS/lib/rtsv7R4_A_be_v3D16_eabi.lib
       _printfi.c.obj               6829    0         0      
       ull_div32.asm.obj            696     0         0      
       memcpy32.asm.obj             384     0         0      
       s_floor.c.obj                316     0         0      
       s_scalbn.c.obj               288     0         0      
       ctype.c.obj                  0       257       0      
       memset32.asm.obj             176     0         0      
       sprintf.c.obj                168     0         0      
       copy_decompress_lzss.c.obj   144     0         0      
       s_frexp.c.obj                140     0         0      
       atoi.c.obj                   132     0         0      
       ltoa.c.obj                   128     0         0      
       autoinit.c.obj               104     0         0      
       i_div32.asm.obj              84      0         0      
       u_div32.asm.obj              80      0         0      
       memccpy.c.obj                44      0         0      
       strchr.c.obj                 40      0         0      
       wcslen.c.obj                 36      0         0      
       copy_zero_init.c.obj         32      0         0      
       strlen.c.obj                 32      0         0      
       s_copysign.c.obj             28      0         0      
       copy_decompress_none.c.obj   20      0         0      
       errno.c.obj                  12      0         4      
       exit.c.obj                   8       0         0      
       div0.asm.obj                 4       0         0      
    +--+----------------------------+-------+---------+---------+
       Total:                       9925    257       4      
                                                             
       Linker Generated:            0       43        0      
    +--+----------------------------+-------+---------+---------+
       Grand Total:                 28577   844       92     


LINKER GENERATED COPY TABLES

__TI_cinit_table @ 00007320 records: 2, size/record: 8, table size: 16
	.bss: load addr=00007310, load size=00000008 bytes, run addr=08001500, run size=00000050 bytes, compression=zero_init
	.data: load addr=00007318, load size=00000007 bytes, run addr=08001550, run size=0000000c bytes, compression=lzss


LINKER GENERATED HANDLER TABLE

__TI_handler_table @ 00007300 records: 3, size/record: 4, table size: 12
	index: 0, handler: __TI_zero_init
	index: 1, handler: __TI_decompress_lzss
	index: 2, handler: __TI_decompress_none


GLOBAL SYMBOLS: SORTED ALPHABETICALLY BY Name 

address   name                                
-------   ----                                
00006f94  C$$EXIT                             
UNDEFED   SHT$$INIT_ARRAY$$Base               
UNDEFED   SHT$$INIT_ARRAY$$Limit              
00007320  __TI_CINIT_Base                     
00007330  __TI_CINIT_Limit                    
00007300  __TI_Handler_Table_Base             
0000730c  __TI_Handler_Table_Limit            
00004adc  __TI_PINIT_Base                     
00004ae0  __TI_PINIT_Limit                    
00006c88  __TI_auto_init_nobinit_nopinit      
000069f4  __TI_decompress_lzss                
00006f74  __TI_decompress_none                
ffffffff  __TI_pprof_out_hndl                 
00000020  __TI_printfi                        
ffffffff  __TI_prof_data_size                 
ffffffff  __TI_prof_data_start                
00000000  __TI_static_base__                  
00006f04  __TI_zero_init_nomemset             
00006f88  __aeabi_errno_addr                  
00006db8  __aeabi_idiv                        
00006fa0  __aeabi_idiv0                       
00006db8  __aeabi_idivmod                     
00006fa0  __aeabi_ldiv0                       
000068ac  __aeabi_memclr                      
000068ac  __aeabi_memclr4                     
000068ac  __aeabi_memclr8                     
00005d3c  __aeabi_memcpy                      
00005d3c  __aeabi_memcpy4                     
00005d3c  __aeabi_memcpy8                     
000068b0  __aeabi_memset                      
000068b0  __aeabi_memset4                     
000068b0  __aeabi_memset8                     
00006e0c  __aeabi_uidiv                       
00006e0c  __aeabi_uidivmod                    
00005468  __aeabi_uldivmod                    
ffffffff  __binit__                           
ffffffff  __c_args__                          
000067f8  _c_int00                            
00004a90  _cacheDisable_                      
00004a4c  _cacheEnable_                       
00004a2c  _checkMemInitOn_                    
00004938  _coreClearAuxiliaryDataFault_       
0000494c  _coreClearAuxiliaryInstructionFault_
00004910  _coreClearDataFaultAddress_         
000048e8  _coreClearDataFault_                
00004924  _coreClearInstructionFaultAddress_  
000048fc  _coreClearInstructionFault_         
000048c0  _coreDisableEventBusExport_         
000048b0  _coreEnableEventBusExport_          
000048d0  _coreEnableIrqVicOffset_            
00004898  _coreEnableVfp_                     
00004930  _coreGetAuxiliaryDataFault_         
00004944  _coreGetAuxiliaryInstructionFault_  
00004908  _coreGetDataFaultAddress_           
000048e0  _coreGetDataFault_                  
0000491c  _coreGetInstructionFaultAddress_    
000048f4  _coreGetInstructionFault_           
00004720  _coreInitRegisters_                 
0000482c  _coreInitStackPointer_              
000071c0  _ctypes_                            
00004ab4  _dCacheInvalidate_                  
00004958  _disable_IRQ_interrupt_             
00004960  _enable_IRQ_interrupt_              
00004968  _enable_interrupt_                  
00004970  _esmCcmErrorsClear_                 
00004878  _getCPSRValue_                      
00004880  _gotoCPUIdle_                       
00004ac8  _iCacheInvalidate_                  
000049f8  _memInit_                           
00004df8  _mpuAreRegionsSeparate_             
00004ddc  _mpuDisableBackgroundRegion_        
00004db4  _mpuDisable_                        
00004dcc  _mpuEnableBackgroundRegion_         
00004d9c  _mpuEnable_                         
00004dec  _mpuGetNumberOfRegions_             
00004e1c  _mpuGetRegionBaseAddress_           
00004e3c  _mpuGetRegionPermission_            
00004e30  _mpuGetRegionType_                  
00004e0c  _mpuGetRegion_                      
00004ae4  _mpuInit_                           
00004e14  _mpuSetRegionBaseAddress_           
00004e48  _mpuSetRegionSizeRegister_          
00004e24  _mpuSetRegionTypeAndPermission_     
00004e04  _mpuSetRegion_                      
UNDEFED   _system_post_cinit                  
00006f94  abort                               
00006b10  atoi                                
ffffffff  binit                               
000018f4  can1GetConfigValue                  
00005ba0  can1HighLevelInterrupt              
00005c88  can1LowLevelInterrupt               
00001794  canDisableErrorNotification         
00001774  canDisableStatusChangeNotification  
000017ec  canDisableloopback                  
00001734  canEnableErrorNotification          
00001754  canEnableStatusChangeNotification   
000017b4  canEnableloopback                   
00006694  canErrorNotification                
000014dc  canFillMessageObjectData            
00001204  canGetData                          
00001710  canGetErrorLevel                    
0000135c  canGetID                            
000016ec  canGetLastError                     
00000fbc  canInit                             
000018d8  canIoRxGetBit                       
0000181c  canIoSetDirection                   
0000186c  canIoSetPort                        
000018bc  canIoTxGetBit                       
00001690  canIsMessageBoxValid                
00001634  canIsRxMessageArrived               
000015d8  canIsTxMessagePending               
00005a7c  canMessageNotification              
0000143c  canSendRemoteFrame                  
000066a8  canStatusChangeNotification         
00001108  canTransmit                         
000013c4  canUpdateID                         
00006f44  copysign                            
00006f44  copysignl                           
00006680  dmaGroupANotification               
0000671c  epcCAMFullNotification              
00006720  epcFIFOFullNotification             
08001558  errno                               
000041a4  esmActivateNormalOperation          
000042f0  esmClearStatus                      
00004354  esmClearStatusBuffer                
00004330  esmClearStatusUpper                 
00004150  esmDisableError                     
00004178  esmDisableErrorUpper                
000041f8  esmDisableInterrupt                 
00004220  esmDisableInterruptUpper            
0000410c  esmEnableError                      
00004134  esmEnableErrorUpper                 
000041b4  esmEnableInterrupt                  
000041dc  esmEnableInterruptUpper             
00004484  esmEnterSelfTest                    
000040f0  esmError                            
0000455c  esmGetConfigValue                   
00004390  esmGetStatus                        
0000445c  esmGetStatusBuffer                  
00004414  esmGetStatusUpper                   
00006648  esmGroup1Notification               
0000665c  esmGroup2Notification               
00006670  esmGroup3Notification               
00005ebc  esmHighInterrupt                    
00003f94  esmInit                             
0000450c  esmSelfTestStatus                   
00004370  esmSetCounterPreloadValue           
0000423c  esmSetInterruptLevel                
000042b0  esmSetInterruptLevelUpper           
00004194  esmTriggerErrorPinReset             
000066f8  etpwmNotification                   
00006708  etpwmTripNotification               
000062d4  floor                               
000062d4  floorl                              
00006a84  frexp                               
00006a84  frexpl                              
000027f8  getResetSource                      
000066d0  gioNotification                     
00006410  ldexp                               
00006410  ldexpl                              
00006b94  ltoa                                
00005968  main                                
00002628  mapClocks                           
00006e8c  memccpy                             
00005d3c  memcpy                              
000068bc  memset                              
00001ac8  muxInit                             
00002574  periphInit                          
00006f9c  phantomInterrupt                    
00000000  resetEntry                          
08001550  rx_data                             
00006410  scalbn                              
00006410  scalbnl                             
00003de0  sci1GetConfigValue                  
00003c54  sciDisableLoopback                  
00003d08  sciDisableNotification              
00003c20  sciEnableLoopback                   
00003c70  sciEnableNotification               
00003da0  sciEnterResetState                  
00003dc0  sciExitResetState                   
00003724  sciInit                             
00003a98  sciIsIdleDetected                   
00003a7c  sciIsRxReady                        
000038cc  sciIsTxReady                        
000066e4  sciNotification                     
00003b10  sciReceive                          
00003ae4  sciReceiveByte                      
00003ab4  sciRxError                          
00003918  sciSend                             
000038e8  sciSendByte                         
00003830  sciSetBaudrate                      
00003810  sciSetFunctional                    
00005a1c  sci_display                         
00002534  setupFlash                          
0000248c  setupPLL                            
00006d54  sprintf                             
00006eb8  strchr                              
00006f24  strlen                              
00002920  systemGetConfigValue                
00002754  systemInit                          
000027c8  systemPowerDown                     
000024ec  trimLPO                             
00002ebc  vimChannelMap                       
00003128  vimDisableInterrupt                 
00004e50  vimECCErrorHandler                  
00002f60  vimEnableInterrupt                  
000031d4  vimGetConfigValue                   
00002de8  vimInit                             
000059d8  wait                                
00006ee0  wcslen                              


GLOBAL SYMBOLS: SORTED BY Symbol Address 

address   name                                
-------   ----                                
00000000  __TI_static_base__                  
00000000  resetEntry                          
00000020  __TI_printfi                        
00000fbc  canInit                             
00001108  canTransmit                         
00001204  canGetData                          
0000135c  canGetID                            
000013c4  canUpdateID                         
0000143c  canSendRemoteFrame                  
000014dc  canFillMessageObjectData            
000015d8  canIsTxMessagePending               
00001634  canIsRxMessageArrived               
00001690  canIsMessageBoxValid                
000016ec  canGetLastError                     
00001710  canGetErrorLevel                    
00001734  canEnableErrorNotification          
00001754  canEnableStatusChangeNotification   
00001774  canDisableStatusChangeNotification  
00001794  canDisableErrorNotification         
000017b4  canEnableloopback                   
000017ec  canDisableloopback                  
0000181c  canIoSetDirection                   
0000186c  canIoSetPort                        
000018bc  canIoTxGetBit                       
000018d8  canIoRxGetBit                       
000018f4  can1GetConfigValue                  
00001ac8  muxInit                             
0000248c  setupPLL                            
000024ec  trimLPO                             
00002534  setupFlash                          
00002574  periphInit                          
00002628  mapClocks                           
00002754  systemInit                          
000027c8  systemPowerDown                     
000027f8  getResetSource                      
00002920  systemGetConfigValue                
00002de8  vimInit                             
00002ebc  vimChannelMap                       
00002f60  vimEnableInterrupt                  
00003128  vimDisableInterrupt                 
000031d4  vimGetConfigValue                   
00003724  sciInit                             
00003810  sciSetFunctional                    
00003830  sciSetBaudrate                      
000038cc  sciIsTxReady                        
000038e8  sciSendByte                         
00003918  sciSend                             
00003a7c  sciIsRxReady                        
00003a98  sciIsIdleDetected                   
00003ab4  sciRxError                          
00003ae4  sciReceiveByte                      
00003b10  sciReceive                          
00003c20  sciEnableLoopback                   
00003c54  sciDisableLoopback                  
00003c70  sciEnableNotification               
00003d08  sciDisableNotification              
00003da0  sciEnterResetState                  
00003dc0  sciExitResetState                   
00003de0  sci1GetConfigValue                  
00003f94  esmInit                             
000040f0  esmError                            
0000410c  esmEnableError                      
00004134  esmEnableErrorUpper                 
00004150  esmDisableError                     
00004178  esmDisableErrorUpper                
00004194  esmTriggerErrorPinReset             
000041a4  esmActivateNormalOperation          
000041b4  esmEnableInterrupt                  
000041dc  esmEnableInterruptUpper             
000041f8  esmDisableInterrupt                 
00004220  esmDisableInterruptUpper            
0000423c  esmSetInterruptLevel                
000042b0  esmSetInterruptLevelUpper           
000042f0  esmClearStatus                      
00004330  esmClearStatusUpper                 
00004354  esmClearStatusBuffer                
00004370  esmSetCounterPreloadValue           
00004390  esmGetStatus                        
00004414  esmGetStatusUpper                   
0000445c  esmGetStatusBuffer                  
00004484  esmEnterSelfTest                    
0000450c  esmSelfTestStatus                   
0000455c  esmGetConfigValue                   
00004720  _coreInitRegisters_                 
0000482c  _coreInitStackPointer_              
00004878  _getCPSRValue_                      
00004880  _gotoCPUIdle_                       
00004898  _coreEnableVfp_                     
000048b0  _coreEnableEventBusExport_          
000048c0  _coreDisableEventBusExport_         
000048d0  _coreEnableIrqVicOffset_            
000048e0  _coreGetDataFault_                  
000048e8  _coreClearDataFault_                
000048f4  _coreGetInstructionFault_           
000048fc  _coreClearInstructionFault_         
00004908  _coreGetDataFaultAddress_           
00004910  _coreClearDataFaultAddress_         
0000491c  _coreGetInstructionFaultAddress_    
00004924  _coreClearInstructionFaultAddress_  
00004930  _coreGetAuxiliaryDataFault_         
00004938  _coreClearAuxiliaryDataFault_       
00004944  _coreGetAuxiliaryInstructionFault_  
0000494c  _coreClearAuxiliaryInstructionFault_
00004958  _disable_IRQ_interrupt_             
00004960  _enable_IRQ_interrupt_              
00004968  _enable_interrupt_                  
00004970  _esmCcmErrorsClear_                 
000049f8  _memInit_                           
00004a2c  _checkMemInitOn_                    
00004a4c  _cacheEnable_                       
00004a90  _cacheDisable_                      
00004ab4  _dCacheInvalidate_                  
00004ac8  _iCacheInvalidate_                  
00004adc  __TI_PINIT_Base                     
00004ae0  __TI_PINIT_Limit                    
00004ae4  _mpuInit_                           
00004d9c  _mpuEnable_                         
00004db4  _mpuDisable_                        
00004dcc  _mpuEnableBackgroundRegion_         
00004ddc  _mpuDisableBackgroundRegion_        
00004dec  _mpuGetNumberOfRegions_             
00004df8  _mpuAreRegionsSeparate_             
00004e04  _mpuSetRegion_                      
00004e0c  _mpuGetRegion_                      
00004e14  _mpuSetRegionBaseAddress_           
00004e1c  _mpuGetRegionBaseAddress_           
00004e24  _mpuSetRegionTypeAndPermission_     
00004e30  _mpuGetRegionType_                  
00004e3c  _mpuGetRegionPermission_            
00004e48  _mpuSetRegionSizeRegister_          
00004e50  vimECCErrorHandler                  
00005468  __aeabi_uldivmod                    
00005968  main                                
000059d8  wait                                
00005a1c  sci_display                         
00005a7c  canMessageNotification              
00005ba0  can1HighLevelInterrupt              
00005c88  can1LowLevelInterrupt               
00005d3c  __aeabi_memcpy                      
00005d3c  __aeabi_memcpy4                     
00005d3c  __aeabi_memcpy8                     
00005d3c  memcpy                              
00005ebc  esmHighInterrupt                    
000062d4  floor                               
000062d4  floorl                              
00006410  ldexp                               
00006410  ldexpl                              
00006410  scalbn                              
00006410  scalbnl                             
00006648  esmGroup1Notification               
0000665c  esmGroup2Notification               
00006670  esmGroup3Notification               
00006680  dmaGroupANotification               
00006694  canErrorNotification                
000066a8  canStatusChangeNotification         
000066d0  gioNotification                     
000066e4  sciNotification                     
000066f8  etpwmNotification                   
00006708  etpwmTripNotification               
0000671c  epcCAMFullNotification              
00006720  epcFIFOFullNotification             
000067f8  _c_int00                            
000068ac  __aeabi_memclr                      
000068ac  __aeabi_memclr4                     
000068ac  __aeabi_memclr8                     
000068b0  __aeabi_memset                      
000068b0  __aeabi_memset4                     
000068b0  __aeabi_memset8                     
000068bc  memset                              
000069f4  __TI_decompress_lzss                
00006a84  frexp                               
00006a84  frexpl                              
00006b10  atoi                                
00006b94  ltoa                                
00006c88  __TI_auto_init_nobinit_nopinit      
00006d54  sprintf                             
00006db8  __aeabi_idiv                        
00006db8  __aeabi_idivmod                     
00006e0c  __aeabi_uidiv                       
00006e0c  __aeabi_uidivmod                    
00006e8c  memccpy                             
00006eb8  strchr                              
00006ee0  wcslen                              
00006f04  __TI_zero_init_nomemset             
00006f24  strlen                              
00006f44  copysign                            
00006f44  copysignl                           
00006f74  __TI_decompress_none                
00006f88  __aeabi_errno_addr                  
00006f94  C$$EXIT                             
00006f94  abort                               
00006f9c  phantomInterrupt                    
00006fa0  __aeabi_idiv0                       
00006fa0  __aeabi_ldiv0                       
000071c0  _ctypes_                            
00007300  __TI_Handler_Table_Base             
0000730c  __TI_Handler_Table_Limit            
00007320  __TI_CINIT_Base                     
00007330  __TI_CINIT_Limit                    
08001550  rx_data                             
08001558  errno                               
ffffffff  __TI_pprof_out_hndl                 
ffffffff  __TI_prof_data_size                 
ffffffff  __TI_prof_data_start                
ffffffff  __binit__                           
ffffffff  __c_args__                          
ffffffff  binit                               
UNDEFED   SHT$$INIT_ARRAY$$Base               
UNDEFED   SHT$$INIT_ARRAY$$Limit              
UNDEFED   _system_post_cinit                  

[210 symbols]
