******************************************************************************
                  TI ARM Linker Unix v18.1.3                   
******************************************************************************
>> Linked Wed Apr 24 16:45:54 2019

OUTPUT FILE NAME:   <pmod_CAN.out>
ENTRY POINT SYMBOL: "_c_int00"  address: 000067f0


MEMORY CONFIGURATION

         name            origin    length      used     unused   attr    fill
----------------------  --------  ---------  --------  --------  ----  --------
  VECTORS               00000000   00000020  00000020  00000000     X
  FLASH0                00000020   001fffe0  000072d0  001f8d10  R  X
  FLASH1                00200000   00200000  00000000  00200000  R  X
  STACKS                08000000   00001500  00000000  00001500  RW  
  RAM                   08001500   0007eb00  0000005c  0007eaa4  RW  


SEGMENT ALLOCATION MAP

run origin  load origin   length   init length attrs members
----------  ----------- ---------- ----------- ----- -------
00000000    00000000    000072c4   000072c4    r-x
  00000000    00000000    00000020   00000020    r-x .intvecs
  00000020    00000020    00006f7c   00006f7c    r-x .text
  00006fa0    00006fa0    00000324   00000324    r-- .const
000072e0    000072e0    00000030   00000030    r--
  000072e0    000072e0    00000030   00000030    r-- .cinit
08001500    08001500    0000005c   00000000    rw-
  08001500    08001500    00000050   00000000    rw- .bss
  08001550    08001550    0000000c   00000000    rw- .data


SECTION ALLOCATION MAP

 output                                  attributes/
section   page    origin      length       input sections
--------  ----  ----------  ----------   ----------------
.intvecs   0    00000000    00000020     
                  00000000    00000020     HL_sys_intvecs.obj (.intvecs)

.text      0    00000020    00006f7c     
                  00000020    00000f9c     rtsv7R4_A_be_v3D16_eabi.lib : _printfi.c.obj (.text:__TI_printfi)
                  00000fbc    00000b04     HL_can.obj (.text)
                  00001ac0    000009c4     HL_pinmux.obj (.text)
                  00002484    0000095c     HL_system.obj (.text)
                  00002de0    0000093c     HL_sys_vim.obj (.text)
                  0000371c    00000870     HL_sci.obj (.text)
                  00003f8c    0000078c     HL_esm.obj (.text)
                  00004718    000003c4     HL_sys_core.obj (.text)
                  00004adc    0000036c     HL_sys_mpu.obj (.text)
                  00004e48    0000033c     HL_sys_vim.obj (.text:retain)
                  00005184    000002dc     rtsv7R4_A_be_v3D16_eabi.lib : _printfi.c.obj (.text:_pconv_a)
                  00005460    000002b8                                 : ull_div32.asm.obj (.text)
                  00005718    00000248                                 : _printfi.c.obj (.text:_pconv_g)
                  00005960    00000238     HL_sys_main.obj (.text)
                  00005b98    0000019c     HL_can.obj (.text:retain)
                  00005d34    00000180     rtsv7R4_A_be_v3D16_eabi.lib : memcpy32.asm.obj (.text)
                  00005eb4    00000178     HL_esm.obj (.text:retain)
                  0000602c    0000015c     rtsv7R4_A_be_v3D16_eabi.lib : _printfi.c.obj (.text:_pconv_e)
                  00006188    00000144                                 : _printfi.c.obj (.text:fcvt)
                  000062cc    0000013c                                 : s_floor.c.obj (.text:floor)
                  00006408    00000120                                 : s_scalbn.c.obj (.text:scalbn)
                  00006528    00000115                                 : _printfi.c.obj (.text:_ltostr)
                  0000663d    00000003     --HOLE-- [fill = 0]
                  00006640    000000e8     HL_notification.obj (.text)
                  00006728    000000c8     rtsv7R4_A_be_v3D16_eabi.lib : _printfi.c.obj (.text:_mcpy)
                  000067f0    000000b4     HL_sys_startup.obj (.text:retain)
                  000068a4    000000b0     rtsv7R4_A_be_v3D16_eabi.lib : memset32.asm.obj (.text)
                  00006954    00000098                                 : _printfi.c.obj (.text:_ecpy)
                  000069ec    00000090                                 : copy_decompress_lzss.c.obj (.text:decompress:lzss:__TI_decompress_lzss)
                  00006a7c    0000008c                                 : s_frexp.c.obj (.text:frexp)
                  00006b08    00000084                                 : atoi.c.obj (.text:atoi)
                  00006b8c    00000080                                 : ltoa.c.obj (.text:ltoa)
                  00006c0c    00000074                                 : _printfi.c.obj (.text:_pconv_f)
                  00006c80    00000068                                 : autoinit.c.obj (.text:__TI_auto_init_nobinit_nopinit:__TI_auto_init_nobinit_nopinit)
                  00006ce8    00000064                                 : _printfi.c.obj (.text:_fcpy)
                  00006d4c    00000064                                 : sprintf.c.obj (.text:sprintf)
                  00006db0    00000054                                 : i_div32.asm.obj (.text)
                  00006e04    00000050                                 : u_div32.asm.obj (.text)
                  00006e54    00000030                                 : sprintf.c.obj (.text:_outs)
                  00006e84    0000002c                                 : memccpy.c.obj (.text:memccpy)
                  00006eb0    00000028                                 : strchr.c.obj (.text:strchr)
                  00006ed8    00000024                                 : wcslen.c.obj (.text:wcslen)
                  00006efc    00000020                                 : copy_zero_init.c.obj (.text:decompress:ZI:__TI_zero_init_nomemset:__TI_zero_init_nomemset)
                  00006f1c    00000020                                 : strlen.c.obj (.text:strlen)
                  00006f3c    0000001c                                 : s_copysign.c.obj (.text:copysign)
                  00006f58    00000014                                 : sprintf.c.obj (.text:_outc)
                  00006f6c    00000014                                 : copy_decompress_none.c.obj (.text:decompress:none:__TI_decompress_none)
                  00006f80    0000000c                                 : errno.c.obj (.text:__aeabi_errno_addr)
                  00006f8c    00000008                                 : exit.c.obj (.text:abort:abort)
                  00006f94    00000004     HL_sys_phantom.obj (.text:retain)
                  00006f98    00000004     rtsv7R4_A_be_v3D16_eabi.lib : div0.asm.obj (.text)

.const     0    00006fa0    00000324     
                  00006fa0    00000200     HL_sys_vim.obj (.const:s_vim_init)
                  000071a0    00000101     rtsv7R4_A_be_v3D16_eabi.lib : ctype.c.obj (.const:.string:_ctypes_)
                  000072a1    00000003     --HOLE-- [fill = 0]
                  000072a4    00000020     HL_can.obj (.const:s_canByteOrder)

.cinit     0    000072e0    00000030     
                  000072e0    0000000c     (__TI_handler_table)
                  000072ec    00000004     --HOLE-- [fill = 0]
                  000072f0    00000008     (.cinit..bss.load) [load image, compression = zero_init]
                  000072f8    00000007     (.cinit..data.load) [load image, compression = lzss]
                  000072ff    00000001     --HOLE-- [fill = 0]
                  00007300    00000010     (__TI_cinit_table)

.bss       0    08001500    00000050     UNINITIALIZED
                  08001500    00000050     HL_sci.obj (.bss:g_sciTransfer_t)

.data      0    08001550    0000000c     UNINITIALIZED
                  08001550    00000008     HL_sys_main.obj (.data:rx_data)
                  08001558    00000004     rtsv7R4_A_be_v3D16_eabi.lib : errno.c.obj (.data)

MODULE SUMMARY

       Module                       code    ro data   rw data
       ------                       ----    -------   -------
    ./source/
       HL_sys_vim.obj               3192    512       0      
       HL_can.obj                   3232    32        0      
       HL_pinmux.obj                2500    0         0      
       HL_system.obj                2396    0         0      
       HL_esm.obj                   2308    0         0      
       HL_sci.obj                   2160    0         80     
       HL_sys_core.obj              964     0         0      
       HL_sys_mpu.obj               876     0         0      
       HL_sys_main.obj              568     0         8      
       HL_notification.obj          232     0         0      
       HL_sys_startup.obj           180     0         0      
       HL_sys_intvecs.obj           32      0         0      
       HL_sys_phantom.obj           4       0         0      
    +--+----------------------------+-------+---------+---------+
       Total:                       18644   544       88     
                                                             
    /home/koitt/ti/ccsv8/tools/compiler/ti-cgt-arm_18.1.3.LTS/lib/rtsv7R4_A_be_v3D16_eabi.lib
       _printfi.c.obj               6829    0         0      
       ull_div32.asm.obj            696     0         0      
       memcpy32.asm.obj             384     0         0      
       s_floor.c.obj                316     0         0      
       s_scalbn.c.obj               288     0         0      
       ctype.c.obj                  0       257       0      
       memset32.asm.obj             176     0         0      
       sprintf.c.obj                168     0         0      
       copy_decompress_lzss.c.obj   144     0         0      
       s_frexp.c.obj                140     0         0      
       atoi.c.obj                   132     0         0      
       ltoa.c.obj                   128     0         0      
       autoinit.c.obj               104     0         0      
       i_div32.asm.obj              84      0         0      
       u_div32.asm.obj              80      0         0      
       memccpy.c.obj                44      0         0      
       strchr.c.obj                 40      0         0      
       wcslen.c.obj                 36      0         0      
       copy_zero_init.c.obj         32      0         0      
       strlen.c.obj                 32      0         0      
       s_copysign.c.obj             28      0         0      
       copy_decompress_none.c.obj   20      0         0      
       errno.c.obj                  12      0         4      
       exit.c.obj                   8       0         0      
       div0.asm.obj                 4       0         0      
    +--+----------------------------+-------+---------+---------+
       Total:                       9925    257       4      
                                                             
       Linker Generated:            0       43        0      
    +--+----------------------------+-------+---------+---------+
       Grand Total:                 28569   844       92     


LINKER GENERATED COPY TABLES

__TI_cinit_table @ 00007300 records: 2, size/record: 8, table size: 16
	.bss: load addr=000072f0, load size=00000008 bytes, run addr=08001500, run size=00000050 bytes, compression=zero_init
	.data: load addr=000072f8, load size=00000007 bytes, run addr=08001550, run size=0000000c bytes, compression=lzss


LINKER GENERATED HANDLER TABLE

__TI_handler_table @ 000072e0 records: 3, size/record: 4, table size: 12
	index: 0, handler: __TI_zero_init
	index: 1, handler: __TI_decompress_lzss
	index: 2, handler: __TI_decompress_none


GLOBAL SYMBOLS: SORTED ALPHABETICALLY BY Name 

address   name                                
-------   ----                                
00006f8c  C$$EXIT                             
UNDEFED   SHT$$INIT_ARRAY$$Base               
UNDEFED   SHT$$INIT_ARRAY$$Limit              
00007300  __TI_CINIT_Base                     
00007310  __TI_CINIT_Limit                    
000072e0  __TI_Handler_Table_Base             
000072ec  __TI_Handler_Table_Limit            
00004ad4  __TI_PINIT_Base                     
00004ad8  __TI_PINIT_Limit                    
00006c80  __TI_auto_init_nobinit_nopinit      
000069ec  __TI_decompress_lzss                
00006f6c  __TI_decompress_none                
ffffffff  __TI_pprof_out_hndl                 
00000020  __TI_printfi                        
ffffffff  __TI_prof_data_size                 
ffffffff  __TI_prof_data_start                
00000000  __TI_static_base__                  
00006efc  __TI_zero_init_nomemset             
00006f80  __aeabi_errno_addr                  
00006db0  __aeabi_idiv                        
00006f98  __aeabi_idiv0                       
00006db0  __aeabi_idivmod                     
00006f98  __aeabi_ldiv0                       
000068a4  __aeabi_memclr                      
000068a4  __aeabi_memclr4                     
000068a4  __aeabi_memclr8                     
00005d34  __aeabi_memcpy                      
00005d34  __aeabi_memcpy4                     
00005d34  __aeabi_memcpy8                     
000068a8  __aeabi_memset                      
000068a8  __aeabi_memset4                     
000068a8  __aeabi_memset8                     
00006e04  __aeabi_uidiv                       
00006e04  __aeabi_uidivmod                    
00005460  __aeabi_uldivmod                    
ffffffff  __binit__                           
ffffffff  __c_args__                          
000067f0  _c_int00                            
00004a88  _cacheDisable_                      
00004a44  _cacheEnable_                       
00004a24  _checkMemInitOn_                    
00004930  _coreClearAuxiliaryDataFault_       
00004944  _coreClearAuxiliaryInstructionFault_
00004908  _coreClearDataFaultAddress_         
000048e0  _coreClearDataFault_                
0000491c  _coreClearInstructionFaultAddress_  
000048f4  _coreClearInstructionFault_         
000048b8  _coreDisableEventBusExport_         
000048a8  _coreEnableEventBusExport_          
000048c8  _coreEnableIrqVicOffset_            
00004890  _coreEnableVfp_                     
00004928  _coreGetAuxiliaryDataFault_         
0000493c  _coreGetAuxiliaryInstructionFault_  
00004900  _coreGetDataFaultAddress_           
000048d8  _coreGetDataFault_                  
00004914  _coreGetInstructionFaultAddress_    
000048ec  _coreGetInstructionFault_           
00004718  _coreInitRegisters_                 
00004824  _coreInitStackPointer_              
000071a0  _ctypes_                            
00004aac  _dCacheInvalidate_                  
00004950  _disable_IRQ_interrupt_             
00004958  _enable_IRQ_interrupt_              
00004960  _enable_interrupt_                  
00004968  _esmCcmErrorsClear_                 
00004870  _getCPSRValue_                      
00004878  _gotoCPUIdle_                       
00004ac0  _iCacheInvalidate_                  
000049f0  _memInit_                           
00004df0  _mpuAreRegionsSeparate_             
00004dd4  _mpuDisableBackgroundRegion_        
00004dac  _mpuDisable_                        
00004dc4  _mpuEnableBackgroundRegion_         
00004d94  _mpuEnable_                         
00004de4  _mpuGetNumberOfRegions_             
00004e14  _mpuGetRegionBaseAddress_           
00004e34  _mpuGetRegionPermission_            
00004e28  _mpuGetRegionType_                  
00004e04  _mpuGetRegion_                      
00004adc  _mpuInit_                           
00004e0c  _mpuSetRegionBaseAddress_           
00004e40  _mpuSetRegionSizeRegister_          
00004e1c  _mpuSetRegionTypeAndPermission_     
00004dfc  _mpuSetRegion_                      
UNDEFED   _system_post_cinit                  
00006f8c  abort                               
00006b08  atoi                                
ffffffff  binit                               
000018f4  can1GetConfigValue                  
00005b98  can1HighLevelInterrupt              
00005c80  can1LowLevelInterrupt               
00001794  canDisableErrorNotification         
00001774  canDisableStatusChangeNotification  
000017ec  canDisableloopback                  
00001734  canEnableErrorNotification          
00001754  canEnableStatusChangeNotification   
000017b4  canEnableloopback                   
0000668c  canErrorNotification                
000014dc  canFillMessageObjectData            
00001204  canGetData                          
00001710  canGetErrorLevel                    
0000135c  canGetID                            
000016ec  canGetLastError                     
00000fbc  canInit                             
000018d8  canIoRxGetBit                       
0000181c  canIoSetDirection                   
0000186c  canIoSetPort                        
000018bc  canIoTxGetBit                       
00001690  canIsMessageBoxValid                
00001634  canIsRxMessageArrived               
000015d8  canIsTxMessagePending               
00005a74  canMessageNotification              
0000143c  canSendRemoteFrame                  
000066a0  canStatusChangeNotification         
00001108  canTransmit                         
000013c4  canUpdateID                         
00006f3c  copysign                            
00006f3c  copysignl                           
00006678  dmaGroupANotification               
00006714  epcCAMFullNotification              
00006718  epcFIFOFullNotification             
08001558  errno                               
0000419c  esmActivateNormalOperation          
000042e8  esmClearStatus                      
0000434c  esmClearStatusBuffer                
00004328  esmClearStatusUpper                 
00004148  esmDisableError                     
00004170  esmDisableErrorUpper                
000041f0  esmDisableInterrupt                 
00004218  esmDisableInterruptUpper            
00004104  esmEnableError                      
0000412c  esmEnableErrorUpper                 
000041ac  esmEnableInterrupt                  
000041d4  esmEnableInterruptUpper             
0000447c  esmEnterSelfTest                    
000040e8  esmError                            
00004554  esmGetConfigValue                   
00004388  esmGetStatus                        
00004454  esmGetStatusBuffer                  
0000440c  esmGetStatusUpper                   
00006640  esmGroup1Notification               
00006654  esmGroup2Notification               
00006668  esmGroup3Notification               
00005eb4  esmHighInterrupt                    
00003f8c  esmInit                             
00004504  esmSelfTestStatus                   
00004368  esmSetCounterPreloadValue           
00004234  esmSetInterruptLevel                
000042a8  esmSetInterruptLevelUpper           
0000418c  esmTriggerErrorPinReset             
000066f0  etpwmNotification                   
00006700  etpwmTripNotification               
000062cc  floor                               
000062cc  floorl                              
00006a7c  frexp                               
00006a7c  frexpl                              
000027f0  getResetSource                      
000066c8  gioNotification                     
00006408  ldexp                               
00006408  ldexpl                              
00006b8c  ltoa                                
00005960  main                                
00002620  mapClocks                           
00006e84  memccpy                             
00005d34  memcpy                              
000068b4  memset                              
00001ac0  muxInit                             
0000256c  periphInit                          
00006f94  phantomInterrupt                    
00000000  resetEntry                          
08001550  rx_data                             
00006408  scalbn                              
00006408  scalbnl                             
00003dd8  sci1GetConfigValue                  
00003c4c  sciDisableLoopback                  
00003d00  sciDisableNotification              
00003c18  sciEnableLoopback                   
00003c68  sciEnableNotification               
00003d98  sciEnterResetState                  
00003db8  sciExitResetState                   
0000371c  sciInit                             
00003a90  sciIsIdleDetected                   
00003a74  sciIsRxReady                        
000038c4  sciIsTxReady                        
000066dc  sciNotification                     
00003b08  sciReceive                          
00003adc  sciReceiveByte                      
00003aac  sciRxError                          
00003910  sciSend                             
000038e0  sciSendByte                         
00003828  sciSetBaudrate                      
00003808  sciSetFunctional                    
00005a14  sci_display                         
0000252c  setupFlash                          
00002484  setupPLL                            
00006d4c  sprintf                             
00006eb0  strchr                              
00006f1c  strlen                              
00002918  systemGetConfigValue                
0000274c  systemInit                          
000027c0  systemPowerDown                     
000024e4  trimLPO                             
00002eb4  vimChannelMap                       
00003120  vimDisableInterrupt                 
00004e48  vimECCErrorHandler                  
00002f58  vimEnableInterrupt                  
000031cc  vimGetConfigValue                   
00002de0  vimInit                             
000059d0  wait                                
00006ed8  wcslen                              


GLOBAL SYMBOLS: SORTED BY Symbol Address 

address   name                                
-------   ----                                
00000000  __TI_static_base__                  
00000000  resetEntry                          
00000020  __TI_printfi                        
00000fbc  canInit                             
00001108  canTransmit                         
00001204  canGetData                          
0000135c  canGetID                            
000013c4  canUpdateID                         
0000143c  canSendRemoteFrame                  
000014dc  canFillMessageObjectData            
000015d8  canIsTxMessagePending               
00001634  canIsRxMessageArrived               
00001690  canIsMessageBoxValid                
000016ec  canGetLastError                     
00001710  canGetErrorLevel                    
00001734  canEnableErrorNotification          
00001754  canEnableStatusChangeNotification   
00001774  canDisableStatusChangeNotification  
00001794  canDisableErrorNotification         
000017b4  canEnableloopback                   
000017ec  canDisableloopback                  
0000181c  canIoSetDirection                   
0000186c  canIoSetPort                        
000018bc  canIoTxGetBit                       
000018d8  canIoRxGetBit                       
000018f4  can1GetConfigValue                  
00001ac0  muxInit                             
00002484  setupPLL                            
000024e4  trimLPO                             
0000252c  setupFlash                          
0000256c  periphInit                          
00002620  mapClocks                           
0000274c  systemInit                          
000027c0  systemPowerDown                     
000027f0  getResetSource                      
00002918  systemGetConfigValue                
00002de0  vimInit                             
00002eb4  vimChannelMap                       
00002f58  vimEnableInterrupt                  
00003120  vimDisableInterrupt                 
000031cc  vimGetConfigValue                   
0000371c  sciInit                             
00003808  sciSetFunctional                    
00003828  sciSetBaudrate                      
000038c4  sciIsTxReady                        
000038e0  sciSendByte                         
00003910  sciSend                             
00003a74  sciIsRxReady                        
00003a90  sciIsIdleDetected                   
00003aac  sciRxError                          
00003adc  sciReceiveByte                      
00003b08  sciReceive                          
00003c18  sciEnableLoopback                   
00003c4c  sciDisableLoopback                  
00003c68  sciEnableNotification               
00003d00  sciDisableNotification              
00003d98  sciEnterResetState                  
00003db8  sciExitResetState                   
00003dd8  sci1GetConfigValue                  
00003f8c  esmInit                             
000040e8  esmError                            
00004104  esmEnableError                      
0000412c  esmEnableErrorUpper                 
00004148  esmDisableError                     
00004170  esmDisableErrorUpper                
0000418c  esmTriggerErrorPinReset             
0000419c  esmActivateNormalOperation          
000041ac  esmEnableInterrupt                  
000041d4  esmEnableInterruptUpper             
000041f0  esmDisableInterrupt                 
00004218  esmDisableInterruptUpper            
00004234  esmSetInterruptLevel                
000042a8  esmSetInterruptLevelUpper           
000042e8  esmClearStatus                      
00004328  esmClearStatusUpper                 
0000434c  esmClearStatusBuffer                
00004368  esmSetCounterPreloadValue           
00004388  esmGetStatus                        
0000440c  esmGetStatusUpper                   
00004454  esmGetStatusBuffer                  
0000447c  esmEnterSelfTest                    
00004504  esmSelfTestStatus                   
00004554  esmGetConfigValue                   
00004718  _coreInitRegisters_                 
00004824  _coreInitStackPointer_              
00004870  _getCPSRValue_                      
00004878  _gotoCPUIdle_                       
00004890  _coreEnableVfp_                     
000048a8  _coreEnableEventBusExport_          
000048b8  _coreDisableEventBusExport_         
000048c8  _coreEnableIrqVicOffset_            
000048d8  _coreGetDataFault_                  
000048e0  _coreClearDataFault_                
000048ec  _coreGetInstructionFault_           
000048f4  _coreClearInstructionFault_         
00004900  _coreGetDataFaultAddress_           
00004908  _coreClearDataFaultAddress_         
00004914  _coreGetInstructionFaultAddress_    
0000491c  _coreClearInstructionFaultAddress_  
00004928  _coreGetAuxiliaryDataFault_         
00004930  _coreClearAuxiliaryDataFault_       
0000493c  _coreGetAuxiliaryInstructionFault_  
00004944  _coreClearAuxiliaryInstructionFault_
00004950  _disable_IRQ_interrupt_             
00004958  _enable_IRQ_interrupt_              
00004960  _enable_interrupt_                  
00004968  _esmCcmErrorsClear_                 
000049f0  _memInit_                           
00004a24  _checkMemInitOn_                    
00004a44  _cacheEnable_                       
00004a88  _cacheDisable_                      
00004aac  _dCacheInvalidate_                  
00004ac0  _iCacheInvalidate_                  
00004ad4  __TI_PINIT_Base                     
00004ad8  __TI_PINIT_Limit                    
00004adc  _mpuInit_                           
00004d94  _mpuEnable_                         
00004dac  _mpuDisable_                        
00004dc4  _mpuEnableBackgroundRegion_         
00004dd4  _mpuDisableBackgroundRegion_        
00004de4  _mpuGetNumberOfRegions_             
00004df0  _mpuAreRegionsSeparate_             
00004dfc  _mpuSetRegion_                      
00004e04  _mpuGetRegion_                      
00004e0c  _mpuSetRegionBaseAddress_           
00004e14  _mpuGetRegionBaseAddress_           
00004e1c  _mpuSetRegionTypeAndPermission_     
00004e28  _mpuGetRegionType_                  
00004e34  _mpuGetRegionPermission_            
00004e40  _mpuSetRegionSizeRegister_          
00004e48  vimECCErrorHandler                  
00005460  __aeabi_uldivmod                    
00005960  main                                
000059d0  wait                                
00005a14  sci_display                         
00005a74  canMessageNotification              
00005b98  can1HighLevelInterrupt              
00005c80  can1LowLevelInterrupt               
00005d34  __aeabi_memcpy                      
00005d34  __aeabi_memcpy4                     
00005d34  __aeabi_memcpy8                     
00005d34  memcpy                              
00005eb4  esmHighInterrupt                    
000062cc  floor                               
000062cc  floorl                              
00006408  ldexp                               
00006408  ldexpl                              
00006408  scalbn                              
00006408  scalbnl                             
00006640  esmGroup1Notification               
00006654  esmGroup2Notification               
00006668  esmGroup3Notification               
00006678  dmaGroupANotification               
0000668c  canErrorNotification                
000066a0  canStatusChangeNotification         
000066c8  gioNotification                     
000066dc  sciNotification                     
000066f0  etpwmNotification                   
00006700  etpwmTripNotification               
00006714  epcCAMFullNotification              
00006718  epcFIFOFullNotification             
000067f0  _c_int00                            
000068a4  __aeabi_memclr                      
000068a4  __aeabi_memclr4                     
000068a4  __aeabi_memclr8                     
000068a8  __aeabi_memset                      
000068a8  __aeabi_memset4                     
000068a8  __aeabi_memset8                     
000068b4  memset                              
000069ec  __TI_decompress_lzss                
00006a7c  frexp                               
00006a7c  frexpl                              
00006b08  atoi                                
00006b8c  ltoa                                
00006c80  __TI_auto_init_nobinit_nopinit      
00006d4c  sprintf                             
00006db0  __aeabi_idiv                        
00006db0  __aeabi_idivmod                     
00006e04  __aeabi_uidiv                       
00006e04  __aeabi_uidivmod                    
00006e84  memccpy                             
00006eb0  strchr                              
00006ed8  wcslen                              
00006efc  __TI_zero_init_nomemset             
00006f1c  strlen                              
00006f3c  copysign                            
00006f3c  copysignl                           
00006f6c  __TI_decompress_none                
00006f80  __aeabi_errno_addr                  
00006f8c  C$$EXIT                             
00006f8c  abort                               
00006f94  phantomInterrupt                    
00006f98  __aeabi_idiv0                       
00006f98  __aeabi_ldiv0                       
000071a0  _ctypes_                            
000072e0  __TI_Handler_Table_Base             
000072ec  __TI_Handler_Table_Limit            
00007300  __TI_CINIT_Base                     
00007310  __TI_CINIT_Limit                    
08001550  rx_data                             
08001558  errno                               
ffffffff  __TI_pprof_out_hndl                 
ffffffff  __TI_prof_data_size                 
ffffffff  __TI_prof_data_start                
ffffffff  __binit__                           
ffffffff  __c_args__                          
ffffffff  binit                               
UNDEFED   SHT$$INIT_ARRAY$$Base               
UNDEFED   SHT$$INIT_ARRAY$$Limit              
UNDEFED   _system_post_cinit                  

[210 symbols]
