<?xml version="1.0" encoding="ISO-8859-1" ?>
<link_info>
   <banner>TI ARM Linker Unix v18.1.3.LTS</banner>
   <copyright>Copyright (c) 1996-2017 Texas Instruments Incorporated</copyright>
   <link_time>0x5d1d9205</link_time>
   <link_errors>0x0</link_errors>
   <output_file>CAN_fpga.out</output_file>
   <entry_point>
      <name>_c_int00</name>
      <address>0x6f08</address>
   </entry_point>
   <input_file_list>
      <input_file id="fl-2">
         <path>./source/</path>
         <kind>object</kind>
         <file>HL_can.obj</file>
         <name>HL_can.obj</name>
      </input_file>
      <input_file id="fl-3">
         <path>./source/</path>
         <kind>object</kind>
         <file>HL_epc.obj</file>
         <name>HL_epc.obj</name>
      </input_file>
      <input_file id="fl-4">
         <path>./source/</path>
         <kind>object</kind>
         <file>HL_errata.obj</file>
         <name>HL_errata.obj</name>
      </input_file>
      <input_file id="fl-5">
         <path>./source/</path>
         <kind>object</kind>
         <file>HL_esm.obj</file>
         <name>HL_esm.obj</name>
      </input_file>
      <input_file id="fl-6">
         <path>./source/</path>
         <kind>object</kind>
         <file>HL_nmpu.obj</file>
         <name>HL_nmpu.obj</name>
      </input_file>
      <input_file id="fl-7">
         <path>./source/</path>
         <kind>object</kind>
         <file>HL_notification.obj</file>
         <name>HL_notification.obj</name>
      </input_file>
      <input_file id="fl-8">
         <path>./source/</path>
         <kind>object</kind>
         <file>HL_pinmux.obj</file>
         <name>HL_pinmux.obj</name>
      </input_file>
      <input_file id="fl-9">
         <path>./source/</path>
         <kind>object</kind>
         <file>HL_rti.obj</file>
         <name>HL_rti.obj</name>
      </input_file>
      <input_file id="fl-a">
         <path>./source/</path>
         <kind>object</kind>
         <file>HL_sci.obj</file>
         <name>HL_sci.obj</name>
      </input_file>
      <input_file id="fl-b">
         <path>./source/</path>
         <kind>object</kind>
         <file>HL_sys_core.obj</file>
         <name>HL_sys_core.obj</name>
      </input_file>
      <input_file id="fl-c">
         <path>./source/</path>
         <kind>object</kind>
         <file>HL_sys_dma.obj</file>
         <name>HL_sys_dma.obj</name>
      </input_file>
      <input_file id="fl-d">
         <path>./source/</path>
         <kind>object</kind>
         <file>HL_sys_intvecs.obj</file>
         <name>HL_sys_intvecs.obj</name>
      </input_file>
      <input_file id="fl-e">
         <path>./source/</path>
         <kind>object</kind>
         <file>HL_sys_main.obj</file>
         <name>HL_sys_main.obj</name>
      </input_file>
      <input_file id="fl-f">
         <path>./source/</path>
         <kind>object</kind>
         <file>HL_sys_mpu.obj</file>
         <name>HL_sys_mpu.obj</name>
      </input_file>
      <input_file id="fl-10">
         <path>./source/</path>
         <kind>object</kind>
         <file>HL_sys_pcr.obj</file>
         <name>HL_sys_pcr.obj</name>
      </input_file>
      <input_file id="fl-11">
         <path>./source/</path>
         <kind>object</kind>
         <file>HL_sys_phantom.obj</file>
         <name>HL_sys_phantom.obj</name>
      </input_file>
      <input_file id="fl-12">
         <path>./source/</path>
         <kind>object</kind>
         <file>HL_sys_pmm.obj</file>
         <name>HL_sys_pmm.obj</name>
      </input_file>
      <input_file id="fl-13">
         <path>./source/</path>
         <kind>object</kind>
         <file>HL_sys_pmu.obj</file>
         <name>HL_sys_pmu.obj</name>
      </input_file>
      <input_file id="fl-14">
         <path>./source/</path>
         <kind>object</kind>
         <file>HL_sys_startup.obj</file>
         <name>HL_sys_startup.obj</name>
      </input_file>
      <input_file id="fl-15">
         <path>./source/</path>
         <kind>object</kind>
         <file>HL_sys_vim.obj</file>
         <name>HL_sys_vim.obj</name>
      </input_file>
      <input_file id="fl-16">
         <path>./source/</path>
         <kind>object</kind>
         <file>HL_system.obj</file>
         <name>HL_system.obj</name>
      </input_file>
      <input_file id="fl-1a">
         <kind>object</kind>
         <file>&lt;internal&gt;</file>
         <name>&lt;internal&gt;</name>
      </input_file>
      <input_file id="fl-d0">
         <path>/home/koitt/ti/ccsv8/tools/compiler/ti-cgt-arm_18.1.3.LTS/lib/</path>
         <kind>archive</kind>
         <file>rtsv7R4_A_be_v3D16_eabi.lib</file>
         <name>s_floor.c.obj</name>
      </input_file>
      <input_file id="fl-d1">
         <path>/home/koitt/ti/ccsv8/tools/compiler/ti-cgt-arm_18.1.3.LTS/lib/</path>
         <kind>archive</kind>
         <file>rtsv7R4_A_be_v3D16_eabi.lib</file>
         <name>i_div32.asm.obj</name>
      </input_file>
      <input_file id="fl-d2">
         <path>/home/koitt/ti/ccsv8/tools/compiler/ti-cgt-arm_18.1.3.LTS/lib/</path>
         <kind>archive</kind>
         <file>rtsv7R4_A_be_v3D16_eabi.lib</file>
         <name>autoinit.c.obj</name>
      </input_file>
      <input_file id="fl-d3">
         <path>/home/koitt/ti/ccsv8/tools/compiler/ti-cgt-arm_18.1.3.LTS/lib/</path>
         <kind>archive</kind>
         <file>rtsv7R4_A_be_v3D16_eabi.lib</file>
         <name>cpy_tbl.c.obj</name>
      </input_file>
      <input_file id="fl-d4">
         <path>/home/koitt/ti/ccsv8/tools/compiler/ti-cgt-arm_18.1.3.LTS/lib/</path>
         <kind>archive</kind>
         <file>rtsv7R4_A_be_v3D16_eabi.lib</file>
         <name>copy_zero_init.c.obj</name>
      </input_file>
      <input_file id="fl-d5">
         <path>/home/koitt/ti/ccsv8/tools/compiler/ti-cgt-arm_18.1.3.LTS/lib/</path>
         <kind>archive</kind>
         <file>rtsv7R4_A_be_v3D16_eabi.lib</file>
         <name>copy_decompress_none.c.obj</name>
      </input_file>
      <input_file id="fl-d6">
         <path>/home/koitt/ti/ccsv8/tools/compiler/ti-cgt-arm_18.1.3.LTS/lib/</path>
         <kind>archive</kind>
         <file>rtsv7R4_A_be_v3D16_eabi.lib</file>
         <name>copy_decompress_lzss.c.obj</name>
      </input_file>
      <input_file id="fl-d7">
         <path>/home/koitt/ti/ccsv8/tools/compiler/ti-cgt-arm_18.1.3.LTS/lib/</path>
         <kind>archive</kind>
         <file>rtsv7R4_A_be_v3D16_eabi.lib</file>
         <name>exit.c.obj</name>
      </input_file>
      <input_file id="fl-d8">
         <path>/home/koitt/ti/ccsv8/tools/compiler/ti-cgt-arm_18.1.3.LTS/lib/</path>
         <kind>archive</kind>
         <file>rtsv7R4_A_be_v3D16_eabi.lib</file>
         <name>_lock.c.obj</name>
      </input_file>
      <input_file id="fl-d9">
         <path>/home/koitt/ti/ccsv8/tools/compiler/ti-cgt-arm_18.1.3.LTS/lib/</path>
         <kind>archive</kind>
         <file>rtsv7R4_A_be_v3D16_eabi.lib</file>
         <name>printf.c.obj</name>
      </input_file>
      <input_file id="fl-da">
         <path>/home/koitt/ti/ccsv8/tools/compiler/ti-cgt-arm_18.1.3.LTS/lib/</path>
         <kind>archive</kind>
         <file>rtsv7R4_A_be_v3D16_eabi.lib</file>
         <name>sprintf.c.obj</name>
      </input_file>
      <input_file id="fl-db">
         <path>/home/koitt/ti/ccsv8/tools/compiler/ti-cgt-arm_18.1.3.LTS/lib/</path>
         <kind>archive</kind>
         <file>rtsv7R4_A_be_v3D16_eabi.lib</file>
         <name>strlen.c.obj</name>
      </input_file>
      <input_file id="fl-dc">
         <path>/home/koitt/ti/ccsv8/tools/compiler/ti-cgt-arm_18.1.3.LTS/lib/</path>
         <kind>archive</kind>
         <file>rtsv7R4_A_be_v3D16_eabi.lib</file>
         <name>div0.asm.obj</name>
      </input_file>
      <input_file id="fl-dd">
         <path>/home/koitt/ti/ccsv8/tools/compiler/ti-cgt-arm_18.1.3.LTS/lib/</path>
         <kind>archive</kind>
         <file>rtsv7R4_A_be_v3D16_eabi.lib</file>
         <name>memcpy32.asm.obj</name>
      </input_file>
      <input_file id="fl-de">
         <path>/home/koitt/ti/ccsv8/tools/compiler/ti-cgt-arm_18.1.3.LTS/lib/</path>
         <kind>archive</kind>
         <file>rtsv7R4_A_be_v3D16_eabi.lib</file>
         <name>memset32.asm.obj</name>
      </input_file>
      <input_file id="fl-df">
         <path>/home/koitt/ti/ccsv8/tools/compiler/ti-cgt-arm_18.1.3.LTS/lib/</path>
         <kind>archive</kind>
         <file>rtsv7R4_A_be_v3D16_eabi.lib</file>
         <name>_printfi.c.obj</name>
      </input_file>
      <input_file id="fl-e0">
         <path>/home/koitt/ti/ccsv8/tools/compiler/ti-cgt-arm_18.1.3.LTS/lib/</path>
         <kind>archive</kind>
         <file>rtsv7R4_A_be_v3D16_eabi.lib</file>
         <name>atoi.c.obj</name>
      </input_file>
      <input_file id="fl-e1">
         <path>/home/koitt/ti/ccsv8/tools/compiler/ti-cgt-arm_18.1.3.LTS/lib/</path>
         <kind>archive</kind>
         <file>rtsv7R4_A_be_v3D16_eabi.lib</file>
         <name>ctype.c.obj</name>
      </input_file>
      <input_file id="fl-e2">
         <path>/home/koitt/ti/ccsv8/tools/compiler/ti-cgt-arm_18.1.3.LTS/lib/</path>
         <kind>archive</kind>
         <file>rtsv7R4_A_be_v3D16_eabi.lib</file>
         <name>defs.c.obj</name>
      </input_file>
      <input_file id="fl-e3">
         <path>/home/koitt/ti/ccsv8/tools/compiler/ti-cgt-arm_18.1.3.LTS/lib/</path>
         <kind>archive</kind>
         <file>rtsv7R4_A_be_v3D16_eabi.lib</file>
         <name>fputc.c.obj</name>
      </input_file>
      <input_file id="fl-e4">
         <path>/home/koitt/ti/ccsv8/tools/compiler/ti-cgt-arm_18.1.3.LTS/lib/</path>
         <kind>archive</kind>
         <file>rtsv7R4_A_be_v3D16_eabi.lib</file>
         <name>fputs.c.obj</name>
      </input_file>
      <input_file id="fl-e5">
         <path>/home/koitt/ti/ccsv8/tools/compiler/ti-cgt-arm_18.1.3.LTS/lib/</path>
         <kind>archive</kind>
         <file>rtsv7R4_A_be_v3D16_eabi.lib</file>
         <name>ltoa.c.obj</name>
      </input_file>
      <input_file id="fl-e6">
         <path>/home/koitt/ti/ccsv8/tools/compiler/ti-cgt-arm_18.1.3.LTS/lib/</path>
         <kind>archive</kind>
         <file>rtsv7R4_A_be_v3D16_eabi.lib</file>
         <name>memccpy.c.obj</name>
      </input_file>
      <input_file id="fl-e7">
         <path>/home/koitt/ti/ccsv8/tools/compiler/ti-cgt-arm_18.1.3.LTS/lib/</path>
         <kind>archive</kind>
         <file>rtsv7R4_A_be_v3D16_eabi.lib</file>
         <name>memchr.c.obj</name>
      </input_file>
      <input_file id="fl-e8">
         <path>/home/koitt/ti/ccsv8/tools/compiler/ti-cgt-arm_18.1.3.LTS/lib/</path>
         <kind>archive</kind>
         <file>rtsv7R4_A_be_v3D16_eabi.lib</file>
         <name>strchr.c.obj</name>
      </input_file>
      <input_file id="fl-e9">
         <path>/home/koitt/ti/ccsv8/tools/compiler/ti-cgt-arm_18.1.3.LTS/lib/</path>
         <kind>archive</kind>
         <file>rtsv7R4_A_be_v3D16_eabi.lib</file>
         <name>write.c.obj</name>
      </input_file>
      <input_file id="fl-ea">
         <path>/home/koitt/ti/ccsv8/tools/compiler/ti-cgt-arm_18.1.3.LTS/lib/</path>
         <kind>archive</kind>
         <file>rtsv7R4_A_be_v3D16_eabi.lib</file>
         <name>wcslen.c.obj</name>
      </input_file>
      <input_file id="fl-eb">
         <path>/home/koitt/ti/ccsv8/tools/compiler/ti-cgt-arm_18.1.3.LTS/lib/</path>
         <kind>archive</kind>
         <file>rtsv7R4_A_be_v3D16_eabi.lib</file>
         <name>s_frexp.c.obj</name>
      </input_file>
      <input_file id="fl-ec">
         <path>/home/koitt/ti/ccsv8/tools/compiler/ti-cgt-arm_18.1.3.LTS/lib/</path>
         <kind>archive</kind>
         <file>rtsv7R4_A_be_v3D16_eabi.lib</file>
         <name>s_scalbn.c.obj</name>
      </input_file>
      <input_file id="fl-ed">
         <path>/home/koitt/ti/ccsv8/tools/compiler/ti-cgt-arm_18.1.3.LTS/lib/</path>
         <kind>archive</kind>
         <file>rtsv7R4_A_be_v3D16_eabi.lib</file>
         <name>u_div32.asm.obj</name>
      </input_file>
      <input_file id="fl-ee">
         <path>/home/koitt/ti/ccsv8/tools/compiler/ti-cgt-arm_18.1.3.LTS/lib/</path>
         <kind>archive</kind>
         <file>rtsv7R4_A_be_v3D16_eabi.lib</file>
         <name>ull_div32.asm.obj</name>
      </input_file>
      <input_file id="fl-ef">
         <path>/home/koitt/ti/ccsv8/tools/compiler/ti-cgt-arm_18.1.3.LTS/lib/</path>
         <kind>archive</kind>
         <file>rtsv7R4_A_be_v3D16_eabi.lib</file>
         <name>errno.c.obj</name>
      </input_file>
      <input_file id="fl-f0">
         <path>/home/koitt/ti/ccsv8/tools/compiler/ti-cgt-arm_18.1.3.LTS/lib/</path>
         <kind>archive</kind>
         <file>rtsv7R4_A_be_v3D16_eabi.lib</file>
         <name>_io_perm.c.obj</name>
      </input_file>
      <input_file id="fl-f1">
         <path>/home/koitt/ti/ccsv8/tools/compiler/ti-cgt-arm_18.1.3.LTS/lib/</path>
         <kind>archive</kind>
         <file>rtsv7R4_A_be_v3D16_eabi.lib</file>
         <name>fflush.c.obj</name>
      </input_file>
      <input_file id="fl-f2">
         <path>/home/koitt/ti/ccsv8/tools/compiler/ti-cgt-arm_18.1.3.LTS/lib/</path>
         <kind>archive</kind>
         <file>rtsv7R4_A_be_v3D16_eabi.lib</file>
         <name>fseek.c.obj</name>
      </input_file>
      <input_file id="fl-f3">
         <path>/home/koitt/ti/ccsv8/tools/compiler/ti-cgt-arm_18.1.3.LTS/lib/</path>
         <kind>archive</kind>
         <file>rtsv7R4_A_be_v3D16_eabi.lib</file>
         <name>lseek.c.obj</name>
      </input_file>
      <input_file id="fl-f4">
         <path>/home/koitt/ti/ccsv8/tools/compiler/ti-cgt-arm_18.1.3.LTS/lib/</path>
         <kind>archive</kind>
         <file>rtsv7R4_A_be_v3D16_eabi.lib</file>
         <name>setvbuf.c.obj</name>
      </input_file>
      <input_file id="fl-f5">
         <path>/home/koitt/ti/ccsv8/tools/compiler/ti-cgt-arm_18.1.3.LTS/lib/</path>
         <kind>archive</kind>
         <file>rtsv7R4_A_be_v3D16_eabi.lib</file>
         <name>hostclose.c.obj</name>
      </input_file>
      <input_file id="fl-f6">
         <path>/home/koitt/ti/ccsv8/tools/compiler/ti-cgt-arm_18.1.3.LTS/lib/</path>
         <kind>archive</kind>
         <file>rtsv7R4_A_be_v3D16_eabi.lib</file>
         <name>hostlseek.c.obj</name>
      </input_file>
      <input_file id="fl-f7">
         <path>/home/koitt/ti/ccsv8/tools/compiler/ti-cgt-arm_18.1.3.LTS/lib/</path>
         <kind>archive</kind>
         <file>rtsv7R4_A_be_v3D16_eabi.lib</file>
         <name>hostopen.c.obj</name>
      </input_file>
      <input_file id="fl-f8">
         <path>/home/koitt/ti/ccsv8/tools/compiler/ti-cgt-arm_18.1.3.LTS/lib/</path>
         <kind>archive</kind>
         <file>rtsv7R4_A_be_v3D16_eabi.lib</file>
         <name>hostread.c.obj</name>
      </input_file>
      <input_file id="fl-f9">
         <path>/home/koitt/ti/ccsv8/tools/compiler/ti-cgt-arm_18.1.3.LTS/lib/</path>
         <kind>archive</kind>
         <file>rtsv7R4_A_be_v3D16_eabi.lib</file>
         <name>hostrename.c.obj</name>
      </input_file>
      <input_file id="fl-fa">
         <path>/home/koitt/ti/ccsv8/tools/compiler/ti-cgt-arm_18.1.3.LTS/lib/</path>
         <kind>archive</kind>
         <file>rtsv7R4_A_be_v3D16_eabi.lib</file>
         <name>hostunlink.c.obj</name>
      </input_file>
      <input_file id="fl-fb">
         <path>/home/koitt/ti/ccsv8/tools/compiler/ti-cgt-arm_18.1.3.LTS/lib/</path>
         <kind>archive</kind>
         <file>rtsv7R4_A_be_v3D16_eabi.lib</file>
         <name>hostwrite.c.obj</name>
      </input_file>
      <input_file id="fl-fc">
         <path>/home/koitt/ti/ccsv8/tools/compiler/ti-cgt-arm_18.1.3.LTS/lib/</path>
         <kind>archive</kind>
         <file>rtsv7R4_A_be_v3D16_eabi.lib</file>
         <name>trgmsg.c.obj</name>
      </input_file>
      <input_file id="fl-fd">
         <path>/home/koitt/ti/ccsv8/tools/compiler/ti-cgt-arm_18.1.3.LTS/lib/</path>
         <kind>archive</kind>
         <file>rtsv7R4_A_be_v3D16_eabi.lib</file>
         <name>s_copysign.c.obj</name>
      </input_file>
      <input_file id="fl-fe">
         <path>/home/koitt/ti/ccsv8/tools/compiler/ti-cgt-arm_18.1.3.LTS/lib/</path>
         <kind>archive</kind>
         <file>rtsv7R4_A_be_v3D16_eabi.lib</file>
         <name>memory.c.obj</name>
      </input_file>
      <input_file id="fl-ff">
         <path>/home/koitt/ti/ccsv8/tools/compiler/ti-cgt-arm_18.1.3.LTS/lib/</path>
         <kind>archive</kind>
         <file>rtsv7R4_A_be_v3D16_eabi.lib</file>
         <name>fopen.c.obj</name>
      </input_file>
      <input_file id="fl-100">
         <path>/home/koitt/ti/ccsv8/tools/compiler/ti-cgt-arm_18.1.3.LTS/lib/</path>
         <kind>archive</kind>
         <file>rtsv7R4_A_be_v3D16_eabi.lib</file>
         <name>open.c.obj</name>
      </input_file>
      <input_file id="fl-101">
         <path>/home/koitt/ti/ccsv8/tools/compiler/ti-cgt-arm_18.1.3.LTS/lib/</path>
         <kind>archive</kind>
         <file>rtsv7R4_A_be_v3D16_eabi.lib</file>
         <name>strcpy.c.obj</name>
      </input_file>
      <input_file id="fl-102">
         <path>/home/koitt/ti/ccsv8/tools/compiler/ti-cgt-arm_18.1.3.LTS/lib/</path>
         <kind>archive</kind>
         <file>rtsv7R4_A_be_v3D16_eabi.lib</file>
         <name>fclose.c.obj</name>
      </input_file>
      <input_file id="fl-103">
         <path>/home/koitt/ti/ccsv8/tools/compiler/ti-cgt-arm_18.1.3.LTS/lib/</path>
         <kind>archive</kind>
         <file>rtsv7R4_A_be_v3D16_eabi.lib</file>
         <name>getdevice.c.obj</name>
      </input_file>
      <input_file id="fl-104">
         <path>/home/koitt/ti/ccsv8/tools/compiler/ti-cgt-arm_18.1.3.LTS/lib/</path>
         <kind>archive</kind>
         <file>rtsv7R4_A_be_v3D16_eabi.lib</file>
         <name>remove.c.obj</name>
      </input_file>
      <input_file id="fl-105">
         <path>/home/koitt/ti/ccsv8/tools/compiler/ti-cgt-arm_18.1.3.LTS/lib/</path>
         <kind>archive</kind>
         <file>rtsv7R4_A_be_v3D16_eabi.lib</file>
         <name>strcmp.c.obj</name>
      </input_file>
      <input_file id="fl-106">
         <path>/home/koitt/ti/ccsv8/tools/compiler/ti-cgt-arm_18.1.3.LTS/lib/</path>
         <kind>archive</kind>
         <file>rtsv7R4_A_be_v3D16_eabi.lib</file>
         <name>strncpy.c.obj</name>
      </input_file>
      <input_file id="fl-107">
         <path>/home/koitt/ti/ccsv8/tools/compiler/ti-cgt-arm_18.1.3.LTS/lib/</path>
         <kind>archive</kind>
         <file>rtsv7R4_A_be_v3D16_eabi.lib</file>
         <name>unlink.c.obj</name>
      </input_file>
      <input_file id="fl-108">
         <path>/home/koitt/ti/ccsv8/tools/compiler/ti-cgt-arm_18.1.3.LTS/lib/</path>
         <kind>archive</kind>
         <file>rtsv7R4_A_be_v3D16_eabi.lib</file>
         <name>close.c.obj</name>
      </input_file>
   </input_file_list>
   <object_component_list>
      <object_component id="oc-2e">
         <name>.intvecs</name>
         <load_address>0x0</load_address>
         <run_address>0x0</run_address>
         <size>0x20</size>
         <input_file_ref idref="fl-d"/>
      </object_component>
      <object_component id="oc-1ee">
         <name>.text:__TI_printfi</name>
         <load_address>0x20</load_address>
         <run_address>0x20</run_address>
         <size>0xf9c</size>
         <input_file_ref idref="fl-df"/>
      </object_component>
      <object_component id="oc-12b">
         <name>.text</name>
         <load_address>0xfbc</load_address>
         <run_address>0xfbc</run_address>
         <size>0xb00</size>
         <input_file_ref idref="fl-2"/>
      </object_component>
      <object_component id="oc-d4">
         <name>.text</name>
         <load_address>0x1abc</load_address>
         <run_address>0x1abc</run_address>
         <size>0x9c0</size>
         <input_file_ref idref="fl-8"/>
      </object_component>
      <object_component id="oc-76">
         <name>.text</name>
         <load_address>0x247c</load_address>
         <run_address>0x247c</run_address>
         <size>0x95c</size>
         <input_file_ref idref="fl-16"/>
      </object_component>
      <object_component id="oc-3a">
         <name>.text</name>
         <load_address>0x2dd8</load_address>
         <run_address>0x2dd8</run_address>
         <size>0x93c</size>
         <input_file_ref idref="fl-15"/>
      </object_component>
      <object_component id="oc-119">
         <name>.text</name>
         <load_address>0x3714</load_address>
         <run_address>0x3714</run_address>
         <size>0x870</size>
         <input_file_ref idref="fl-a"/>
      </object_component>
      <object_component id="oc-7c">
         <name>.text</name>
         <load_address>0x3f84</load_address>
         <run_address>0x3f84</run_address>
         <size>0x78c</size>
         <input_file_ref idref="fl-5"/>
      </object_component>
      <object_component id="oc-6b">
         <name>.text</name>
         <load_address>0x4710</load_address>
         <run_address>0x4710</run_address>
         <size>0x3c4</size>
         <input_file_ref idref="fl-b"/>
      </object_component>
      <object_component id="oc-82">
         <name>.text</name>
         <load_address>0x4ad4</load_address>
         <run_address>0x4ad4</run_address>
         <size>0x36c</size>
         <input_file_ref idref="fl-f"/>
      </object_component>
      <object_component id="oc-39">
         <name>.text:retain</name>
         <load_address>0x4e40</load_address>
         <run_address>0x4e40</run_address>
         <size>0x33c</size>
         <input_file_ref idref="fl-15"/>
      </object_component>
      <object_component id="oc-294">
         <name>.text:_pconv_a</name>
         <load_address>0x517c</load_address>
         <run_address>0x517c</run_address>
         <size>0x2dc</size>
         <input_file_ref idref="fl-df"/>
      </object_component>
      <object_component id="oc-306">
         <name>.text</name>
         <load_address>0x5458</load_address>
         <run_address>0x5458</run_address>
         <size>0x2b8</size>
         <input_file_ref idref="fl-ee"/>
      </object_component>
      <object_component id="oc-88">
         <name>.text</name>
         <load_address>0x5710</load_address>
         <run_address>0x5710</run_address>
         <size>0x28c</size>
         <input_file_ref idref="fl-e"/>
      </object_component>
      <object_component id="oc-282">
         <name>.text:_pconv_g</name>
         <load_address>0x599c</load_address>
         <run_address>0x599c</run_address>
         <size>0x248</size>
         <input_file_ref idref="fl-df"/>
      </object_component>
      <object_component id="oc-2ce">
         <name>.text:fputs</name>
         <load_address>0x5be4</load_address>
         <run_address>0x5be4</run_address>
         <size>0x1a4</size>
         <input_file_ref idref="fl-e4"/>
      </object_component>
      <object_component id="oc-1f">
         <name>.text:retain</name>
         <load_address>0x5d88</load_address>
         <run_address>0x5d88</run_address>
         <size>0x19c</size>
         <input_file_ref idref="fl-2"/>
      </object_component>
      <object_component id="oc-53">
         <name>.text</name>
         <load_address>0x5f24</load_address>
         <run_address>0x5f24</run_address>
         <size>0x180</size>
         <input_file_ref idref="fl-dd"/>
      </object_component>
      <object_component id="oc-28">
         <name>.text:retain</name>
         <load_address>0x60a4</load_address>
         <run_address>0x60a4</run_address>
         <size>0x178</size>
         <input_file_ref idref="fl-5"/>
      </object_component>
      <object_component id="oc-3e8">
         <name>.text:free</name>
         <load_address>0x621c</load_address>
         <run_address>0x621c</run_address>
         <size>0x16c</size>
         <input_file_ref idref="fl-fe"/>
      </object_component>
      <object_component id="oc-28e">
         <name>.text:_pconv_e</name>
         <load_address>0x6388</load_address>
         <run_address>0x6388</run_address>
         <size>0x15c</size>
         <input_file_ref idref="fl-df"/>
      </object_component>
      <object_component id="oc-3bb">
         <name>.text:setvbuf</name>
         <load_address>0x64e4</load_address>
         <run_address>0x64e4</run_address>
         <size>0x158</size>
         <input_file_ref idref="fl-f4"/>
      </object_component>
      <object_component id="oc-324">
         <name>.text:fcvt</name>
         <load_address>0x663c</load_address>
         <run_address>0x663c</run_address>
         <size>0x144</size>
         <input_file_ref idref="fl-df"/>
      </object_component>
      <object_component id="oc-1e3">
         <name>.text:floor</name>
         <load_address>0x6780</load_address>
         <run_address>0x6780</run_address>
         <size>0x13c</size>
         <input_file_ref idref="fl-d0"/>
      </object_component>
      <object_component id="oc-338">
         <name>.text:scalbn</name>
         <load_address>0x68bc</load_address>
         <run_address>0x68bc</run_address>
         <size>0x120</size>
         <input_file_ref idref="fl-ec"/>
      </object_component>
      <object_component id="oc-27c">
         <name>.text:_ltostr</name>
         <load_address>0x69dc</load_address>
         <run_address>0x69dc</run_address>
         <size>0x115</size>
         <input_file_ref idref="fl-df"/>
      </object_component>
      <object_component id="oc-2d5">
         <name>.text:fputc</name>
         <load_address>0x6af4</load_address>
         <run_address>0x6af4</run_address>
         <size>0x100</size>
         <input_file_ref idref="fl-e3"/>
      </object_component>
      <object_component id="oc-3ee">
         <name>.text:malloc</name>
         <load_address>0x6bf4</load_address>
         <run_address>0x6bf4</run_address>
         <size>0xd0</size>
         <input_file_ref idref="fl-fe"/>
      </object_component>
      <object_component id="oc-31d">
         <name>.text:_mcpy</name>
         <load_address>0x6cc4</load_address>
         <run_address>0x6cc4</run_address>
         <size>0xc8</size>
         <input_file_ref idref="fl-df"/>
      </object_component>
      <object_component id="oc-70">
         <name>.text</name>
         <load_address>0x6d8c</load_address>
         <run_address>0x6d8c</run_address>
         <size>0xc4</size>
         <input_file_ref idref="fl-7"/>
      </object_component>
      <object_component id="oc-433">
         <name>.text:__TI_closefile</name>
         <load_address>0x6e50</load_address>
         <run_address>0x6e50</run_address>
         <size>0xb8</size>
         <input_file_ref idref="fl-102"/>
      </object_component>
      <object_component id="oc-19">
         <name>.text:retain</name>
         <load_address>0x6f08</load_address>
         <run_address>0x6f08</run_address>
         <size>0xb4</size>
         <input_file_ref idref="fl-14"/>
      </object_component>
      <object_component id="oc-c6">
         <name>.text</name>
         <load_address>0x6fbc</load_address>
         <run_address>0x6fbc</run_address>
         <size>0xb0</size>
         <input_file_ref idref="fl-de"/>
      </object_component>
      <object_component id="oc-457">
         <name>.text:HOSTlseek</name>
         <load_address>0x706c</load_address>
         <run_address>0x706c</run_address>
         <size>0xac</size>
         <input_file_ref idref="fl-f6"/>
      </object_component>
      <object_component id="oc-3b5">
         <name>.text:fseek</name>
         <load_address>0x7118</load_address>
         <run_address>0x7118</run_address>
         <size>0xa8</size>
         <input_file_ref idref="fl-f2"/>
      </object_component>
      <object_component id="oc-463">
         <name>.text:HOSTrename</name>
         <load_address>0x71c0</load_address>
         <run_address>0x71c0</run_address>
         <size>0xa4</size>
         <input_file_ref idref="fl-f9"/>
      </object_component>
      <object_component id="oc-369">
         <name>.text:__TI_wrt_ok</name>
         <load_address>0x7264</load_address>
         <run_address>0x7264</run_address>
         <size>0xa0</size>
         <input_file_ref idref="fl-f0"/>
      </object_component>
      <object_component id="oc-131">
         <name>.text:printf</name>
         <load_address>0x7304</load_address>
         <run_address>0x7304</run_address>
         <size>0x9c</size>
         <input_file_ref idref="fl-d9"/>
      </object_component>
      <object_component id="oc-43f">
         <name>.text:HOSTopen</name>
         <load_address>0x73a0</load_address>
         <run_address>0x73a0</run_address>
         <size>0x98</size>
         <input_file_ref idref="fl-f7"/>
      </object_component>
      <object_component id="oc-317">
         <name>.text:_ecpy</name>
         <load_address>0x7438</load_address>
         <run_address>0x7438</run_address>
         <size>0x98</size>
         <input_file_ref idref="fl-df"/>
      </object_component>
      <object_component id="oc-472">
         <name>.text:close</name>
         <load_address>0x74d0</load_address>
         <run_address>0x74d0</run_address>
         <size>0x98</size>
         <input_file_ref idref="fl-108"/>
      </object_component>
      <object_component id="oc-44b">
         <name>.text:HOSTread</name>
         <load_address>0x7568</load_address>
         <run_address>0x7568</run_address>
         <size>0x90</size>
         <input_file_ref idref="fl-f8"/>
      </object_component>
      <object_component id="oc-451">
         <name>.text:HOSTwrite</name>
         <load_address>0x75f8</load_address>
         <run_address>0x75f8</run_address>
         <size>0x90</size>
         <input_file_ref idref="fl-fb"/>
      </object_component>
      <object_component id="oc-c">
         <name>.text:decompress:lzss:__TI_decompress_lzss</name>
         <load_address>0x7688</load_address>
         <run_address>0x7688</run_address>
         <size>0x90</size>
         <input_file_ref idref="fl-d6"/>
      </object_component>
      <object_component id="oc-332">
         <name>.text:frexp</name>
         <load_address>0x7718</load_address>
         <run_address>0x7718</run_address>
         <size>0x8c</size>
         <input_file_ref idref="fl-eb"/>
      </object_component>
      <object_component id="oc-375">
         <name>.text:__TI_doflush</name>
         <load_address>0x77a4</load_address>
         <run_address>0x77a4</run_address>
         <size>0x84</size>
         <input_file_ref idref="fl-f1"/>
      </object_component>
      <object_component id="oc-276">
         <name>.text:atoi</name>
         <load_address>0x7828</load_address>
         <run_address>0x7828</run_address>
         <size>0x84</size>
         <input_file_ref idref="fl-e0"/>
      </object_component>
      <object_component id="oc-311">
         <name>.text:ltoa</name>
         <load_address>0x78ac</load_address>
         <run_address>0x78ac</run_address>
         <size>0x80</size>
         <input_file_ref idref="fl-e5"/>
      </object_component>
      <object_component id="oc-159">
         <name>.text:exit</name>
         <load_address>0x792c</load_address>
         <run_address>0x792c</run_address>
         <size>0x7c</size>
         <input_file_ref idref="fl-d7"/>
      </object_component>
      <object_component id="oc-445">
         <name>.text:HOSTclose</name>
         <load_address>0x79a8</load_address>
         <run_address>0x79a8</run_address>
         <size>0x74</size>
         <input_file_ref idref="fl-f5"/>
      </object_component>
      <object_component id="oc-288">
         <name>.text:_pconv_f</name>
         <load_address>0x7a1c</load_address>
         <run_address>0x7a1c</run_address>
         <size>0x74</size>
         <input_file_ref idref="fl-df"/>
      </object_component>
      <object_component id="oc-45d">
         <name>.text:HOSTunlink</name>
         <load_address>0x7a90</load_address>
         <run_address>0x7a90</run_address>
         <size>0x70</size>
         <input_file_ref idref="fl-fa"/>
      </object_component>
      <object_component id="oc-4a7">
         <name>.text:getdevice</name>
         <load_address>0x7b00</load_address>
         <run_address>0x7b00</run_address>
         <size>0x6c</size>
         <input_file_ref idref="fl-103"/>
      </object_component>
      <object_component id="oc-428">
         <name>.text:minsert</name>
         <load_address>0x7b6c</load_address>
         <run_address>0x7b6c</run_address>
         <size>0x6c</size>
         <input_file_ref idref="fl-fe"/>
      </object_component>
      <object_component id="oc-e9">
         <name>.text:__TI_auto_init_nobinit_nopinit:__TI_auto_init_nobinit_nopinit</name>
         <load_address>0x7bd8</load_address>
         <run_address>0x7bd8</run_address>
         <size>0x68</size>
         <input_file_ref idref="fl-d2"/>
      </object_component>
      <object_component id="oc-32a">
         <name>.text:_fcpy</name>
         <load_address>0x7c40</load_address>
         <run_address>0x7c40</run_address>
         <size>0x64</size>
         <input_file_ref idref="fl-df"/>
      </object_component>
      <object_component id="oc-11f">
         <name>.text:sprintf</name>
         <load_address>0x7ca4</load_address>
         <run_address>0x7ca4</run_address>
         <size>0x64</size>
         <input_file_ref idref="fl-da"/>
      </object_component>
      <object_component id="oc-41c">
         <name>.text:minit</name>
         <load_address>0x7d08</load_address>
         <run_address>0x7d08</run_address>
         <size>0x5c</size>
         <input_file_ref idref="fl-fe"/>
      </object_component>
      <object_component id="oc-3f4">
         <name>.text:__TI_cleanup</name>
         <load_address>0x7d64</load_address>
         <run_address>0x7d64</run_address>
         <size>0x54</size>
         <input_file_ref idref="fl-ff"/>
      </object_component>
      <object_component id="oc-489">
         <name>.text:__TI_readmsg</name>
         <load_address>0x7db8</load_address>
         <run_address>0x7db8</run_address>
         <size>0x54</size>
         <input_file_ref idref="fl-fc"/>
      </object_component>
      <object_component id="oc-483">
         <name>.text:__TI_writemsg</name>
         <load_address>0x7e0c</load_address>
         <run_address>0x7e0c</run_address>
         <size>0x54</size>
         <input_file_ref idref="fl-fc"/>
      </object_component>
      <object_component id="oc-4cf">
         <name>.text:finddevice</name>
         <load_address>0x7e60</load_address>
         <run_address>0x7e60</run_address>
         <size>0x54</size>
         <input_file_ref idref="fl-103"/>
      </object_component>
      <object_component id="oc-137">
         <name>.text</name>
         <load_address>0x7eb4</load_address>
         <run_address>0x7eb4</run_address>
         <size>0x54</size>
         <input_file_ref idref="fl-d1"/>
      </object_component>
      <object_component id="oc-30b">
         <name>.text</name>
         <load_address>0x7f08</load_address>
         <run_address>0x7f08</run_address>
         <size>0x50</size>
         <input_file_ref idref="fl-ed"/>
      </object_component>
      <object_component id="oc-422">
         <name>.text:mremove</name>
         <load_address>0x7f58</load_address>
         <run_address>0x7f58</run_address>
         <size>0x48</size>
         <input_file_ref idref="fl-fe"/>
      </object_component>
      <object_component id="oc-4c9">
         <name>.text:strncpy</name>
         <load_address>0x7fa0</load_address>
         <run_address>0x7fa0</run_address>
         <size>0x48</size>
         <input_file_ref idref="fl-106"/>
      </object_component>
      <object_component id="oc-478">
         <name>.text:unlink</name>
         <load_address>0x7fe8</load_address>
         <run_address>0x7fe8</run_address>
         <size>0x48</size>
         <input_file_ref idref="fl-107"/>
      </object_component>
      <object_component id="oc-3e0">
         <name>.text:lseek</name>
         <load_address>0x8030</load_address>
         <run_address>0x8030</run_address>
         <size>0x44</size>
         <input_file_ref idref="fl-f3"/>
      </object_component>
      <object_component id="oc-37b">
         <name>.text:write</name>
         <load_address>0x8074</load_address>
         <run_address>0x8074</run_address>
         <size>0x44</size>
         <input_file_ref idref="fl-e9"/>
      </object_component>
      <object_component id="oc-1f4">
         <name>.text:_outs</name>
         <load_address>0x80b8</load_address>
         <run_address>0x80b8</run_address>
         <size>0x30</size>
         <input_file_ref idref="fl-da"/>
      </object_component>
      <object_component id="oc-29a">
         <name>.text:memccpy</name>
         <load_address>0x80e8</load_address>
         <run_address>0x80e8</run_address>
         <size>0x2c</size>
         <input_file_ref idref="fl-e6"/>
      </object_component>
      <object_component id="oc-36f">
         <name>.text:memchr</name>
         <load_address>0x8114</load_address>
         <run_address>0x8114</run_address>
         <size>0x2c</size>
         <input_file_ref idref="fl-e7"/>
      </object_component>
      <object_component id="oc-33e">
         <name>.text:strchr</name>
         <load_address>0x8140</load_address>
         <run_address>0x8140</run_address>
         <size>0x28</size>
         <input_file_ref idref="fl-e8"/>
      </object_component>
      <object_component id="oc-4e6">
         <name>.text:strcmp</name>
         <load_address>0x8168</load_address>
         <run_address>0x8168</run_address>
         <size>0x28</size>
         <input_file_ref idref="fl-105"/>
      </object_component>
      <object_component id="oc-2a0">
         <name>.text:wcslen</name>
         <load_address>0x8190</load_address>
         <run_address>0x8190</run_address>
         <size>0x24</size>
         <input_file_ref idref="fl-ea"/>
      </object_component>
      <object_component id="oc-5f">
         <name>.text:decompress:ZI:__TI_zero_init_nomemset:__TI_zero_init_nomemset</name>
         <load_address>0x81b4</load_address>
         <run_address>0x81b4</run_address>
         <size>0x20</size>
         <input_file_ref idref="fl-d4"/>
      </object_component>
      <object_component id="oc-125">
         <name>.text:strlen</name>
         <load_address>0x81d4</load_address>
         <run_address>0x81d4</run_address>
         <size>0x20</size>
         <input_file_ref idref="fl-db"/>
      </object_component>
      <object_component id="oc-399">
         <name>.text:copysign</name>
         <load_address>0x81f4</load_address>
         <run_address>0x81f4</run_address>
         <size>0x1c</size>
         <input_file_ref idref="fl-fd"/>
      </object_component>
      <object_component id="oc-49d">
         <name>.text:strcpy</name>
         <load_address>0x8210</load_address>
         <run_address>0x8210</run_address>
         <size>0x18</size>
         <input_file_ref idref="fl-101"/>
      </object_component>
      <object_component id="oc-1fa">
         <name>.text:_outc</name>
         <load_address>0x8228</load_address>
         <run_address>0x8228</run_address>
         <size>0x14</size>
         <input_file_ref idref="fl-da"/>
      </object_component>
      <object_component id="oc-12">
         <name>.text:decompress:none:__TI_decompress_none</name>
         <load_address>0x823c</load_address>
         <run_address>0x823c</run_address>
         <size>0x14</size>
         <input_file_ref idref="fl-d5"/>
      </object_component>
      <object_component id="oc-2a6">
         <name>.text:__aeabi_errno_addr</name>
         <load_address>0x8250</load_address>
         <run_address>0x8250</run_address>
         <size>0xc</size>
         <input_file_ref idref="fl-ef"/>
      </object_component>
      <object_component id="oc-153">
         <name>.text:abort:abort</name>
         <load_address>0x825c</load_address>
         <run_address>0x825c</run_address>
         <size>0x8</size>
         <input_file_ref idref="fl-d7"/>
      </object_component>
      <object_component id="oc-2c0">
         <name>.text:_nop</name>
         <load_address>0x8264</load_address>
         <run_address>0x8264</run_address>
         <size>0x4</size>
         <input_file_ref idref="fl-d8"/>
      </object_component>
      <object_component id="oc-21e">
         <name>.text:_outc</name>
         <load_address>0x8268</load_address>
         <run_address>0x8268</run_address>
         <size>0x4</size>
         <input_file_ref idref="fl-d9"/>
      </object_component>
      <object_component id="oc-218">
         <name>.text:_outs</name>
         <load_address>0x826c</load_address>
         <run_address>0x826c</run_address>
         <size>0x4</size>
         <input_file_ref idref="fl-d9"/>
      </object_component>
      <object_component id="oc-33">
         <name>.text:retain</name>
         <load_address>0x8270</load_address>
         <run_address>0x8270</run_address>
         <size>0x4</size>
         <input_file_ref idref="fl-11"/>
      </object_component>
      <object_component id="oc-226">
         <name>.text</name>
         <load_address>0x8274</load_address>
         <run_address>0x8274</run_address>
         <size>0x4</size>
         <input_file_ref idref="fl-dc"/>
      </object_component>
      <object_component id="oc-25">
         <name>.const:s_vim_init</name>
         <load_address>0x8280</load_address>
         <run_address>0x8280</run_address>
         <size>0x200</size>
         <input_file_ref idref="fl-15"/>
      </object_component>
      <object_component id="oc-301">
         <name>.const:.string:_ctypes_</name>
         <load_address>0x8480</load_address>
         <run_address>0x8480</run_address>
         <size>0x101</size>
         <input_file_ref idref="fl-e1"/>
      </object_component>
      <object_component id="oc-209">
         <name>.const:s_canByteOrder</name>
         <load_address>0x8584</load_address>
         <run_address>0x8584</run_address>
         <size>0x20</size>
         <input_file_ref idref="fl-2"/>
      </object_component>
      <object_component id="oc-51a">
         <name>.cinit..data.load</name>
         <load_address>0x85c0</load_address>
         <run_address>0x85c0</run_address>
         <size>0x84</size>
      </object_component>
      <object_component id="oc-517">
         <name>__TI_handler_table</name>
         <load_address>0x8644</load_address>
         <run_address>0x8644</run_address>
         <size>0xc</size>
      </object_component>
      <object_component id="oc-519">
         <name>.cinit..bss.load</name>
         <load_address>0x8650</load_address>
         <run_address>0x8650</run_address>
         <size>0x8</size>
      </object_component>
      <object_component id="oc-518">
         <name>__TI_cinit_table</name>
         <load_address>0x8658</load_address>
         <run_address>0x8658</run_address>
         <size>0x10</size>
      </object_component>
      <object_component id="oc-1e9">
         <name>.bss:g_sciTransfer_t</name>
         <uninitialized>true</uninitialized>
         <run_address>0x80020e0</run_address>
         <size>0x50</size>
         <input_file_ref idref="fl-a"/>
      </object_component>
      <object_component id="oc-4b1">
         <name>.bss:_CIOBUF_</name>
         <uninitialized>true</uninitialized>
         <run_address>0x8001f20</run_address>
         <size>0x120</size>
         <input_file_ref idref="fl-fc"/>
      </object_component>
      <object_component id="oc-47e">
         <name>.common:__TI_tmpnams</name>
         <uninitialized>true</uninitialized>
         <run_address>0x8002040</run_address>
         <size>0xa0</size>
      </object_component>
      <object_component id="oc-48f">
         <name>.common:parmbuf</name>
         <uninitialized>true</uninitialized>
         <run_address>0x8002130</run_address>
         <size>0x8</size>
      </object_component>
      <object_component id="oc-13f">
         <name>.data</name>
         <load_address>0x8001eb8</load_address>
         <run_address>0x8001eb8</run_address>
         <size>0x14</size>
         <input_file_ref idref="fl-e"/>
      </object_component>
      <object_component id="oc-142">
         <name>.data:tx_data</name>
         <load_address>0x8001f14</load_address>
         <run_address>0x8001f14</run_address>
         <size>0x8</size>
         <input_file_ref idref="fl-e"/>
      </object_component>
      <object_component id="oc-145">
         <name>.data:tx_data2</name>
         <load_address>0x8001f04</load_address>
         <run_address>0x8001f04</run_address>
         <size>0x8</size>
         <input_file_ref idref="fl-e"/>
      </object_component>
      <object_component id="oc-148">
         <name>.data:tx_data3</name>
         <load_address>0x8001f0c</load_address>
         <run_address>0x8001f0c</run_address>
         <size>0x8</size>
         <input_file_ref idref="fl-e"/>
      </object_component>
      <object_component id="oc-13c">
         <name>.data:rx_data</name>
         <load_address>0x8001efc</load_address>
         <run_address>0x8001efc</run_address>
         <size>0x8</size>
         <input_file_ref idref="fl-e"/>
      </object_component>
      <object_component id="oc-243">
         <name>.data:$O1$$</name>
         <load_address>0x8001edc</load_address>
         <run_address>0x8001edc</run_address>
         <size>0xc</size>
         <input_file_ref idref="fl-d7"/>
      </object_component>
      <object_component id="oc-212">
         <name>.data:$O1$$</name>
         <load_address>0x8001ef4</load_address>
         <run_address>0x8001ef4</run_address>
         <size>0x8</size>
         <input_file_ref idref="fl-d8"/>
      </object_component>
      <object_component id="oc-215">
         <name>.data:_ftable</name>
         <load_address>0x8001d00</load_address>
         <run_address>0x8001d00</run_address>
         <size>0xf0</size>
         <input_file_ref idref="fl-e2"/>
      </object_component>
      <object_component id="oc-439">
         <name>.data</name>
         <load_address>0x8001ecc</load_address>
         <run_address>0x8001ecc</run_address>
         <size>0x10</size>
         <input_file_ref idref="fl-e2"/>
      </object_component>
      <object_component id="oc-407">
         <name>.data:_device</name>
         <load_address>0x8001df0</load_address>
         <run_address>0x8001df0</run_address>
         <size>0x78</size>
         <input_file_ref idref="fl-e9"/>
      </object_component>
      <object_component id="oc-3c7">
         <name>.data:_stream</name>
         <load_address>0x8001e68</load_address>
         <run_address>0x8001e68</run_address>
         <size>0x50</size>
         <input_file_ref idref="fl-e9"/>
      </object_component>
      <object_component id="oc-34e">
         <name>.data</name>
         <load_address>0x8001f1c</load_address>
         <run_address>0x8001f1c</run_address>
         <size>0x4</size>
         <input_file_ref idref="fl-ef"/>
      </object_component>
      <object_component id="oc-42e">
         <name>.data:$O1$$</name>
         <load_address>0x8001ee8</load_address>
         <run_address>0x8001ee8</run_address>
         <size>0xc</size>
         <input_file_ref idref="fl-fe"/>
      </object_component>
      <object_component id="oc-45">
         <name>.sysmem</name>
         <uninitialized>true</uninitialized>
         <run_address>0x8001500</run_address>
         <size>0x8</size>
         <input_file_ref idref="fl-fe"/>
      </object_component>
      <object_component id="oc-51b">
         <name>.sysmem</name>
         <uninitialized>true</uninitialized>
         <run_address>0x8001500</run_address>
         <size>0x0</size>
      </object_component>
      <object_component id="oc-18e">
         <name>.debug_info</name>
         <load_address>0x0</load_address>
         <run_address>0x0</run_address>
         <size>0x3ee</size>
         <input_file_ref idref="fl-2"/>
      </object_component>
      <object_component id="oc-20a">
         <name>.debug_info</name>
         <load_address>0x3ee</load_address>
         <run_address>0x3ee</run_address>
         <size>0xd7</size>
         <input_file_ref idref="fl-2"/>
      </object_component>
      <object_component id="oc-12c">
         <name>.debug_info</name>
         <load_address>0x4c5</load_address>
         <run_address>0x4c5</run_address>
         <size>0x1420</size>
         <input_file_ref idref="fl-2"/>
      </object_component>
      <object_component id="oc-20">
         <name>.debug_info</name>
         <load_address>0x18e5</load_address>
         <run_address>0x18e5</run_address>
         <size>0x25e</size>
         <input_file_ref idref="fl-2"/>
      </object_component>
      <object_component id="oc-161">
         <name>.debug_info</name>
         <load_address>0x1b43</load_address>
         <run_address>0x1b43</run_address>
         <size>0x26b</size>
         <input_file_ref idref="fl-2"/>
      </object_component>
      <object_component id="oc-91">
         <name>.debug_info</name>
         <load_address>0x1dae</load_address>
         <run_address>0x1dae</run_address>
         <size>0x157</size>
         <input_file_ref idref="fl-2"/>
      </object_component>
      <object_component id="oc-a2">
         <name>.debug_info</name>
         <load_address>0x1f05</load_address>
         <run_address>0x1f05</run_address>
         <size>0x8b</size>
         <input_file_ref idref="fl-2"/>
      </object_component>
      <object_component id="oc-9d">
         <name>.debug_info</name>
         <load_address>0x1f90</load_address>
         <run_address>0x1f90</run_address>
         <size>0x18c</size>
         <input_file_ref idref="fl-2"/>
      </object_component>
      <object_component id="oc-23d">
         <name>.debug_info</name>
         <load_address>0x211c</load_address>
         <run_address>0x211c</run_address>
         <size>0x297</size>
         <input_file_ref idref="fl-2"/>
      </object_component>
      <object_component id="oc-14e">
         <name>.debug_info</name>
         <load_address>0x23b3</load_address>
         <run_address>0x23b3</run_address>
         <size>0xbb</size>
         <input_file_ref idref="fl-2"/>
      </object_component>
      <object_component id="oc-a7">
         <name>.debug_info</name>
         <load_address>0x246e</load_address>
         <run_address>0x246e</run_address>
         <size>0x86</size>
         <input_file_ref idref="fl-2"/>
      </object_component>
      <object_component id="oc-1b6">
         <name>.debug_info</name>
         <load_address>0x24f4</load_address>
         <run_address>0x24f4</run_address>
         <size>0x49b</size>
         <input_file_ref idref="fl-2"/>
      </object_component>
      <object_component id="oc-20d">
         <name>.debug_info</name>
         <load_address>0x298f</load_address>
         <run_address>0x298f</run_address>
         <size>0x15f</size>
         <input_file_ref idref="fl-2"/>
      </object_component>
      <object_component id="oc-184">
         <name>.debug_info</name>
         <load_address>0x2aee</load_address>
         <run_address>0x2aee</run_address>
         <size>0x36d</size>
         <input_file_ref idref="fl-2"/>
      </object_component>
      <object_component id="oc-249">
         <name>.debug_info</name>
         <load_address>0x2e5b</load_address>
         <run_address>0x2e5b</run_address>
         <size>0x373</size>
         <input_file_ref idref="fl-3"/>
      </object_component>
      <object_component id="oc-db">
         <name>.debug_info</name>
         <load_address>0x31ce</load_address>
         <run_address>0x31ce</run_address>
         <size>0x429</size>
         <input_file_ref idref="fl-3"/>
      </object_component>
      <object_component id="oc-166">
         <name>.debug_info</name>
         <load_address>0x35f7</load_address>
         <run_address>0x35f7</run_address>
         <size>0x102</size>
         <input_file_ref idref="fl-3"/>
      </object_component>
      <object_component id="oc-1bb">
         <name>.debug_info</name>
         <load_address>0x36f9</load_address>
         <run_address>0x36f9</run_address>
         <size>0x142</size>
         <input_file_ref idref="fl-3"/>
      </object_component>
      <object_component id="oc-16b">
         <name>.debug_info</name>
         <load_address>0x383b</load_address>
         <run_address>0x383b</run_address>
         <size>0x285</size>
         <input_file_ref idref="fl-3"/>
      </object_component>
      <object_component id="oc-170">
         <name>.debug_info</name>
         <load_address>0x3ac0</load_address>
         <run_address>0x3ac0</run_address>
         <size>0x44a</size>
         <input_file_ref idref="fl-3"/>
      </object_component>
      <object_component id="oc-175">
         <name>.debug_info</name>
         <load_address>0x3f0a</load_address>
         <run_address>0x3f0a</run_address>
         <size>0x1f9</size>
         <input_file_ref idref="fl-3"/>
      </object_component>
      <object_component id="oc-17a">
         <name>.debug_info</name>
         <load_address>0x4103</load_address>
         <run_address>0x4103</run_address>
         <size>0x152</size>
         <input_file_ref idref="fl-3"/>
      </object_component>
      <object_component id="oc-17f">
         <name>.debug_info</name>
         <load_address>0x4255</load_address>
         <run_address>0x4255</run_address>
         <size>0x70a</size>
         <input_file_ref idref="fl-3"/>
      </object_component>
      <object_component id="oc-e7">
         <name>.debug_info</name>
         <load_address>0x495f</load_address>
         <run_address>0x495f</run_address>
         <size>0x33f</size>
         <input_file_ref idref="fl-5"/>
      </object_component>
      <object_component id="oc-7d">
         <name>.debug_info</name>
         <load_address>0x4c9e</load_address>
         <run_address>0x4c9e</run_address>
         <size>0x10b4</size>
         <input_file_ref idref="fl-5"/>
      </object_component>
      <object_component id="oc-29">
         <name>.debug_info</name>
         <load_address>0x5d52</load_address>
         <run_address>0x5d52</run_address>
         <size>0x19c</size>
         <input_file_ref idref="fl-5"/>
      </object_component>
      <object_component id="oc-e2">
         <name>.debug_info</name>
         <load_address>0x5eee</load_address>
         <run_address>0x5eee</run_address>
         <size>0x168</size>
         <input_file_ref idref="fl-5"/>
      </object_component>
      <object_component id="oc-ce">
         <name>.debug_info</name>
         <load_address>0x6056</load_address>
         <run_address>0x6056</run_address>
         <size>0x3dc</size>
         <input_file_ref idref="fl-7"/>
      </object_component>
      <object_component id="oc-71">
         <name>.debug_info</name>
         <load_address>0x6432</load_address>
         <run_address>0x6432</run_address>
         <size>0x9a8</size>
         <input_file_ref idref="fl-7"/>
      </object_component>
      <object_component id="oc-1ac">
         <name>.debug_info</name>
         <load_address>0x6dda</load_address>
         <run_address>0x6dda</run_address>
         <size>0x306</size>
         <input_file_ref idref="fl-7"/>
      </object_component>
      <object_component id="oc-1b1">
         <name>.debug_info</name>
         <load_address>0x70e0</load_address>
         <run_address>0x70e0</run_address>
         <size>0xadd</size>
         <input_file_ref idref="fl-7"/>
      </object_component>
      <object_component id="oc-cf">
         <name>.debug_info</name>
         <load_address>0x7bbd</load_address>
         <run_address>0x7bbd</run_address>
         <size>0x6eb</size>
         <input_file_ref idref="fl-7"/>
      </object_component>
      <object_component id="oc-1c0">
         <name>.debug_info</name>
         <load_address>0x82a8</load_address>
         <run_address>0x82a8</run_address>
         <size>0x243</size>
         <input_file_ref idref="fl-7"/>
      </object_component>
      <object_component id="oc-271">
         <name>.debug_info</name>
         <load_address>0x84eb</load_address>
         <run_address>0x84eb</run_address>
         <size>0x18e</size>
         <input_file_ref idref="fl-7"/>
      </object_component>
      <object_component id="oc-24d">
         <name>.debug_info</name>
         <load_address>0x8679</load_address>
         <run_address>0x8679</run_address>
         <size>0x2a6</size>
         <input_file_ref idref="fl-8"/>
      </object_component>
      <object_component id="oc-d5">
         <name>.debug_info</name>
         <load_address>0x891f</load_address>
         <run_address>0x891f</run_address>
         <size>0x110</size>
         <input_file_ref idref="fl-8"/>
      </object_component>
      <object_component id="oc-1cd">
         <name>.debug_info</name>
         <load_address>0x8a2f</load_address>
         <run_address>0x8a2f</run_address>
         <size>0x199</size>
         <input_file_ref idref="fl-8"/>
      </object_component>
      <object_component id="oc-1ed">
         <name>.debug_info</name>
         <load_address>0x8bc8</load_address>
         <run_address>0x8bc8</run_address>
         <size>0x2f1</size>
         <input_file_ref idref="fl-a"/>
      </object_component>
      <object_component id="oc-1ea">
         <name>.debug_info</name>
         <load_address>0x8eb9</load_address>
         <run_address>0x8eb9</run_address>
         <size>0xd9</size>
         <input_file_ref idref="fl-a"/>
      </object_component>
      <object_component id="oc-11a">
         <name>.debug_info</name>
         <load_address>0x8f92</load_address>
         <run_address>0x8f92</run_address>
         <size>0xc91</size>
         <input_file_ref idref="fl-a"/>
      </object_component>
      <object_component id="oc-26c">
         <name>.debug_info</name>
         <load_address>0x9c23</load_address>
         <run_address>0x9c23</run_address>
         <size>0x91</size>
         <input_file_ref idref="fl-a"/>
      </object_component>
      <object_component id="oc-6c">
         <name>.debug_info</name>
         <load_address>0x9cb4</load_address>
         <run_address>0x9cb4</run_address>
         <size>0x806</size>
         <input_file_ref idref="fl-b"/>
      </object_component>
      <object_component id="oc-2f">
         <name>.debug_info</name>
         <load_address>0xa4ba</load_address>
         <run_address>0xa4ba</run_address>
         <size>0xfc</size>
         <input_file_ref idref="fl-d"/>
      </object_component>
      <object_component id="oc-14c">
         <name>.debug_info</name>
         <load_address>0xa5b6</load_address>
         <run_address>0xa5b6</run_address>
         <size>0x5be</size>
         <input_file_ref idref="fl-e"/>
      </object_component>
      <object_component id="oc-140">
         <name>.debug_info</name>
         <load_address>0xab74</load_address>
         <run_address>0xab74</run_address>
         <size>0x127</size>
         <input_file_ref idref="fl-e"/>
      </object_component>
      <object_component id="oc-143">
         <name>.debug_info</name>
         <load_address>0xac9b</load_address>
         <run_address>0xac9b</run_address>
         <size>0xcf</size>
         <input_file_ref idref="fl-e"/>
      </object_component>
      <object_component id="oc-146">
         <name>.debug_info</name>
         <load_address>0xad6a</load_address>
         <run_address>0xad6a</run_address>
         <size>0xd1</size>
         <input_file_ref idref="fl-e"/>
      </object_component>
      <object_component id="oc-149">
         <name>.debug_info</name>
         <load_address>0xae3b</load_address>
         <run_address>0xae3b</run_address>
         <size>0xd1</size>
         <input_file_ref idref="fl-e"/>
      </object_component>
      <object_component id="oc-13d">
         <name>.debug_info</name>
         <load_address>0xaf0c</load_address>
         <run_address>0xaf0c</run_address>
         <size>0xcf</size>
         <input_file_ref idref="fl-e"/>
      </object_component>
      <object_component id="oc-89">
         <name>.debug_info</name>
         <load_address>0xafdb</load_address>
         <run_address>0xafdb</run_address>
         <size>0x4c2</size>
         <input_file_ref idref="fl-e"/>
      </object_component>
      <object_component id="oc-238">
         <name>.debug_info</name>
         <load_address>0xb49d</load_address>
         <run_address>0xb49d</run_address>
         <size>0xcc</size>
         <input_file_ref idref="fl-e"/>
      </object_component>
      <object_component id="oc-202">
         <name>.debug_info</name>
         <load_address>0xb569</load_address>
         <run_address>0xb569</run_address>
         <size>0x2c</size>
         <input_file_ref idref="fl-e"/>
      </object_component>
      <object_component id="oc-83">
         <name>.debug_info</name>
         <load_address>0xb595</load_address>
         <run_address>0xb595</run_address>
         <size>0x433</size>
         <input_file_ref idref="fl-f"/>
      </object_component>
      <object_component id="oc-24c">
         <name>.debug_info</name>
         <load_address>0xb9c8</load_address>
         <run_address>0xb9c8</run_address>
         <size>0x2e7</size>
         <input_file_ref idref="fl-10"/>
      </object_component>
      <object_component id="oc-1c8">
         <name>.debug_info</name>
         <load_address>0xbcaf</load_address>
         <run_address>0xbcaf</run_address>
         <size>0x457</size>
         <input_file_ref idref="fl-10"/>
      </object_component>
      <object_component id="oc-34">
         <name>.debug_info</name>
         <load_address>0xc106</load_address>
         <run_address>0xc106</run_address>
         <size>0x131</size>
         <input_file_ref idref="fl-11"/>
      </object_component>
      <object_component id="oc-1a">
         <name>.debug_info</name>
         <load_address>0xc237</load_address>
         <run_address>0xc237</run_address>
         <size>0x270</size>
         <input_file_ref idref="fl-14"/>
      </object_component>
      <object_component id="oc-98">
         <name>.debug_info</name>
         <load_address>0xc4a7</load_address>
         <run_address>0xc4a7</run_address>
         <size>0x4a8</size>
         <input_file_ref idref="fl-15"/>
      </object_component>
      <object_component id="oc-26">
         <name>.debug_info</name>
         <load_address>0xc94f</load_address>
         <run_address>0xc94f</run_address>
         <size>0xd3</size>
         <input_file_ref idref="fl-15"/>
      </object_component>
      <object_component id="oc-3b">
         <name>.debug_info</name>
         <load_address>0xca22</load_address>
         <run_address>0xca22</run_address>
         <size>0x483</size>
         <input_file_ref idref="fl-15"/>
      </object_component>
      <object_component id="oc-40">
         <name>.debug_info</name>
         <load_address>0xcea5</load_address>
         <run_address>0xcea5</run_address>
         <size>0x1ee</size>
         <input_file_ref idref="fl-15"/>
      </object_component>
      <object_component id="oc-189">
         <name>.debug_info</name>
         <load_address>0xd093</load_address>
         <run_address>0xd093</run_address>
         <size>0x4f</size>
         <input_file_ref idref="fl-15"/>
      </object_component>
      <object_component id="oc-e0">
         <name>.debug_info</name>
         <load_address>0xd0e2</load_address>
         <run_address>0xd0e2</run_address>
         <size>0x3d5</size>
         <input_file_ref idref="fl-16"/>
      </object_component>
      <object_component id="oc-77">
         <name>.debug_info</name>
         <load_address>0xd4b7</load_address>
         <run_address>0xd4b7</run_address>
         <size>0x583</size>
         <input_file_ref idref="fl-16"/>
      </object_component>
      <object_component id="oc-267">
         <name>.debug_info</name>
         <load_address>0xda3a</load_address>
         <run_address>0xda3a</run_address>
         <size>0x268</size>
         <input_file_ref idref="fl-d0"/>
      </object_component>
      <object_component id="oc-1e4">
         <name>.debug_info</name>
         <load_address>0xdca2</load_address>
         <run_address>0xdca2</run_address>
         <size>0x179</size>
         <input_file_ref idref="fl-d0"/>
      </object_component>
      <object_component id="oc-4e">
         <name>.debug_info</name>
         <load_address>0xde1b</load_address>
         <run_address>0xde1b</run_address>
         <size>0x84</size>
         <input_file_ref idref="fl-d0"/>
      </object_component>
      <object_component id="oc-2fa">
         <name>.debug_info</name>
         <load_address>0xde9f</load_address>
         <run_address>0xde9f</run_address>
         <size>0x46</size>
         <input_file_ref idref="fl-d0"/>
      </object_component>
      <object_component id="oc-262">
         <name>.debug_info</name>
         <load_address>0xdee5</load_address>
         <run_address>0xdee5</run_address>
         <size>0x39</size>
         <input_file_ref idref="fl-d0"/>
      </object_component>
      <object_component id="oc-139">
         <name>.debug_info</name>
         <load_address>0xdf1e</load_address>
         <run_address>0xdf1e</run_address>
         <size>0x12b</size>
         <input_file_ref idref="fl-d1"/>
      </object_component>
      <object_component id="oc-1d5">
         <name>.debug_info</name>
         <load_address>0xe049</load_address>
         <run_address>0xe049</run_address>
         <size>0x52b</size>
         <input_file_ref idref="fl-d2"/>
      </object_component>
      <object_component id="oc-ed">
         <name>.debug_info</name>
         <load_address>0xe574</load_address>
         <run_address>0xe574</run_address>
         <size>0x17f</size>
         <input_file_ref idref="fl-d2"/>
      </object_component>
      <object_component id="oc-250">
         <name>.debug_info</name>
         <load_address>0xe6f3</load_address>
         <run_address>0xe6f3</run_address>
         <size>0x39</size>
         <input_file_ref idref="fl-d2"/>
      </object_component>
      <object_component id="oc-2ee">
         <name>.debug_info</name>
         <load_address>0xe72c</load_address>
         <run_address>0xe72c</run_address>
         <size>0x39</size>
         <input_file_ref idref="fl-d2"/>
      </object_component>
      <object_component id="oc-255">
         <name>.debug_info</name>
         <load_address>0xe765</load_address>
         <run_address>0xe765</run_address>
         <size>0x39</size>
         <input_file_ref idref="fl-d2"/>
      </object_component>
      <object_component id="oc-25a">
         <name>.debug_info</name>
         <load_address>0xe79e</load_address>
         <run_address>0xe79e</run_address>
         <size>0xcd</size>
         <input_file_ref idref="fl-d2"/>
      </object_component>
      <object_component id="oc-c5">
         <name>.debug_info</name>
         <load_address>0xe86b</load_address>
         <run_address>0xe86b</run_address>
         <size>0x2f2</size>
         <input_file_ref idref="fl-d4"/>
      </object_component>
      <object_component id="oc-61">
         <name>.debug_info</name>
         <load_address>0xeb5d</load_address>
         <run_address>0xeb5d</run_address>
         <size>0x198</size>
         <input_file_ref idref="fl-d4"/>
      </object_component>
      <object_component id="oc-c0">
         <name>.debug_info</name>
         <load_address>0xecf5</load_address>
         <run_address>0xecf5</run_address>
         <size>0x46</size>
         <input_file_ref idref="fl-d4"/>
      </object_component>
      <object_component id="oc-1a2">
         <name>.debug_info</name>
         <load_address>0xed3b</load_address>
         <run_address>0xed3b</run_address>
         <size>0x2c</size>
         <input_file_ref idref="fl-d4"/>
      </object_component>
      <object_component id="oc-5e">
         <name>.debug_info</name>
         <load_address>0xed67</load_address>
         <run_address>0xed67</run_address>
         <size>0x27c</size>
         <input_file_ref idref="fl-d5"/>
      </object_component>
      <object_component id="oc-13">
         <name>.debug_info</name>
         <load_address>0xefe3</load_address>
         <run_address>0xefe3</run_address>
         <size>0x1ae</size>
         <input_file_ref idref="fl-d5"/>
      </object_component>
      <object_component id="oc-59">
         <name>.debug_info</name>
         <load_address>0xf191</load_address>
         <run_address>0xf191</run_address>
         <size>0x46</size>
         <input_file_ref idref="fl-d5"/>
      </object_component>
      <object_component id="oc-b8">
         <name>.debug_info</name>
         <load_address>0xf1d7</load_address>
         <run_address>0xf1d7</run_address>
         <size>0x2c</size>
         <input_file_ref idref="fl-d5"/>
      </object_component>
      <object_component id="oc-b6">
         <name>.debug_info</name>
         <load_address>0xf203</load_address>
         <run_address>0xf203</run_address>
         <size>0x277</size>
         <input_file_ref idref="fl-d6"/>
      </object_component>
      <object_component id="oc-d">
         <name>.debug_info</name>
         <load_address>0xf47a</load_address>
         <run_address>0xf47a</run_address>
         <size>0x229</size>
         <input_file_ref idref="fl-d6"/>
      </object_component>
      <object_component id="oc-49">
         <name>.debug_info</name>
         <load_address>0xf6a3</load_address>
         <run_address>0xf6a3</run_address>
         <size>0x60</size>
         <input_file_ref idref="fl-d6"/>
      </object_component>
      <object_component id="oc-19b">
         <name>.debug_info</name>
         <load_address>0xf703</load_address>
         <run_address>0xf703</run_address>
         <size>0x46</size>
         <input_file_ref idref="fl-d6"/>
      </object_component>
      <object_component id="oc-b1">
         <name>.debug_info</name>
         <load_address>0xf749</load_address>
         <run_address>0xf749</run_address>
         <size>0x39</size>
         <input_file_ref idref="fl-d6"/>
      </object_component>
      <object_component id="oc-247">
         <name>.debug_info</name>
         <load_address>0xf782</load_address>
         <run_address>0xf782</run_address>
         <size>0x386</size>
         <input_file_ref idref="fl-d7"/>
      </object_component>
      <object_component id="oc-244">
         <name>.debug_info</name>
         <load_address>0xfb08</load_address>
         <run_address>0xfb08</run_address>
         <size>0x169</size>
         <input_file_ref idref="fl-d7"/>
      </object_component>
      <object_component id="oc-154">
         <name>.debug_info</name>
         <load_address>0xfc71</load_address>
         <run_address>0xfc71</run_address>
         <size>0xfb</size>
         <input_file_ref idref="fl-d7"/>
      </object_component>
      <object_component id="oc-15a">
         <name>.debug_info</name>
         <load_address>0xfd6c</load_address>
         <run_address>0xfd6c</run_address>
         <size>0x15d</size>
         <input_file_ref idref="fl-d7"/>
      </object_component>
      <object_component id="oc-2c8">
         <name>.debug_info</name>
         <load_address>0xfec9</load_address>
         <run_address>0xfec9</run_address>
         <size>0x2a2</size>
         <input_file_ref idref="fl-d8"/>
      </object_component>
      <object_component id="oc-213">
         <name>.debug_info</name>
         <load_address>0x1016b</load_address>
         <run_address>0x1016b</run_address>
         <size>0xf7</size>
         <input_file_ref idref="fl-d8"/>
      </object_component>
      <object_component id="oc-2c1">
         <name>.debug_info</name>
         <load_address>0x10262</load_address>
         <run_address>0x10262</run_address>
         <size>0x107</size>
         <input_file_ref idref="fl-d8"/>
      </object_component>
      <object_component id="oc-225">
         <name>.debug_info</name>
         <load_address>0x10369</load_address>
         <run_address>0x10369</run_address>
         <size>0x3be</size>
         <input_file_ref idref="fl-d9"/>
      </object_component>
      <object_component id="oc-21f">
         <name>.debug_info</name>
         <load_address>0x10727</load_address>
         <run_address>0x10727</run_address>
         <size>0x130</size>
         <input_file_ref idref="fl-d9"/>
      </object_component>
      <object_component id="oc-219">
         <name>.debug_info</name>
         <load_address>0x10857</load_address>
         <run_address>0x10857</run_address>
         <size>0x13f</size>
         <input_file_ref idref="fl-d9"/>
      </object_component>
      <object_component id="oc-132">
         <name>.debug_info</name>
         <load_address>0x10996</load_address>
         <run_address>0x10996</run_address>
         <size>0x185</size>
         <input_file_ref idref="fl-d9"/>
      </object_component>
      <object_component id="oc-2de">
         <name>.debug_info</name>
         <load_address>0x10b1b</load_address>
         <run_address>0x10b1b</run_address>
         <size>0xb2</size>
         <input_file_ref idref="fl-d9"/>
      </object_component>
      <object_component id="oc-201">
         <name>.debug_info</name>
         <load_address>0x10bcd</load_address>
         <run_address>0x10bcd</run_address>
         <size>0x30c</size>
         <input_file_ref idref="fl-da"/>
      </object_component>
      <object_component id="oc-120">
         <name>.debug_info</name>
         <load_address>0x10ed9</load_address>
         <run_address>0x10ed9</run_address>
         <size>0x1aa</size>
         <input_file_ref idref="fl-da"/>
      </object_component>
      <object_component id="oc-1f5">
         <name>.debug_info</name>
         <load_address>0x11083</load_address>
         <run_address>0x11083</run_address>
         <size>0x171</size>
         <input_file_ref idref="fl-da"/>
      </object_component>
      <object_component id="oc-1fb">
         <name>.debug_info</name>
         <load_address>0x111f4</load_address>
         <run_address>0x111f4</run_address>
         <size>0x146</size>
         <input_file_ref idref="fl-da"/>
      </object_component>
      <object_component id="oc-355">
         <name>.debug_info</name>
         <load_address>0x1133a</load_address>
         <run_address>0x1133a</run_address>
         <size>0x2c</size>
         <input_file_ref idref="fl-da"/>
      </object_component>
      <object_component id="oc-208">
         <name>.debug_info</name>
         <load_address>0x11366</load_address>
         <run_address>0x11366</run_address>
         <size>0x268</size>
         <input_file_ref idref="fl-db"/>
      </object_component>
      <object_component id="oc-126">
         <name>.debug_info</name>
         <load_address>0x115ce</load_address>
         <run_address>0x115ce</run_address>
         <size>0x1d6</size>
         <input_file_ref idref="fl-db"/>
      </object_component>
      <object_component id="oc-227">
         <name>.debug_info</name>
         <load_address>0x117a4</load_address>
         <run_address>0x117a4</run_address>
         <size>0xf1</size>
         <input_file_ref idref="fl-dc"/>
      </object_component>
      <object_component id="oc-54">
         <name>.debug_info</name>
         <load_address>0x11895</load_address>
         <run_address>0x11895</run_address>
         <size>0x160</size>
         <input_file_ref idref="fl-dd"/>
      </object_component>
      <object_component id="oc-c7">
         <name>.debug_info</name>
         <load_address>0x119f5</load_address>
         <run_address>0x119f5</run_address>
         <size>0x128</size>
         <input_file_ref idref="fl-de"/>
      </object_component>
      <object_component id="oc-2ad">
         <name>.debug_info</name>
         <load_address>0x11b1d</load_address>
         <run_address>0x11b1d</run_address>
         <size>0x88a</size>
         <input_file_ref idref="fl-df"/>
      </object_component>
      <object_component id="oc-27d">
         <name>.debug_info</name>
         <load_address>0x123a7</load_address>
         <run_address>0x123a7</run_address>
         <size>0x1f7</size>
         <input_file_ref idref="fl-df"/>
      </object_component>
      <object_component id="oc-318">
         <name>.debug_info</name>
         <load_address>0x1259e</load_address>
         <run_address>0x1259e</run_address>
         <size>0x18c</size>
         <input_file_ref idref="fl-df"/>
      </object_component>
      <object_component id="oc-31e">
         <name>.debug_info</name>
         <load_address>0x1272a</load_address>
         <run_address>0x1272a</run_address>
         <size>0x1f4</size>
         <input_file_ref idref="fl-df"/>
      </object_component>
      <object_component id="oc-283">
         <name>.debug_info</name>
         <load_address>0x1291e</load_address>
         <run_address>0x1291e</run_address>
         <size>0x2ad</size>
         <input_file_ref idref="fl-df"/>
      </object_component>
      <object_component id="oc-325">
         <name>.debug_info</name>
         <load_address>0x12bcb</load_address>
         <run_address>0x12bcb</run_address>
         <size>0x1fd</size>
         <input_file_ref idref="fl-df"/>
      </object_component>
      <object_component id="oc-32b">
         <name>.debug_info</name>
         <load_address>0x12dc8</load_address>
         <run_address>0x12dc8</run_address>
         <size>0x1ee</size>
         <input_file_ref idref="fl-df"/>
      </object_component>
      <object_component id="oc-289">
         <name>.debug_info</name>
         <load_address>0x12fb6</load_address>
         <run_address>0x12fb6</run_address>
         <size>0x1ee</size>
         <input_file_ref idref="fl-df"/>
      </object_component>
      <object_component id="oc-28f">
         <name>.debug_info</name>
         <load_address>0x131a4</load_address>
         <run_address>0x131a4</run_address>
         <size>0x219</size>
         <input_file_ref idref="fl-df"/>
      </object_component>
      <object_component id="oc-295">
         <name>.debug_info</name>
         <load_address>0x133bd</load_address>
         <run_address>0x133bd</run_address>
         <size>0x332</size>
         <input_file_ref idref="fl-df"/>
      </object_component>
      <object_component id="oc-1ef">
         <name>.debug_info</name>
         <load_address>0x136ef</load_address>
         <run_address>0x136ef</run_address>
         <size>0x58b</size>
         <input_file_ref idref="fl-df"/>
      </object_component>
      <object_component id="oc-2ae">
         <name>.debug_info</name>
         <load_address>0x13c7a</load_address>
         <run_address>0x13c7a</run_address>
         <size>0x86</size>
         <input_file_ref idref="fl-df"/>
      </object_component>
      <object_component id="oc-35a">
         <name>.debug_info</name>
         <load_address>0x13d00</load_address>
         <run_address>0x13d00</run_address>
         <size>0x39</size>
         <input_file_ref idref="fl-df"/>
      </object_component>
      <object_component id="oc-3b0">
         <name>.debug_info</name>
         <load_address>0x13d39</load_address>
         <run_address>0x13d39</run_address>
         <size>0xb6</size>
         <input_file_ref idref="fl-df"/>
      </object_component>
      <object_component id="oc-35f">
         <name>.debug_info</name>
         <load_address>0x13def</load_address>
         <run_address>0x13def</run_address>
         <size>0x46</size>
         <input_file_ref idref="fl-df"/>
      </object_component>
      <object_component id="oc-2b3">
         <name>.debug_info</name>
         <load_address>0x13e35</load_address>
         <run_address>0x13e35</run_address>
         <size>0x46</size>
         <input_file_ref idref="fl-df"/>
      </object_component>
      <object_component id="oc-305">
         <name>.debug_info</name>
[...]
         <value>0x4dcc</value>
         <object_component_ref idref="oc-82"/>
      </symbol>
      <symbol id="sm-381">
         <name>_mpuSetRegionTypeAndPermission_</name>
         <value>0x4e14</value>
         <object_component_ref idref="oc-82"/>
      </symbol>
      <symbol id="sm-382">
         <name>_mpuGetRegionPermission_</name>
         <value>0x4e2c</value>
         <object_component_ref idref="oc-82"/>
      </symbol>
      <symbol id="sm-383">
         <name>_mpuEnable_</name>
         <value>0x4d8c</value>
         <object_component_ref idref="oc-82"/>
      </symbol>
      <symbol id="sm-384">
         <name>_mpuGetNumberOfRegions_</name>
         <value>0x4ddc</value>
         <object_component_ref idref="oc-82"/>
      </symbol>
      <symbol id="sm-385">
         <name>_mpuAreRegionsSeparate_</name>
         <value>0x4de8</value>
         <object_component_ref idref="oc-82"/>
      </symbol>
      <symbol id="sm-386">
         <name>_mpuEnableBackgroundRegion_</name>
         <value>0x4dbc</value>
         <object_component_ref idref="oc-82"/>
      </symbol>
      <symbol id="sm-387">
         <name>_mpuGetRegionType_</name>
         <value>0x4e20</value>
         <object_component_ref idref="oc-82"/>
      </symbol>
      <symbol id="sm-388">
         <name>_mpuDisable_</name>
         <value>0x4da4</value>
         <object_component_ref idref="oc-82"/>
      </symbol>
      <symbol id="sm-389">
         <name>_mpuGetRegionBaseAddress_</name>
         <value>0x4e0c</value>
         <object_component_ref idref="oc-82"/>
      </symbol>
      <symbol id="sm-38a">
         <name>_mpuSetRegion_</name>
         <value>0x4df4</value>
         <object_component_ref idref="oc-82"/>
      </symbol>
      <symbol id="sm-38b">
         <name>_mpuGetRegion_</name>
         <value>0x4dfc</value>
         <object_component_ref idref="oc-82"/>
      </symbol>
      <symbol id="sm-39e">
         <name>phantomInterrupt</name>
         <value>0x8270</value>
         <object_component_ref idref="oc-33"/>
      </symbol>
      <symbol id="sm-3b2">
         <name>_c_int00</name>
         <value>0x6f08</value>
         <object_component_ref idref="oc-19"/>
      </symbol>
      <symbol id="sm-456">
         <name>vimChannelMap</name>
         <value>0x2eac</value>
         <object_component_ref idref="oc-3a"/>
      </symbol>
      <symbol id="sm-457">
         <name>vimInit</name>
         <value>0x2dd8</value>
         <object_component_ref idref="oc-3a"/>
      </symbol>
      <symbol id="sm-458">
         <name>vimEnableInterrupt</name>
         <value>0x2f50</value>
         <object_component_ref idref="oc-3a"/>
      </symbol>
      <symbol id="sm-459">
         <name>vimDisableInterrupt</name>
         <value>0x3118</value>
         <object_component_ref idref="oc-3a"/>
      </symbol>
      <symbol id="sm-45a">
         <name>vimGetConfigValue</name>
         <value>0x31c4</value>
         <object_component_ref idref="oc-3a"/>
      </symbol>
      <symbol id="sm-45b">
         <name>vimECCErrorHandler</name>
         <value>0x4e40</value>
         <object_component_ref idref="oc-39"/>
      </symbol>
      <symbol id="sm-4a9">
         <name>systemGetConfigValue</name>
         <value>0x2910</value>
         <object_component_ref idref="oc-76"/>
      </symbol>
      <symbol id="sm-4aa">
         <name>trimLPO</name>
         <value>0x24dc</value>
         <object_component_ref idref="oc-76"/>
      </symbol>
      <symbol id="sm-4ab">
         <name>systemInit</name>
         <value>0x2744</value>
         <object_component_ref idref="oc-76"/>
      </symbol>
      <symbol id="sm-4ac">
         <name>periphInit</name>
         <value>0x2564</value>
         <object_component_ref idref="oc-76"/>
      </symbol>
      <symbol id="sm-4ad">
         <name>setupFlash</name>
         <value>0x2524</value>
         <object_component_ref idref="oc-76"/>
      </symbol>
      <symbol id="sm-4ae">
         <name>setupPLL</name>
         <value>0x247c</value>
         <object_component_ref idref="oc-76"/>
      </symbol>
      <symbol id="sm-4af">
         <name>getResetSource</name>
         <value>0x27e8</value>
         <object_component_ref idref="oc-76"/>
      </symbol>
      <symbol id="sm-4b0">
         <name>mapClocks</name>
         <value>0x2618</value>
         <object_component_ref idref="oc-76"/>
      </symbol>
      <symbol id="sm-4b1">
         <name>systemPowerDown</name>
         <value>0x27b8</value>
         <object_component_ref idref="oc-76"/>
      </symbol>
      <symbol id="sm-4da">
         <name>floorl</name>
         <value>0x6780</value>
         <object_component_ref idref="oc-1e3"/>
      </symbol>
      <symbol id="sm-4db">
         <name>floor</name>
         <value>0x6780</value>
         <object_component_ref idref="oc-1e3"/>
      </symbol>
      <symbol id="sm-4e7">
         <name>__aeabi_idivmod</name>
         <value>0x7eb4</value>
         <object_component_ref idref="oc-137"/>
      </symbol>
      <symbol id="sm-4e8">
         <name>__aeabi_idiv</name>
         <value>0x7eb4</value>
         <object_component_ref idref="oc-137"/>
      </symbol>
      <symbol id="sm-510">
         <name>__TI_auto_init_nobinit_nopinit</name>
         <value>0x7bd8</value>
         <object_component_ref idref="oc-e9"/>
      </symbol>
      <symbol id="sm-529">
         <name>__TI_zero_init_nomemset</name>
         <value>0x81b4</value>
         <object_component_ref idref="oc-5f"/>
      </symbol>
      <symbol id="sm-540">
         <name>__TI_decompress_none</name>
         <value>0x823c</value>
         <object_component_ref idref="oc-12"/>
      </symbol>
      <symbol id="sm-563">
         <name>__TI_decompress_lzss</name>
         <value>0x7688</value>
         <object_component_ref idref="oc-c"/>
      </symbol>
      <symbol id="sm-589">
         <name>C$$EXIT</name>
         <value>0x825c</value>
         <object_component_ref idref="oc-153"/>
      </symbol>
      <symbol id="sm-58a">
         <name>abort</name>
         <value>0x825c</value>
         <object_component_ref idref="oc-153"/>
      </symbol>
      <symbol id="sm-58b">
         <name>__TI_dtors_ptr</name>
         <value>0x8001ee0</value>
         <object_component_ref idref="oc-243"/>
      </symbol>
      <symbol id="sm-58c">
         <name>__TI_cleanup_ptr</name>
         <value>0x8001edc</value>
         <object_component_ref idref="oc-243"/>
      </symbol>
      <symbol id="sm-58d">
         <name>__TI_enable_exit_profile_output</name>
         <value>0x8001ee4</value>
         <object_component_ref idref="oc-243"/>
      </symbol>
      <symbol id="sm-58e">
         <name>exit</name>
         <value>0x792c</value>
         <object_component_ref idref="oc-159"/>
      </symbol>
      <symbol id="sm-5a3">
         <name>_nop</name>
         <value>0x8264</value>
         <object_component_ref idref="oc-2c0"/>
      </symbol>
      <symbol id="sm-5a4">
         <name>_lock</name>
         <value>0x8001ef4</value>
         <object_component_ref idref="oc-212"/>
      </symbol>
      <symbol id="sm-5a5">
         <name>_unlock</name>
         <value>0x8001ef8</value>
         <object_component_ref idref="oc-212"/>
      </symbol>
      <symbol id="sm-5d1">
         <name>printf</name>
         <value>0x7304</value>
         <object_component_ref idref="oc-131"/>
      </symbol>
      <symbol id="sm-5f8">
         <name>sprintf</name>
         <value>0x7ca4</value>
         <object_component_ref idref="oc-11f"/>
      </symbol>
      <symbol id="sm-606">
         <name>strlen</name>
         <value>0x81d4</value>
         <object_component_ref idref="oc-125"/>
      </symbol>
      <symbol id="sm-610">
         <name>__aeabi_idiv0</name>
         <value>0x8274</value>
         <object_component_ref idref="oc-226"/>
      </symbol>
      <symbol id="sm-611">
         <name>__aeabi_ldiv0</name>
         <value>0x8274</value>
         <object_component_ref idref="oc-226"/>
      </symbol>
      <symbol id="sm-62a">
         <name>memcpy</name>
         <value>0x5f24</value>
         <object_component_ref idref="oc-53"/>
      </symbol>
      <symbol id="sm-62b">
         <name>__aeabi_memcpy</name>
         <value>0x5f24</value>
         <object_component_ref idref="oc-53"/>
      </symbol>
      <symbol id="sm-62c">
         <name>__aeabi_memcpy8</name>
         <value>0x5f24</value>
         <object_component_ref idref="oc-53"/>
      </symbol>
      <symbol id="sm-62d">
         <name>__aeabi_memcpy4</name>
         <value>0x5f24</value>
         <object_component_ref idref="oc-53"/>
      </symbol>
      <symbol id="sm-63c">
         <name>__aeabi_memset</name>
         <value>0x6fc0</value>
         <object_component_ref idref="oc-c6"/>
      </symbol>
      <symbol id="sm-63d">
         <name>memset</name>
         <value>0x6fcc</value>
         <object_component_ref idref="oc-c6"/>
      </symbol>
      <symbol id="sm-63e">
         <name>__aeabi_memset8</name>
         <value>0x6fc0</value>
         <object_component_ref idref="oc-c6"/>
      </symbol>
      <symbol id="sm-63f">
         <name>__aeabi_memset4</name>
         <value>0x6fc0</value>
         <object_component_ref idref="oc-c6"/>
      </symbol>
      <symbol id="sm-640">
         <name>__aeabi_memclr8</name>
         <value>0x6fbc</value>
         <object_component_ref idref="oc-c6"/>
      </symbol>
      <symbol id="sm-641">
         <name>__aeabi_memclr4</name>
         <value>0x6fbc</value>
         <object_component_ref idref="oc-c6"/>
      </symbol>
      <symbol id="sm-642">
         <name>__aeabi_memclr</name>
         <value>0x6fbc</value>
         <object_component_ref idref="oc-c6"/>
      </symbol>
      <symbol id="sm-787">
         <name>__TI_printfi</name>
         <value>0x20</value>
         <object_component_ref idref="oc-1ee"/>
      </symbol>
      <symbol id="sm-79a">
         <name>atoi</name>
         <value>0x7828</value>
         <object_component_ref idref="oc-276"/>
      </symbol>
      <symbol id="sm-7a5">
         <name>_ctypes_</name>
         <value>0x8480</value>
         <object_component_ref idref="oc-301"/>
      </symbol>
      <symbol id="sm-7ba">
         <name>__TI_tmpnams</name>
         <value>0x8002040</value>
      </symbol>
      <symbol id="sm-7bb">
         <name>__aeabi_stdout</name>
         <value>0x8001ed4</value>
         <object_component_ref idref="oc-439"/>
      </symbol>
      <symbol id="sm-7bc">
         <name>__aeabi_stderr</name>
         <value>0x8001ed8</value>
         <object_component_ref idref="oc-439"/>
      </symbol>
      <symbol id="sm-7bd">
         <name>__aeabi_stdin</name>
         <value>0x8001ed0</value>
         <object_component_ref idref="oc-439"/>
      </symbol>
      <symbol id="sm-7be">
         <name>_ftable</name>
         <value>0x8001d00</value>
         <object_component_ref idref="oc-215"/>
      </symbol>
      <symbol id="sm-7bf">
         <name>__TI_ft_end</name>
         <value>0x8001ecc</value>
         <object_component_ref idref="oc-439"/>
      </symbol>
      <symbol id="sm-7d5">
         <name>putc</name>
         <value>0x6af4</value>
         <object_component_ref idref="oc-2d5"/>
      </symbol>
      <symbol id="sm-7d6">
         <name>fputc</name>
         <value>0x6af4</value>
         <object_component_ref idref="oc-2d5"/>
      </symbol>
      <symbol id="sm-7f2">
         <name>fputs</name>
         <value>0x5be4</value>
         <object_component_ref idref="oc-2ce"/>
      </symbol>
      <symbol id="sm-800">
         <name>ltoa</name>
         <value>0x78ac</value>
         <object_component_ref idref="oc-311"/>
      </symbol>
      <symbol id="sm-80f">
         <name>memccpy</name>
         <value>0x80e8</value>
         <object_component_ref idref="oc-29a"/>
      </symbol>
      <symbol id="sm-81e">
         <name>memchr</name>
         <value>0x8114</value>
         <object_component_ref idref="oc-36f"/>
      </symbol>
      <symbol id="sm-82c">
         <name>strchr</name>
         <value>0x8140</value>
         <object_component_ref idref="oc-33e"/>
      </symbol>
      <symbol id="sm-852">
         <name>_stream</name>
         <value>0x8001e68</value>
         <object_component_ref idref="oc-3c7"/>
      </symbol>
      <symbol id="sm-853">
         <name>_device</name>
         <value>0x8001df0</value>
         <object_component_ref idref="oc-407"/>
      </symbol>
      <symbol id="sm-854">
         <name>write</name>
         <value>0x8074</value>
         <object_component_ref idref="oc-37b"/>
      </symbol>
      <symbol id="sm-86c">
         <name>wcslen</name>
         <value>0x8190</value>
         <object_component_ref idref="oc-2a0"/>
      </symbol>
      <symbol id="sm-889">
         <name>frexpl</name>
         <value>0x7718</value>
         <object_component_ref idref="oc-332"/>
      </symbol>
      <symbol id="sm-88a">
         <name>frexp</name>
         <value>0x7718</value>
         <object_component_ref idref="oc-332"/>
      </symbol>
      <symbol id="sm-8a4">
         <name>scalbn</name>
         <value>0x68bc</value>
         <object_component_ref idref="oc-338"/>
      </symbol>
      <symbol id="sm-8a5">
         <name>scalbnl</name>
         <value>0x68bc</value>
         <object_component_ref idref="oc-338"/>
      </symbol>
      <symbol id="sm-8a6">
         <name>ldexpl</name>
         <value>0x68bc</value>
         <object_component_ref idref="oc-338"/>
      </symbol>
      <symbol id="sm-8a7">
         <name>ldexp</name>
         <value>0x68bc</value>
         <object_component_ref idref="oc-338"/>
      </symbol>
      <symbol id="sm-8b3">
         <name>__aeabi_uidivmod</name>
         <value>0x7f08</value>
         <object_component_ref idref="oc-30b"/>
      </symbol>
      <symbol id="sm-8b4">
         <name>__aeabi_uidiv</name>
         <value>0x7f08</value>
         <object_component_ref idref="oc-30b"/>
      </symbol>
      <symbol id="sm-8d0">
         <name>__aeabi_uldivmod</name>
         <value>0x5458</value>
         <object_component_ref idref="oc-306"/>
      </symbol>
      <symbol id="sm-8e6">
         <name>__aeabi_errno_addr</name>
         <value>0x8250</value>
         <object_component_ref idref="oc-2a6"/>
      </symbol>
      <symbol id="sm-8e7">
         <name>errno</name>
         <value>0x8001f1c</value>
         <object_component_ref idref="oc-34e"/>
      </symbol>
      <symbol id="sm-8fe">
         <name>__TI_wrt_ok</name>
         <value>0x7264</value>
         <object_component_ref idref="oc-369"/>
      </symbol>
      <symbol id="sm-90e">
         <name>__TI_doflush</name>
         <value>0x77a4</value>
         <object_component_ref idref="oc-375"/>
      </symbol>
      <symbol id="sm-920">
         <name>fseek</name>
         <value>0x7118</value>
         <object_component_ref idref="oc-3b5"/>
      </symbol>
      <symbol id="sm-930">
         <name>lseek</name>
         <value>0x8030</value>
         <object_component_ref idref="oc-3e0"/>
      </symbol>
      <symbol id="sm-94a">
         <name>setvbuf</name>
         <value>0x64e4</value>
         <object_component_ref idref="oc-3bb"/>
      </symbol>
      <symbol id="sm-95b">
         <name>HOSTclose</name>
         <value>0x79a8</value>
         <object_component_ref idref="oc-445"/>
      </symbol>
      <symbol id="sm-96c">
         <name>HOSTlseek</name>
         <value>0x706c</value>
         <object_component_ref idref="oc-457"/>
      </symbol>
      <symbol id="sm-97e">
         <name>parmbuf</name>
         <value>0x8002130</value>
      </symbol>
      <symbol id="sm-97f">
         <name>HOSTopen</name>
         <value>0x73a0</value>
         <object_component_ref idref="oc-43f"/>
      </symbol>
      <symbol id="sm-990">
         <name>HOSTread</name>
         <value>0x7568</value>
         <object_component_ref idref="oc-44b"/>
      </symbol>
      <symbol id="sm-9a1">
         <name>HOSTrename</name>
         <value>0x71c0</value>
         <object_component_ref idref="oc-463"/>
      </symbol>
      <symbol id="sm-9b2">
         <name>HOSTunlink</name>
         <value>0x7a90</value>
         <object_component_ref idref="oc-45d"/>
      </symbol>
      <symbol id="sm-9c3">
         <name>HOSTwrite</name>
         <value>0x75f8</value>
         <object_component_ref idref="oc-451"/>
      </symbol>
      <symbol id="sm-9e6">
         <name>__TI_readmsg</name>
         <value>0x7db8</value>
         <object_component_ref idref="oc-489"/>
      </symbol>
      <symbol id="sm-9e7">
         <name>C$$IO$$</name>
         <value>0x7e54</value>
         <object_component_ref idref="oc-483"/>
      </symbol>
      <symbol id="sm-9e8">
         <name>__CIOBUF_</name>
         <value>0x8001f20</value>
         <object_component_ref idref="oc-4b1"/>
      </symbol>
      <symbol id="sm-9e9">
         <name>__TI_writemsg</name>
         <value>0x7e0c</value>
         <object_component_ref idref="oc-483"/>
      </symbol>
      <symbol id="sm-9f3">
         <name>copysign</name>
         <value>0x81f4</value>
         <object_component_ref idref="oc-399"/>
      </symbol>
      <symbol id="sm-9f4">
         <name>copysignl</name>
         <value>0x81f4</value>
         <object_component_ref idref="oc-399"/>
      </symbol>
      <symbol id="sm-a68">
         <name>_sys_memory</name>
         <value>0x8001500</value>
         <object_component_ref idref="oc-45"/>
      </symbol>
      <symbol id="sm-a69">
         <name>free</name>
         <value>0x621c</value>
         <object_component_ref idref="oc-3e8"/>
      </symbol>
      <symbol id="sm-a6a">
         <name>malloc</name>
         <value>0x6bf4</value>
         <object_component_ref idref="oc-3ee"/>
      </symbol>
      <symbol id="sm-a6b">
         <name>minit</name>
         <value>0x7d08</value>
         <object_component_ref idref="oc-41c"/>
      </symbol>
      <symbol id="sm-a7a">
         <name>__TI_cleanup</name>
         <value>0x7d64</value>
         <object_component_ref idref="oc-3f4"/>
      </symbol>
      <symbol id="sm-a89">
         <name>strcpy</name>
         <value>0x8210</value>
         <object_component_ref idref="oc-49d"/>
      </symbol>
      <symbol id="sm-a9e">
         <name>__TI_closefile</name>
         <value>0x6e50</value>
         <object_component_ref idref="oc-433"/>
      </symbol>
      <symbol id="sm-ac0">
         <name>finddevice</name>
         <value>0x7e60</value>
         <object_component_ref idref="oc-4cf"/>
      </symbol>
      <symbol id="sm-ac1">
         <name>getdevice</name>
         <value>0x7b00</value>
         <object_component_ref idref="oc-4a7"/>
      </symbol>
      <symbol id="sm-ad0">
         <name>strcmp</name>
         <value>0x8168</value>
         <object_component_ref idref="oc-4e6"/>
      </symbol>
      <symbol id="sm-adf">
         <name>strncpy</name>
         <value>0x7fa0</value>
         <object_component_ref idref="oc-4c9"/>
      </symbol>
      <symbol id="sm-aef">
         <name>unlink</name>
         <value>0x7fe8</value>
         <object_component_ref idref="oc-478"/>
      </symbol>
      <symbol id="sm-b03">
         <name>close</name>
         <value>0x74d0</value>
         <object_component_ref idref="oc-472"/>
      </symbol>
      <symbol id="sm-b04">
         <name>__TI_static_base__</name>
         <value>0x0</value>
      </symbol>
      <symbol id="sm-b07">
         <name>SHT$$INIT_ARRAY$$Base</name>
         <value>0x0</value>
      </symbol>
      <symbol id="sm-b08">
         <name>SHT$$INIT_ARRAY$$Limit</name>
         <value>0x0</value>
      </symbol>
      <symbol id="sm-b09">
         <name>_system_post_cinit</name>
         <value>0x0</value>
      </symbol>
      <symbol id="sm-b0a">
         <name>remove</name>
         <value>0x7fe8</value>
      </symbol>
   </symbol_table>
   <title>Link successful</title>
</link_info>
