******************************************************************************
                  TI ARM Linker Unix v18.1.3                   
******************************************************************************
>> Linked Thu Jul  4 14:43:33 2019

OUTPUT FILE NAME:   <CAN_fpga.out>
ENTRY POINT SYMBOL: "_c_int00"  address: 00006f08


MEMORY CONFIGURATION

         name            origin    length      used     unused   attr    fill
----------------------  --------  ---------  --------  --------  ----  --------
  VECTORS               00000000   00000020  00000020  00000000     X
  FLASH0                00000020   001fffe0  00008624  001f79bc  R  X
  FLASH1                00200000   00200000  00000000  00200000  R  X
  STACKS                08000000   00001500  00000000  00001500  RW  
  RAM                   08001500   0007eb00  00000c38  0007dec8  RW  


SEGMENT ALLOCATION MAP

run origin  load origin   length   init length attrs members
----------  ----------- ---------- ----------- ----- -------
00000000    00000000    00008278   00008278    r-x
  00000000    00000000    00000020   00000020    r-x .intvecs
  00000020    00000020    00008258   00008258    r-x .text
00008280    00008280    00000324   00000324    r--
  00008280    00008280    00000324   00000324    r-- .const
000085c0    000085c0    000000a8   000000a8    r--
  000085c0    000085c0    000000a8   000000a8    r-- .cinit
08001500    08001500    00000c38   00000000    rw-
  08001500    08001500    00000800   00000000    rw- .sysmem
  08001d00    08001d00    00000220   00000000    rw- .data
  08001f20    08001f20    00000218   00000000    rw- .bss


SECTION ALLOCATION MAP

 output                                  attributes/
section   page    origin      length       input sections
--------  ----  ----------  ----------   ----------------
.intvecs   0    00000000    00000020     
                  00000000    00000020     HL_sys_intvecs.obj (.intvecs)

.text      0    00000020    00008258     
                  00000020    00000f9c     rtsv7R4_A_be_v3D16_eabi.lib : _printfi.c.obj (.text:__TI_printfi)
                  00000fbc    00000b00     HL_can.obj (.text)
                  00001abc    000009c0     HL_pinmux.obj (.text)
                  0000247c    0000095c     HL_system.obj (.text)
                  00002dd8    0000093c     HL_sys_vim.obj (.text)
                  00003714    00000870     HL_sci.obj (.text)
                  00003f84    0000078c     HL_esm.obj (.text)
                  00004710    000003c4     HL_sys_core.obj (.text)
                  00004ad4    0000036c     HL_sys_mpu.obj (.text)
                  00004e40    0000033c     HL_sys_vim.obj (.text:retain)
                  0000517c    000002dc     rtsv7R4_A_be_v3D16_eabi.lib : _printfi.c.obj (.text:_pconv_a)
                  00005458    000002b8                                 : ull_div32.asm.obj (.text)
                  00005710    0000028c     HL_sys_main.obj (.text)
                  0000599c    00000248     rtsv7R4_A_be_v3D16_eabi.lib : _printfi.c.obj (.text:_pconv_g)
                  00005be4    000001a4                                 : fputs.c.obj (.text:fputs)
                  00005d88    0000019c     HL_can.obj (.text:retain)
                  00005f24    00000180     rtsv7R4_A_be_v3D16_eabi.lib : memcpy32.asm.obj (.text)
                  000060a4    00000178     HL_esm.obj (.text:retain)
                  0000621c    0000016c     rtsv7R4_A_be_v3D16_eabi.lib : memory.c.obj (.text:free)
                  00006388    0000015c                                 : _printfi.c.obj (.text:_pconv_e)
                  000064e4    00000158                                 : setvbuf.c.obj (.text:setvbuf)
                  0000663c    00000144                                 : _printfi.c.obj (.text:fcvt)
                  00006780    0000013c                                 : s_floor.c.obj (.text:floor)
                  000068bc    00000120                                 : s_scalbn.c.obj (.text:scalbn)
                  000069dc    00000115                                 : _printfi.c.obj (.text:_ltostr)
                  00006af1    00000003     --HOLE-- [fill = 0]
                  00006af4    00000100                                 : fputc.c.obj (.text:fputc)
                  00006bf4    000000d0                                 : memory.c.obj (.text:malloc)
                  00006cc4    000000c8                                 : _printfi.c.obj (.text:_mcpy)
                  00006d8c    000000c4     HL_notification.obj (.text)
                  00006e50    000000b8     rtsv7R4_A_be_v3D16_eabi.lib : fclose.c.obj (.text:__TI_closefile)
                  00006f08    000000b4     HL_sys_startup.obj (.text:retain)
                  00006fbc    000000b0     rtsv7R4_A_be_v3D16_eabi.lib : memset32.asm.obj (.text)
                  0000706c    000000ac                                 : hostlseek.c.obj (.text:HOSTlseek)
                  00007118    000000a8                                 : fseek.c.obj (.text:fseek)
                  000071c0    000000a4                                 : hostrename.c.obj (.text:HOSTrename)
                  00007264    000000a0                                 : _io_perm.c.obj (.text:__TI_wrt_ok)
                  00007304    0000009c                                 : printf.c.obj (.text:printf)
                  000073a0    00000098                                 : hostopen.c.obj (.text:HOSTopen)
                  00007438    00000098                                 : _printfi.c.obj (.text:_ecpy)
                  000074d0    00000098                                 : close.c.obj (.text:close)
                  00007568    00000090                                 : hostread.c.obj (.text:HOSTread)
                  000075f8    00000090                                 : hostwrite.c.obj (.text:HOSTwrite)
                  00007688    00000090                                 : copy_decompress_lzss.c.obj (.text:decompress:lzss:__TI_decompress_lzss)
                  00007718    0000008c                                 : s_frexp.c.obj (.text:frexp)
                  000077a4    00000084                                 : fflush.c.obj (.text:__TI_doflush)
                  00007828    00000084                                 : atoi.c.obj (.text:atoi)
                  000078ac    00000080                                 : ltoa.c.obj (.text:ltoa)
                  0000792c    0000007c                                 : exit.c.obj (.text:exit)
                  000079a8    00000074                                 : hostclose.c.obj (.text:HOSTclose)
                  00007a1c    00000074                                 : _printfi.c.obj (.text:_pconv_f)
                  00007a90    00000070                                 : hostunlink.c.obj (.text:HOSTunlink)
                  00007b00    0000006c                                 : getdevice.c.obj (.text:getdevice)
                  00007b6c    0000006c                                 : memory.c.obj (.text:minsert)
                  00007bd8    00000068                                 : autoinit.c.obj (.text:__TI_auto_init_nobinit_nopinit:__TI_auto_init_nobinit_nopinit)
                  00007c40    00000064                                 : _printfi.c.obj (.text:_fcpy)
                  00007ca4    00000064                                 : sprintf.c.obj (.text:sprintf)
                  00007d08    0000005c                                 : memory.c.obj (.text:minit)
                  00007d64    00000054                                 : fopen.c.obj (.text:__TI_cleanup)
                  00007db8    00000054                                 : trgmsg.c.obj (.text:__TI_readmsg)
                  00007e0c    00000054                                 : trgmsg.c.obj (.text:__TI_writemsg)
                  00007e60    00000054                                 : getdevice.c.obj (.text:finddevice)
                  00007eb4    00000054                                 : i_div32.asm.obj (.text)
                  00007f08    00000050                                 : u_div32.asm.obj (.text)
                  00007f58    00000048                                 : memory.c.obj (.text:mremove)
                  00007fa0    00000048                                 : strncpy.c.obj (.text:strncpy)
                  00007fe8    00000048                                 : unlink.c.obj (.text:unlink)
                  00008030    00000044                                 : lseek.c.obj (.text:lseek)
                  00008074    00000044                                 : write.c.obj (.text:write)
                  000080b8    00000030                                 : sprintf.c.obj (.text:_outs)
                  000080e8    0000002c                                 : memccpy.c.obj (.text:memccpy)
                  00008114    0000002c                                 : memchr.c.obj (.text:memchr)
                  00008140    00000028                                 : strchr.c.obj (.text:strchr)
                  00008168    00000028                                 : strcmp.c.obj (.text:strcmp)
                  00008190    00000024                                 : wcslen.c.obj (.text:wcslen)
                  000081b4    00000020                                 : copy_zero_init.c.obj (.text:decompress:ZI:__TI_zero_init_nomemset:__TI_zero_init_nomemset)
                  000081d4    00000020                                 : strlen.c.obj (.text:strlen)
                  000081f4    0000001c                                 : s_copysign.c.obj (.text:copysign)
                  00008210    00000018                                 : strcpy.c.obj (.text:strcpy)
                  00008228    00000014                                 : sprintf.c.obj (.text:_outc)
                  0000823c    00000014                                 : copy_decompress_none.c.obj (.text:decompress:none:__TI_decompress_none)
                  00008250    0000000c                                 : errno.c.obj (.text:__aeabi_errno_addr)
                  0000825c    00000008                                 : exit.c.obj (.text:abort:abort)
                  00008264    00000004                                 : _lock.c.obj (.text:_nop)
                  00008268    00000004                                 : printf.c.obj (.text:_outc)
                  0000826c    00000004                                 : printf.c.obj (.text:_outs)
                  00008270    00000004     HL_sys_phantom.obj (.text:retain)
                  00008274    00000004     rtsv7R4_A_be_v3D16_eabi.lib : div0.asm.obj (.text)

.const     0    00008280    00000324     
                  00008280    00000200     HL_sys_vim.obj (.const:s_vim_init)
                  00008480    00000101     rtsv7R4_A_be_v3D16_eabi.lib : ctype.c.obj (.const:.string:_ctypes_)
                  00008581    00000003     --HOLE-- [fill = 0]
                  00008584    00000020     HL_can.obj (.const:s_canByteOrder)

.cinit     0    000085c0    000000a8     
                  000085c0    00000084     (.cinit..data.load) [load image, compression = lzss]
                  00008644    0000000c     (__TI_handler_table)
                  00008650    00000008     (.cinit..bss.load) [load image, compression = zero_init]
                  00008658    00000010     (__TI_cinit_table)

.sysmem    0    08001500    00000800     UNINITIALIZED
                  08001500    00000008     rtsv7R4_A_be_v3D16_eabi.lib : memory.c.obj (.sysmem)
                  08001508    000007f8     --HOLE--

.data      0    08001d00    00000220     UNINITIALIZED
                  08001d00    000000f0     rtsv7R4_A_be_v3D16_eabi.lib : defs.c.obj (.data:_ftable)
                  08001df0    00000078                                 : write.c.obj (.data:_device)
                  08001e68    00000050                                 : write.c.obj (.data:_stream)
                  08001eb8    00000014     HL_sys_main.obj (.data)
                  08001ecc    00000010     rtsv7R4_A_be_v3D16_eabi.lib : defs.c.obj (.data)
                  08001edc    0000000c                                 : exit.c.obj (.data:$O1$$)
                  08001ee8    0000000c                                 : memory.c.obj (.data:$O1$$)
                  08001ef4    00000008                                 : _lock.c.obj (.data:$O1$$)
                  08001efc    00000008     HL_sys_main.obj (.data:rx_data)
                  08001f04    00000008     HL_sys_main.obj (.data:tx_data2)
                  08001f0c    00000008     HL_sys_main.obj (.data:tx_data3)
                  08001f14    00000008     HL_sys_main.obj (.data:tx_data)
                  08001f1c    00000004     rtsv7R4_A_be_v3D16_eabi.lib : errno.c.obj (.data)

.bss       0    08001f20    00000218     UNINITIALIZED
                  08001f20    00000120     rtsv7R4_A_be_v3D16_eabi.lib : trgmsg.c.obj (.bss:_CIOBUF_)
                  08002040    000000a0     (.common:__TI_tmpnams)
                  080020e0    00000050     HL_sci.obj (.bss:g_sciTransfer_t)
                  08002130    00000008     (.common:parmbuf)

MODULE SUMMARY

       Module                       code    ro data   rw data
       ------                       ----    -------   -------
    ./source/
       HL_sys_vim.obj               3192    512       0      
       HL_can.obj                   3228    32        0      
       HL_pinmux.obj                2496    0         0      
       HL_system.obj                2396    0         0      
       HL_esm.obj                   2308    0         0      
       HL_sci.obj                   2160    0         80     
       HL_sys_core.obj              964     0         0      
       HL_sys_mpu.obj               876     0         0      
       HL_sys_main.obj              652     0         52     
       HL_notification.obj          196     0         0      
       HL_sys_startup.obj           180     0         0      
       HL_sys_intvecs.obj           32      0         0      
       HL_sys_phantom.obj           4       0         0      
    +--+----------------------------+-------+---------+---------+
       Total:                       18684   544       132    
                                                             
    /home/koitt/ti/ccsv8/tools/compiler/ti-cgt-arm_18.1.3.LTS/lib/rtsv7R4_A_be_v3D16_eabi.lib
       _printfi.c.obj               6829    0         0      
       memory.c.obj                 844     0         12     
       ull_div32.asm.obj            696     0         0      
       trgmsg.c.obj                 168     0         288    
       fputs.c.obj                  420     0         0      
       defs.c.obj                   0       0         416    
       memcpy32.asm.obj             384     0         0      
       setvbuf.c.obj                344     0         0      
       s_floor.c.obj                316     0         0      
       s_scalbn.c.obj               288     0         0      
       write.c.obj                  68      0         200    
       ctype.c.obj                  0       257       0      
       fputc.c.obj                  256     0         0      
       getdevice.c.obj              192     0         0      
       fclose.c.obj                 184     0         0      
       memset32.asm.obj             176     0         0      
       hostlseek.c.obj              172     0         0      
       fseek.c.obj                  168     0         0      
       sprintf.c.obj                168     0         0      
       hostrename.c.obj             164     0         0      
       printf.c.obj                 164     0         0      
       _io_perm.c.obj               160     0         0      
       hostopen.c.obj               152     0         8      
       close.c.obj                  152     0         0      
       copy_decompress_lzss.c.obj   144     0         0      
       exit.c.obj                   132     0         12     
       hostread.c.obj               144     0         0      
       hostwrite.c.obj              144     0         0      
       s_frexp.c.obj                140     0         0      
       atoi.c.obj                   132     0         0      
       fflush.c.obj                 132     0         0      
       ltoa.c.obj                   128     0         0      
       hostclose.c.obj              116     0         0      
       hostunlink.c.obj             112     0         0      
       autoinit.c.obj               104     0         0      
       fopen.c.obj                  84      0         0      
       i_div32.asm.obj              84      0         0      
       u_div32.asm.obj              80      0         0      
       strncpy.c.obj                72      0         0      
       unlink.c.obj                 72      0         0      
       lseek.c.obj                  68      0         0      
       memccpy.c.obj                44      0         0      
       memchr.c.obj                 44      0         0      
       strchr.c.obj                 40      0         0      
       strcmp.c.obj                 40      0         0      
       wcslen.c.obj                 36      0         0      
       copy_zero_init.c.obj         32      0         0      
       strlen.c.obj                 32      0         0      
       s_copysign.c.obj             28      0         0      
       strcpy.c.obj                 24      0         0      
       copy_decompress_none.c.obj   20      0         0      
       errno.c.obj                  12      0         4      
       _lock.c.obj                  4       0         8      
       div0.asm.obj                 4       0         0      
    +--+----------------------------+-------+---------+---------+
       Total:                       14713   257       948    
                                                             
       Heap:                        0       0         2048   
       Linker Generated:            0       168       0      
    +--+----------------------------+-------+---------+---------+
       Grand Total:                 33397   969       3128   


LINKER GENERATED COPY TABLES

__TI_cinit_table @ 00008658 records: 2, size/record: 8, table size: 16
	.data: load addr=000085c0, load size=00000084 bytes, run addr=08001d00, run size=00000220 bytes, compression=lzss
	.bss: load addr=00008650, load size=00000008 bytes, run addr=08001f20, run size=00000218 bytes, compression=zero_init


LINKER GENERATED HANDLER TABLE

__TI_handler_table @ 00008644 records: 3, size/record: 4, table size: 12
	index: 0, handler: __TI_zero_init
	index: 1, handler: __TI_decompress_lzss
	index: 2, handler: __TI_decompress_none


GLOBAL SYMBOLS: SORTED ALPHABETICALLY BY Name 

address   name                                
-------   ----                                
0000825c  C$$EXIT                             
00007e54  C$$IO$$                             
000079a8  HOSTclose                           
0000706c  HOSTlseek                           
000073a0  HOSTopen                            
00007568  HOSTread                            
000071c0  HOSTrename                          
00007a90  HOSTunlink                          
000075f8  HOSTwrite                           
UNDEFED   SHT$$INIT_ARRAY$$Base               
UNDEFED   SHT$$INIT_ARRAY$$Limit              
08001f20  __CIOBUF_                           
00000800  __SYSMEM_SIZE                       
00008658  __TI_CINIT_Base                     
00008668  __TI_CINIT_Limit                    
00008644  __TI_Handler_Table_Base             
00008650  __TI_Handler_Table_Limit            
00004acc  __TI_PINIT_Base                     
00004ad0  __TI_PINIT_Limit                    
00007bd8  __TI_auto_init_nobinit_nopinit      
00007d64  __TI_cleanup                        
08001edc  __TI_cleanup_ptr                    
00006e50  __TI_closefile                      
00007688  __TI_decompress_lzss                
0000823c  __TI_decompress_none                
000077a4  __TI_doflush                        
08001ee0  __TI_dtors_ptr                      
08001ee4  __TI_enable_exit_profile_output     
08001ecc  __TI_ft_end                         
ffffffff  __TI_pprof_out_hndl                 
00000020  __TI_printfi                        
ffffffff  __TI_prof_data_size                 
ffffffff  __TI_prof_data_start                
00007db8  __TI_readmsg                        
00000000  __TI_static_base__                  
08002040  __TI_tmpnams                        
00007e0c  __TI_writemsg                       
00007264  __TI_wrt_ok                         
000081b4  __TI_zero_init_nomemset             
00008250  __aeabi_errno_addr                  
00007eb4  __aeabi_idiv                        
00008274  __aeabi_idiv0                       
00007eb4  __aeabi_idivmod                     
00008274  __aeabi_ldiv0                       
00006fbc  __aeabi_memclr                      
00006fbc  __aeabi_memclr4                     
00006fbc  __aeabi_memclr8                     
00005f24  __aeabi_memcpy                      
00005f24  __aeabi_memcpy4                     
00005f24  __aeabi_memcpy8                     
00006fc0  __aeabi_memset                      
00006fc0  __aeabi_memset4                     
00006fc0  __aeabi_memset8                     
08001ed8  __aeabi_stderr                      
08001ed0  __aeabi_stdin                       
08001ed4  __aeabi_stdout                      
00007f08  __aeabi_uidiv                       
00007f08  __aeabi_uidivmod                    
00005458  __aeabi_uldivmod                    
ffffffff  __binit__                           
ffffffff  __c_args__                          
00006f08  _c_int00                            
00004a80  _cacheDisable_                      
00004a3c  _cacheEnable_                       
00004a1c  _checkMemInitOn_                    
00004928  _coreClearAuxiliaryDataFault_       
0000493c  _coreClearAuxiliaryInstructionFault_
00004900  _coreClearDataFaultAddress_         
000048d8  _coreClearDataFault_                
00004914  _coreClearInstructionFaultAddress_  
000048ec  _coreClearInstructionFault_         
000048b0  _coreDisableEventBusExport_         
000048a0  _coreEnableEventBusExport_          
000048c0  _coreEnableIrqVicOffset_            
00004888  _coreEnableVfp_                     
00004920  _coreGetAuxiliaryDataFault_         
00004934  _coreGetAuxiliaryInstructionFault_  
000048f8  _coreGetDataFaultAddress_           
000048d0  _coreGetDataFault_                  
0000490c  _coreGetInstructionFaultAddress_    
000048e4  _coreGetInstructionFault_           
00004710  _coreInitRegisters_                 
0000481c  _coreInitStackPointer_              
00008480  _ctypes_                            
00004aa4  _dCacheInvalidate_                  
08001df0  _device                             
00004948  _disable_IRQ_interrupt_             
00004950  _enable_IRQ_interrupt_              
00004958  _enable_interrupt_                  
00004960  _esmCcmErrorsClear_                 
08001d00  _ftable                             
00004868  _getCPSRValue_                      
00004870  _gotoCPUIdle_                       
00004ab8  _iCacheInvalidate_                  
08001ef4  _lock                               
000049e8  _memInit_                           
00004de8  _mpuAreRegionsSeparate_             
00004dcc  _mpuDisableBackgroundRegion_        
00004da4  _mpuDisable_                        
00004dbc  _mpuEnableBackgroundRegion_         
00004d8c  _mpuEnable_                         
00004ddc  _mpuGetNumberOfRegions_             
00004e0c  _mpuGetRegionBaseAddress_           
00004e2c  _mpuGetRegionPermission_            
00004e20  _mpuGetRegionType_                  
00004dfc  _mpuGetRegion_                      
00004ad4  _mpuInit_                           
00004e04  _mpuSetRegionBaseAddress_           
00004e38  _mpuSetRegionSizeRegister_          
00004e14  _mpuSetRegionTypeAndPermission_     
00004df4  _mpuSetRegion_                      
00008264  _nop                                
08001e68  _stream                             
08001500  _sys_memory                         
UNDEFED   _system_post_cinit                  
08001ef8  _unlock                             
0000825c  abort                               
00007828  atoi                                
ffffffff  binit                               
000018f4  can1GetConfigValue                  
00005d88  can1HighLevelInterrupt              
00005e70  can1LowLevelInterrupt               
00001794  canDisableErrorNotification         
00001774  canDisableStatusChangeNotification  
000017ec  canDisableloopback                  
00001734  canEnableErrorNotification          
00001754  canEnableStatusChangeNotification   
000017b4  canEnableloopback                   
00006dec  canErrorNotification                
000014dc  canFillMessageObjectData            
00001204  canGetData                          
00001710  canGetErrorLevel                    
0000135c  canGetID                            
000016ec  canGetLastError                     
00000fbc  canInit                             
000018d8  canIoRxGetBit                       
0000181c  canIoSetDirection                   
0000186c  canIoSetPort                        
000018bc  canIoTxGetBit                       
00001690  canIsMessageBoxValid                
00001634  canIsRxMessageArrived               
000015d8  canIsTxMessagePending               
00005824  canMessageNotification              
0000143c  canSendRemoteFrame                  
00006e00  canStatusChangeNotification         
00001108  canTransmit                         
000013c4  canUpdateID                         
000074d0  close                               
08001eb8  cnt                                 
000081f4  copysign                            
000081f4  copysignl                           
00006dc4  dmaGroupANotification               
00006e3c  epcCAMFullNotification              
00006e40  epcFIFOFullNotification             
08001ebc  err                                 
08001f1c  errno                               
00004194  esmActivateNormalOperation          
000042e0  esmClearStatus                      
00004344  esmClearStatusBuffer                
00004320  esmClearStatusUpper                 
00004140  esmDisableError                     
00004168  esmDisableErrorUpper                
000041e8  esmDisableInterrupt                 
00004210  esmDisableInterruptUpper            
000040fc  esmEnableError                      
00004124  esmEnableErrorUpper                 
000041a4  esmEnableInterrupt                  
000041cc  esmEnableInterruptUpper             
00004474  esmEnterSelfTest                    
000040e0  esmError                            
0000454c  esmGetConfigValue                   
00004380  esmGetStatus                        
0000444c  esmGetStatusBuffer                  
00004404  esmGetStatusUpper                   
00006d8c  esmGroup1Notification               
00006da0  esmGroup2Notification               
00006db4  esmGroup3Notification               
000060a4  esmHighInterrupt                    
00003f84  esmInit                             
000044fc  esmSelfTestStatus                   
00004360  esmSetCounterPreloadValue           
0000422c  esmSetInterruptLevel                
000042a0  esmSetInterruptLevelUpper           
00004184  esmTriggerErrorPinReset             
0000792c  exit                                
00007e60  finddevice                          
00006780  floor                               
00006780  floorl                              
00006af4  fputc                               
00005be4  fputs                               
0000621c  free                                
00007718  frexp                               
00007718  frexpl                              
00007118  fseek                               
000027e8  getResetSource                      
00007b00  getdevice                           
08001ec8  i                                   
000068bc  ldexp                               
000068bc  ldexpl                              
00008030  lseek                               
000078ac  ltoa                                
00005710  main                                
00006bf4  malloc                              
00002618  mapClocks                           
000080e8  memccpy                             
00008114  memchr                              
00005f24  memcpy                              
00006fcc  memset                              
00007d08  minit                               
00001abc  muxInit                             
08001ec4  num                                 
08002130  parmbuf                             
00002564  periphInit                          
00008270  phantomInterrupt                    
00007304  printf                              
00006af4  putc                                
00007fe8  remove                              
00000000  resetEntry                          
00006dd8  rtiNotification                     
08001efc  rx_data                             
000068bc  scalbn                              
000068bc  scalbnl                             
00003dd0  sci1GetConfigValue                  
00003c44  sciDisableLoopback                  
00003cf8  sciDisableNotification              
00003c10  sciEnableLoopback                   
00003c60  sciEnableNotification               
00003d90  sciEnterResetState                  
00003db0  sciExitResetState                   
00003714  sciInit                             
00003a88  sciIsIdleDetected                   
00003a6c  sciIsRxReady                        
000038bc  sciIsTxReady                        
00006e28  sciNotification                     
00003b00  sciReceive                          
00003ad4  sciReceiveByte                      
00003aa4  sciRxError                          
00003908  sciSend                             
000038d8  sciSendByte                         
00003820  sciSetBaudrate                      
00003800  sciSetFunctional                    
000057c4  sci_display                         
00002524  setupFlash                          
0000247c  setupPLL                            
000064e4  setvbuf                             
00007ca4  sprintf                             
00008140  strchr                              
00008168  strcmp                              
00008210  strcpy                              
000081d4  strlen                              
00007fa0  strncpy                             
00002910  systemGetConfigValue                
00002744  systemInit                          
000027b8  systemPowerDown                     
000024dc  trimLPO                             
08001f14  tx_data                             
08001f04  tx_data2                            
08001f0c  tx_data3                            
08001ec0  tx_done                             
00007fe8  unlink                              
00002eac  vimChannelMap                       
00003118  vimDisableInterrupt                 
00004e40  vimECCErrorHandler                  
00002f50  vimEnableInterrupt                  
000031c4  vimGetConfigValue                   
00002dd8  vimInit                             
00005780  wait                                
00008190  wcslen                              
00008074  write                               


GLOBAL SYMBOLS: SORTED BY Symbol Address 

address   name                                
-------   ----                                
00000000  __TI_static_base__                  
00000000  resetEntry                          
00000020  __TI_printfi                        
00000800  __SYSMEM_SIZE                       
00000fbc  canInit                             
00001108  canTransmit                         
00001204  canGetData                          
0000135c  canGetID                            
000013c4  canUpdateID                         
0000143c  canSendRemoteFrame                  
000014dc  canFillMessageObjectData            
000015d8  canIsTxMessagePending               
00001634  canIsRxMessageArrived               
00001690  canIsMessageBoxValid                
000016ec  canGetLastError                     
00001710  canGetErrorLevel                    
00001734  canEnableErrorNotification          
00001754  canEnableStatusChangeNotification   
00001774  canDisableStatusChangeNotification  
00001794  canDisableErrorNotification         
000017b4  canEnableloopback                   
000017ec  canDisableloopback                  
0000181c  canIoSetDirection                   
0000186c  canIoSetPort                        
000018bc  canIoTxGetBit                       
000018d8  canIoRxGetBit                       
000018f4  can1GetConfigValue                  
00001abc  muxInit                             
0000247c  setupPLL                            
000024dc  trimLPO                             
00002524  setupFlash                          
00002564  periphInit                          
00002618  mapClocks                           
00002744  systemInit                          
000027b8  systemPowerDown                     
000027e8  getResetSource                      
00002910  systemGetConfigValue                
00002dd8  vimInit                             
00002eac  vimChannelMap                       
00002f50  vimEnableInterrupt                  
00003118  vimDisableInterrupt                 
000031c4  vimGetConfigValue                   
00003714  sciInit                             
00003800  sciSetFunctional                    
00003820  sciSetBaudrate                      
000038bc  sciIsTxReady                        
000038d8  sciSendByte                         
00003908  sciSend                             
00003a6c  sciIsRxReady                        
00003a88  sciIsIdleDetected                   
00003aa4  sciRxError                          
00003ad4  sciReceiveByte                      
00003b00  sciReceive                          
00003c10  sciEnableLoopback                   
00003c44  sciDisableLoopback                  
00003c60  sciEnableNotification               
00003cf8  sciDisableNotification              
00003d90  sciEnterResetState                  
00003db0  sciExitResetState                   
00003dd0  sci1GetConfigValue                  
00003f84  esmInit                             
000040e0  esmError                            
000040fc  esmEnableError                      
00004124  esmEnableErrorUpper                 
00004140  esmDisableError                     
00004168  esmDisableErrorUpper                
00004184  esmTriggerErrorPinReset             
00004194  esmActivateNormalOperation          
000041a4  esmEnableInterrupt                  
000041cc  esmEnableInterruptUpper             
000041e8  esmDisableInterrupt                 
00004210  esmDisableInterruptUpper            
0000422c  esmSetInterruptLevel                
000042a0  esmSetInterruptLevelUpper           
000042e0  esmClearStatus                      
00004320  esmClearStatusUpper                 
00004344  esmClearStatusBuffer                
00004360  esmSetCounterPreloadValue           
00004380  esmGetStatus                        
00004404  esmGetStatusUpper                   
0000444c  esmGetStatusBuffer                  
00004474  esmEnterSelfTest                    
000044fc  esmSelfTestStatus                   
0000454c  esmGetConfigValue                   
00004710  _coreInitRegisters_                 
0000481c  _coreInitStackPointer_              
00004868  _getCPSRValue_                      
00004870  _gotoCPUIdle_                       
00004888  _coreEnableVfp_                     
000048a0  _coreEnableEventBusExport_          
000048b0  _coreDisableEventBusExport_         
000048c0  _coreEnableIrqVicOffset_            
000048d0  _coreGetDataFault_                  
000048d8  _coreClearDataFault_                
000048e4  _coreGetInstructionFault_           
000048ec  _coreClearInstructionFault_         
000048f8  _coreGetDataFaultAddress_           
00004900  _coreClearDataFaultAddress_         
0000490c  _coreGetInstructionFaultAddress_    
00004914  _coreClearInstructionFaultAddress_  
00004920  _coreGetAuxiliaryDataFault_         
00004928  _coreClearAuxiliaryDataFault_       
00004934  _coreGetAuxiliaryInstructionFault_  
0000493c  _coreClearAuxiliaryInstructionFault_
00004948  _disable_IRQ_interrupt_             
00004950  _enable_IRQ_interrupt_              
00004958  _enable_interrupt_                  
00004960  _esmCcmErrorsClear_                 
000049e8  _memInit_                           
00004a1c  _checkMemInitOn_                    
00004a3c  _cacheEnable_                       
00004a80  _cacheDisable_                      
00004aa4  _dCacheInvalidate_                  
00004ab8  _iCacheInvalidate_                  
00004acc  __TI_PINIT_Base                     
00004ad0  __TI_PINIT_Limit                    
00004ad4  _mpuInit_                           
00004d8c  _mpuEnable_                         
00004da4  _mpuDisable_                        
00004dbc  _mpuEnableBackgroundRegion_         
00004dcc  _mpuDisableBackgroundRegion_        
00004ddc  _mpuGetNumberOfRegions_             
00004de8  _mpuAreRegionsSeparate_             
00004df4  _mpuSetRegion_                      
00004dfc  _mpuGetRegion_                      
00004e04  _mpuSetRegionBaseAddress_           
00004e0c  _mpuGetRegionBaseAddress_           
00004e14  _mpuSetRegionTypeAndPermission_     
00004e20  _mpuGetRegionType_                  
00004e2c  _mpuGetRegionPermission_            
00004e38  _mpuSetRegionSizeRegister_          
00004e40  vimECCErrorHandler                  
00005458  __aeabi_uldivmod                    
00005710  main                                
00005780  wait                                
000057c4  sci_display                         
00005824  canMessageNotification              
00005be4  fputs                               
00005d88  can1HighLevelInterrupt              
00005e70  can1LowLevelInterrupt               
00005f24  __aeabi_memcpy                      
00005f24  __aeabi_memcpy4                     
00005f24  __aeabi_memcpy8                     
00005f24  memcpy                              
000060a4  esmHighInterrupt                    
0000621c  free                                
000064e4  setvbuf                             
00006780  floor                               
00006780  floorl                              
000068bc  ldexp                               
000068bc  ldexpl                              
000068bc  scalbn                              
000068bc  scalbnl                             
00006af4  fputc                               
00006af4  putc                                
00006bf4  malloc                              
00006d8c  esmGroup1Notification               
00006da0  esmGroup2Notification               
00006db4  esmGroup3Notification               
00006dc4  dmaGroupANotification               
00006dd8  rtiNotification                     
00006dec  canErrorNotification                
00006e00  canStatusChangeNotification         
00006e28  sciNotification                     
00006e3c  epcCAMFullNotification              
00006e40  epcFIFOFullNotification             
00006e50  __TI_closefile                      
00006f08  _c_int00                            
00006fbc  __aeabi_memclr                      
00006fbc  __aeabi_memclr4                     
00006fbc  __aeabi_memclr8                     
00006fc0  __aeabi_memset                      
00006fc0  __aeabi_memset4                     
00006fc0  __aeabi_memset8                     
00006fcc  memset                              
0000706c  HOSTlseek                           
00007118  fseek                               
000071c0  HOSTrename                          
00007264  __TI_wrt_ok                         
00007304  printf                              
000073a0  HOSTopen                            
000074d0  close                               
00007568  HOSTread                            
000075f8  HOSTwrite                           
00007688  __TI_decompress_lzss                
00007718  frexp                               
00007718  frexpl                              
000077a4  __TI_doflush                        
00007828  atoi                                
000078ac  ltoa                                
0000792c  exit                                
000079a8  HOSTclose                           
00007a90  HOSTunlink                          
00007b00  getdevice                           
00007bd8  __TI_auto_init_nobinit_nopinit      
00007ca4  sprintf                             
00007d08  minit                               
00007d64  __TI_cleanup                        
00007db8  __TI_readmsg                        
00007e0c  __TI_writemsg                       
00007e54  C$$IO$$                             
00007e60  finddevice                          
00007eb4  __aeabi_idiv                        
00007eb4  __aeabi_idivmod                     
00007f08  __aeabi_uidiv                       
00007f08  __aeabi_uidivmod                    
00007fa0  strncpy                             
00007fe8  remove                              
00007fe8  unlink                              
00008030  lseek                               
00008074  write                               
000080e8  memccpy                             
00008114  memchr                              
00008140  strchr                              
00008168  strcmp                              
00008190  wcslen                              
000081b4  __TI_zero_init_nomemset             
000081d4  strlen                              
000081f4  copysign                            
000081f4  copysignl                           
00008210  strcpy                              
0000823c  __TI_decompress_none                
00008250  __aeabi_errno_addr                  
0000825c  C$$EXIT                             
0000825c  abort                               
00008264  _nop                                
00008270  phantomInterrupt                    
00008274  __aeabi_idiv0                       
00008274  __aeabi_ldiv0                       
00008480  _ctypes_                            
00008644  __TI_Handler_Table_Base             
00008650  __TI_Handler_Table_Limit            
00008658  __TI_CINIT_Base                     
00008668  __TI_CINIT_Limit                    
08001500  _sys_memory                         
08001d00  _ftable                             
08001df0  _device                             
08001e68  _stream                             
08001eb8  cnt                                 
08001ebc  err                                 
08001ec0  tx_done                             
08001ec4  num                                 
08001ec8  i                                   
08001ecc  __TI_ft_end                         
08001ed0  __aeabi_stdin                       
08001ed4  __aeabi_stdout                      
08001ed8  __aeabi_stderr                      
08001edc  __TI_cleanup_ptr                    
08001ee0  __TI_dtors_ptr                      
08001ee4  __TI_enable_exit_profile_output     
08001ef4  _lock                               
08001ef8  _unlock                             
08001efc  rx_data                             
08001f04  tx_data2                            
08001f0c  tx_data3                            
08001f14  tx_data                             
08001f1c  errno                               
08001f20  __CIOBUF_                           
08002040  __TI_tmpnams                        
08002130  parmbuf                             
ffffffff  __TI_pprof_out_hndl                 
ffffffff  __TI_prof_data_size                 
ffffffff  __TI_prof_data_start                
ffffffff  __binit__                           
ffffffff  __c_args__                          
ffffffff  binit                               
UNDEFED   SHT$$INIT_ARRAY$$Base               
UNDEFED   SHT$$INIT_ARRAY$$Limit              
UNDEFED   _system_post_cinit                  

[269 symbols]
