******************************************************************************
                  TI ARM Linker Unix v18.1.3                   
******************************************************************************
>> Linked Tue Dec 18 17:29:43 2018

OUTPUT FILE NAME:   <rf_control_motor.out>
ENTRY POINT SYMBOL: "_c_int00"  address: 00008c0c


MEMORY CONFIGURATION

         name            origin    length      used     unused   attr    fill
----------------------  --------  ---------  --------  --------  ----  --------
  VECTORS               00000000   00000020  00000020  00000000     X
  FLASH0                00000020   001fffe0  000096c9  001f6917  R  X
  FLASH1                00200000   00200000  00000000  00200000  R  X
  STACKS                08000000   00001500  00000000  00001500  RW  
  RAM                   08001500   0007eb00  000000e8  0007ea18  RW  


SEGMENT ALLOCATION MAP

run origin  load origin   length   init length attrs members
----------  ----------- ---------- ----------- ----- -------
00000000    00000000    000093b8   000093b8    r-x
  00000000    00000000    00000020   00000020    r-x .intvecs
  00000020    00000020    00009398   00009398    r-x .text
000093c0    000093c0    00000301   00000301    r--
  000093c0    000093c0    00000301   00000301    r-- .const
000096e0    000096e0    00000030   00000030    r--
  000096e0    000096e0    00000030   00000030    r-- .cinit
08001500    08001500    000000e8   00000000    rw-
  08001500    08001500    000000e4   00000000    rw- .bss
  080015e4    080015e4    00000004   00000000    rw- .data


SECTION ALLOCATION MAP

 output                                  attributes/
section   page    origin      length       input sections
--------  ----  ----------  ----------   ----------------
.intvecs   0    00000000    00000020     
                  00000000    00000020     HL_sys_intvecs.obj (.intvecs)

.text      0    00000020    00009398     
                  00000020    00002170     HL_etpwm.obj (.text)
                  00002190    00000f9c     rtsv7R4_A_be_v3D16_eabi.lib : _printfi.c.obj (.text:__TI_printfi)
                  0000312c    000009c4     HL_pinmux.obj (.text)
                  00003af0    0000095c     HL_system.obj (.text)
                  0000444c    00000938     HL_sys_vim.obj (.text)
                  00004d84    00000888     HL_ecap.obj (.text)
                  0000560c    00000870     HL_sci.obj (.text)
                  00005e7c    0000078c     HL_esm.obj (.text)
                  00006608    000004a4     HL_sys_main.obj (.text)
                  00006aac    00000484     HL_gio.obj (.text)
                  00006f30    000003c4     HL_sys_core.obj (.text)
                  000072f4    0000036c     HL_sys_mpu.obj (.text)
                  00007660    0000033c     HL_sys_vim.obj (.text:retain)
                  0000799c    000002dc     rtsv7R4_A_be_v3D16_eabi.lib : _printfi.c.obj (.text:_pconv_a)
                  00007c78    000002b8                                 : ull_div32.asm.obj (.text)
                  00007f30    00000248                                 : _printfi.c.obj (.text:_pconv_g)
                  00008178    00000180                                 : memcpy32.asm.obj (.text)
                  000082f8    00000178     HL_esm.obj (.text:retain)
                  00008470    0000015c     rtsv7R4_A_be_v3D16_eabi.lib : _printfi.c.obj (.text:_pconv_e)
                  000085cc    00000144                                 : _printfi.c.obj (.text:fcvt)
                  00008710    0000013c                                 : s_floor.c.obj (.text:floor)
                  0000884c    00000120                                 : s_scalbn.c.obj (.text:scalbn)
                  0000896c    00000115                                 : _printfi.c.obj (.text:_ltostr)
                  00008a81    00000003     --HOLE-- [fill = 0]
                  00008a84    000000c8                                 : _printfi.c.obj (.text:_mcpy)
                  00008b4c    000000c0     HL_notification.obj (.text)
                  00008c0c    000000b4     HL_sys_startup.obj (.text:retain)
                  00008cc0    000000b0     rtsv7R4_A_be_v3D16_eabi.lib : memset32.asm.obj (.text)
                  00008d70    00000098                                 : _printfi.c.obj (.text:_ecpy)
                  00008e08    00000090                                 : copy_decompress_lzss.c.obj (.text:decompress:lzss:__TI_decompress_lzss)
                  00008e98    0000008c                                 : s_frexp.c.obj (.text:frexp)
                  00008f24    00000084                                 : atoi.c.obj (.text:atoi)
                  00008fa8    00000080                                 : ltoa.c.obj (.text:ltoa)
                  00009028    00000074                                 : _printfi.c.obj (.text:_pconv_f)
                  0000909c    00000068                                 : autoinit.c.obj (.text:__TI_auto_init_nobinit_nopinit:__TI_auto_init_nobinit_nopinit)
                  00009104    00000064                                 : _printfi.c.obj (.text:_fcpy)
                  00009168    00000064                                 : sprintf.c.obj (.text:sprintf)
                  000091cc    00000054                                 : i_div32.asm.obj (.text)
                  00009220    00000050                                 : u_div32.asm.obj (.text)
                  00009270    00000030                                 : sprintf.c.obj (.text:_outs)
                  000092a0    0000002c                                 : memccpy.c.obj (.text:memccpy)
                  000092cc    00000028                                 : strchr.c.obj (.text:strchr)
                  000092f4    00000024                                 : wcslen.c.obj (.text:wcslen)
                  00009318    00000020                                 : copy_zero_init.c.obj (.text:decompress:ZI:__TI_zero_init_nomemset:__TI_zero_init_nomemset)
                  00009338    00000020                                 : strlen.c.obj (.text:strlen)
                  00009358    0000001c                                 : s_copysign.c.obj (.text:copysign)
                  00009374    00000014                                 : sprintf.c.obj (.text:_outc)
                  00009388    00000014                                 : copy_decompress_none.c.obj (.text:decompress:none:__TI_decompress_none)
                  0000939c    0000000c                                 : errno.c.obj (.text:__aeabi_errno_addr)
                  000093a8    00000008                                 : exit.c.obj (.text:abort:abort)
                  000093b0    00000004     HL_sys_phantom.obj (.text:retain)
                  000093b4    00000004     rtsv7R4_A_be_v3D16_eabi.lib : div0.asm.obj (.text)

.const     0    000093c0    00000301     
                  000093c0    00000200     HL_sys_vim.obj (.const:s_vim_init)
                  000095c0    00000101     rtsv7R4_A_be_v3D16_eabi.lib : ctype.c.obj (.const:.string:_ctypes_)

.cinit     0    000096e0    00000030     
                  000096e0    0000000c     (__TI_handler_table)
                  000096ec    00000004     --HOLE-- [fill = 0]
                  000096f0    00000008     (.cinit..bss.load) [load image, compression = zero_init]
                  000096f8    00000007     (.cinit..data.load) [load image, compression = lzss]
                  000096ff    00000001     --HOLE-- [fill = 0]
                  00009700    00000010     (__TI_cinit_table)

.bss       0    08001500    000000e4     UNINITIALIZED
                  08001500    00000080     (.common:buf)
                  08001580    00000050     HL_sci.obj (.bss:g_sciTransfer_t)
                  080015d0    00000004     (.common:aileron)
                  080015d4    00000004     (.common:buf_len)
                  080015d8    00000004     (.common:elevator)
                  080015dc    00000004     (.common:rudder)
                  080015e0    00000004     (.common:throttle)

.data      0    080015e4    00000004     UNINITIALIZED
                  080015e4    00000004     rtsv7R4_A_be_v3D16_eabi.lib : errno.c.obj (.data)

MODULE SUMMARY

       Module                       code    ro data   rw data
       ------                       ----    -------   -------
    ./source/
       HL_etpwm.obj                 8560    0         0      
       HL_sys_vim.obj               3188    512       0      
       HL_pinmux.obj                2500    0         0      
       HL_system.obj                2396    0         0      
       HL_esm.obj                   2308    0         0      
       HL_sci.obj                   2160    0         80     
       HL_ecap.obj                  2184    0         0      
       HL_sys_main.obj              1188    0         148    
       HL_gio.obj                   1156    0         0      
       HL_sys_core.obj              964     0         0      
       HL_sys_mpu.obj               876     0         0      
       HL_notification.obj          192     0         0      
       HL_sys_startup.obj           180     0         0      
       HL_sys_intvecs.obj           32      0         0      
       HL_sys_phantom.obj           4       0         0      
    +--+----------------------------+-------+---------+---------+
       Total:                       27888   512       228    
                                                             
    /home/koitt/ti/ccsv8/tools/compiler/ti-cgt-arm_18.1.3.LTS/lib/rtsv7R4_A_be_v3D16_eabi.lib
       _printfi.c.obj               6829    0         0      
       ull_div32.asm.obj            696     0         0      
       memcpy32.asm.obj             384     0         0      
       s_floor.c.obj                316     0         0      
       s_scalbn.c.obj               288     0         0      
       ctype.c.obj                  0       257       0      
       memset32.asm.obj             176     0         0      
       sprintf.c.obj                168     0         0      
       copy_decompress_lzss.c.obj   144     0         0      
       s_frexp.c.obj                140     0         0      
       atoi.c.obj                   132     0         0      
       ltoa.c.obj                   128     0         0      
       autoinit.c.obj               104     0         0      
       i_div32.asm.obj              84      0         0      
       u_div32.asm.obj              80      0         0      
       memccpy.c.obj                44      0         0      
       strchr.c.obj                 40      0         0      
       wcslen.c.obj                 36      0         0      
       copy_zero_init.c.obj         32      0         0      
       strlen.c.obj                 32      0         0      
       s_copysign.c.obj             28      0         0      
       copy_decompress_none.c.obj   20      0         0      
       errno.c.obj                  12      0         4      
       exit.c.obj                   8       0         0      
       div0.asm.obj                 4       0         0      
    +--+----------------------------+-------+---------+---------+
       Total:                       9925    257       4      
                                                             
       Linker Generated:            0       43        0      
    +--+----------------------------+-------+---------+---------+
       Grand Total:                 37813   812       232    


LINKER GENERATED COPY TABLES

__TI_cinit_table @ 00009700 records: 2, size/record: 8, table size: 16
	.bss: load addr=000096f0, load size=00000008 bytes, run addr=08001500, run size=000000e4 bytes, compression=zero_init
	.data: load addr=000096f8, load size=00000007 bytes, run addr=080015e4, run size=00000004 bytes, compression=lzss


LINKER GENERATED HANDLER TABLE

__TI_handler_table @ 000096e0 records: 3, size/record: 4, table size: 12
	index: 0, handler: __TI_zero_init
	index: 1, handler: __TI_decompress_lzss
	index: 2, handler: __TI_decompress_none


GLOBAL SYMBOLS: SORTED ALPHABETICALLY BY Name 

address   name                                
-------   ----                                
000093a8  C$$EXIT                             
UNDEFED   SHT$$INIT_ARRAY$$Base               
UNDEFED   SHT$$INIT_ARRAY$$Limit              
00009700  __TI_CINIT_Base                     
00009710  __TI_CINIT_Limit                    
000096e0  __TI_Handler_Table_Base             
000096ec  __TI_Handler_Table_Limit            
000072ec  __TI_PINIT_Base                     
000072f0  __TI_PINIT_Limit                    
0000909c  __TI_auto_init_nobinit_nopinit      
00008e08  __TI_decompress_lzss                
00009388  __TI_decompress_none                
ffffffff  __TI_pprof_out_hndl                 
00002190  __TI_printfi                        
ffffffff  __TI_prof_data_size                 
ffffffff  __TI_prof_data_start                
00000000  __TI_static_base__                  
00009318  __TI_zero_init_nomemset             
0000939c  __aeabi_errno_addr                  
000091cc  __aeabi_idiv                        
000093b4  __aeabi_idiv0                       
000091cc  __aeabi_idivmod                     
000093b4  __aeabi_ldiv0                       
00008cc0  __aeabi_memclr                      
00008cc0  __aeabi_memclr4                     
00008cc0  __aeabi_memclr8                     
00008178  __aeabi_memcpy                      
00008178  __aeabi_memcpy4                     
00008178  __aeabi_memcpy8                     
00008cc4  __aeabi_memset                      
00008cc4  __aeabi_memset4                     
00008cc4  __aeabi_memset8                     
00009220  __aeabi_uidiv                       
00009220  __aeabi_uidivmod                    
00007c78  __aeabi_uldivmod                    
ffffffff  __binit__                           
ffffffff  __c_args__                          
00008c0c  _c_int00                            
000072a0  _cacheDisable_                      
0000725c  _cacheEnable_                       
0000723c  _checkMemInitOn_                    
00007148  _coreClearAuxiliaryDataFault_       
0000715c  _coreClearAuxiliaryInstructionFault_
00007120  _coreClearDataFaultAddress_         
000070f8  _coreClearDataFault_                
00007134  _coreClearInstructionFaultAddress_  
0000710c  _coreClearInstructionFault_         
000070d0  _coreDisableEventBusExport_         
000070c0  _coreEnableEventBusExport_          
000070e0  _coreEnableIrqVicOffset_            
000070a8  _coreEnableVfp_                     
00007140  _coreGetAuxiliaryDataFault_         
00007154  _coreGetAuxiliaryInstructionFault_  
00007118  _coreGetDataFaultAddress_           
000070f0  _coreGetDataFault_                  
0000712c  _coreGetInstructionFaultAddress_    
00007104  _coreGetInstructionFault_           
00006f30  _coreInitRegisters_                 
0000703c  _coreInitStackPointer_              
000095c0  _ctypes_                            
000072c4  _dCacheInvalidate_                  
00007168  _disable_IRQ_interrupt_             
00007170  _enable_IRQ_interrupt_              
00007178  _enable_interrupt_                  
00007180  _esmCcmErrorsClear_                 
00007088  _getCPSRValue_                      
00007090  _gotoCPUIdle_                       
000072d8  _iCacheInvalidate_                  
00007208  _memInit_                           
00007608  _mpuAreRegionsSeparate_             
000075ec  _mpuDisableBackgroundRegion_        
000075c4  _mpuDisable_                        
000075dc  _mpuEnableBackgroundRegion_         
000075ac  _mpuEnable_                         
000075fc  _mpuGetNumberOfRegions_             
0000762c  _mpuGetRegionBaseAddress_           
0000764c  _mpuGetRegionPermission_            
00007640  _mpuGetRegionType_                  
0000761c  _mpuGetRegion_                      
000072f4  _mpuInit_                           
00007624  _mpuSetRegionBaseAddress_           
00007658  _mpuSetRegionSizeRegister_          
00007634  _mpuSetRegionTypeAndPermission_     
00007614  _mpuSetRegion_                      
UNDEFED   _system_post_cinit                  
000093a8  abort                               
080015d0  aileron                             
00008f24  atoi                                
ffffffff  binit                               
08001500  buf                                 
080015d4  buf_len                             
00009358  copysign                            
00009358  copysignl                           
00008b84  dmaGroupANotification               
00005234  ecap1GetConfigValue                 
000052c8  ecap2GetConfigValue                 
0000535c  ecap3GetConfigValue                 
000053f0  ecap4GetConfigValue                 
00005484  ecap5GetConfigValue                 
00005518  ecap6GetConfigValue                 
000051b4  ecapClearFlag                       
00005114  ecapDisableAPWMMode                 
00005004  ecapDisableCapture                  
00004dfc  ecapDisableCounterLoadOnSync        
00005160  ecapDisableInterrupt                
000050a8  ecapEnableAPWMmode                  
00004fe4  ecapEnableCapture                   
00004dcc  ecapEnableCounterLoadOnSync         
00005138  ecapEnableInterrupt                 
000051d4  ecapGetCAP1                         
000051ec  ecapGetCAP2                         
00005204  ecapGetCAP3                         
0000521c  ecapGetCAP4                         
00005190  ecapGetEventStatus                  
00004d84  ecapInit                            
00006758  ecapNotification                    
00004e5c  ecapSetCaptureEvent1                
00004ea8  ecapSetCaptureEvent2                
00004ef8  ecapSetCaptureEvent3                
00004f48  ecapSetCaptureEvent4                
00004f98  ecapSetCaptureMode                  
00004dac  ecapSetCounter                      
00004e20  ecapSetEventPrescaler               
0000506c  ecapSetSyncOut                      
00005028  ecapStartCounter                    
00005048  ecapStopCounter                     
080015d8  elevator                            
00008bf8  epcCAMFullNotification              
00008bfc  epcFIFOFullNotification             
080015e4  errno                               
0000608c  esmActivateNormalOperation          
000061d8  esmClearStatus                      
0000623c  esmClearStatusBuffer                
00006218  esmClearStatusUpper                 
00006038  esmDisableError                     
00006060  esmDisableErrorUpper                
000060e0  esmDisableInterrupt                 
00006108  esmDisableInterruptUpper            
00005ff4  esmEnableError                      
0000601c  esmEnableErrorUpper                 
0000609c  esmEnableInterrupt                  
000060c4  esmEnableInterruptUpper             
0000636c  esmEnterSelfTest                    
00005fd8  esmError                            
00006444  esmGetConfigValue                   
00006278  esmGetStatus                        
00006344  esmGetStatusBuffer                  
000062fc  esmGetStatusUpper                   
00008b4c  esmGroup1Notification               
00008b60  esmGroup2Notification               
00008b74  esmGroup3Notification               
000082f8  esmHighInterrupt                    
00005e7c  esmInit                             
000063f4  esmSelfTestStatus                   
00006258  esmSetCounterPreloadValue           
00006124  esmSetInterruptLevel                
00006198  esmSetInterruptLevelUpper           
0000607c  esmTriggerErrorPinReset             
00000aa0  etpwm1GetConfigValue                
00000d98  etpwm2GetConfigValue                
000010ac  etpwm3GetConfigValue                
0000138c  etpwm4GetConfigValue                
0000166c  etpwm5GetConfigValue                
00001954  etpwm6GetConfigValue                
00001c74  etpwm7GetConfigValue                
000009d4  etpwmClearEventFlag                 
000007a4  etpwmClearTripCondition             
000007c4  etpwmClearTripInterruptFlag         
00000668  etpwmDisableChopping                
00000434  etpwmDisableCmpAShadowMode          
00000494  etpwmDisableCmpBShadowMode          
000002c4  etpwmDisableCounterLoadOnSync       
000005e8  etpwmDisableDeadband                
00000998  etpwmDisableInterrupt               
00000874  etpwmDisableSOCA                    
0000090c  etpwmDisableSOCB                    
00000230  etpwmDisableTimebasePeriodShadowMode
00000774  etpwmDisableTripInterrupt           
000006ac  etpwmDisableTripZoneSources         
00000634  etpwmEnableChopping                 
000003f8  etpwmEnableCmpAShadowMode           
00000454  etpwmEnableCmpBShadowMode           
00000274  etpwmEnableCounterLoadOnSync        
00000594  etpwmEnableDeadBand                 
00000a14  etpwmEnableDigitalCompareEvents     
0000092c  etpwmEnableInterrupt                
00000800  etpwmEnableSOCA                     
00000898  etpwmEnableSOCB                     
00000250  etpwmEnableTimebasePeriodShadowMode 
0000074c  etpwmEnableTripInterrupt            
00000684  etpwmEnableTripZoneSources          
000007e0  etpwmForceTripEvent                 
000009bc  etpwmGetEventStatus                 
00000020  etpwmInit                           
00008bc0  etpwmNotification                   
000004b4  etpwmSetActionQualPwmA              
00000524  etpwmSetActionQualPwmB              
000001a8  etpwmSetClkDiv                      
000003b8  etpwmSetCmpA                        
000003d8  etpwmSetCmpB                        
00000210  etpwmSetCount                       
00000324  etpwmSetCounterMode                 
00000604  etpwmSetDeadBandDelay               
00000380  etpwmSetRunMode                     
000002e8  etpwmSetSyncOut                     
000001f0  etpwmSetTimebasePeriod              
000006dc  etpwmSetTripAction                  
00000114  etpwmStartTBCLK                     
00000160  etpwmStopTBCLK                      
000009f4  etpwmTriggerEvent                   
00000360  etpwmTriggerSWSync                  
00008bd0  etpwmTripNotification               
00008710  floor                               
00008710  floorl                              
00008e98  frexp                               
00008e98  frexpl                              
00003e5c  getResetSource                      
00006d0c  gioDisableNotification              
00006ca4  gioEnableNotification               
00006c0c  gioGetBit                           
00006d74  gioGetConfigValue                   
00006c34  gioGetPort                          
00006aac  gioInit                             
00008b98  gioNotification                     
00006b9c  gioSetBit                           
00006b7c  gioSetDirection                     
00006bec  gioSetPort                          
00006c4c  gioToggleBit                        
0000884c  ldexp                               
0000884c  ldexpl                              
00008fa8  ltoa                                
00006608  main                                
00003c8c  mapClocks                           
000092a0  memccpy                             
00008178  memcpy                              
00008cd0  memset                              
0000312c  muxInit                             
00003bd8  periphInit                          
000093b0  phantomInterrupt                    
00000000  resetEntry                          
080015dc  rudder                              
0000884c  scalbn                              
0000884c  scalbnl                             
00005cc8  sci1GetConfigValue                  
00005b3c  sciDisableLoopback                  
00005bf0  sciDisableNotification              
00005b08  sciEnableLoopback                   
00005b58  sciEnableNotification               
00005c88  sciEnterResetState                  
00005ca8  sciExitResetState                   
0000560c  sciInit                             
00005980  sciIsIdleDetected                   
00005964  sciIsRxReady                        
000057b4  sciIsTxReady                        
00008bac  sciNotification                     
000059f8  sciReceive                          
000059cc  sciReceiveByte                      
0000599c  sciRxError                          
00005800  sciSend                             
000057d0  sciSendByte                         
00005718  sciSetBaudrate                      
000056f8  sciSetFunctional                    
00006958  sci_display                         
00003b98  setupFlash                          
00003af0  setupPLL                            
00009168  sprintf                             
000092cc  strchr                              
00009338  strlen                              
00003f84  systemGetConfigValue                
00003db8  systemInit                          
00003e2c  systemPowerDown                     
080015e0  throttle                            
00003b50  trimLPO                             
00004520  vimChannelMap                       
0000478c  vimDisableInterrupt                 
00007660  vimECCErrorHandler                  
000045c4  vimEnableInterrupt                  
00004838  vimGetConfigValue                   
0000444c  vimInit                             
000069b8  wait                                
000092f4  wcslen                              


GLOBAL SYMBOLS: SORTED BY Symbol Address 

address   name                                
-------   ----                                
00000000  __TI_static_base__                  
00000000  resetEntry                          
00000020  etpwmInit                           
00000114  etpwmStartTBCLK                     
00000160  etpwmStopTBCLK                      
000001a8  etpwmSetClkDiv                      
000001f0  etpwmSetTimebasePeriod              
00000210  etpwmSetCount                       
00000230  etpwmDisableTimebasePeriodShadowMode
00000250  etpwmEnableTimebasePeriodShadowMode 
00000274  etpwmEnableCounterLoadOnSync        
000002c4  etpwmDisableCounterLoadOnSync       
000002e8  etpwmSetSyncOut                     
00000324  etpwmSetCounterMode                 
00000360  etpwmTriggerSWSync                  
00000380  etpwmSetRunMode                     
000003b8  etpwmSetCmpA                        
000003d8  etpwmSetCmpB                        
000003f8  etpwmEnableCmpAShadowMode           
00000434  etpwmDisableCmpAShadowMode          
00000454  etpwmEnableCmpBShadowMode           
00000494  etpwmDisableCmpBShadowMode          
000004b4  etpwmSetActionQualPwmA              
00000524  etpwmSetActionQualPwmB              
00000594  etpwmEnableDeadBand                 
000005e8  etpwmDisableDeadband                
00000604  etpwmSetDeadBandDelay               
00000634  etpwmEnableChopping                 
00000668  etpwmDisableChopping                
00000684  etpwmEnableTripZoneSources          
000006ac  etpwmDisableTripZoneSources         
000006dc  etpwmSetTripAction                  
0000074c  etpwmEnableTripInterrupt            
00000774  etpwmDisableTripInterrupt           
000007a4  etpwmClearTripCondition             
000007c4  etpwmClearTripInterruptFlag         
000007e0  etpwmForceTripEvent                 
00000800  etpwmEnableSOCA                     
00000874  etpwmDisableSOCA                    
00000898  etpwmEnableSOCB                     
0000090c  etpwmDisableSOCB                    
0000092c  etpwmEnableInterrupt                
00000998  etpwmDisableInterrupt               
000009bc  etpwmGetEventStatus                 
000009d4  etpwmClearEventFlag                 
000009f4  etpwmTriggerEvent                   
00000a14  etpwmEnableDigitalCompareEvents     
00000aa0  etpwm1GetConfigValue                
00000d98  etpwm2GetConfigValue                
000010ac  etpwm3GetConfigValue                
0000138c  etpwm4GetConfigValue                
0000166c  etpwm5GetConfigValue                
00001954  etpwm6GetConfigValue                
00001c74  etpwm7GetConfigValue                
00002190  __TI_printfi                        
0000312c  muxInit                             
00003af0  setupPLL                            
00003b50  trimLPO                             
00003b98  setupFlash                          
00003bd8  periphInit                          
00003c8c  mapClocks                           
00003db8  systemInit                          
00003e2c  systemPowerDown                     
00003e5c  getResetSource                      
00003f84  systemGetConfigValue                
0000444c  vimInit                             
00004520  vimChannelMap                       
000045c4  vimEnableInterrupt                  
0000478c  vimDisableInterrupt                 
00004838  vimGetConfigValue                   
00004d84  ecapInit                            
00004dac  ecapSetCounter                      
00004dcc  ecapEnableCounterLoadOnSync         
00004dfc  ecapDisableCounterLoadOnSync        
00004e20  ecapSetEventPrescaler               
00004e5c  ecapSetCaptureEvent1                
00004ea8  ecapSetCaptureEvent2                
00004ef8  ecapSetCaptureEvent3                
00004f48  ecapSetCaptureEvent4                
00004f98  ecapSetCaptureMode                  
00004fe4  ecapEnableCapture                   
00005004  ecapDisableCapture                  
00005028  ecapStartCounter                    
00005048  ecapStopCounter                     
0000506c  ecapSetSyncOut                      
000050a8  ecapEnableAPWMmode                  
00005114  ecapDisableAPWMMode                 
00005138  ecapEnableInterrupt                 
00005160  ecapDisableInterrupt                
00005190  ecapGetEventStatus                  
000051b4  ecapClearFlag                       
000051d4  ecapGetCAP1                         
000051ec  ecapGetCAP2                         
00005204  ecapGetCAP3                         
0000521c  ecapGetCAP4                         
00005234  ecap1GetConfigValue                 
000052c8  ecap2GetConfigValue                 
0000535c  ecap3GetConfigValue                 
000053f0  ecap4GetConfigValue                 
00005484  ecap5GetConfigValue                 
00005518  ecap6GetConfigValue                 
0000560c  sciInit                             
000056f8  sciSetFunctional                    
00005718  sciSetBaudrate                      
000057b4  sciIsTxReady                        
000057d0  sciSendByte                         
00005800  sciSend                             
00005964  sciIsRxReady                        
00005980  sciIsIdleDetected                   
0000599c  sciRxError                          
000059cc  sciReceiveByte                      
000059f8  sciReceive                          
00005b08  sciEnableLoopback                   
00005b3c  sciDisableLoopback                  
00005b58  sciEnableNotification               
00005bf0  sciDisableNotification              
00005c88  sciEnterResetState                  
00005ca8  sciExitResetState                   
00005cc8  sci1GetConfigValue                  
00005e7c  esmInit                             
00005fd8  esmError                            
00005ff4  esmEnableError                      
0000601c  esmEnableErrorUpper                 
00006038  esmDisableError                     
00006060  esmDisableErrorUpper                
0000607c  esmTriggerErrorPinReset             
0000608c  esmActivateNormalOperation          
0000609c  esmEnableInterrupt                  
000060c4  esmEnableInterruptUpper             
000060e0  esmDisableInterrupt                 
00006108  esmDisableInterruptUpper            
00006124  esmSetInterruptLevel                
00006198  esmSetInterruptLevelUpper           
000061d8  esmClearStatus                      
00006218  esmClearStatusUpper                 
0000623c  esmClearStatusBuffer                
00006258  esmSetCounterPreloadValue           
00006278  esmGetStatus                        
000062fc  esmGetStatusUpper                   
00006344  esmGetStatusBuffer                  
0000636c  esmEnterSelfTest                    
000063f4  esmSelfTestStatus                   
00006444  esmGetConfigValue                   
00006608  main                                
00006758  ecapNotification                    
00006958  sci_display                         
000069b8  wait                                
00006aac  gioInit                             
00006b7c  gioSetDirection                     
00006b9c  gioSetBit                           
00006bec  gioSetPort                          
00006c0c  gioGetBit                           
00006c34  gioGetPort                          
00006c4c  gioToggleBit                        
00006ca4  gioEnableNotification               
00006d0c  gioDisableNotification              
00006d74  gioGetConfigValue                   
00006f30  _coreInitRegisters_                 
0000703c  _coreInitStackPointer_              
00007088  _getCPSRValue_                      
00007090  _gotoCPUIdle_                       
000070a8  _coreEnableVfp_                     
000070c0  _coreEnableEventBusExport_          
000070d0  _coreDisableEventBusExport_         
000070e0  _coreEnableIrqVicOffset_            
000070f0  _coreGetDataFault_                  
000070f8  _coreClearDataFault_                
00007104  _coreGetInstructionFault_           
0000710c  _coreClearInstructionFault_         
00007118  _coreGetDataFaultAddress_           
00007120  _coreClearDataFaultAddress_         
0000712c  _coreGetInstructionFaultAddress_    
00007134  _coreClearInstructionFaultAddress_  
00007140  _coreGetAuxiliaryDataFault_         
00007148  _coreClearAuxiliaryDataFault_       
00007154  _coreGetAuxiliaryInstructionFault_  
0000715c  _coreClearAuxiliaryInstructionFault_
00007168  _disable_IRQ_interrupt_             
00007170  _enable_IRQ_interrupt_              
00007178  _enable_interrupt_                  
00007180  _esmCcmErrorsClear_                 
00007208  _memInit_                           
0000723c  _checkMemInitOn_                    
0000725c  _cacheEnable_                       
000072a0  _cacheDisable_                      
000072c4  _dCacheInvalidate_                  
000072d8  _iCacheInvalidate_                  
000072ec  __TI_PINIT_Base                     
000072f0  __TI_PINIT_Limit                    
000072f4  _mpuInit_                           
000075ac  _mpuEnable_                         
000075c4  _mpuDisable_                        
000075dc  _mpuEnableBackgroundRegion_         
000075ec  _mpuDisableBackgroundRegion_        
000075fc  _mpuGetNumberOfRegions_             
00007608  _mpuAreRegionsSeparate_             
00007614  _mpuSetRegion_                      
0000761c  _mpuGetRegion_                      
00007624  _mpuSetRegionBaseAddress_           
0000762c  _mpuGetRegionBaseAddress_           
00007634  _mpuSetRegionTypeAndPermission_     
00007640  _mpuGetRegionType_                  
0000764c  _mpuGetRegionPermission_            
00007658  _mpuSetRegionSizeRegister_          
00007660  vimECCErrorHandler                  
00007c78  __aeabi_uldivmod                    
00008178  __aeabi_memcpy                      
00008178  __aeabi_memcpy4                     
00008178  __aeabi_memcpy8                     
00008178  memcpy                              
000082f8  esmHighInterrupt                    
00008710  floor                               
00008710  floorl                              
0000884c  ldexp                               
0000884c  ldexpl                              
0000884c  scalbn                              
0000884c  scalbnl                             
00008b4c  esmGroup1Notification               
00008b60  esmGroup2Notification               
00008b74  esmGroup3Notification               
00008b84  dmaGroupANotification               
00008b98  gioNotification                     
00008bac  sciNotification                     
00008bc0  etpwmNotification                   
00008bd0  etpwmTripNotification               
00008bf8  epcCAMFullNotification              
00008bfc  epcFIFOFullNotification             
00008c0c  _c_int00                            
00008cc0  __aeabi_memclr                      
00008cc0  __aeabi_memclr4                     
00008cc0  __aeabi_memclr8                     
00008cc4  __aeabi_memset                      
00008cc4  __aeabi_memset4                     
00008cc4  __aeabi_memset8                     
00008cd0  memset                              
00008e08  __TI_decompress_lzss                
00008e98  frexp                               
00008e98  frexpl                              
00008f24  atoi                                
00008fa8  ltoa                                
0000909c  __TI_auto_init_nobinit_nopinit      
00009168  sprintf                             
000091cc  __aeabi_idiv                        
000091cc  __aeabi_idivmod                     
00009220  __aeabi_uidiv                       
00009220  __aeabi_uidivmod                    
000092a0  memccpy                             
000092cc  strchr                              
000092f4  wcslen                              
00009318  __TI_zero_init_nomemset             
00009338  strlen                              
00009358  copysign                            
00009358  copysignl                           
00009388  __TI_decompress_none                
0000939c  __aeabi_errno_addr                  
000093a8  C$$EXIT                             
000093a8  abort                               
000093b0  phantomInterrupt                    
000093b4  __aeabi_idiv0                       
000093b4  __aeabi_ldiv0                       
000095c0  _ctypes_                            
000096e0  __TI_Handler_Table_Base             
000096ec  __TI_Handler_Table_Limit            
00009700  __TI_CINIT_Base                     
00009710  __TI_CINIT_Limit                    
08001500  buf                                 
080015d0  aileron                             
080015d4  buf_len                             
080015d8  elevator                            
080015dc  rudder                              
080015e0  throttle                            
080015e4  errno                               
ffffffff  __TI_pprof_out_hndl                 
ffffffff  __TI_prof_data_size                 
ffffffff  __TI_prof_data_start                
ffffffff  __binit__                           
ffffffff  __c_args__                          
ffffffff  binit                               
UNDEFED   SHT$$INIT_ARRAY$$Base               
UNDEFED   SHT$$INIT_ARRAY$$Limit              
UNDEFED   _system_post_cinit                  

[281 symbols]
