<?xml version="1.0" encoding="ISO-8859-1" ?>
<link_info>
   <banner>TI ARM Linker Unix v18.1.3.LTS</banner>
   <copyright>Copyright (c) 1996-2017 Texas Instruments Incorporated</copyright>
   <link_time>0x5c189e0e</link_time>
   <link_errors>0x0</link_errors>
   <output_file>rf_control.out</output_file>
   <entry_point>
      <name>_c_int00</name>
      <address>0x9448</address>
   </entry_point>
   <input_file_list>
      <input_file id="fl-2">
         <path>./source/</path>
         <kind>object</kind>
         <file>HL_ecap.obj</file>
         <name>HL_ecap.obj</name>
      </input_file>
      <input_file id="fl-3">
         <path>./source/</path>
         <kind>object</kind>
         <file>HL_epc.obj</file>
         <name>HL_epc.obj</name>
      </input_file>
      <input_file id="fl-4">
         <path>./source/</path>
         <kind>object</kind>
         <file>HL_errata.obj</file>
         <name>HL_errata.obj</name>
      </input_file>
      <input_file id="fl-5">
         <path>./source/</path>
         <kind>object</kind>
         <file>HL_esm.obj</file>
         <name>HL_esm.obj</name>
      </input_file>
      <input_file id="fl-6">
         <path>./source/</path>
         <kind>object</kind>
         <file>HL_etpwm.obj</file>
         <name>HL_etpwm.obj</name>
      </input_file>
      <input_file id="fl-7">
         <path>./source/</path>
         <kind>object</kind>
         <file>HL_gio.obj</file>
         <name>HL_gio.obj</name>
      </input_file>
      <input_file id="fl-8">
         <path>./source/</path>
         <kind>object</kind>
         <file>HL_nmpu.obj</file>
         <name>HL_nmpu.obj</name>
      </input_file>
      <input_file id="fl-9">
         <path>./source/</path>
         <kind>object</kind>
         <file>HL_notification.obj</file>
         <name>HL_notification.obj</name>
      </input_file>
      <input_file id="fl-a">
         <path>./source/</path>
         <kind>object</kind>
         <file>HL_pinmux.obj</file>
         <name>HL_pinmux.obj</name>
      </input_file>
      <input_file id="fl-b">
         <path>./source/</path>
         <kind>object</kind>
         <file>HL_sci.obj</file>
         <name>HL_sci.obj</name>
      </input_file>
      <input_file id="fl-c">
         <path>./source/</path>
         <kind>object</kind>
         <file>HL_sys_core.obj</file>
         <name>HL_sys_core.obj</name>
      </input_file>
      <input_file id="fl-d">
         <path>./source/</path>
         <kind>object</kind>
         <file>HL_sys_dma.obj</file>
         <name>HL_sys_dma.obj</name>
      </input_file>
      <input_file id="fl-e">
         <path>./source/</path>
         <kind>object</kind>
         <file>HL_sys_intvecs.obj</file>
         <name>HL_sys_intvecs.obj</name>
      </input_file>
      <input_file id="fl-f">
         <path>./source/</path>
         <kind>object</kind>
         <file>HL_sys_main.obj</file>
         <name>HL_sys_main.obj</name>
      </input_file>
      <input_file id="fl-10">
         <path>./source/</path>
         <kind>object</kind>
         <file>HL_sys_mpu.obj</file>
         <name>HL_sys_mpu.obj</name>
      </input_file>
      <input_file id="fl-11">
         <path>./source/</path>
         <kind>object</kind>
         <file>HL_sys_pcr.obj</file>
         <name>HL_sys_pcr.obj</name>
      </input_file>
      <input_file id="fl-12">
         <path>./source/</path>
         <kind>object</kind>
         <file>HL_sys_phantom.obj</file>
         <name>HL_sys_phantom.obj</name>
      </input_file>
      <input_file id="fl-13">
         <path>./source/</path>
         <kind>object</kind>
         <file>HL_sys_pmm.obj</file>
         <name>HL_sys_pmm.obj</name>
      </input_file>
      <input_file id="fl-14">
         <path>./source/</path>
         <kind>object</kind>
         <file>HL_sys_pmu.obj</file>
         <name>HL_sys_pmu.obj</name>
      </input_file>
      <input_file id="fl-15">
         <path>./source/</path>
         <kind>object</kind>
         <file>HL_sys_startup.obj</file>
         <name>HL_sys_startup.obj</name>
      </input_file>
      <input_file id="fl-16">
         <path>./source/</path>
         <kind>object</kind>
         <file>HL_sys_vim.obj</file>
         <name>HL_sys_vim.obj</name>
      </input_file>
      <input_file id="fl-17">
         <path>./source/</path>
         <kind>object</kind>
         <file>HL_system.obj</file>
         <name>HL_system.obj</name>
      </input_file>
      <input_file id="fl-1b">
         <kind>object</kind>
         <file>&lt;internal&gt;</file>
         <name>&lt;internal&gt;</name>
      </input_file>
      <input_file id="fl-d1">
         <path>/home/koitt/ti/ccsv8/tools/compiler/ti-cgt-arm_18.1.3.LTS/lib/</path>
         <kind>archive</kind>
         <file>rtsv7R4_A_be_v3D16_eabi.lib</file>
         <name>s_floor.c.obj</name>
      </input_file>
      <input_file id="fl-d2">
         <path>/home/koitt/ti/ccsv8/tools/compiler/ti-cgt-arm_18.1.3.LTS/lib/</path>
         <kind>archive</kind>
         <file>rtsv7R4_A_be_v3D16_eabi.lib</file>
         <name>autoinit.c.obj</name>
      </input_file>
      <input_file id="fl-d3">
         <path>/home/koitt/ti/ccsv8/tools/compiler/ti-cgt-arm_18.1.3.LTS/lib/</path>
         <kind>archive</kind>
         <file>rtsv7R4_A_be_v3D16_eabi.lib</file>
         <name>cpy_tbl.c.obj</name>
      </input_file>
      <input_file id="fl-d4">
         <path>/home/koitt/ti/ccsv8/tools/compiler/ti-cgt-arm_18.1.3.LTS/lib/</path>
         <kind>archive</kind>
         <file>rtsv7R4_A_be_v3D16_eabi.lib</file>
         <name>copy_zero_init.c.obj</name>
      </input_file>
      <input_file id="fl-d5">
         <path>/home/koitt/ti/ccsv8/tools/compiler/ti-cgt-arm_18.1.3.LTS/lib/</path>
         <kind>archive</kind>
         <file>rtsv7R4_A_be_v3D16_eabi.lib</file>
         <name>copy_decompress_none.c.obj</name>
      </input_file>
      <input_file id="fl-d6">
         <path>/home/koitt/ti/ccsv8/tools/compiler/ti-cgt-arm_18.1.3.LTS/lib/</path>
         <kind>archive</kind>
         <file>rtsv7R4_A_be_v3D16_eabi.lib</file>
         <name>copy_decompress_lzss.c.obj</name>
      </input_file>
      <input_file id="fl-d7">
         <path>/home/koitt/ti/ccsv8/tools/compiler/ti-cgt-arm_18.1.3.LTS/lib/</path>
         <kind>archive</kind>
         <file>rtsv7R4_A_be_v3D16_eabi.lib</file>
         <name>exit.c.obj</name>
      </input_file>
      <input_file id="fl-d8">
         <path>/home/koitt/ti/ccsv8/tools/compiler/ti-cgt-arm_18.1.3.LTS/lib/</path>
         <kind>archive</kind>
         <file>rtsv7R4_A_be_v3D16_eabi.lib</file>
         <name>_lock.c.obj</name>
      </input_file>
      <input_file id="fl-d9">
         <path>/home/koitt/ti/ccsv8/tools/compiler/ti-cgt-arm_18.1.3.LTS/lib/</path>
         <kind>archive</kind>
         <file>rtsv7R4_A_be_v3D16_eabi.lib</file>
         <name>sprintf.c.obj</name>
      </input_file>
      <input_file id="fl-da">
         <path>/home/koitt/ti/ccsv8/tools/compiler/ti-cgt-arm_18.1.3.LTS/lib/</path>
         <kind>archive</kind>
         <file>rtsv7R4_A_be_v3D16_eabi.lib</file>
         <name>strlen.c.obj</name>
      </input_file>
      <input_file id="fl-db">
         <path>/home/koitt/ti/ccsv8/tools/compiler/ti-cgt-arm_18.1.3.LTS/lib/</path>
         <kind>archive</kind>
         <file>rtsv7R4_A_be_v3D16_eabi.lib</file>
         <name>memcpy32.asm.obj</name>
      </input_file>
      <input_file id="fl-dc">
         <path>/home/koitt/ti/ccsv8/tools/compiler/ti-cgt-arm_18.1.3.LTS/lib/</path>
         <kind>archive</kind>
         <file>rtsv7R4_A_be_v3D16_eabi.lib</file>
         <name>memset32.asm.obj</name>
      </input_file>
      <input_file id="fl-dd">
         <path>/home/koitt/ti/ccsv8/tools/compiler/ti-cgt-arm_18.1.3.LTS/lib/</path>
         <kind>archive</kind>
         <file>rtsv7R4_A_be_v3D16_eabi.lib</file>
         <name>_printfi.c.obj</name>
      </input_file>
      <input_file id="fl-de">
         <path>/home/koitt/ti/ccsv8/tools/compiler/ti-cgt-arm_18.1.3.LTS/lib/</path>
         <kind>archive</kind>
         <file>rtsv7R4_A_be_v3D16_eabi.lib</file>
         <name>atoi.c.obj</name>
      </input_file>
      <input_file id="fl-df">
         <path>/home/koitt/ti/ccsv8/tools/compiler/ti-cgt-arm_18.1.3.LTS/lib/</path>
         <kind>archive</kind>
         <file>rtsv7R4_A_be_v3D16_eabi.lib</file>
         <name>ctype.c.obj</name>
      </input_file>
      <input_file id="fl-e0">
         <path>/home/koitt/ti/ccsv8/tools/compiler/ti-cgt-arm_18.1.3.LTS/lib/</path>
         <kind>archive</kind>
         <file>rtsv7R4_A_be_v3D16_eabi.lib</file>
         <name>ltoa.c.obj</name>
      </input_file>
      <input_file id="fl-e1">
         <path>/home/koitt/ti/ccsv8/tools/compiler/ti-cgt-arm_18.1.3.LTS/lib/</path>
         <kind>archive</kind>
         <file>rtsv7R4_A_be_v3D16_eabi.lib</file>
         <name>memccpy.c.obj</name>
      </input_file>
      <input_file id="fl-e2">
         <path>/home/koitt/ti/ccsv8/tools/compiler/ti-cgt-arm_18.1.3.LTS/lib/</path>
         <kind>archive</kind>
         <file>rtsv7R4_A_be_v3D16_eabi.lib</file>
         <name>strchr.c.obj</name>
      </input_file>
      <input_file id="fl-e3">
         <path>/home/koitt/ti/ccsv8/tools/compiler/ti-cgt-arm_18.1.3.LTS/lib/</path>
         <kind>archive</kind>
         <file>rtsv7R4_A_be_v3D16_eabi.lib</file>
         <name>wcslen.c.obj</name>
      </input_file>
      <input_file id="fl-e4">
         <path>/home/koitt/ti/ccsv8/tools/compiler/ti-cgt-arm_18.1.3.LTS/lib/</path>
         <kind>archive</kind>
         <file>rtsv7R4_A_be_v3D16_eabi.lib</file>
         <name>s_frexp.c.obj</name>
      </input_file>
      <input_file id="fl-e5">
         <path>/home/koitt/ti/ccsv8/tools/compiler/ti-cgt-arm_18.1.3.LTS/lib/</path>
         <kind>archive</kind>
         <file>rtsv7R4_A_be_v3D16_eabi.lib</file>
         <name>s_scalbn.c.obj</name>
      </input_file>
      <input_file id="fl-e6">
         <path>/home/koitt/ti/ccsv8/tools/compiler/ti-cgt-arm_18.1.3.LTS/lib/</path>
         <kind>archive</kind>
         <file>rtsv7R4_A_be_v3D16_eabi.lib</file>
         <name>i_div32.asm.obj</name>
      </input_file>
      <input_file id="fl-e7">
         <path>/home/koitt/ti/ccsv8/tools/compiler/ti-cgt-arm_18.1.3.LTS/lib/</path>
         <kind>archive</kind>
         <file>rtsv7R4_A_be_v3D16_eabi.lib</file>
         <name>u_div32.asm.obj</name>
      </input_file>
      <input_file id="fl-e8">
         <path>/home/koitt/ti/ccsv8/tools/compiler/ti-cgt-arm_18.1.3.LTS/lib/</path>
         <kind>archive</kind>
         <file>rtsv7R4_A_be_v3D16_eabi.lib</file>
         <name>ull_div32.asm.obj</name>
      </input_file>
      <input_file id="fl-e9">
         <path>/home/koitt/ti/ccsv8/tools/compiler/ti-cgt-arm_18.1.3.LTS/lib/</path>
         <kind>archive</kind>
         <file>rtsv7R4_A_be_v3D16_eabi.lib</file>
         <name>errno.c.obj</name>
      </input_file>
      <input_file id="fl-ea">
         <path>/home/koitt/ti/ccsv8/tools/compiler/ti-cgt-arm_18.1.3.LTS/lib/</path>
         <kind>archive</kind>
         <file>rtsv7R4_A_be_v3D16_eabi.lib</file>
         <name>s_copysign.c.obj</name>
      </input_file>
      <input_file id="fl-eb">
         <path>/home/koitt/ti/ccsv8/tools/compiler/ti-cgt-arm_18.1.3.LTS/lib/</path>
         <kind>archive</kind>
         <file>rtsv7R4_A_be_v3D16_eabi.lib</file>
         <name>div0.asm.obj</name>
      </input_file>
   </input_file_list>
   <object_component_list>
      <object_component id="oc-2e">
         <name>.intvecs</name>
         <load_address>0x0</load_address>
         <run_address>0x0</run_address>
         <size>0x20</size>
         <input_file_ref idref="fl-e"/>
      </object_component>
      <object_component id="oc-12a">
         <name>.text</name>
         <load_address>0x20</load_address>
         <run_address>0x20</run_address>
         <size>0x2748</size>
         <input_file_ref idref="fl-6"/>
      </object_component>
      <object_component id="oc-1d3">
         <name>.text:__TI_printfi</name>
         <load_address>0x2768</load_address>
         <run_address>0x2768</run_address>
         <size>0xf9c</size>
         <input_file_ref idref="fl-dd"/>
      </object_component>
      <object_component id="oc-cd">
         <name>.text</name>
         <load_address>0x3704</load_address>
         <run_address>0x3704</run_address>
         <size>0x9cc</size>
         <input_file_ref idref="fl-a"/>
      </object_component>
      <object_component id="oc-73">
         <name>.text</name>
         <load_address>0x40d0</load_address>
         <run_address>0x40d0</run_address>
         <size>0x95c</size>
         <input_file_ref idref="fl-17"/>
      </object_component>
      <object_component id="oc-3a">
         <name>.text</name>
         <load_address>0x4a2c</load_address>
         <run_address>0x4a2c</run_address>
         <size>0x938</size>
         <input_file_ref idref="fl-16"/>
      </object_component>
      <object_component id="oc-130">
         <name>.text</name>
         <load_address>0x5364</load_address>
         <run_address>0x5364</run_address>
         <size>0x8f4</size>
         <input_file_ref idref="fl-2"/>
      </object_component>
      <object_component id="oc-112">
         <name>.text</name>
         <load_address>0x5c58</load_address>
         <run_address>0x5c58</run_address>
         <size>0x870</size>
         <input_file_ref idref="fl-b"/>
      </object_component>
      <object_component id="oc-79">
         <name>.text</name>
         <load_address>0x64c8</load_address>
         <run_address>0x64c8</run_address>
         <size>0x78c</size>
         <input_file_ref idref="fl-5"/>
      </object_component>
      <object_component id="oc-124">
         <name>.text</name>
         <load_address>0x6c54</load_address>
         <run_address>0x6c54</run_address>
         <size>0x484</size>
         <input_file_ref idref="fl-7"/>
      </object_component>
      <object_component id="oc-85">
         <name>.text</name>
         <load_address>0x70d8</load_address>
         <run_address>0x70d8</run_address>
         <size>0x474</size>
         <input_file_ref idref="fl-f"/>
      </object_component>
      <object_component id="oc-68">
         <name>.text</name>
         <load_address>0x754c</load_address>
         <run_address>0x754c</run_address>
         <size>0x3c4</size>
         <input_file_ref idref="fl-c"/>
      </object_component>
      <object_component id="oc-7f">
         <name>.text</name>
         <load_address>0x7910</load_address>
         <run_address>0x7910</run_address>
         <size>0x36c</size>
         <input_file_ref idref="fl-10"/>
      </object_component>
      <object_component id="oc-39">
         <name>.text:retain</name>
         <load_address>0x7c7c</load_address>
         <run_address>0x7c7c</run_address>
         <size>0x33c</size>
         <input_file_ref idref="fl-16"/>
      </object_component>
      <object_component id="oc-25d">
         <name>.text:_pconv_a</name>
         <load_address>0x7fb8</load_address>
         <run_address>0x7fb8</run_address>
         <size>0x2dc</size>
         <input_file_ref idref="fl-dd"/>
      </object_component>
      <object_component id="oc-2ba">
         <name>.text</name>
         <load_address>0x8294</load_address>
         <run_address>0x8294</run_address>
         <size>0x2b8</size>
         <input_file_ref idref="fl-e8"/>
      </object_component>
      <object_component id="oc-24b">
         <name>.text:_pconv_g</name>
         <load_address>0x854c</load_address>
         <run_address>0x854c</run_address>
         <size>0x248</size>
         <input_file_ref idref="fl-dd"/>
      </object_component>
      <object_component id="oc-1f">
         <name>.text:retain</name>
         <load_address>0x8794</load_address>
         <run_address>0x8794</run_address>
         <size>0x220</size>
         <input_file_ref idref="fl-2"/>
      </object_component>
      <object_component id="oc-50">
         <name>.text</name>
         <load_address>0x89b4</load_address>
         <run_address>0x89b4</run_address>
         <size>0x180</size>
         <input_file_ref idref="fl-db"/>
      </object_component>
      <object_component id="oc-28">
         <name>.text:retain</name>
         <load_address>0x8b34</load_address>
         <run_address>0x8b34</run_address>
         <size>0x178</size>
         <input_file_ref idref="fl-5"/>
      </object_component>
      <object_component id="oc-257">
         <name>.text:_pconv_e</name>
         <load_address>0x8cac</load_address>
         <run_address>0x8cac</run_address>
         <size>0x15c</size>
         <input_file_ref idref="fl-dd"/>
      </object_component>
      <object_component id="oc-2d8">
         <name>.text:fcvt</name>
         <load_address>0x8e08</load_address>
         <run_address>0x8e08</run_address>
         <size>0x144</size>
         <input_file_ref idref="fl-dd"/>
      </object_component>
      <object_component id="oc-1c8">
         <name>.text:floor</name>
         <load_address>0x8f4c</load_address>
         <run_address>0x8f4c</run_address>
         <size>0x13c</size>
         <input_file_ref idref="fl-d1"/>
      </object_component>
      <object_component id="oc-2ec">
         <name>.text:scalbn</name>
         <load_address>0x9088</load_address>
         <run_address>0x9088</run_address>
         <size>0x120</size>
         <input_file_ref idref="fl-e5"/>
      </object_component>
      <object_component id="oc-245">
         <name>.text:_ltostr</name>
         <load_address>0x91a8</load_address>
         <run_address>0x91a8</run_address>
         <size>0x115</size>
         <input_file_ref idref="fl-dd"/>
      </object_component>
      <object_component id="oc-2d1">
         <name>.text:_mcpy</name>
         <load_address>0x92c0</load_address>
         <run_address>0x92c0</run_address>
         <size>0xc8</size>
         <input_file_ref idref="fl-dd"/>
      </object_component>
      <object_component id="oc-6d">
         <name>.text</name>
         <load_address>0x9388</load_address>
         <run_address>0x9388</run_address>
         <size>0xc0</size>
         <input_file_ref idref="fl-9"/>
      </object_component>
      <object_component id="oc-19">
         <name>.text:retain</name>
         <load_address>0x9448</load_address>
         <run_address>0x9448</run_address>
         <size>0xb4</size>
         <input_file_ref idref="fl-15"/>
      </object_component>
      <object_component id="oc-bf">
         <name>.text</name>
         <load_address>0x94fc</load_address>
         <run_address>0x94fc</run_address>
         <size>0xb0</size>
         <input_file_ref idref="fl-dc"/>
      </object_component>
      <object_component id="oc-2cb">
         <name>.text:_ecpy</name>
         <load_address>0x95ac</load_address>
         <run_address>0x95ac</run_address>
         <size>0x98</size>
         <input_file_ref idref="fl-dd"/>
      </object_component>
      <object_component id="oc-c">
         <name>.text:decompress:lzss:__TI_decompress_lzss</name>
         <load_address>0x9644</load_address>
         <run_address>0x9644</run_address>
         <size>0x90</size>
         <input_file_ref idref="fl-d6"/>
      </object_component>
      <object_component id="oc-2e6">
         <name>.text:frexp</name>
         <load_address>0x96d4</load_address>
         <run_address>0x96d4</run_address>
         <size>0x8c</size>
         <input_file_ref idref="fl-e4"/>
      </object_component>
      <object_component id="oc-23f">
         <name>.text:atoi</name>
         <load_address>0x9760</load_address>
         <run_address>0x9760</run_address>
         <size>0x84</size>
         <input_file_ref idref="fl-de"/>
      </object_component>
      <object_component id="oc-2c5">
         <name>.text:ltoa</name>
         <load_address>0x97e4</load_address>
         <run_address>0x97e4</run_address>
         <size>0x80</size>
         <input_file_ref idref="fl-e0"/>
      </object_component>
      <object_component id="oc-251">
         <name>.text:_pconv_f</name>
         <load_address>0x9864</load_address>
         <run_address>0x9864</run_address>
         <size>0x74</size>
         <input_file_ref idref="fl-dd"/>
      </object_component>
      <object_component id="oc-e2">
         <name>.text:__TI_auto_init_nobinit_nopinit:__TI_auto_init_nobinit_nopinit</name>
         <load_address>0x98d8</load_address>
         <run_address>0x98d8</run_address>
         <size>0x68</size>
         <input_file_ref idref="fl-d2"/>
      </object_component>
      <object_component id="oc-2de">
         <name>.text:_fcpy</name>
         <load_address>0x9940</load_address>
         <run_address>0x9940</run_address>
         <size>0x64</size>
         <input_file_ref idref="fl-dd"/>
      </object_component>
      <object_component id="oc-118">
         <name>.text:sprintf</name>
         <load_address>0x99a4</load_address>
         <run_address>0x99a4</run_address>
         <size>0x64</size>
         <input_file_ref idref="fl-d9"/>
      </object_component>
      <object_component id="oc-327">
         <name>.text</name>
         <load_address>0x9a08</load_address>
         <run_address>0x9a08</run_address>
         <size>0x54</size>
         <input_file_ref idref="fl-e6"/>
      </object_component>
      <object_component id="oc-2bf">
         <name>.text</name>
         <load_address>0x9a5c</load_address>
         <run_address>0x9a5c</run_address>
         <size>0x50</size>
         <input_file_ref idref="fl-e7"/>
      </object_component>
      <object_component id="oc-1d9">
         <name>.text:_outs</name>
         <load_address>0x9aac</load_address>
         <run_address>0x9aac</run_address>
         <size>0x30</size>
         <input_file_ref idref="fl-d9"/>
      </object_component>
      <object_component id="oc-263">
         <name>.text:memccpy</name>
         <load_address>0x9adc</load_address>
         <run_address>0x9adc</run_address>
         <size>0x2c</size>
         <input_file_ref idref="fl-e1"/>
      </object_component>
      <object_component id="oc-2f2">
         <name>.text:strchr</name>
         <load_address>0x9b08</load_address>
         <run_address>0x9b08</run_address>
         <size>0x28</size>
         <input_file_ref idref="fl-e2"/>
      </object_component>
      <object_component id="oc-269">
         <name>.text:wcslen</name>
         <load_address>0x9b30</load_address>
         <run_address>0x9b30</run_address>
         <size>0x24</size>
         <input_file_ref idref="fl-e3"/>
      </object_component>
      <object_component id="oc-5c">
         <name>.text:decompress:ZI:__TI_zero_init_nomemset:__TI_zero_init_nomemset</name>
         <load_address>0x9b54</load_address>
         <run_address>0x9b54</run_address>
         <size>0x20</size>
         <input_file_ref idref="fl-d4"/>
      </object_component>
      <object_component id="oc-11e">
         <name>.text:strlen</name>
         <load_address>0x9b74</load_address>
         <run_address>0x9b74</run_address>
         <size>0x20</size>
         <input_file_ref idref="fl-da"/>
      </object_component>
      <object_component id="oc-339">
         <name>.text:copysign</name>
         <load_address>0x9b94</load_address>
         <run_address>0x9b94</run_address>
         <size>0x1c</size>
         <input_file_ref idref="fl-ea"/>
      </object_component>
      <object_component id="oc-1df">
         <name>.text:_outc</name>
         <load_address>0x9bb0</load_address>
         <run_address>0x9bb0</run_address>
         <size>0x14</size>
         <input_file_ref idref="fl-d9"/>
      </object_component>
      <object_component id="oc-12">
         <name>.text:decompress:none:__TI_decompress_none</name>
         <load_address>0x9bc4</load_address>
         <run_address>0x9bc4</run_address>
         <size>0x14</size>
         <input_file_ref idref="fl-d5"/>
      </object_component>
      <object_component id="oc-26f">
         <name>.text:__aeabi_errno_addr</name>
         <load_address>0x9bd8</load_address>
         <run_address>0x9bd8</run_address>
         <size>0xc</size>
         <input_file_ref idref="fl-e9"/>
      </object_component>
      <object_component id="oc-13f">
         <name>.text:abort:abort</name>
         <load_address>0x9be4</load_address>
         <run_address>0x9be4</run_address>
         <size>0x8</size>
         <input_file_ref idref="fl-d7"/>
      </object_component>
      <object_component id="oc-33">
         <name>.text:retain</name>
         <load_address>0x9bec</load_address>
         <run_address>0x9bec</run_address>
         <size>0x4</size>
         <input_file_ref idref="fl-12"/>
      </object_component>
      <object_component id="oc-321">
         <name>.text</name>
         <load_address>0x9bf0</load_address>
         <run_address>0x9bf0</run_address>
         <size>0x4</size>
         <input_file_ref idref="fl-eb"/>
      </object_component>
      <object_component id="oc-25">
         <name>.const:s_vim_init</name>
         <load_address>0x9c00</load_address>
         <run_address>0x9c00</run_address>
         <size>0x200</size>
         <input_file_ref idref="fl-16"/>
      </object_component>
      <object_component id="oc-2b5">
         <name>.const:.string:_ctypes_</name>
         <load_address>0x9e00</load_address>
         <run_address>0x9e00</run_address>
         <size>0x101</size>
         <input_file_ref idref="fl-df"/>
      </object_component>
      <object_component id="oc-389">
         <name>__TI_handler_table</name>
         <load_address>0x9f20</load_address>
         <run_address>0x9f20</run_address>
         <size>0xc</size>
      </object_component>
      <object_component id="oc-38b">
         <name>.cinit..bss.load</name>
         <load_address>0x9f30</load_address>
         <run_address>0x9f30</run_address>
         <size>0x8</size>
      </object_component>
      <object_component id="oc-38c">
         <name>.cinit..data.load</name>
         <load_address>0x9f38</load_address>
         <run_address>0x9f38</run_address>
         <size>0x7</size>
      </object_component>
      <object_component id="oc-38a">
         <name>__TI_cinit_table</name>
         <load_address>0x9f40</load_address>
         <run_address>0x9f40</run_address>
         <size>0x10</size>
      </object_component>
      <object_component id="oc-1ce">
         <name>.bss:g_sciTransfer_t</name>
         <uninitialized>true</uninitialized>
         <run_address>0x8001580</run_address>
         <size>0x50</size>
         <input_file_ref idref="fl-b"/>
      </object_component>
      <object_component id="oc-136">
         <name>.common:buf</name>
         <uninitialized>true</uninitialized>
         <run_address>0x8001500</run_address>
         <size>0x80</size>
      </object_component>
      <object_component id="oc-139">
         <name>.common:buf_len</name>
         <uninitialized>true</uninitialized>
         <run_address>0x80015d4</run_address>
         <size>0x4</size>
      </object_component>
      <object_component id="oc-13c">
         <name>.common:throttle</name>
         <uninitialized>true</uninitialized>
         <run_address>0x80015e0</run_address>
         <size>0x4</size>
      </object_component>
      <object_component id="oc-13a">
         <name>.common:aileron</name>
         <uninitialized>true</uninitialized>
         <run_address>0x80015d0</run_address>
         <size>0x4</size>
      </object_component>
      <object_component id="oc-13b">
         <name>.common:elevator</name>
         <uninitialized>true</uninitialized>
         <run_address>0x80015d8</run_address>
         <size>0x4</size>
      </object_component>
      <object_component id="oc-13d">
         <name>.common:rudder</name>
         <uninitialized>true</uninitialized>
         <run_address>0x80015dc</run_address>
         <size>0x4</size>
      </object_component>
      <object_component id="oc-302">
         <name>.data</name>
         <load_address>0x80015e4</load_address>
         <run_address>0x80015e4</run_address>
         <size>0x4</size>
         <input_file_ref idref="fl-e9"/>
      </object_component>
      <object_component id="oc-17f">
         <name>.debug_info</name>
         <load_address>0x0</load_address>
         <run_address>0x0</run_address>
         <size>0x2f5</size>
         <input_file_ref idref="fl-2"/>
      </object_component>
      <object_component id="oc-131">
         <name>.debug_info</name>
         <load_address>0x2f5</load_address>
         <run_address>0x2f5</run_address>
         <size>0x17e1</size>
         <input_file_ref idref="fl-2"/>
      </object_component>
      <object_component id="oc-20">
         <name>.debug_info</name>
         <load_address>0x1ad6</load_address>
         <run_address>0x1ad6</run_address>
         <size>0x314</size>
         <input_file_ref idref="fl-2"/>
      </object_component>
      <object_component id="oc-1f8">
         <name>.debug_info</name>
         <load_address>0x1dea</load_address>
         <run_address>0x1dea</run_address>
         <size>0x359</size>
         <input_file_ref idref="fl-2"/>
      </object_component>
      <object_component id="oc-152">
         <name>.debug_info</name>
         <load_address>0x2143</load_address>
         <run_address>0x2143</run_address>
         <size>0x26b</size>
         <input_file_ref idref="fl-2"/>
      </object_component>
      <object_component id="oc-8e">
         <name>.debug_info</name>
         <load_address>0x23ae</load_address>
         <run_address>0x23ae</run_address>
         <size>0x157</size>
         <input_file_ref idref="fl-2"/>
      </object_component>
      <object_component id="oc-9f">
         <name>.debug_info</name>
         <load_address>0x2505</load_address>
         <run_address>0x2505</run_address>
         <size>0x8b</size>
         <input_file_ref idref="fl-2"/>
      </object_component>
      <object_component id="oc-9a">
         <name>.debug_info</name>
         <load_address>0x2590</load_address>
         <run_address>0x2590</run_address>
         <size>0x18c</size>
         <input_file_ref idref="fl-2"/>
      </object_component>
      <object_component id="oc-20e">
         <name>.debug_info</name>
         <load_address>0x271c</load_address>
         <run_address>0x271c</run_address>
         <size>0x297</size>
         <input_file_ref idref="fl-2"/>
      </object_component>
      <object_component id="oc-14b">
         <name>.debug_info</name>
         <load_address>0x29b3</load_address>
         <run_address>0x29b3</run_address>
         <size>0xbb</size>
         <input_file_ref idref="fl-2"/>
      </object_component>
      <object_component id="oc-a4">
         <name>.debug_info</name>
         <load_address>0x2a6e</load_address>
         <run_address>0x2a6e</run_address>
         <size>0x86</size>
         <input_file_ref idref="fl-2"/>
      </object_component>
      <object_component id="oc-196">
         <name>.debug_info</name>
         <load_address>0x2af4</load_address>
         <run_address>0x2af4</run_address>
         <size>0x152</size>
         <input_file_ref idref="fl-2"/>
      </object_component>
      <object_component id="oc-175">
         <name>.debug_info</name>
         <load_address>0x2c46</load_address>
         <run_address>0x2c46</run_address>
         <size>0x36d</size>
         <input_file_ref idref="fl-2"/>
      </object_component>
      <object_component id="oc-213">
         <name>.debug_info</name>
         <load_address>0x2fb3</load_address>
         <run_address>0x2fb3</run_address>
         <size>0x375</size>
         <input_file_ref idref="fl-3"/>
      </object_component>
      <object_component id="oc-d4">
         <name>.debug_info</name>
         <load_address>0x3328</load_address>
         <run_address>0x3328</run_address>
         <size>0x429</size>
         <input_file_ref idref="fl-3"/>
      </object_component>
      <object_component id="oc-157">
         <name>.debug_info</name>
         <load_address>0x3751</load_address>
         <run_address>0x3751</run_address>
         <size>0x102</size>
         <input_file_ref idref="fl-3"/>
      </object_component>
      <object_component id="oc-19b">
         <name>.debug_info</name>
         <load_address>0x3853</load_address>
         <run_address>0x3853</run_address>
         <size>0x142</size>
         <input_file_ref idref="fl-3"/>
      </object_component>
      <object_component id="oc-15c">
         <name>.debug_info</name>
         <load_address>0x3995</load_address>
         <run_address>0x3995</run_address>
         <size>0x285</size>
         <input_file_ref idref="fl-3"/>
      </object_component>
      <object_component id="oc-161">
         <name>.debug_info</name>
         <load_address>0x3c1a</load_address>
         <run_address>0x3c1a</run_address>
         <size>0x44a</size>
         <input_file_ref idref="fl-3"/>
      </object_component>
      <object_component id="oc-166">
         <name>.debug_info</name>
         <load_address>0x4064</load_address>
         <run_address>0x4064</run_address>
         <size>0x1f9</size>
         <input_file_ref idref="fl-3"/>
      </object_component>
      <object_component id="oc-16b">
         <name>.debug_info</name>
         <load_address>0x425d</load_address>
         <run_address>0x425d</run_address>
         <size>0x152</size>
         <input_file_ref idref="fl-3"/>
      </object_component>
      <object_component id="oc-170">
         <name>.debug_info</name>
         <load_address>0x43af</load_address>
         <run_address>0x43af</run_address>
         <size>0x70a</size>
         <input_file_ref idref="fl-3"/>
      </object_component>
      <object_component id="oc-e0">
         <name>.debug_info</name>
         <load_address>0x4ab9</load_address>
         <run_address>0x4ab9</run_address>
         <size>0x341</size>
         <input_file_ref idref="fl-5"/>
      </object_component>
      <object_component id="oc-7a">
         <name>.debug_info</name>
         <load_address>0x4dfa</load_address>
         <run_address>0x4dfa</run_address>
         <size>0x10b6</size>
         <input_file_ref idref="fl-5"/>
      </object_component>
      <object_component id="oc-29">
         <name>.debug_info</name>
         <load_address>0x5eb0</load_address>
         <run_address>0x5eb0</run_address>
         <size>0x19e</size>
         <input_file_ref idref="fl-5"/>
      </object_component>
      <object_component id="oc-db">
         <name>.debug_info</name>
         <load_address>0x604e</load_address>
         <run_address>0x604e</run_address>
         <size>0x168</size>
         <input_file_ref idref="fl-5"/>
      </object_component>
      <object_component id="oc-1f1">
         <name>.debug_info</name>
         <load_address>0x61b6</load_address>
         <run_address>0x61b6</run_address>
         <size>0x2fd</size>
         <input_file_ref idref="fl-6"/>
      </object_component>
      <object_component id="oc-12b">
         <name>.debug_info</name>
         <load_address>0x64b3</load_address>
         <run_address>0x64b3</run_address>
         <size>0x284e</size>
         <input_file_ref idref="fl-6"/>
      </object_component>
      <object_component id="oc-1f2">
         <name>.debug_info</name>
         <load_address>0x8d01</load_address>
         <run_address>0x8d01</run_address>
         <size>0xc6d</size>
         <input_file_ref idref="fl-6"/>
      </object_component>
      <object_component id="oc-1a0">
         <name>.debug_info</name>
         <load_address>0x996e</load_address>
         <run_address>0x996e</run_address>
         <size>0x396</size>
         <input_file_ref idref="fl-6"/>
      </object_component>
      <object_component id="oc-1b2">
         <name>.debug_info</name>
         <load_address>0x9d04</load_address>
         <run_address>0x9d04</run_address>
         <size>0x199</size>
         <input_file_ref idref="fl-6"/>
      </object_component>
      <object_component id="oc-1ef">
         <name>.debug_info</name>
         <load_address>0x9e9d</load_address>
         <run_address>0x9e9d</run_address>
         <size>0x2a6</size>
         <input_file_ref idref="fl-7"/>
      </object_component>
      <object_component id="oc-125">
         <name>.debug_info</name>
         <load_address>0xa143</load_address>
         <run_address>0xa143</run_address>
         <size>0x710</size>
         <input_file_ref idref="fl-7"/>
      </object_component>
      <object_component id="oc-289">
         <name>.debug_info</name>
         <load_address>0xa853</load_address>
         <run_address>0xa853</run_address>
         <size>0x12a</size>
         <input_file_ref idref="fl-7"/>
      </object_component>
      <object_component id="oc-c7">
         <name>.debug_info</name>
         <load_address>0xa97d</load_address>
         <run_address>0xa97d</run_address>
         <size>0x3ba</size>
         <input_file_ref idref="fl-9"/>
      </object_component>
      <object_component id="oc-6e">
         <name>.debug_info</name>
         <load_address>0xad37</load_address>
         <run_address>0xad37</run_address>
         <size>0x8ed</size>
         <input_file_ref idref="fl-9"/>
      </object_component>
      <object_component id="oc-191">
         <name>.debug_info</name>
         <load_address>0xb624</load_address>
         <run_address>0xb624</run_address>
         <size>0xadd</size>
         <input_file_ref idref="fl-9"/>
      </object_component>
      <object_component id="oc-c8">
         <name>.debug_info</name>
         <load_address>0xc101</load_address>
         <run_address>0xc101</run_address>
         <size>0x6eb</size>
         <input_file_ref idref="fl-9"/>
      </object_component>
      <object_component id="oc-1a5">
         <name>.debug_info</name>
         <load_address>0xc7ec</load_address>
         <run_address>0xc7ec</run_address>
         <size>0x243</size>
         <input_file_ref idref="fl-9"/>
      </object_component>
      <object_component id="oc-23a">
         <name>.debug_info</name>
         <load_address>0xca2f</load_address>
         <run_address>0xca2f</run_address>
         <size>0x18e</size>
         <input_file_ref idref="fl-9"/>
      </object_component>
      <object_component id="oc-ce">
         <name>.debug_info</name>
         <load_address>0xcbbd</load_address>
         <run_address>0xcbbd</run_address>
         <size>0x112</size>
         <input_file_ref idref="fl-a"/>
      </object_component>
      <object_component id="oc-1d2">
         <name>.debug_info</name>
         <load_address>0xcccf</load_address>
         <run_address>0xcccf</run_address>
         <size>0x2f3</size>
         <input_file_ref idref="fl-b"/>
      </object_component>
      <object_component id="oc-1cf">
         <name>.debug_info</name>
         <load_address>0xcfc2</load_address>
         <run_address>0xcfc2</run_address>
         <size>0xdb</size>
         <input_file_ref idref="fl-b"/>
      </object_component>
      <object_component id="oc-113">
         <name>.debug_info</name>
         <load_address>0xd09d</load_address>
         <run_address>0xd09d</run_address>
         <size>0xc93</size>
         <input_file_ref idref="fl-b"/>
      </object_component>
      <object_component id="oc-235">
         <name>.debug_info</name>
         <load_address>0xdd30</load_address>
         <run_address>0xdd30</run_address>
         <size>0x91</size>
         <input_file_ref idref="fl-b"/>
      </object_component>
      <object_component id="oc-69">
         <name>.debug_info</name>
         <load_address>0xddc1</load_address>
         <run_address>0xddc1</run_address>
         <size>0x808</size>
         <input_file_ref idref="fl-c"/>
      </object_component>
      <object_component id="oc-2f">
         <name>.debug_info</name>
         <load_address>0xe5c9</load_address>
         <run_address>0xe5c9</run_address>
         <size>0xfe</size>
         <input_file_ref idref="fl-e"/>
      </object_component>
      <object_component id="oc-137">
         <name>.debug_info</name>
         <load_address>0xe6c7</load_address>
         <run_address>0xe6c7</run_address>
         <size>0x644</size>
         <input_file_ref idref="fl-f"/>
      </object_component>
      <object_component id="oc-86">
         <name>.debug_info</name>
         <load_address>0xed0b</load_address>
         <run_address>0xed0b</run_address>
         <size>0x5dc</size>
         <input_file_ref idref="fl-f"/>
      </object_component>
      <object_component id="oc-1ff">
         <name>.debug_info</name>
         <load_address>0xf2e7</load_address>
         <run_address>0xf2e7</run_address>
         <size>0xcc</size>
         <input_file_ref idref="fl-f"/>
      </object_component>
      <object_component id="oc-1e7">
         <name>.debug_info</name>
         <load_address>0xf3b3</load_address>
         <run_address>0xf3b3</run_address>
         <size>0x2c</size>
         <input_file_ref idref="fl-f"/>
      </object_component>
      <object_component id="oc-80">
         <name>.debug_info</name>
         <load_address>0xf3df</load_address>
         <run_address>0xf3df</run_address>
         <size>0x435</size>
         <input_file_ref idref="fl-10"/>
      </object_component>
      <object_component id="oc-216">
         <name>.debug_info</name>
         <load_address>0xf814</load_address>
         <run_address>0xf814</run_address>
         <size>0x2e9</size>
         <input_file_ref idref="fl-11"/>
      </object_component>
      <object_component id="oc-1ad">
         <name>.debug_info</name>
         <load_address>0xfafd</load_address>
         <run_address>0xfafd</run_address>
         <size>0x457</size>
         <input_file_ref idref="fl-11"/>
      </object_component>
      <object_component id="oc-34">
         <name>.debug_info</name>
         <load_address>0xff54</load_address>
         <run_address>0xff54</run_address>
         <size>0x133</size>
         <input_file_ref idref="fl-12"/>
      </object_component>
      <object_component id="oc-1a">
         <name>.debug_info</name>
         <load_address>0x10087</load_address>
         <run_address>0x10087</run_address>
         <size>0x272</size>
         <input_file_ref idref="fl-15"/>
      </object_component>
      <object_component id="oc-95">
         <name>.debug_info</name>
         <load_address>0x102f9</load_address>
         <run_address>0x102f9</run_address>
         <size>0x4d2</size>
         <input_file_ref idref="fl-16"/>
      </object_component>
      <object_component id="oc-26">
         <name>.debug_info</name>
         <load_address>0x107cb</load_address>
         <run_address>0x107cb</run_address>
         <size>0xd5</size>
         <input_file_ref idref="fl-16"/>
      </object_component>
      <object_component id="oc-3b">
         <name>.debug_info</name>
         <load_address>0x108a0</load_address>
         <run_address>0x108a0</run_address>
         <size>0x485</size>
         <input_file_ref idref="fl-16"/>
      </object_component>
      <object_component id="oc-40">
         <name>.debug_info</name>
         <load_address>0x10d25</load_address>
         <run_address>0x10d25</run_address>
         <size>0x1f0</size>
         <input_file_ref idref="fl-16"/>
      </object_component>
      <object_component id="oc-17a">
         <name>.debug_info</name>
         <load_address>0x10f15</load_address>
         <run_address>0x10f15</run_address>
         <size>0x4f</size>
         <input_file_ref idref="fl-16"/>
      </object_component>
      <object_component id="oc-d9">
         <name>.debug_info</name>
         <load_address>0x10f64</load_address>
         <run_address>0x10f64</run_address>
         <size>0x3d7</size>
         <input_file_ref idref="fl-17"/>
      </object_component>
      <object_component id="oc-74">
         <name>.debug_info</name>
         <load_address>0x1133b</load_address>
         <run_address>0x1133b</run_address>
         <size>0x585</size>
         <input_file_ref idref="fl-17"/>
      </object_component>
      <object_component id="oc-230">
         <name>.debug_info</name>
         <load_address>0x118c0</load_address>
         <run_address>0x118c0</run_address>
         <size>0x268</size>
         <input_file_ref idref="fl-d1"/>
      </object_component>
      <object_component id="oc-1c9">
         <name>.debug_info</name>
         <load_address>0x11b28</load_address>
         <run_address>0x11b28</run_address>
         <size>0x179</size>
         <input_file_ref idref="fl-d1"/>
      </object_component>
      <object_component id="oc-4b">
         <name>.debug_info</name>
         <load_address>0x11ca1</load_address>
         <run_address>0x11ca1</run_address>
         <size>0x84</size>
         <input_file_ref idref="fl-d1"/>
      </object_component>
      <object_component id="oc-2ae">
         <name>.debug_info</name>
         <load_address>0x11d25</load_address>
         <run_address>0x11d25</run_address>
         <size>0x46</size>
         <input_file_ref idref="fl-d1"/>
      </object_component>
      <object_component id="oc-22b">
         <name>.debug_info</name>
         <load_address>0x11d6b</load_address>
         <run_address>0x11d6b</run_address>
         <size>0x39</size>
         <input_file_ref idref="fl-d1"/>
      </object_component>
      <object_component id="oc-1ba">
         <name>.debug_info</name>
         <load_address>0x11da4</load_address>
         <run_address>0x11da4</run_address>
         <size>0x52b</size>
         <input_file_ref idref="fl-d2"/>
      </object_component>
      <object_component id="oc-e6">
         <name>.debug_info</name>
         <load_address>0x122cf</load_address>
         <run_address>0x122cf</run_address>
         <size>0x17f</size>
         <input_file_ref idref="fl-d2"/>
      </object_component>
      <object_component id="oc-219">
         <name>.debug_info</name>
         <load_address>0x1244e</load_address>
         <run_address>0x1244e</run_address>
         <size>0x39</size>
         <input_file_ref idref="fl-d2"/>
      </object_component>
      <object_component id="oc-2a2">
         <name>.debug_info</name>
         <load_address>0x12487</load_address>
         <run_address>0x12487</run_address>
         <size>0x39</size>
         <input_file_ref idref="fl-d2"/>
      </object_component>
      <object_component id="oc-21e">
         <name>.debug_info</name>
         <load_address>0x124c0</load_address>
         <run_address>0x124c0</run_address>
         <size>0x39</size>
         <input_file_ref idref="fl-d2"/>
      </object_component>
      <object_component id="oc-223">
         <name>.debug_info</name>
         <load_address>0x124f9</load_address>
         <run_address>0x124f9</run_address>
         <size>0xcd</size>
         <input_file_ref idref="fl-d2"/>
      </object_component>
      <object_component id="oc-be">
         <name>.debug_info</name>
         <load_address>0x125c6</load_address>
         <run_address>0x125c6</run_address>
         <size>0x2f2</size>
         <input_file_ref idref="fl-d4"/>
      </object_component>
      <object_component id="oc-5d">
         <name>.debug_info</name>
         <load_address>0x128b8</load_address>
         <run_address>0x128b8</run_address>
         <size>0x198</size>
         <input_file_ref idref="fl-d4"/>
      </object_component>
      <object_component id="oc-b9">
         <name>.debug_info</name>
         <load_address>0x12a50</load_address>
         <run_address>0x12a50</run_address>
         <size>0x46</size>
         <input_file_ref idref="fl-d4"/>
      </object_component>
      <object_component id="oc-187">
         <name>.debug_info</name>
         <load_address>0x12a96</load_address>
         <run_address>0x12a96</run_address>
         <size>0x2c</size>
         <input_file_ref idref="fl-d4"/>
      </object_component>
      <object_component id="oc-5b">
         <name>.debug_info</name>
         <load_address>0x12ac2</load_address>
         <run_address>0x12ac2</run_address>
         <size>0x27c</size>
         <input_file_ref idref="fl-d5"/>
      </object_component>
      <object_component id="oc-13">
         <name>.debug_info</name>
         <load_address>0x12d3e</load_address>
         <run_address>0x12d3e</run_address>
         <size>0x1ae</size>
         <input_file_ref idref="fl-d5"/>
      </object_component>
      <object_component id="oc-56">
         <name>.debug_info</name>
         <load_address>0x12eec</load_address>
         <run_address>0x12eec</run_address>
         <size>0x46</size>
         <input_file_ref idref="fl-d5"/>
      </object_component>
      <object_component id="oc-b1">
         <name>.debug_info</name>
         <load_address>0x12f32</load_address>
         <run_address>0x12f32</run_address>
         <size>0x2c</size>
         <input_file_ref idref="fl-d5"/>
      </object_component>
      <object_component id="oc-af">
         <name>.debug_info</name>
         <load_address>0x12f5e</load_address>
         <run_address>0x12f5e</run_address>
         <size>0x277</size>
         <input_file_ref idref="fl-d6"/>
      </object_component>
      <object_component id="oc-d">
         <name>.debug_info</name>
         <load_address>0x131d5</load_address>
         <run_address>0x131d5</run_address>
         <size>0x229</size>
         <input_file_ref idref="fl-d6"/>
      </object_component>
      <object_component id="oc-46">
         <name>.debug_info</name>
         <load_address>0x133fe</load_address>
         <run_address>0x133fe</run_address>
         <size>0x60</size>
         <input_file_ref idref="fl-d6"/>
      </object_component>
      <object_component id="oc-180">
         <name>.debug_info</name>
         <load_address>0x1345e</load_address>
         <run_address>0x1345e</run_address>
         <size>0x46</size>
         <input_file_ref idref="fl-d6"/>
      </object_component>
      <object_component id="oc-aa">
         <name>.debug_info</name>
         <load_address>0x134a4</load_address>
         <run_address>0x134a4</run_address>
         <size>0x39</size>
         <input_file_ref idref="fl-d6"/>
      </object_component>
      <object_component id="oc-140">
         <name>.debug_info</name>
         <load_address>0x134dd</load_address>
         <run_address>0x134dd</run_address>
         <size>0xfb</size>
         <input_file_ref idref="fl-d7"/>
      </object_component>
      <object_component id="oc-1e6">
         <name>.debug_info</name>
         <load_address>0x135d8</load_address>
         <run_address>0x135d8</run_address>
         <size>0x30c</size>
         <input_file_ref idref="fl-d9"/>
      </object_component>
      <object_component id="oc-119">
         <name>.debug_info</name>
         <load_address>0x138e4</load_address>
         <run_address>0x138e4</run_address>
         <size>0x1aa</size>
         <input_file_ref idref="fl-d9"/>
      </object_component>
      <object_component id="oc-1da">
         <name>.debug_info</name>
         <load_address>0x13a8e</load_address>
         <run_address>0x13a8e</run_address>
         <size>0x171</size>
         <input_file_ref idref="fl-d9"/>
      </object_component>
      <object_component id="oc-1e0">
         <name>.debug_info</name>
         <load_address>0x13bff</load_address>
         <run_address>0x13bff</run_address>
         <size>0x146</size>
         <input_file_ref idref="fl-d9"/>
      </object_component>
      <object_component id="oc-309">
         <name>.debug_info</name>
         <load_address>0x13d45</load_address>
         <run_address>0x13d45</run_address>
         <size>0x2c</size>
         <input_file_ref idref="fl-d9"/>
      </object_component>
      <object_component id="oc-1ed">
         <name>.debug_info</name>
         <load_address>0x13d71</load_address>
         <run_address>0x13d71</run_address>
         <size>0x268</size>
         <input_file_ref idref="fl-da"/>
      </object_component>
      <object_component id="oc-11f">
         <name>.debug_info</name>
         <load_address>0x13fd9</load_address>
         <run_address>0x13fd9</run_address>
         <size>0x1d6</size>
         <input_file_ref idref="fl-da"/>
      </object_component>
      <object_component id="oc-51">
         <name>.debug_info</name>
         <load_address>0x141af</load_address>
         <run_address>0x141af</run_address>
         <size>0x160</size>
         <input_file_ref idref="fl-db"/>
      </object_component>
      <object_component id="oc-c0">
         <name>.debug_info</name>
         <load_address>0x1430f</load_address>
         <run_address>0x1430f</run_address>
         <size>0x128</size>
         <input_file_ref idref="fl-dc"/>
      </object_component>
      <object_component id="oc-276">
         <name>.debug_info</name>
         <load_address>0x14437</load_address>
         <run_address>0x14437</run_address>
         <size>0x88a</size>
         <input_file_ref idref="fl-dd"/>
      </object_component>
      <object_component id="oc-246">
         <name>.debug_info</name>
         <load_address>0x14cc1</load_address>
         <run_address>0x14cc1</run_address>
         <size>0x1f7</size>
         <input_file_ref idref="fl-dd"/>
      </object_component>
      <object_component id="oc-2cc">
         <name>.debug_info</name>
         <load_address>0x14eb8</load_address>
         <run_address>0x14eb8</run_address>
         <size>0x18c</size>
         <input_file_ref idref="fl-dd"/>
      </object_component>
      <object_component id="oc-2d2">
         <name>.debug_info</name>
         <load_address>0x15044</load_address>
         <run_address>0x15044</run_address>
         <size>0x1f4</size>
         <input_file_ref idref="fl-dd"/>
      </object_component>
      <object_component id="oc-24c">
         <name>.debug_info</name>
         <load_address>0x15238</load_address>
         <run_address>0x15238</run_address>
         <size>0x2ad</size>
         <input_file_ref idref="fl-dd"/>
      </object_component>
      <object_component id="oc-2d9">
         <name>.debug_info</name>
         <load_address>0x154e5</load_address>
         <run_address>0x154e5</run_address>
         <size>0x1fd</size>
         <input_file_ref idref="fl-dd"/>
      </object_component>
      <object_component id="oc-2df">
         <name>.debug_info</name>
         <load_address>0x156e2</load_address>
         <run_address>0x156e2</run_address>
         <size>0x1ee</size>
         <input_file_ref idref="fl-dd"/>
      </object_component>
      <object_component id="oc-252">
         <name>.debug_info</name>
         <load_address>0x158d0</load_address>
         <run_address>0x158d0</run_address>
         <size>0x1ee</size>
         <input_file_ref idref="fl-dd"/>
      </object_component>
      <object_component id="oc-258">
         <name>.debug_info</name>
         <load_address>0x15abe</load_address>
         <run_address>0x15abe</run_address>
         <size>0x219</size>
         <input_file_ref idref="fl-dd"/>
      </object_component>
      <object_component id="oc-25e">
         <name>.debug_info</name>
         <load_address>0x15cd7</load_address>
         <run_address>0x15cd7</run_address>
         <size>0x332</size>
         <input_file_ref idref="fl-dd"/>
      </object_component>
      <object_component id="oc-1d4">
         <name>.debug_info</name>
         <load_address>0x16009</load_address>
         <run_address>0x16009</run_address>
         <size>0x58b</size>
         <input_file_ref idref="fl-dd"/>
      </object_component>
      <object_component id="oc-277">
         <name>.debug_info</name>
         <load_address>0x16594</load_address>
         <run_address>0x16594</run_address>
         <size>0x86</size>
         <input_file_ref idref="fl-dd"/>
      </object_component>
      <object_component id="oc-30e">
         <name>.debug_info</name>
         <load_address>0x1661a</load_address>
         <run_address>0x1661a</run_address>
         <size>0x39</size>
         <input_file_ref idref="fl-dd"/>
      </object_component>
      <object_component id="oc-350">
         <name>.debug_info</name>
         <load_address>0x16653</load_address>
         <run_address>0x16653</run_address>
         <size>0xb6</size>
         <input_file_ref idref="fl-dd"/>
      </object_component>
      <object_component id="oc-313">
         <name>.debug_info</name>
         <load_address>0x16709</load_address>
         <run_address>0x16709</run_address>
         <size>0x46</size>
         <input_file_ref idref="fl-dd"/>
      </object_component>
      <object_component id="oc-27c">
         <name>.debug_info</name>
         <load_address>0x1674f</load_address>
         <run_address>0x1674f</run_address>
         <size>0x46</size>
         <input_file_ref idref="fl-dd"/>
      </object_component>
      <object_component id="oc-2b9">
         <name>.debug_info</name>
         <load_address>0x16795</load_address>
         <run_address>0x16795</run_address>
         <size>0x292</size>
         <input_file_ref idref="fl-de"/>
      </object_component>
      <object_component id="oc-240">
         <name>.debug_info</name>
         <load_address>0x16a27</load_address>
         <run_address>0x16a27</run_address>
         <size>0x155</size>
         <input_file_ref idref="fl-de"/>
      </object_component>
      <object_component id="oc-31d">
         <name>.debug_info</name>
         <load_address>0x16b7c</load_address>
         <run_address>0x16b7c</run_address>
         <size>0xd2</size>
         <input_file_ref idref="fl-df"/>
      </object_component>
      <object_component id="oc-2b6">
         <name>.debug_info</name>
         <load_address>0x16c4e</load_address>
         <run_address>0x16c4e</run_address>
         <size>0xde</size>
         <input_file_ref idref="fl-df"/>
      </object_component>
      <object_component id="oc-32d">
         <name>.debug_info</name>
         <load_address>0x16d2c</load_address>
         <run_address>0x16d2c</run_address>
         <size>0x274</size>
         <input_file_ref idref="fl-e0"/>
      </object_component>
      <object_component id="oc-2c7">
         <name>.debug_info</name>
         <load_address>0x16fa0</load_address>
         <run_address>0x16fa0</run_address>
         <size>0x1be</size>
         <input_file_ref idref="fl-e0"/>
      </object_component>
      <object_component id="oc-2fa">
         <name>.debug_info</name>
         <load_address>0x1715e</load_address>
         <run_address>0x1715e</run_address>
         <size>0x26f</size>
         <input_file_ref idref="fl-e1"/>
      </object_component>
      <object_component id="oc-264">
         <name>.debug_info</name>
         <load_address>0x173cd</load_address>
         <run_address>0x173cd</run_address>
         <size>0x18f</size>
         <input_file_ref idref="fl-e1"/>
      </object_component>
      <object_component id="oc-342">
         <name>.debug_info</name>
         <load_address>0x1755c</load_address>
         <run_address>0x1755c</run_address>
         <size>0x273</size>
         <input_file_ref idref="fl-e2"/>
      </object_component>
      <object_component id="oc-2f3">
         <name>.debug_info</name>
         <load_address>0x177cf</load_address>
         <run_address>0x177cf</run_address>
         <size>0x1f3</size>
         <input_file_ref idref="fl-e2"/>
      </object_component>
      <object_component id="oc-301">
         <name>.debug_info</name>
         <load_address>0x179c2</load_address>
         <run_address>0x179c2</run_address>
         <size>0x268</size>
         <input_file_ref idref="fl-e3"/>
      </object_component>
      <object_component id="oc-26a">
         <name>.debug_info</name>
         <load_address>0x17c2a</load_address>
         <run_address>0x17c2a</run_address>
         <size>0x133</size>
         <input_file_ref idref="fl-e3"/>
      </object_component>
      <object_component id="oc-345">
         <name>.debug_info</name>
         <load_address>0x17d5d</load_address>
         <run_address>0x17d5d</run_address>
         <size>0x46</size>
         <input_file_ref idref="fl-e3"/>
      </object_component>
      <object_component id="oc-2fc">
         <name>.debug_info</name>
         <load_address>0x17da3</load_address>
         <run_address>0x17da3</run_address>
         <size>0x39</size>
         <input_file_ref idref="fl-e3"/>
      </object_component>
      <object_component id="oc-333">
         <name>.debug_info</name>
         <load_address>0x17ddc</load_address>
         <run_address>0x17ddc</run_address>
         <size>0x273</size>
         <input_file_ref idref="fl-e4"/>
      </object_component>
      <object_component id="oc-2e7">
         <name>.debug_info</name>
         <load_address>0x1804f</load_address>
         <run_address>0x1804f</run_address>
         <size>0x167</size>
         <input_file_ref idref="fl-e4"/>
      </object_component>
      <object_component id="oc-35d">
         <name>.debug_info</name>
         <load_address>0x181b6</load_address>
         <run_address>0x181b6</run_address>
         <size>0x39</size>
         <input_file_ref idref="fl-e4"/>
      </object_component>
      <object_component id="oc-334">
         <name>.debug_info</name>
         <load_address>0x181ef</load_address>
         <run_address>0x181ef</run_address>
         <size>0x2c</size>
         <input_file_ref idref="fl-e4"/>
      </object_component>
      <object_component id="oc-340">
         <name>.debug_info</name>
         <load_address>0x1821b</load_address>
         <run_address>0x1821b</run_address>
         <size>0x2d6</size>
         <input_file_ref idref="fl-e5"/>
      </object_component>
      <object_component id="oc-2f0">
         <name>.debug_info</name>
         <load_address>0x184f1</load_address>
         <run_address>0x184f1</run_address>
         <size>0x186</size>
         <input_file_ref idref="fl-e5"/>
      </object_component>
      <object_component id="oc-32a">
         <name>.debug_info</name>
         <load_address>0x18677</load_address>
         <run_address>0x18677</run_address>
         <size>0x12b</size>
         <input_file_ref idref="fl-e6"/>
      </object_component>
      <object_component id="oc-2c0">
         <name>.debug_info</name>
         <load_address>0x187a2</load_address>
         <run_address>0x187a2</run_address>
         <size>0x12d</size>
         <input_file_ref idref="fl-e7"/>
      </object_component>
      <object_component id="oc-2bd">
         <name>.debug_info</name>
         <load_address>0x188cf</load_address>
         <run_address>0x188cf</run_address>
         <size>0x166</size>
         <input_file_ref idref="fl-e8"/>
      </object_component>
      <object_component id="oc-306">
         <name>.debug_info</name>
         <load_address>0x18a35</load_address>
         <run_address>0x18a35</run_address>
         <size>0x262</size>
         <input_file_ref idref="fl-e9"/>
      </object_component>
      <object_component id="oc-303">
         <name>.debug_info</name>
         <load_address>0x18c97</load_address>
         <run_address>0x18c97</run_address>
         <size>0xe7</size>
         <input_file_ref idref="fl-e9"/>
      </object_component>
      <object_component id="oc-273">
         <name>.debug_info</name>
         <load_address>0x18d7e</load_address>
         <run_address>0x18d7e</run_address>
         <size>0x127</size>
         <input_file_ref idref="fl-e9"/>
      </object_component>
      <object_component id="oc-33b">
         <name>.debug_info</name>
         <load_address>0x18ea5</load_address>
         <run_address>0x18ea5</run_address>
         <size>0x13a</size>
         <input_file_ref idref="fl-ea"/>
      </object_component>
      <object_component id="oc-322">
         <name>.debug_info</name>
         <load_address>0x18fdf</load_address>
         <run_address>0x18fdf</run_address>
         <size>0xf1</size>
         <input_file_ref idref="fl-eb"/>
      </object_component>
      <object_component id="oc-38d">
         <name>.debug_info</name>
         <load_address>0x190d0</load_address>
         <run_address>0x190d0</run_address>
         <size>0x97</size>
      </object_component>
      <object_component id="oc-215">
         <name>.debug_line</name>
         <load_address>0x0</load_address>
         <run_address>0x0</run_address>
         <size>0x56</size>
         <input_file_ref idref="fl-2"/>
      </object_component>
      <object_component id="oc-134">
         <name>.debug_line</name>
         <load_address>0x56</load_address>
         <run_address>0x56</run_address>
         <size>0x3f7</size>
         <input_file_ref idref="fl-2"/>
      </object_component>
      <object_component id="oc-23">
         <name>.debug_line</name>
         <load_address>0x44d</load_address>
         <run_address>0x44d</run_address>
         <size>0xb4</size>
         <input_file_ref idref="fl-2"/>
      </object_component>
      <object_component id="oc-1fb">
         <name>.debug_line</name>
         <load_address>0x501</load_address>
         <run_address>0x501</run_address>
         <size>0x56</size>
         <input_file_ref idref="fl-2"/>
      </object_component>
      <object_component id="oc-155">
         <name>.debug_line</name>
         <load_address>0x557</load_address>
         <run_address>0x557</run_address>
         <size>0x72</size>
         <input_file_ref idref="fl-2"/>
      </object_component>
      <object_component id="oc-91">
         <name>.debug_line</name>
         <load_address>0x5c9</load_address>
         <run_address>0x5c9</run_address>
         <size>0x5e</size>
         <input_file_ref idref="fl-2"/>
      </object_component>
      <object_component id="oc-a2">
         <name>.debug_line</name>
         <load_address>0x627</load_address>
         <run_address>0x627</run_address>
         <size>0x20</size>
         <input_file_ref idref="fl-2"/>
      </object_component>
      <object_component id="oc-9d">
         <name>.debug_line</name>
         <load_address>0x647</load_address>
         <run_address>0x647</run_address>
         <size>0x59</size>
         <input_file_ref idref="fl-2"/>
      </object_component>
      <object_component id="oc-211">
         <name>.debug_line</name>
         <load_address>0x6a0</load_address>
         <run_address>0x6a0</run_address>
         <size>0x76</size>
         <input_file_ref idref="fl-2"/>
      </object_component>
      <object_component id="oc-14e">
         <name>.debug_line</name>
         <load_address>0x716</load_address>
         <run_address>0x716</run_address>
         <size>0x73</size>
         <input_file_ref idref="fl-2"/>
      </object_component>
      <object_component id="oc-a7">
         <name>.debug_line</name>
         <load_address>0x789</load_address>
         <run_address>0x789</run_address>
         <size>0x5c</size>
         <input_file_ref idref="fl-2"/>
      </object_component>
      <object_component id="oc-199">
         <name>.debug_line</name>
         <load_address>0x7e5</load_address>
         <run_address>0x7e5</run_address>
         <size>0x5a</size>
         <input_file_ref idref="fl-2"/>
      </object_component>
      <object_component id="oc-178">
         <name>.debug_line</name>
         <load_address>0x83f</load_address>
         <run_address>0x83f</run_address>
         <size>0x59</size>
         <input_file_ref idref="fl-2"/>
      </object_component>
      <object_component id="oc-29f">
         <name>.debug_line</name>
         <load_address>0x898</load_address>
         <run_address>0x898</run_address>
         <size>0x20</size>
         <input_file_ref idref="fl-3"/>
      </object_component>
      <object_component id="oc-d7">
         <name>.debug_line</name>
         <load_address>0x8b8</load_address>
         <run_address>0x8b8</run_address>
         <size>0x58</size>
         <input_file_ref idref="fl-3"/>
      </object_component>
      <object_component id="oc-15a">
         <name>.debug_line</name>
         <load_address>0x910</load_address>
         <run_address>0x910</run_address>
         <size>0x5b</size>
         <input_file_ref idref="fl-3"/>
      </object_component>
      <object_component id="oc-19e">
         <name>.debug_line</name>
         <load_address>0x96b</load_address>
         <run_address>0x96b</run_address>
         <size>0x59</size>
         <input_file_ref idref="fl-3"/>
      </object_component>
      <object_component id="oc-15f">
         <name>.debug_line</name>
         <load_address>0x9c4</load_address>
         <run_address>0x9c4</run_address>
         <size>0x59</size>
         <input_file_ref idref="fl-3"/>
      </object_component>
      <object_component id="oc-164">
         <name>.debug_line</name>
         <load_address>0xa1d</load_address>
         <run_address>0xa1d</run_address>
         <size>0x5b</size>
         <input_file_ref idref="fl-3"/>
      </object_component>
      <object_component id="oc-169">
         <name>.debug_line</name>
         <load_address>0xa78</load_address>
         <run_address>0xa78</run_address>
         <size>0x59</size>
         <input_file_ref idref="fl-3"/>
      </object_component>
      <object_component id="oc-16e">
         <name>.debug_line</name>
         <load_address>0xad1</load_address>
         <run_address>0xad1</run_address>
         <size>0x5c</size>
         <input_file_ref idref="fl-3"/>
      </object_component>
      <object_component id="oc-173">
         <name>.debug_line</name>
         <load_address>0xb2d</load_address>
         <run_address>0xb2d</run_address>
         <size>0x5c</size>
         <input_file_ref idref="fl-3"/>
      </object_component>
      <object_component id="oc-1b8">
         <name>.debug_line</name>
         <load_address>0xb89</load_address>
         <run_address>0xb89</run_address>
         <size>0x55</size>
         <input_file_ref idref="fl-5"/>
      </object_component>
      <object_component id="oc-7d">
         <name>.debug_line</name>
         <load_address>0xbde</load_address>
         <run_address>0xbde</run_address>
         <size>0x365</size>
         <input_file_ref idref="fl-5"/>
      </object_component>
      <object_component id="oc-2c">
         <name>.debug_line</name>
         <load_address>0xf43</load_address>
         <run_address>0xf43</run_address>
         <size>0x7c</size>
         <input_file_ref idref="fl-5"/>
      </object_component>
      <object_component id="oc-de">
         <name>.debug_line</name>
         <load_address>0xfbf</load_address>
         <run_address>0xfbf</run_address>
         <size>0x55</size>
         <input_file_ref idref="fl-5"/>
      </object_component>
      <object_component id="oc-28f">
         <name>.debug_line</name>
         <load_address>0x1014</load_address>
         <run_address>0x1014</run_address>
         <size>0x20</size>
         <input_file_ref idref="fl-6"/>
      </object_component>
      <object_component id="oc-12e">
         <name>.debug_line</name>
         <load_address>0x1034</load_address>
         <run_address>0x1034</run_address>
         <size>0x836</size>
         <input_file_ref idref="fl-6"/>
      </object_component>
      <object_component id="oc-1f5">
         <name>.debug_line</name>
         <load_address>0x186a</load_address>
         <run_address>0x186a</run_address>
         <size>0x57</size>
         <input_file_ref idref="fl-6"/>
      </object_component>
      <object_component id="oc-1a3">
         <name>.debug_line</name>
         <load_address>0x18c1</load_address>
         <run_address>0x18c1</run_address>
         <size>0x5b</size>
         <input_file_ref idref="fl-6"/>
      </object_component>
      <object_component id="oc-1b5">
         <name>.debug_line</name>
         <load_address>0x191c</load_address>
         <run_address>0x191c</run_address>
         <size>0x5c</size>
         <input_file_ref idref="fl-6"/>
      </object_component>
      <object_component id="oc-288">
         <name>.debug_line</name>
         <load_address>0x1978</load_address>
         <run_address>0x1978</run_address>
         <size>0x20</size>
         <input_file_ref idref="fl-7"/>
      </object_component>
      <object_component id="oc-128">
         <name>.debug_line</name>
         <load_address>0x1998</load_address>
         <run_address>0x1998</run_address>
         <size>0x199</size>
         <input_file_ref idref="fl-7"/>
      </object_component>
      <object_component id="oc-28c">
         <name>.debug_line</name>
         <load_address>0x1b31</load_address>
         <run_address>0x1b31</run_address>
         <size>0x55</size>
         <input_file_ref idref="fl-7"/>
      </object_component>
      <object_component id="oc-190">
         <name>.debug_line</name>
         <load_address>0x1b86</load_address>
         <run_address>0x1b86</run_address>
         <size>0x20</size>
         <input_file_ref idref="fl-9"/>
      </object_component>
      <object_component id="oc-71">
         <name>.debug_line</name>
         <load_address>0x1ba6</load_address>
         <run_address>0x1ba6</run_address>
         <size>0x12f</size>
         <input_file_ref idref="fl-9"/>
      </object_component>
      <object_component id="oc-194">
         <name>.debug_line</name>
         <load_address>0x1cd5</load_address>
         <run_address>0x1cd5</run_address>
         <size>0x59</size>
         <input_file_ref idref="fl-9"/>
      </object_component>
      <object_component id="oc-cb">
         <name>.debug_line</name>
         <load_address>0x1d2e</load_address>
         <run_address>0x1d2e</run_address>
         <size>0x59</size>
         <input_file_ref idref="fl-9"/>
      </object_component>
      <object_component id="oc-1a8">
         <name>.debug_line</name>
         <load_address>0x1d87</load_address>
         <run_address>0x1d87</run_address>
         <size>0x59</size>
         <input_file_ref idref="fl-9"/>
      </object_component>
      <object_component id="oc-23d">
         <name>.debug_line</name>
         <load_address>0x1de0</load_address>
         <run_address>0x1de0</run_address>
         <size>0x55</size>
         <input_file_ref idref="fl-9"/>
      </object_component>
      <object_component id="oc-d1">
         <name>.debug_line</name>
         <load_address>0x1e35</load_address>
         <run_address>0x1e35</run_address>
         <size>0xdc</size>
         <input_file_ref idref="fl-a"/>
      </object_component>
      <object_component id="oc-234">
         <name>.debug_line</name>
         <load_address>0x1f11</load_address>
         <run_address>0x1f11</run_address>
         <size>0x6c</size>
         <input_file_ref idref="fl-b"/>
      </object_component>
      <object_component id="oc-232">
         <name>.debug_line</name>
         <load_address>0x1f7d</load_address>
         <run_address>0x1f7d</run_address>
         <size>0x36</size>
         <input_file_ref idref="fl-b"/>
      </object_component>
      <object_component id="oc-116">
         <name>.debug_line</name>
         <load_address>0x1fb3</load_address>
         <run_address>0x1fb3</run_address>
         <size>0x2c0</size>
         <input_file_ref idref="fl-b"/>
      </object_component>
      <object_component id="oc-238">
         <name>.debug_line</name>
         <load_address>0x2273</load_address>
         <run_address>0x2273</run_address>
         <size>0x36</size>
         <input_file_ref idref="fl-b"/>
      </object_component>
      <object_component id="oc-6c">
         <name>.debug_line</name>
         <load_address>0x22a9</load_address>
         <run_address>0x22a9</run_address>
         <size>0x2f2</size>
         <input_file_ref idref="fl-c"/>
      </object_component>
      <object_component id="oc-32">
         <name>.debug_line</name>
         <load_address>0x259b</load_address>
         <run_address>0x259b</run_address>
         <size>0x52</size>
         <input_file_ref idref="fl-e"/>
      </object_component>
      <object_component id="oc-1fe">
         <name>.debug_line</name>
         <load_address>0x25ed</load_address>
         <run_address>0x25ed</run_address>
         <size>0x1e7</size>
         <input_file_ref idref="fl-f"/>
      </object_component>
      <object_component id="oc-89">
         <name>.debug_line</name>
         <load_address>0x27d4</load_address>
         <run_address>0x27d4</run_address>
         <size>0xdf</size>
         <input_file_ref idref="fl-f"/>
      </object_component>
      <object_component id="oc-202">
         <name>.debug_line</name>
         <load_address>0x28b3</load_address>
         <run_address>0x28b3</run_address>
         <size>0x6d</size>
         <input_file_ref idref="fl-f"/>
      </object_component>
      <object_component id="oc-1ea">
         <name>.debug_line</name>
         <load_address>0x2920</load_address>
         <run_address>0x2920</run_address>
         <size>0x6e</size>
         <input_file_ref idref="fl-f"/>
      </object_component>
      <object_component id="oc-83">
         <name>.debug_line</name>
         <load_address>0x298e</load_address>
         <run_address>0x298e</run_address>
         <size>0x1f3</size>
         <input_file_ref idref="fl-10"/>
      </object_component>
      <object_component id="oc-2a1">
         <name>.debug_line</name>
         <load_address>0x2b81</load_address>
         <run_address>0x2b81</run_address>
         <size>0x20</size>
         <input_file_ref idref="fl-11"/>
      </object_component>
      <object_component id="oc-1b0">
         <name>.debug_line</name>
         <load_address>0x2ba1</load_address>
         <run_address>0x2ba1</run_address>
         <size>0x59</size>
         <input_file_ref idref="fl-11"/>
      </object_component>
      <object_component id="oc-37">
         <name>.debug_line</name>
         <load_address>0x2bfa</load_address>
         <run_address>0x2bfa</run_address>
         <size>0x4e</size>
         <input_file_ref idref="fl-12"/>
      </object_component>
      <object_component id="oc-1d">
         <name>.debug_line</name>
         <load_address>0x2c48</load_address>
         <run_address>0x2c48</run_address>
         <size>0x7b</size>
         <input_file_ref idref="fl-15"/>
      </object_component>
      <object_component id="oc-151">
         <name>.debug_line</name>
         <load_address>0x2cc3</load_address>
         <run_address>0x2cc3</run_address>
         <size>0x8e</size>
         <input_file_ref idref="fl-16"/>
      </object_component>
      <object_component id="oc-94">
         <name>.debug_line</name>
         <load_address>0x2d51</load_address>
         <run_address>0x2d51</run_address>
         <size>0x3a</size>
         <input_file_ref idref="fl-16"/>
      </object_component>
      <object_component id="oc-3e">
         <name>.debug_line</name>
         <load_address>0x2d8b</load_address>
         <run_address>0x2d8b</run_address>
         <size>0x1b2</size>
         <input_file_ref idref="fl-16"/>
      </object_component>
      <object_component id="oc-43">
         <name>.debug_line</name>
         <load_address>0x2f3d</load_address>
         <run_address>0x2f3d</run_address>
         <size>0xbc</size>
         <input_file_ref idref="fl-16"/>
      </object_component>
      <object_component id="oc-17d">
         <name>.debug_line</name>
         <load_address>0x2ff9</load_address>
         <run_address>0x2ff9</run_address>
         <size>0x3a</size>
         <input_file_ref idref="fl-16"/>
      </object_component>
      <object_component id="oc-1ac">
         <name>.debug_line</name>
         <load_address>0x3033</load_address>
         <run_address>0x3033</run_address>
         <size>0x92</size>
         <input_file_ref idref="fl-17"/>
      </object_component>
      <object_component id="oc-77">
         <name>.debug_line</name>
         <load_address>0x30c5</load_address>
         <run_address>0x30c5</run_address>
[...]
         <name>sciSendByte</name>
         <value>0x5e1c</value>
         <object_component_ref idref="oc-112"/>
      </symbol>
      <symbol id="sm-436">
         <name>sciEnableLoopback</name>
         <value>0x6154</value>
         <object_component_ref idref="oc-112"/>
      </symbol>
      <symbol id="sm-437">
         <name>sciIsIdleDetected</name>
         <value>0x5fcc</value>
         <object_component_ref idref="oc-112"/>
      </symbol>
      <symbol id="sm-438">
         <name>sciEnterResetState</name>
         <value>0x62d4</value>
         <object_component_ref idref="oc-112"/>
      </symbol>
      <symbol id="sm-464">
         <name>_iCacheInvalidate_</name>
         <value>0x78f4</value>
         <object_component_ref idref="oc-68"/>
      </symbol>
      <symbol id="sm-465">
         <name>_disable_IRQ_interrupt_</name>
         <value>0x7784</value>
         <object_component_ref idref="oc-68"/>
      </symbol>
      <symbol id="sm-466">
         <name>_coreGetInstructionFaultAddress_</name>
         <value>0x7748</value>
         <object_component_ref idref="oc-68"/>
      </symbol>
      <symbol id="sm-467">
         <name>_coreGetDataFault_</name>
         <value>0x770c</value>
         <object_component_ref idref="oc-68"/>
      </symbol>
      <symbol id="sm-468">
         <name>_coreDisableEventBusExport_</name>
         <value>0x76ec</value>
         <object_component_ref idref="oc-68"/>
      </symbol>
      <symbol id="sm-469">
         <name>_coreClearDataFaultAddress_</name>
         <value>0x773c</value>
         <object_component_ref idref="oc-68"/>
      </symbol>
      <symbol id="sm-46a">
         <name>__TI_PINIT_Base</name>
         <value>0x7908</value>
         <object_component_ref idref="oc-68"/>
      </symbol>
      <symbol id="sm-46b">
         <name>_coreInitRegisters_</name>
         <value>0x754c</value>
         <object_component_ref idref="oc-68"/>
      </symbol>
      <symbol id="sm-46c">
         <name>_coreClearInstructionFaultAddress_</name>
         <value>0x7750</value>
         <object_component_ref idref="oc-68"/>
      </symbol>
      <symbol id="sm-46d">
         <name>_coreClearDataFault_</name>
         <value>0x7714</value>
         <object_component_ref idref="oc-68"/>
      </symbol>
      <symbol id="sm-46e">
         <name>_coreGetAuxiliaryDataFault_</name>
         <value>0x775c</value>
         <object_component_ref idref="oc-68"/>
      </symbol>
      <symbol id="sm-46f">
         <name>_enable_interrupt_</name>
         <value>0x7794</value>
         <object_component_ref idref="oc-68"/>
      </symbol>
      <symbol id="sm-470">
         <name>_coreClearAuxiliaryInstructionFault_</name>
         <value>0x7778</value>
         <object_component_ref idref="oc-68"/>
      </symbol>
      <symbol id="sm-471">
         <name>_memInit_</name>
         <value>0x7824</value>
         <object_component_ref idref="oc-68"/>
      </symbol>
      <symbol id="sm-472">
         <name>_dCacheInvalidate_</name>
         <value>0x78e0</value>
         <object_component_ref idref="oc-68"/>
      </symbol>
      <symbol id="sm-473">
         <name>_coreGetDataFaultAddress_</name>
         <value>0x7734</value>
         <object_component_ref idref="oc-68"/>
      </symbol>
      <symbol id="sm-474">
         <name>_coreClearInstructionFault_</name>
         <value>0x7728</value>
         <object_component_ref idref="oc-68"/>
      </symbol>
      <symbol id="sm-475">
         <name>_getCPSRValue_</name>
         <value>0x76a4</value>
         <object_component_ref idref="oc-68"/>
      </symbol>
      <symbol id="sm-476">
         <name>_cacheDisable_</name>
         <value>0x78bc</value>
         <object_component_ref idref="oc-68"/>
      </symbol>
      <symbol id="sm-477">
         <name>_enable_IRQ_interrupt_</name>
         <value>0x778c</value>
         <object_component_ref idref="oc-68"/>
      </symbol>
      <symbol id="sm-478">
         <name>__TI_PINIT_Limit</name>
         <value>0x790c</value>
         <object_component_ref idref="oc-68"/>
      </symbol>
      <symbol id="sm-479">
         <name>_coreGetAuxiliaryInstructionFault_</name>
         <value>0x7770</value>
         <object_component_ref idref="oc-68"/>
      </symbol>
      <symbol id="sm-47a">
         <name>_coreInitStackPointer_</name>
         <value>0x7658</value>
         <object_component_ref idref="oc-68"/>
      </symbol>
      <symbol id="sm-47b">
         <name>_esmCcmErrorsClear_</name>
         <value>0x779c</value>
         <object_component_ref idref="oc-68"/>
      </symbol>
      <symbol id="sm-47c">
         <name>_gotoCPUIdle_</name>
         <value>0x76ac</value>
         <object_component_ref idref="oc-68"/>
      </symbol>
      <symbol id="sm-47d">
         <name>_coreEnableIrqVicOffset_</name>
         <value>0x76fc</value>
         <object_component_ref idref="oc-68"/>
      </symbol>
      <symbol id="sm-47e">
         <name>_coreGetInstructionFault_</name>
         <value>0x7720</value>
         <object_component_ref idref="oc-68"/>
      </symbol>
      <symbol id="sm-47f">
         <name>_cacheEnable_</name>
         <value>0x7878</value>
         <object_component_ref idref="oc-68"/>
      </symbol>
      <symbol id="sm-480">
         <name>_coreEnableVfp_</name>
         <value>0x76c4</value>
         <object_component_ref idref="oc-68"/>
      </symbol>
      <symbol id="sm-481">
         <name>_coreClearAuxiliaryDataFault_</name>
         <value>0x7764</value>
         <object_component_ref idref="oc-68"/>
      </symbol>
      <symbol id="sm-482">
         <name>_coreEnableEventBusExport_</name>
         <value>0x76dc</value>
         <object_component_ref idref="oc-68"/>
      </symbol>
      <symbol id="sm-483">
         <name>_checkMemInitOn_</name>
         <value>0x7858</value>
         <object_component_ref idref="oc-68"/>
      </symbol>
      <symbol id="sm-491">
         <name>resetEntry</name>
         <value>0x0</value>
         <object_component_ref idref="oc-2e"/>
      </symbol>
      <symbol id="sm-4c7">
         <name>buf</name>
         <value>0x8001500</value>
      </symbol>
      <symbol id="sm-4c8">
         <name>buf_len</name>
         <value>0x80015d4</value>
      </symbol>
      <symbol id="sm-4c9">
         <name>throttle</name>
         <value>0x80015e0</value>
      </symbol>
      <symbol id="sm-4ca">
         <name>aileron</name>
         <value>0x80015d0</value>
      </symbol>
      <symbol id="sm-4cb">
         <name>elevator</name>
         <value>0x80015d8</value>
      </symbol>
      <symbol id="sm-4cc">
         <name>rudder</name>
         <value>0x80015dc</value>
      </symbol>
      <symbol id="sm-4cd">
         <name>ecapNotification</name>
         <value>0x71f8</value>
         <object_component_ref idref="oc-85"/>
      </symbol>
      <symbol id="sm-4ce">
         <name>main</name>
         <value>0x70d8</value>
         <object_component_ref idref="oc-85"/>
      </symbol>
      <symbol id="sm-4cf">
         <name>sci_display</name>
         <value>0x73e0</value>
         <object_component_ref idref="oc-85"/>
      </symbol>
      <symbol id="sm-4d0">
         <name>wait</name>
         <value>0x7440</value>
         <object_component_ref idref="oc-85"/>
      </symbol>
      <symbol id="sm-4eb">
         <name>_mpuSetRegionBaseAddress_</name>
         <value>0x7c40</value>
         <object_component_ref idref="oc-7f"/>
      </symbol>
      <symbol id="sm-4ec">
         <name>_mpuInit_</name>
         <value>0x7910</value>
         <object_component_ref idref="oc-7f"/>
      </symbol>
      <symbol id="sm-4ed">
         <name>_mpuSetRegionSizeRegister_</name>
         <value>0x7c74</value>
         <object_component_ref idref="oc-7f"/>
      </symbol>
      <symbol id="sm-4ee">
         <name>_mpuDisableBackgroundRegion_</name>
         <value>0x7c08</value>
         <object_component_ref idref="oc-7f"/>
      </symbol>
      <symbol id="sm-4ef">
         <name>_mpuSetRegionTypeAndPermission_</name>
         <value>0x7c50</value>
         <object_component_ref idref="oc-7f"/>
      </symbol>
      <symbol id="sm-4f0">
         <name>_mpuGetRegionPermission_</name>
         <value>0x7c68</value>
         <object_component_ref idref="oc-7f"/>
      </symbol>
      <symbol id="sm-4f1">
         <name>_mpuEnable_</name>
         <value>0x7bc8</value>
         <object_component_ref idref="oc-7f"/>
      </symbol>
      <symbol id="sm-4f2">
         <name>_mpuGetNumberOfRegions_</name>
         <value>0x7c18</value>
         <object_component_ref idref="oc-7f"/>
      </symbol>
      <symbol id="sm-4f3">
         <name>_mpuAreRegionsSeparate_</name>
         <value>0x7c24</value>
         <object_component_ref idref="oc-7f"/>
      </symbol>
      <symbol id="sm-4f4">
         <name>_mpuEnableBackgroundRegion_</name>
         <value>0x7bf8</value>
         <object_component_ref idref="oc-7f"/>
      </symbol>
      <symbol id="sm-4f5">
         <name>_mpuGetRegionType_</name>
         <value>0x7c5c</value>
         <object_component_ref idref="oc-7f"/>
      </symbol>
      <symbol id="sm-4f6">
         <name>_mpuDisable_</name>
         <value>0x7be0</value>
         <object_component_ref idref="oc-7f"/>
      </symbol>
      <symbol id="sm-4f7">
         <name>_mpuGetRegionBaseAddress_</name>
         <value>0x7c48</value>
         <object_component_ref idref="oc-7f"/>
      </symbol>
      <symbol id="sm-4f8">
         <name>_mpuSetRegion_</name>
         <value>0x7c30</value>
         <object_component_ref idref="oc-7f"/>
      </symbol>
      <symbol id="sm-4f9">
         <name>_mpuGetRegion_</name>
         <value>0x7c38</value>
         <object_component_ref idref="oc-7f"/>
      </symbol>
      <symbol id="sm-50c">
         <name>phantomInterrupt</name>
         <value>0x9bec</value>
         <object_component_ref idref="oc-33"/>
      </symbol>
      <symbol id="sm-520">
         <name>_c_int00</name>
         <value>0x9448</value>
         <object_component_ref idref="oc-19"/>
      </symbol>
      <symbol id="sm-5c3">
         <name>vimChannelMap</name>
         <value>0x4b00</value>
         <object_component_ref idref="oc-3a"/>
      </symbol>
      <symbol id="sm-5c4">
         <name>vimInit</name>
         <value>0x4a2c</value>
         <object_component_ref idref="oc-3a"/>
      </symbol>
      <symbol id="sm-5c5">
         <name>vimEnableInterrupt</name>
         <value>0x4ba4</value>
         <object_component_ref idref="oc-3a"/>
      </symbol>
      <symbol id="sm-5c6">
         <name>vimDisableInterrupt</name>
         <value>0x4d6c</value>
         <object_component_ref idref="oc-3a"/>
      </symbol>
      <symbol id="sm-5c7">
         <name>vimGetConfigValue</name>
         <value>0x4e18</value>
         <object_component_ref idref="oc-3a"/>
      </symbol>
      <symbol id="sm-5c8">
         <name>vimECCErrorHandler</name>
         <value>0x7c7c</value>
         <object_component_ref idref="oc-39"/>
      </symbol>
      <symbol id="sm-616">
         <name>systemGetConfigValue</name>
         <value>0x4564</value>
         <object_component_ref idref="oc-73"/>
      </symbol>
      <symbol id="sm-617">
         <name>trimLPO</name>
         <value>0x4130</value>
         <object_component_ref idref="oc-73"/>
      </symbol>
      <symbol id="sm-618">
         <name>systemInit</name>
         <value>0x4398</value>
         <object_component_ref idref="oc-73"/>
      </symbol>
      <symbol id="sm-619">
         <name>periphInit</name>
         <value>0x41b8</value>
         <object_component_ref idref="oc-73"/>
      </symbol>
      <symbol id="sm-61a">
         <name>setupFlash</name>
         <value>0x4178</value>
         <object_component_ref idref="oc-73"/>
      </symbol>
      <symbol id="sm-61b">
         <name>setupPLL</name>
         <value>0x40d0</value>
         <object_component_ref idref="oc-73"/>
      </symbol>
      <symbol id="sm-61c">
         <name>getResetSource</name>
         <value>0x443c</value>
         <object_component_ref idref="oc-73"/>
      </symbol>
      <symbol id="sm-61d">
         <name>mapClocks</name>
         <value>0x426c</value>
         <object_component_ref idref="oc-73"/>
      </symbol>
      <symbol id="sm-61e">
         <name>systemPowerDown</name>
         <value>0x440c</value>
         <object_component_ref idref="oc-73"/>
      </symbol>
      <symbol id="sm-647">
         <name>floorl</name>
         <value>0x8f4c</value>
         <object_component_ref idref="oc-1c8"/>
      </symbol>
      <symbol id="sm-648">
         <name>floor</name>
         <value>0x8f4c</value>
         <object_component_ref idref="oc-1c8"/>
      </symbol>
      <symbol id="sm-670">
         <name>__TI_auto_init_nobinit_nopinit</name>
         <value>0x98d8</value>
         <object_component_ref idref="oc-e2"/>
      </symbol>
      <symbol id="sm-689">
         <name>__TI_zero_init_nomemset</name>
         <value>0x9b54</value>
         <object_component_ref idref="oc-5c"/>
      </symbol>
      <symbol id="sm-6a0">
         <name>__TI_decompress_none</name>
         <value>0x9bc4</value>
         <object_component_ref idref="oc-12"/>
      </symbol>
      <symbol id="sm-6c3">
         <name>__TI_decompress_lzss</name>
         <value>0x9644</value>
         <object_component_ref idref="oc-c"/>
      </symbol>
      <symbol id="sm-6ce">
         <name>C$$EXIT</name>
         <value>0x9be4</value>
         <object_component_ref idref="oc-13f"/>
      </symbol>
      <symbol id="sm-6cf">
         <name>abort</name>
         <value>0x9be4</value>
         <object_component_ref idref="oc-13f"/>
      </symbol>
      <symbol id="sm-6f7">
         <name>sprintf</name>
         <value>0x99a4</value>
         <object_component_ref idref="oc-118"/>
      </symbol>
      <symbol id="sm-705">
         <name>strlen</name>
         <value>0x9b74</value>
         <object_component_ref idref="oc-11e"/>
      </symbol>
      <symbol id="sm-71e">
         <name>memcpy</name>
         <value>0x89b4</value>
         <object_component_ref idref="oc-50"/>
      </symbol>
      <symbol id="sm-71f">
         <name>__aeabi_memcpy</name>
         <value>0x89b4</value>
         <object_component_ref idref="oc-50"/>
      </symbol>
      <symbol id="sm-720">
         <name>__aeabi_memcpy8</name>
         <value>0x89b4</value>
         <object_component_ref idref="oc-50"/>
      </symbol>
      <symbol id="sm-721">
         <name>__aeabi_memcpy4</name>
         <value>0x89b4</value>
         <object_component_ref idref="oc-50"/>
      </symbol>
      <symbol id="sm-730">
         <name>__aeabi_memset</name>
         <value>0x9500</value>
         <object_component_ref idref="oc-bf"/>
      </symbol>
      <symbol id="sm-731">
         <name>memset</name>
         <value>0x950c</value>
         <object_component_ref idref="oc-bf"/>
      </symbol>
      <symbol id="sm-732">
         <name>__aeabi_memset8</name>
         <value>0x9500</value>
         <object_component_ref idref="oc-bf"/>
      </symbol>
      <symbol id="sm-733">
         <name>__aeabi_memset4</name>
         <value>0x9500</value>
         <object_component_ref idref="oc-bf"/>
      </symbol>
      <symbol id="sm-734">
         <name>__aeabi_memclr8</name>
         <value>0x94fc</value>
         <object_component_ref idref="oc-bf"/>
      </symbol>
      <symbol id="sm-735">
         <name>__aeabi_memclr4</name>
         <value>0x94fc</value>
         <object_component_ref idref="oc-bf"/>
      </symbol>
      <symbol id="sm-736">
         <name>__aeabi_memclr</name>
         <value>0x94fc</value>
         <object_component_ref idref="oc-bf"/>
      </symbol>
      <symbol id="sm-87b">
         <name>__TI_printfi</name>
         <value>0x2768</value>
         <object_component_ref idref="oc-1d3"/>
      </symbol>
      <symbol id="sm-88e">
         <name>atoi</name>
         <value>0x9760</value>
         <object_component_ref idref="oc-23f"/>
      </symbol>
      <symbol id="sm-899">
         <name>_ctypes_</name>
         <value>0x9e00</value>
         <object_component_ref idref="oc-2b5"/>
      </symbol>
      <symbol id="sm-8a7">
         <name>ltoa</name>
         <value>0x97e4</value>
         <object_component_ref idref="oc-2c5"/>
      </symbol>
      <symbol id="sm-8b6">
         <name>memccpy</name>
         <value>0x9adc</value>
         <object_component_ref idref="oc-263"/>
      </symbol>
      <symbol id="sm-8c4">
         <name>strchr</name>
         <value>0x9b08</value>
         <object_component_ref idref="oc-2f2"/>
      </symbol>
      <symbol id="sm-8dc">
         <name>wcslen</name>
         <value>0x9b30</value>
         <object_component_ref idref="oc-269"/>
      </symbol>
      <symbol id="sm-8f9">
         <name>frexpl</name>
         <value>0x96d4</value>
         <object_component_ref idref="oc-2e6"/>
      </symbol>
      <symbol id="sm-8fa">
         <name>frexp</name>
         <value>0x96d4</value>
         <object_component_ref idref="oc-2e6"/>
      </symbol>
      <symbol id="sm-914">
         <name>scalbn</name>
         <value>0x9088</value>
         <object_component_ref idref="oc-2ec"/>
      </symbol>
      <symbol id="sm-915">
         <name>scalbnl</name>
         <value>0x9088</value>
         <object_component_ref idref="oc-2ec"/>
      </symbol>
      <symbol id="sm-916">
         <name>ldexpl</name>
         <value>0x9088</value>
         <object_component_ref idref="oc-2ec"/>
      </symbol>
      <symbol id="sm-917">
         <name>ldexp</name>
         <value>0x9088</value>
         <object_component_ref idref="oc-2ec"/>
      </symbol>
      <symbol id="sm-923">
         <name>__aeabi_idivmod</name>
         <value>0x9a08</value>
         <object_component_ref idref="oc-327"/>
      </symbol>
      <symbol id="sm-924">
         <name>__aeabi_idiv</name>
         <value>0x9a08</value>
         <object_component_ref idref="oc-327"/>
      </symbol>
      <symbol id="sm-930">
         <name>__aeabi_uidivmod</name>
         <value>0x9a5c</value>
         <object_component_ref idref="oc-2bf"/>
      </symbol>
      <symbol id="sm-931">
         <name>__aeabi_uidiv</name>
         <value>0x9a5c</value>
         <object_component_ref idref="oc-2bf"/>
      </symbol>
      <symbol id="sm-94d">
         <name>__aeabi_uldivmod</name>
         <value>0x8294</value>
         <object_component_ref idref="oc-2ba"/>
      </symbol>
      <symbol id="sm-963">
         <name>__aeabi_errno_addr</name>
         <value>0x9bd8</value>
         <object_component_ref idref="oc-26f"/>
      </symbol>
      <symbol id="sm-964">
         <name>errno</name>
         <value>0x80015e4</value>
         <object_component_ref idref="oc-302"/>
      </symbol>
      <symbol id="sm-96e">
         <name>copysign</name>
         <value>0x9b94</value>
         <object_component_ref idref="oc-339"/>
      </symbol>
      <symbol id="sm-96f">
         <name>copysignl</name>
         <value>0x9b94</value>
         <object_component_ref idref="oc-339"/>
      </symbol>
      <symbol id="sm-979">
         <name>__aeabi_idiv0</name>
         <value>0x9bf0</value>
         <object_component_ref idref="oc-321"/>
      </symbol>
      <symbol id="sm-97a">
         <name>__aeabi_ldiv0</name>
         <value>0x9bf0</value>
         <object_component_ref idref="oc-321"/>
      </symbol>
      <symbol id="sm-97b">
         <name>__TI_static_base__</name>
         <value>0x0</value>
      </symbol>
      <symbol id="sm-97e">
         <name>SHT$$INIT_ARRAY$$Base</name>
         <value>0x0</value>
      </symbol>
      <symbol id="sm-97f">
         <name>SHT$$INIT_ARRAY$$Limit</name>
         <value>0x0</value>
      </symbol>
      <symbol id="sm-980">
         <name>_system_post_cinit</name>
         <value>0x0</value>
      </symbol>
   </symbol_table>
   <title>Link successful</title>
</link_info>
