******************************************************************************
                  TI ARM Linker Unix v18.1.3                   
******************************************************************************
>> Linked Wed Mar  6 17:05:10 2019

OUTPUT FILE NAME:   <muc_pc_test.out>
ENTRY POINT SYMBOL: "_c_int00"  address: 00003c34


MEMORY CONFIGURATION

         name            origin    length      used     unused   attr    fill
----------------------  --------  ---------  --------  --------  ----  --------
  VECTORS               00000000   00000020  00000020  00000000     X
  FLASH0                00000020   001fffe0  000040a4  001fbf3c  R  X
  FLASH1                00200000   00200000  00000000  00200000  R  X
  STACKS                08000000   00001500  00000000  00001500  RW  
  RAM                   08001500   0007eb00  00000078  0007ea88  RW  


SEGMENT ALLOCATION MAP

run origin  load origin   length   init length attrs members
----------  ----------- ---------- ----------- ----- -------
00000000    00000000    00003e94   00003e94    r-x
  00000000    00000000    00000020   00000020    r-x .intvecs
  00000020    00000020    00003e74   00003e74    r-x .text
00003ea0    00003ea0    00000230   00000230    r--
  00003ea0    00003ea0    00000200   00000200    r-- .const
  000040a0    000040a0    00000030   00000030    r-- .cinit
08001500    08001500    00000078   00000000    rw-
  08001500    08001500    00000071   00000000    rw- .bss
  08001571    08001571    00000007   00000000    rw- .data


SECTION ALLOCATION MAP

 output                                  attributes/
section   page    origin      length       input sections
--------  ----  ----------  ----------   ----------------
.intvecs   0    00000000    00000020     
                  00000000    00000020     HL_sys_intvecs.obj (.intvecs)

.text      0    00000020    00003e74     
                  00000020    000009c0     HL_pinmux.obj (.text)
                  000009e0    0000095c     HL_system.obj (.text)
                  0000133c    00000938     HL_sys_vim.obj (.text)
                  00001c74    00000870     HL_sci.obj (.text)
                  000024e4    0000078c     HL_esm.obj (.text)
                  00002c70    000003c4     HL_sys_core.obj (.text)
                  00003034    0000036c     HL_sys_mpu.obj (.text)
                  000033a0    0000033c     HL_sys_vim.obj (.text:retain)
                  000036dc    00000180     rtsv7R4_A_be_v3D16_eabi.lib : memcpy32.asm.obj (.text)
                  0000385c    00000178     HL_esm.obj (.text:retain)
                  000039d4    0000013c     rtsv7R4_A_be_v3D16_eabi.lib : s_floor.c.obj (.text:floor)
                  00003b10    00000124     HL_sys_main.obj (.text)
                  00003c34    000000b4     HL_sys_startup.obj (.text:retain)
                  00003ce8    00000090     rtsv7R4_A_be_v3D16_eabi.lib : copy_decompress_lzss.c.obj (.text:decompress:lzss:__TI_decompress_lzss)
                  00003d78    00000074     HL_notification.obj (.text)
                  00003dec    00000068     rtsv7R4_A_be_v3D16_eabi.lib : autoinit.c.obj (.text:__TI_auto_init_nobinit_nopinit:__TI_auto_init_nobinit_nopinit)
                  00003e54    00000020                                 : copy_zero_init.c.obj (.text:decompress:ZI:__TI_zero_init_nomemset:__TI_zero_init_nomemset)
                  00003e74    00000014                                 : copy_decompress_none.c.obj (.text:decompress:none:__TI_decompress_none)
                  00003e88    00000008                                 : exit.c.obj (.text:abort:abort)
                  00003e90    00000004     HL_sys_phantom.obj (.text:retain)

.const     0    00003ea0    00000200     
                  00003ea0    00000200     HL_sys_vim.obj (.const:s_vim_init)

.cinit     0    000040a0    00000030     
                  000040a0    0000000c     (__TI_handler_table)
                  000040ac    0000000b     (.cinit..data.load) [load image, compression = lzss]
                  000040b7    00000001     --HOLE-- [fill = 0]
                  000040b8    00000008     (.cinit..bss.load) [load image, compression = zero_init]
                  000040c0    00000010     (__TI_cinit_table)

.bss       0    08001500    00000071     UNINITIALIZED
                  08001500    00000050     HL_sci.obj (.bss:g_sciTransfer_t)
                  08001550    00000020     (.common:txt_buf)
                  08001570    00000001     (.common:tb_len)

.data      0    08001571    00000007     UNINITIALIZED
                  08001571    00000007     HL_sys_main.obj (.data:TEXT)

MODULE SUMMARY

       Module                       code    ro data   rw data
       ------                       ----    -------   -------
    ./source/
       HL_sys_vim.obj               3188    512       0      
       HL_pinmux.obj                2496    0         0      
       HL_system.obj                2396    0         0      
       HL_esm.obj                   2308    0         0      
       HL_sci.obj                   2160    0         80     
       HL_sys_core.obj              964     0         0      
       HL_sys_mpu.obj               876     0         0      
       HL_sys_main.obj              292     0         40     
       HL_sys_startup.obj           180     0         0      
       HL_notification.obj          116     0         0      
       HL_sys_intvecs.obj           32      0         0      
       HL_sys_phantom.obj           4       0         0      
    +--+----------------------------+-------+---------+---------+
       Total:                       15012   512       120    
                                                             
    /home/koitt/ti/ccsv8/tools/compiler/ti-cgt-arm_18.1.3.LTS/lib/rtsv7R4_A_be_v3D16_eabi.lib
       memcpy32.asm.obj             384     0         0      
       s_floor.c.obj                316     0         0      
       copy_decompress_lzss.c.obj   144     0         0      
       autoinit.c.obj               104     0         0      
       copy_zero_init.c.obj         32      0         0      
       copy_decompress_none.c.obj   20      0         0      
       exit.c.obj                   8       0         0      
    +--+----------------------------+-------+---------+---------+
       Total:                       1008    0         0      
                                                             
       Linker Generated:            0       47        0      
    +--+----------------------------+-------+---------+---------+
       Grand Total:                 16020   559       120    


LINKER GENERATED COPY TABLES

__TI_cinit_table @ 000040c0 records: 2, size/record: 8, table size: 16
	.data: load addr=000040ac, load size=0000000b bytes, run addr=08001571, run size=00000007 bytes, compression=lzss
	.bss: load addr=000040b8, load size=00000008 bytes, run addr=08001500, run size=00000071 bytes, compression=zero_init


LINKER GENERATED HANDLER TABLE

__TI_handler_table @ 000040a0 records: 3, size/record: 4, table size: 12
	index: 0, handler: __TI_zero_init
	index: 1, handler: __TI_decompress_lzss
	index: 2, handler: __TI_decompress_none


GLOBAL SYMBOLS: SORTED ALPHABETICALLY BY Name 

address   name                                
-------   ----                                
00003e88  C$$EXIT                             
UNDEFED   SHT$$INIT_ARRAY$$Base               
UNDEFED   SHT$$INIT_ARRAY$$Limit              
08001571  TEXT                                
000040c0  __TI_CINIT_Base                     
000040d0  __TI_CINIT_Limit                    
000040a0  __TI_Handler_Table_Base             
000040ac  __TI_Handler_Table_Limit            
0000302c  __TI_PINIT_Base                     
00003030  __TI_PINIT_Limit                    
00003dec  __TI_auto_init_nobinit_nopinit      
00003ce8  __TI_decompress_lzss                
00003e74  __TI_decompress_none                
ffffffff  __TI_pprof_out_hndl                 
ffffffff  __TI_prof_data_size                 
ffffffff  __TI_prof_data_start                
00000000  __TI_static_base__                  
00003e54  __TI_zero_init_nomemset             
000036dc  __aeabi_memcpy                      
000036dc  __aeabi_memcpy4                     
000036dc  __aeabi_memcpy8                     
ffffffff  __binit__                           
ffffffff  __c_args__                          
00003c34  _c_int00                            
00002fe0  _cacheDisable_                      
00002f9c  _cacheEnable_                       
00002f7c  _checkMemInitOn_                    
00002e88  _coreClearAuxiliaryDataFault_       
00002e9c  _coreClearAuxiliaryInstructionFault_
00002e60  _coreClearDataFaultAddress_         
00002e38  _coreClearDataFault_                
00002e74  _coreClearInstructionFaultAddress_  
00002e4c  _coreClearInstructionFault_         
00002e10  _coreDisableEventBusExport_         
00002e00  _coreEnableEventBusExport_          
00002e20  _coreEnableIrqVicOffset_            
00002de8  _coreEnableVfp_                     
00002e80  _coreGetAuxiliaryDataFault_         
00002e94  _coreGetAuxiliaryInstructionFault_  
00002e58  _coreGetDataFaultAddress_           
00002e30  _coreGetDataFault_                  
00002e6c  _coreGetInstructionFaultAddress_    
00002e44  _coreGetInstructionFault_           
00002c70  _coreInitRegisters_                 
00002d7c  _coreInitStackPointer_              
00003004  _dCacheInvalidate_                  
00002ea8  _disable_IRQ_interrupt_             
00002eb0  _enable_IRQ_interrupt_              
00002eb8  _enable_interrupt_                  
00002ec0  _esmCcmErrorsClear_                 
00002dc8  _getCPSRValue_                      
00002dd0  _gotoCPUIdle_                       
00003018  _iCacheInvalidate_                  
00002f48  _memInit_                           
00003348  _mpuAreRegionsSeparate_             
0000332c  _mpuDisableBackgroundRegion_        
00003304  _mpuDisable_                        
0000331c  _mpuEnableBackgroundRegion_         
000032ec  _mpuEnable_                         
0000333c  _mpuGetNumberOfRegions_             
0000336c  _mpuGetRegionBaseAddress_           
0000338c  _mpuGetRegionPermission_            
00003380  _mpuGetRegionType_                  
0000335c  _mpuGetRegion_                      
00003034  _mpuInit_                           
00003364  _mpuSetRegionBaseAddress_           
00003398  _mpuSetRegionSizeRegister_          
00003374  _mpuSetRegionTypeAndPermission_     
00003354  _mpuSetRegion_                      
UNDEFED   _system_post_cinit                  
00003e88  abort                               
ffffffff  binit                               
00003bdc  delay                               
00003db0  dmaGroupANotification               
00003dd8  epcCAMFullNotification              
00003ddc  epcFIFOFullNotification             
000026f4  esmActivateNormalOperation          
00002840  esmClearStatus                      
000028a4  esmClearStatusBuffer                
00002880  esmClearStatusUpper                 
000026a0  esmDisableError                     
000026c8  esmDisableErrorUpper                
00002748  esmDisableInterrupt                 
00002770  esmDisableInterruptUpper            
0000265c  esmEnableError                      
00002684  esmEnableErrorUpper                 
00002704  esmEnableInterrupt                  
0000272c  esmEnableInterruptUpper             
000029d4  esmEnterSelfTest                    
00002640  esmError                            
00002aac  esmGetConfigValue                   
000028e0  esmGetStatus                        
000029ac  esmGetStatusBuffer                  
00002964  esmGetStatusUpper                   
00003d78  esmGroup1Notification               
00003d8c  esmGroup2Notification               
00003da0  esmGroup3Notification               
0000385c  esmHighInterrupt                    
000024e4  esmInit                             
00002a5c  esmSelfTestStatus                   
000028c0  esmSetCounterPreloadValue           
0000278c  esmSetInterruptLevel                
00002800  esmSetInterruptLevelUpper           
000026e4  esmTriggerErrorPinReset             
000039d4  floor                               
000039d4  floorl                              
00000d4c  getResetSource                      
00003b10  main                                
00000b7c  mapClocks                           
000036dc  memcpy                              
00000020  muxInit                             
00000ac8  periphInit                          
00003e90  phantomInterrupt                    
00000000  resetEntry                          
00002330  sci1GetConfigValue                  
000021a4  sciDisableLoopback                  
00002258  sciDisableNotification              
00002170  sciEnableLoopback                   
000021c0  sciEnableNotification               
000022f0  sciEnterResetState                  
00002310  sciExitResetState                   
00001c74  sciInit                             
00001fe8  sciIsIdleDetected                   
00001fcc  sciIsRxReady                        
00001e1c  sciIsTxReady                        
00003dc4  sciNotification                     
00002060  sciReceive                          
00002034  sciReceiveByte                      
00002004  sciRxError                          
00001e68  sciSend                             
00001e38  sciSendByte                         
00003b7c  sciSendText                         
00001d80  sciSetBaudrate                      
00001d60  sciSetFunctional                    
00000a88  setupFlash                          
000009e0  setupPLL                            
00000e74  systemGetConfigValue                
00000ca8  systemInit                          
00000d1c  systemPowerDown                     
08001570  tb_len                              
00000a40  trimLPO                             
08001550  txt_buf                             
00001410  vimChannelMap                       
0000167c  vimDisableInterrupt                 
000033a0  vimECCErrorHandler                  
000014b4  vimEnableInterrupt                  
00001728  vimGetConfigValue                   
0000133c  vimInit                             


GLOBAL SYMBOLS: SORTED BY Symbol Address 

address   name                                
-------   ----                                
00000000  __TI_static_base__                  
00000000  resetEntry                          
00000020  muxInit                             
000009e0  setupPLL                            
00000a40  trimLPO                             
00000a88  setupFlash                          
00000ac8  periphInit                          
00000b7c  mapClocks                           
00000ca8  systemInit                          
00000d1c  systemPowerDown                     
00000d4c  getResetSource                      
00000e74  systemGetConfigValue                
0000133c  vimInit                             
00001410  vimChannelMap                       
000014b4  vimEnableInterrupt                  
0000167c  vimDisableInterrupt                 
00001728  vimGetConfigValue                   
00001c74  sciInit                             
00001d60  sciSetFunctional                    
00001d80  sciSetBaudrate                      
00001e1c  sciIsTxReady                        
00001e38  sciSendByte                         
00001e68  sciSend                             
00001fcc  sciIsRxReady                        
00001fe8  sciIsIdleDetected                   
00002004  sciRxError                          
00002034  sciReceiveByte                      
00002060  sciReceive                          
00002170  sciEnableLoopback                   
000021a4  sciDisableLoopback                  
000021c0  sciEnableNotification               
00002258  sciDisableNotification              
000022f0  sciEnterResetState                  
00002310  sciExitResetState                   
00002330  sci1GetConfigValue                  
000024e4  esmInit                             
00002640  esmError                            
0000265c  esmEnableError                      
00002684  esmEnableErrorUpper                 
000026a0  esmDisableError                     
000026c8  esmDisableErrorUpper                
000026e4  esmTriggerErrorPinReset             
000026f4  esmActivateNormalOperation          
00002704  esmEnableInterrupt                  
0000272c  esmEnableInterruptUpper             
00002748  esmDisableInterrupt                 
00002770  esmDisableInterruptUpper            
0000278c  esmSetInterruptLevel                
00002800  esmSetInterruptLevelUpper           
00002840  esmClearStatus                      
00002880  esmClearStatusUpper                 
000028a4  esmClearStatusBuffer                
000028c0  esmSetCounterPreloadValue           
000028e0  esmGetStatus                        
00002964  esmGetStatusUpper                   
000029ac  esmGetStatusBuffer                  
000029d4  esmEnterSelfTest                    
00002a5c  esmSelfTestStatus                   
00002aac  esmGetConfigValue                   
00002c70  _coreInitRegisters_                 
00002d7c  _coreInitStackPointer_              
00002dc8  _getCPSRValue_                      
00002dd0  _gotoCPUIdle_                       
00002de8  _coreEnableVfp_                     
00002e00  _coreEnableEventBusExport_          
00002e10  _coreDisableEventBusExport_         
00002e20  _coreEnableIrqVicOffset_            
00002e30  _coreGetDataFault_                  
00002e38  _coreClearDataFault_                
00002e44  _coreGetInstructionFault_           
00002e4c  _coreClearInstructionFault_         
00002e58  _coreGetDataFaultAddress_           
00002e60  _coreClearDataFaultAddress_         
00002e6c  _coreGetInstructionFaultAddress_    
00002e74  _coreClearInstructionFaultAddress_  
00002e80  _coreGetAuxiliaryDataFault_         
00002e88  _coreClearAuxiliaryDataFault_       
00002e94  _coreGetAuxiliaryInstructionFault_  
00002e9c  _coreClearAuxiliaryInstructionFault_
00002ea8  _disable_IRQ_interrupt_             
00002eb0  _enable_IRQ_interrupt_              
00002eb8  _enable_interrupt_                  
00002ec0  _esmCcmErrorsClear_                 
00002f48  _memInit_                           
00002f7c  _checkMemInitOn_                    
00002f9c  _cacheEnable_                       
00002fe0  _cacheDisable_                      
00003004  _dCacheInvalidate_                  
00003018  _iCacheInvalidate_                  
0000302c  __TI_PINIT_Base                     
00003030  __TI_PINIT_Limit                    
00003034  _mpuInit_                           
000032ec  _mpuEnable_                         
00003304  _mpuDisable_                        
0000331c  _mpuEnableBackgroundRegion_         
0000332c  _mpuDisableBackgroundRegion_        
0000333c  _mpuGetNumberOfRegions_             
00003348  _mpuAreRegionsSeparate_             
00003354  _mpuSetRegion_                      
0000335c  _mpuGetRegion_                      
00003364  _mpuSetRegionBaseAddress_           
0000336c  _mpuGetRegionBaseAddress_           
00003374  _mpuSetRegionTypeAndPermission_     
00003380  _mpuGetRegionType_                  
0000338c  _mpuGetRegionPermission_            
00003398  _mpuSetRegionSizeRegister_          
000033a0  vimECCErrorHandler                  
000036dc  __aeabi_memcpy                      
000036dc  __aeabi_memcpy4                     
000036dc  __aeabi_memcpy8                     
000036dc  memcpy                              
0000385c  esmHighInterrupt                    
000039d4  floor                               
000039d4  floorl                              
00003b10  main                                
00003b7c  sciSendText                         
00003bdc  delay                               
00003c34  _c_int00                            
00003ce8  __TI_decompress_lzss                
00003d78  esmGroup1Notification               
00003d8c  esmGroup2Notification               
00003da0  esmGroup3Notification               
00003db0  dmaGroupANotification               
00003dc4  sciNotification                     
00003dd8  epcCAMFullNotification              
00003ddc  epcFIFOFullNotification             
00003dec  __TI_auto_init_nobinit_nopinit      
00003e54  __TI_zero_init_nomemset             
00003e74  __TI_decompress_none                
00003e88  C$$EXIT                             
00003e88  abort                               
00003e90  phantomInterrupt                    
000040a0  __TI_Handler_Table_Base             
000040ac  __TI_Handler_Table_Limit            
000040c0  __TI_CINIT_Base                     
000040d0  __TI_CINIT_Limit                    
08001550  txt_buf                             
08001570  tb_len                              
08001571  TEXT                                
ffffffff  __TI_pprof_out_hndl                 
ffffffff  __TI_prof_data_size                 
ffffffff  __TI_prof_data_start                
ffffffff  __binit__                           
ffffffff  __c_args__                          
ffffffff  binit                               
UNDEFED   SHT$$INIT_ARRAY$$Base               
UNDEFED   SHT$$INIT_ARRAY$$Limit              
UNDEFED   _system_post_cinit                  

[148 symbols]
