******************************************************************************
                  TI ARM Linker Unix v18.1.3                   
******************************************************************************
>> Linked Mon Mar  4 13:43:54 2019

OUTPUT FILE NAME:   <etpwm_servo_motor.out>
ENTRY POINT SYMBOL: "_c_int00"  address: 00007bf4


MEMORY CONFIGURATION

         name            origin    length      used     unused   attr    fill
----------------------  --------  ---------  --------  --------  ----  --------
  VECTORS               00000000   00000020  00000020  00000000     X
  FLASH0                00000020   001fffe0  00008771  001f786f  R  X
  FLASH1                00200000   00200000  00000000  00200000  R  X
  STACKS                08000000   00001500  00000000  00001500  RW  
  RAM                   08001500   0007eb00  00000088  0007ea78  RW  


SEGMENT ALLOCATION MAP

run origin  load origin   length   init length attrs members
----------  ----------- ---------- ----------- ----- -------
00000000    00000000    00008438   00008438    r-x
  00000000    00000000    00000020   00000020    r-x .intvecs
  00000020    00000020    00008418   00008418    r-x .text
00008440    00008440    00000301   00000301    r--
  00008440    00008440    00000301   00000301    r-- .const
00008760    00008760    00000058   00000058    r--
  00008760    00008760    00000058   00000058    r-- .cinit
08001500    08001500    00000088   00000000    rw-
  08001500    08001500    00000060   00000000    rw- .bss
  08001560    08001560    00000028   00000000    rw- .data


SECTION ALLOCATION MAP

 output                                  attributes/
section   page    origin      length       input sections
--------  ----  ----------  ----------   ----------------
.intvecs   0    00000000    00000020     
                  00000000    00000020     HL_sys_intvecs.obj (.intvecs)

.text      0    00000020    00008418     
                  00000020    00002174     HL_etpwm.obj (.text)
                  00002194    00000f9c     rtsv7R4_A_be_v3D16_eabi.lib : _printfi.c.obj (.text:__TI_printfi)
                  00003130    000009c4     HL_pinmux.obj (.text)
                  00003af4    0000095c     HL_system.obj (.text)
                  00004450    00000938     HL_sys_vim.obj (.text)
                  00004d88    00000870     HL_sci.obj (.text)
                  000055f8    0000078c     HL_esm.obj (.text)
                  00005d84    000003c4     HL_sys_core.obj (.text)
                  00006148    0000036c     HL_sys_mpu.obj (.text)
                  000064b4    0000033c     HL_sys_vim.obj (.text:retain)
                  000067f0    000002dc     rtsv7R4_A_be_v3D16_eabi.lib : _printfi.c.obj (.text:_pconv_a)
                  00006acc    000002b8                                 : ull_div32.asm.obj (.text)
                  00006d84    00000254     HL_sys_main.obj (.text)
                  00006fd8    00000248     rtsv7R4_A_be_v3D16_eabi.lib : _printfi.c.obj (.text:_pconv_g)
                  00007220    00000180                                 : memcpy32.asm.obj (.text)
                  000073a0    00000178     HL_esm.obj (.text:retain)
                  00007518    0000015c     rtsv7R4_A_be_v3D16_eabi.lib : _printfi.c.obj (.text:_pconv_e)
                  00007674    00000144                                 : _printfi.c.obj (.text:fcvt)
                  000077b8    0000013c                                 : s_floor.c.obj (.text:floor)
                  000078f4    00000120                                 : s_scalbn.c.obj (.text:scalbn)
                  00007a14    00000115                                 : _printfi.c.obj (.text:_ltostr)
                  00007b29    00000003     --HOLE-- [fill = 0]
                  00007b2c    000000c8                                 : _printfi.c.obj (.text:_mcpy)
                  00007bf4    000000b4     HL_sys_startup.obj (.text:retain)
                  00007ca8    000000b0     rtsv7R4_A_be_v3D16_eabi.lib : memset32.asm.obj (.text)
                  00007d58    00000098     HL_notification.obj (.text)
                  00007df0    00000098     rtsv7R4_A_be_v3D16_eabi.lib : _printfi.c.obj (.text:_ecpy)
                  00007e88    00000090                                 : copy_decompress_lzss.c.obj (.text:decompress:lzss:__TI_decompress_lzss)
                  00007f18    0000008c                                 : s_frexp.c.obj (.text:frexp)
                  00007fa4    00000084                                 : atoi.c.obj (.text:atoi)
                  00008028    00000080                                 : ltoa.c.obj (.text:ltoa)
                  000080a8    00000074                                 : _printfi.c.obj (.text:_pconv_f)
                  0000811c    00000068                                 : autoinit.c.obj (.text:__TI_auto_init_nobinit_nopinit:__TI_auto_init_nobinit_nopinit)
                  00008184    00000064                                 : _printfi.c.obj (.text:_fcpy)
                  000081e8    00000064                                 : sprintf.c.obj (.text:sprintf)
                  0000824c    00000054                                 : i_div32.asm.obj (.text)
                  000082a0    00000050                                 : u_div32.asm.obj (.text)
                  000082f0    00000030                                 : sprintf.c.obj (.text:_outs)
                  00008320    0000002c                                 : memccpy.c.obj (.text:memccpy)
                  0000834c    00000028                                 : strchr.c.obj (.text:strchr)
                  00008374    00000024                                 : wcslen.c.obj (.text:wcslen)
                  00008398    00000020                                 : copy_zero_init.c.obj (.text:decompress:ZI:__TI_zero_init_nomemset:__TI_zero_init_nomemset)
                  000083b8    00000020                                 : strlen.c.obj (.text:strlen)
                  000083d8    0000001c                                 : s_copysign.c.obj (.text:copysign)
                  000083f4    00000014                                 : sprintf.c.obj (.text:_outc)
                  00008408    00000014                                 : copy_decompress_none.c.obj (.text:decompress:none:__TI_decompress_none)
                  0000841c    0000000c                                 : errno.c.obj (.text:__aeabi_errno_addr)
                  00008428    00000008                                 : exit.c.obj (.text:abort:abort)
                  00008430    00000004     HL_sys_phantom.obj (.text:retain)
                  00008434    00000004     rtsv7R4_A_be_v3D16_eabi.lib : div0.asm.obj (.text)

.const     0    00008440    00000301     
                  00008440    00000200     HL_sys_vim.obj (.const:s_vim_init)
                  00008640    00000101     rtsv7R4_A_be_v3D16_eabi.lib : ctype.c.obj (.const:.string:_ctypes_)

.cinit     0    00008760    00000058     
                  00008760    0000002f     (.cinit..data.load) [load image, compression = lzss]
                  0000878f    00000001     --HOLE-- [fill = 0]
                  00008790    0000000c     (__TI_handler_table)
                  0000879c    00000004     --HOLE-- [fill = 0]
                  000087a0    00000008     (.cinit..bss.load) [load image, compression = zero_init]
                  000087a8    00000010     (__TI_cinit_table)

.bss       0    08001500    00000060     UNINITIALIZED
                  08001500    00000050     HL_sci.obj (.bss:g_sciTransfer_t)
                  08001550    00000008     (.common:tmp)
                  08001558    00000004     (.common:receive_data)
                  0800155c    00000004     (.common:value)

.data      0    08001560    00000028     UNINITIALIZED
                  08001560    00000024     HL_sys_main.obj (.data:pwm_duty)
                  08001584    00000004     rtsv7R4_A_be_v3D16_eabi.lib : errno.c.obj (.data)

MODULE SUMMARY

       Module                       code    ro data   rw data
       ------                       ----    -------   -------
    ./source/
       HL_etpwm.obj                 8564    0         0      
       HL_sys_vim.obj               3188    512       0      
       HL_pinmux.obj                2500    0         0      
       HL_system.obj                2396    0         0      
       HL_esm.obj                   2308    0         0      
       HL_sci.obj                   2160    0         80     
       HL_sys_core.obj              964     0         0      
       HL_sys_mpu.obj               876     0         0      
       HL_sys_main.obj              596     0         52     
       HL_sys_startup.obj           180     0         0      
       HL_notification.obj          152     0         0      
       HL_sys_intvecs.obj           32      0         0      
       HL_sys_phantom.obj           4       0         0      
    +--+----------------------------+-------+---------+---------+
       Total:                       23920   512       132    
                                                             
    /home/koitt/ti/ccsv8/tools/compiler/ti-cgt-arm_18.1.3.LTS/lib/rtsv7R4_A_be_v3D16_eabi.lib
       _printfi.c.obj               6829    0         0      
       ull_div32.asm.obj            696     0         0      
       memcpy32.asm.obj             384     0         0      
       s_floor.c.obj                316     0         0      
       s_scalbn.c.obj               288     0         0      
       ctype.c.obj                  0       257       0      
       memset32.asm.obj             176     0         0      
       sprintf.c.obj                168     0         0      
       copy_decompress_lzss.c.obj   144     0         0      
       s_frexp.c.obj                140     0         0      
       atoi.c.obj                   132     0         0      
       ltoa.c.obj                   128     0         0      
       autoinit.c.obj               104     0         0      
       i_div32.asm.obj              84      0         0      
       u_div32.asm.obj              80      0         0      
       memccpy.c.obj                44      0         0      
       strchr.c.obj                 40      0         0      
       wcslen.c.obj                 36      0         0      
       copy_zero_init.c.obj         32      0         0      
       strlen.c.obj                 32      0         0      
       s_copysign.c.obj             28      0         0      
       copy_decompress_none.c.obj   20      0         0      
       errno.c.obj                  12      0         4      
       exit.c.obj                   8       0         0      
       div0.asm.obj                 4       0         0      
    +--+----------------------------+-------+---------+---------+
       Total:                       9925    257       4      
                                                             
       Linker Generated:            0       83        0      
    +--+----------------------------+-------+---------+---------+
       Grand Total:                 33845   852       136    


LINKER GENERATED COPY TABLES

__TI_cinit_table @ 000087a8 records: 2, size/record: 8, table size: 16
	.data: load addr=00008760, load size=0000002f bytes, run addr=08001560, run size=00000028 bytes, compression=lzss
	.bss: load addr=000087a0, load size=00000008 bytes, run addr=08001500, run size=00000060 bytes, compression=zero_init


LINKER GENERATED HANDLER TABLE

__TI_handler_table @ 00008790 records: 3, size/record: 4, table size: 12
	index: 0, handler: __TI_zero_init
	index: 1, handler: __TI_decompress_lzss
	index: 2, handler: __TI_decompress_none


GLOBAL SYMBOLS: SORTED ALPHABETICALLY BY Name 

address   name                                
-------   ----                                
00008428  C$$EXIT                             
UNDEFED   SHT$$INIT_ARRAY$$Base               
UNDEFED   SHT$$INIT_ARRAY$$Limit              
000087a8  __TI_CINIT_Base                     
000087b8  __TI_CINIT_Limit                    
00008790  __TI_Handler_Table_Base             
0000879c  __TI_Handler_Table_Limit            
00006140  __TI_PINIT_Base                     
00006144  __TI_PINIT_Limit                    
0000811c  __TI_auto_init_nobinit_nopinit      
00007e88  __TI_decompress_lzss                
00008408  __TI_decompress_none                
ffffffff  __TI_pprof_out_hndl                 
00002194  __TI_printfi                        
ffffffff  __TI_prof_data_size                 
ffffffff  __TI_prof_data_start                
00000000  __TI_static_base__                  
00008398  __TI_zero_init_nomemset             
0000841c  __aeabi_errno_addr                  
0000824c  __aeabi_idiv                        
00008434  __aeabi_idiv0                       
0000824c  __aeabi_idivmod                     
00008434  __aeabi_ldiv0                       
00007ca8  __aeabi_memclr                      
00007ca8  __aeabi_memclr4                     
00007ca8  __aeabi_memclr8                     
00007220  __aeabi_memcpy                      
00007220  __aeabi_memcpy4                     
00007220  __aeabi_memcpy8                     
00007cac  __aeabi_memset                      
00007cac  __aeabi_memset4                     
00007cac  __aeabi_memset8                     
000082a0  __aeabi_uidiv                       
000082a0  __aeabi_uidivmod                    
00006acc  __aeabi_uldivmod                    
ffffffff  __binit__                           
ffffffff  __c_args__                          
00007bf4  _c_int00                            
000060f4  _cacheDisable_                      
000060b0  _cacheEnable_                       
00006090  _checkMemInitOn_                    
00005f9c  _coreClearAuxiliaryDataFault_       
00005fb0  _coreClearAuxiliaryInstructionFault_
00005f74  _coreClearDataFaultAddress_         
00005f4c  _coreClearDataFault_                
00005f88  _coreClearInstructionFaultAddress_  
00005f60  _coreClearInstructionFault_         
00005f24  _coreDisableEventBusExport_         
00005f14  _coreEnableEventBusExport_          
00005f34  _coreEnableIrqVicOffset_            
00005efc  _coreEnableVfp_                     
00005f94  _coreGetAuxiliaryDataFault_         
00005fa8  _coreGetAuxiliaryInstructionFault_  
00005f6c  _coreGetDataFaultAddress_           
00005f44  _coreGetDataFault_                  
00005f80  _coreGetInstructionFaultAddress_    
00005f58  _coreGetInstructionFault_           
00005d84  _coreInitRegisters_                 
00005e90  _coreInitStackPointer_              
00008640  _ctypes_                            
00006118  _dCacheInvalidate_                  
00005fbc  _disable_IRQ_interrupt_             
00005fc4  _enable_IRQ_interrupt_              
00005fcc  _enable_interrupt_                  
00005fd4  _esmCcmErrorsClear_                 
00005edc  _getCPSRValue_                      
00005ee4  _gotoCPUIdle_                       
0000612c  _iCacheInvalidate_                  
0000605c  _memInit_                           
0000645c  _mpuAreRegionsSeparate_             
00006440  _mpuDisableBackgroundRegion_        
00006418  _mpuDisable_                        
00006430  _mpuEnableBackgroundRegion_         
00006400  _mpuEnable_                         
00006450  _mpuGetNumberOfRegions_             
00006480  _mpuGetRegionBaseAddress_           
000064a0  _mpuGetRegionPermission_            
00006494  _mpuGetRegionType_                  
00006470  _mpuGetRegion_                      
00006148  _mpuInit_                           
00006478  _mpuSetRegionBaseAddress_           
000064ac  _mpuSetRegionSizeRegister_          
00006488  _mpuSetRegionTypeAndPermission_     
00006468  _mpuSetRegion_                      
UNDEFED   _system_post_cinit                  
00008428  abort                               
00007fa4  atoi                                
ffffffff  binit                               
000083d8  copysign                            
000083d8  copysignl                           
00007d90  dmaGroupANotification               
00007ddc  epcCAMFullNotification              
00007de0  epcFIFOFullNotification             
08001584  errno                               
00005808  esmActivateNormalOperation          
00005954  esmClearStatus                      
000059b8  esmClearStatusBuffer                
00005994  esmClearStatusUpper                 
000057b4  esmDisableError                     
000057dc  esmDisableErrorUpper                
0000585c  esmDisableInterrupt                 
00005884  esmDisableInterruptUpper            
00005770  esmEnableError                      
00005798  esmEnableErrorUpper                 
00005818  esmEnableInterrupt                  
00005840  esmEnableInterruptUpper             
00005ae8  esmEnterSelfTest                    
00005754  esmError                            
00005bc0  esmGetConfigValue                   
000059f4  esmGetStatus                        
00005ac0  esmGetStatusBuffer                  
00005a78  esmGetStatusUpper                   
00007d58  esmGroup1Notification               
00007d6c  esmGroup2Notification               
00007d80  esmGroup3Notification               
000073a0  esmHighInterrupt                    
000055f8  esmInit                             
00005b70  esmSelfTestStatus                   
000059d4  esmSetCounterPreloadValue           
000058a0  esmSetInterruptLevel                
00005914  esmSetInterruptLevelUpper           
000057f8  esmTriggerErrorPinReset             
00000aa4  etpwm1GetConfigValue                
00000d9c  etpwm2GetConfigValue                
000010b0  etpwm3GetConfigValue                
00001390  etpwm4GetConfigValue                
00001670  etpwm5GetConfigValue                
00001958  etpwm6GetConfigValue                
00001c78  etpwm7GetConfigValue                
000009d8  etpwmClearEventFlag                 
000007a8  etpwmClearTripCondition             
000007c8  etpwmClearTripInterruptFlag         
0000066c  etpwmDisableChopping                
00000438  etpwmDisableCmpAShadowMode          
00000498  etpwmDisableCmpBShadowMode          
000002c8  etpwmDisableCounterLoadOnSync       
000005ec  etpwmDisableDeadband                
0000099c  etpwmDisableInterrupt               
00000878  etpwmDisableSOCA                    
00000910  etpwmDisableSOCB                    
00000234  etpwmDisableTimebasePeriodShadowMode
00000778  etpwmDisableTripInterrupt           
000006b0  etpwmDisableTripZoneSources         
00000638  etpwmEnableChopping                 
000003fc  etpwmEnableCmpAShadowMode           
00000458  etpwmEnableCmpBShadowMode           
00000278  etpwmEnableCounterLoadOnSync        
00000598  etpwmEnableDeadBand                 
00000a18  etpwmEnableDigitalCompareEvents     
00000930  etpwmEnableInterrupt                
00000804  etpwmEnableSOCA                     
0000089c  etpwmEnableSOCB                     
00000254  etpwmEnableTimebasePeriodShadowMode 
00000750  etpwmEnableTripInterrupt            
00000688  etpwmEnableTripZoneSources          
000007e4  etpwmForceTripEvent                 
000009c0  etpwmGetEventStatus                 
00000020  etpwmInit                           
00007db8  etpwmNotification                   
000004b8  etpwmSetActionQualPwmA              
00000528  etpwmSetActionQualPwmB              
000001ac  etpwmSetClkDiv                      
000003bc  etpwmSetCmpA                        
000003dc  etpwmSetCmpB                        
00000214  etpwmSetCount                       
00000328  etpwmSetCounterMode                 
00000608  etpwmSetDeadBandDelay               
00000384  etpwmSetRunMode                     
000002ec  etpwmSetSyncOut                     
000001f4  etpwmSetTimebasePeriod              
000006e0  etpwmSetTripAction                  
00000118  etpwmStartTBCLK                     
00000164  etpwmStopTBCLK                      
000009f8  etpwmTriggerEvent                   
00000364  etpwmTriggerSWSync                  
00007dc8  etpwmTripNotification               
000077b8  floor                               
000077b8  floorl                              
00007f18  frexp                               
00007f18  frexpl                              
00003e60  getResetSource                      
000078f4  ldexp                               
000078f4  ldexpl                              
00008028  ltoa                                
00006d84  main                                
00003c90  mapClocks                           
00008320  memccpy                             
00007220  memcpy                              
00007cb8  memset                              
00003130  muxInit                             
00003bdc  periphInit                          
00008430  phantomInterrupt                    
08001560  pwm_duty                            
00006e88  pwm_init                            
08001558  receive_data                        
00000000  resetEntry                          
000078f4  scalbn                              
000078f4  scalbnl                             
00005444  sci1GetConfigValue                  
000052b8  sciDisableLoopback                  
0000536c  sciDisableNotification              
00005284  sciEnableLoopback                   
000052d4  sciEnableNotification               
00005404  sciEnterResetState                  
00005424  sciExitResetState                   
00004d88  sciInit                             
000050fc  sciIsIdleDetected                   
000050e0  sciIsRxReady                        
00004f30  sciIsTxReady                        
00007da4  sciNotification                     
00005174  sciReceive                          
00005148  sciReceiveByte                      
00005118  sciRxError                          
00004f7c  sciSend                             
00004f4c  sciSendByte                         
00004e94  sciSetBaudrate                      
00004e74  sciSetFunctional                    
00006efc  sci_display                         
00003b9c  setupFlash                          
00003af4  setupPLL                            
000081e8  sprintf                             
0000834c  strchr                              
000083b8  strlen                              
00003f88  systemGetConfigValue                
00003dbc  systemInit                          
00003e30  systemPowerDown                     
08001550  tmp                                 
00003b54  trimLPO                             
0800155c  value                               
00004524  vimChannelMap                       
00004790  vimDisableInterrupt                 
000064b4  vimECCErrorHandler                  
000045c8  vimEnableInterrupt                  
0000483c  vimGetConfigValue                   
00004450  vimInit                             
00006eb8  wait                                
00008374  wcslen                              


GLOBAL SYMBOLS: SORTED BY Symbol Address 

address   name                                
-------   ----                                
00000000  __TI_static_base__                  
00000000  resetEntry                          
00000020  etpwmInit                           
00000118  etpwmStartTBCLK                     
00000164  etpwmStopTBCLK                      
000001ac  etpwmSetClkDiv                      
000001f4  etpwmSetTimebasePeriod              
00000214  etpwmSetCount                       
00000234  etpwmDisableTimebasePeriodShadowMode
00000254  etpwmEnableTimebasePeriodShadowMode 
00000278  etpwmEnableCounterLoadOnSync        
000002c8  etpwmDisableCounterLoadOnSync       
000002ec  etpwmSetSyncOut                     
00000328  etpwmSetCounterMode                 
00000364  etpwmTriggerSWSync                  
00000384  etpwmSetRunMode                     
000003bc  etpwmSetCmpA                        
000003dc  etpwmSetCmpB                        
000003fc  etpwmEnableCmpAShadowMode           
00000438  etpwmDisableCmpAShadowMode          
00000458  etpwmEnableCmpBShadowMode           
00000498  etpwmDisableCmpBShadowMode          
000004b8  etpwmSetActionQualPwmA              
00000528  etpwmSetActionQualPwmB              
00000598  etpwmEnableDeadBand                 
000005ec  etpwmDisableDeadband                
00000608  etpwmSetDeadBandDelay               
00000638  etpwmEnableChopping                 
0000066c  etpwmDisableChopping                
00000688  etpwmEnableTripZoneSources          
000006b0  etpwmDisableTripZoneSources         
000006e0  etpwmSetTripAction                  
00000750  etpwmEnableTripInterrupt            
00000778  etpwmDisableTripInterrupt           
000007a8  etpwmClearTripCondition             
000007c8  etpwmClearTripInterruptFlag         
000007e4  etpwmForceTripEvent                 
00000804  etpwmEnableSOCA                     
00000878  etpwmDisableSOCA                    
0000089c  etpwmEnableSOCB                     
00000910  etpwmDisableSOCB                    
00000930  etpwmEnableInterrupt                
0000099c  etpwmDisableInterrupt               
000009c0  etpwmGetEventStatus                 
000009d8  etpwmClearEventFlag                 
000009f8  etpwmTriggerEvent                   
00000a18  etpwmEnableDigitalCompareEvents     
00000aa4  etpwm1GetConfigValue                
00000d9c  etpwm2GetConfigValue                
000010b0  etpwm3GetConfigValue                
00001390  etpwm4GetConfigValue                
00001670  etpwm5GetConfigValue                
00001958  etpwm6GetConfigValue                
00001c78  etpwm7GetConfigValue                
00002194  __TI_printfi                        
00003130  muxInit                             
00003af4  setupPLL                            
00003b54  trimLPO                             
00003b9c  setupFlash                          
00003bdc  periphInit                          
00003c90  mapClocks                           
00003dbc  systemInit                          
00003e30  systemPowerDown                     
00003e60  getResetSource                      
00003f88  systemGetConfigValue                
00004450  vimInit                             
00004524  vimChannelMap                       
000045c8  vimEnableInterrupt                  
00004790  vimDisableInterrupt                 
0000483c  vimGetConfigValue                   
00004d88  sciInit                             
00004e74  sciSetFunctional                    
00004e94  sciSetBaudrate                      
00004f30  sciIsTxReady                        
00004f4c  sciSendByte                         
00004f7c  sciSend                             
000050e0  sciIsRxReady                        
000050fc  sciIsIdleDetected                   
00005118  sciRxError                          
00005148  sciReceiveByte                      
00005174  sciReceive                          
00005284  sciEnableLoopback                   
000052b8  sciDisableLoopback                  
000052d4  sciEnableNotification               
0000536c  sciDisableNotification              
00005404  sciEnterResetState                  
00005424  sciExitResetState                   
00005444  sci1GetConfigValue                  
000055f8  esmInit                             
00005754  esmError                            
00005770  esmEnableError                      
00005798  esmEnableErrorUpper                 
000057b4  esmDisableError                     
000057dc  esmDisableErrorUpper                
000057f8  esmTriggerErrorPinReset             
00005808  esmActivateNormalOperation          
00005818  esmEnableInterrupt                  
00005840  esmEnableInterruptUpper             
0000585c  esmDisableInterrupt                 
00005884  esmDisableInterruptUpper            
000058a0  esmSetInterruptLevel                
00005914  esmSetInterruptLevelUpper           
00005954  esmClearStatus                      
00005994  esmClearStatusUpper                 
000059b8  esmClearStatusBuffer                
000059d4  esmSetCounterPreloadValue           
000059f4  esmGetStatus                        
00005a78  esmGetStatusUpper                   
00005ac0  esmGetStatusBuffer                  
00005ae8  esmEnterSelfTest                    
00005b70  esmSelfTestStatus                   
00005bc0  esmGetConfigValue                   
00005d84  _coreInitRegisters_                 
00005e90  _coreInitStackPointer_              
00005edc  _getCPSRValue_                      
00005ee4  _gotoCPUIdle_                       
00005efc  _coreEnableVfp_                     
00005f14  _coreEnableEventBusExport_          
00005f24  _coreDisableEventBusExport_         
00005f34  _coreEnableIrqVicOffset_            
00005f44  _coreGetDataFault_                  
00005f4c  _coreClearDataFault_                
00005f58  _coreGetInstructionFault_           
00005f60  _coreClearInstructionFault_         
00005f6c  _coreGetDataFaultAddress_           
00005f74  _coreClearDataFaultAddress_         
00005f80  _coreGetInstructionFaultAddress_    
00005f88  _coreClearInstructionFaultAddress_  
00005f94  _coreGetAuxiliaryDataFault_         
00005f9c  _coreClearAuxiliaryDataFault_       
00005fa8  _coreGetAuxiliaryInstructionFault_  
00005fb0  _coreClearAuxiliaryInstructionFault_
00005fbc  _disable_IRQ_interrupt_             
00005fc4  _enable_IRQ_interrupt_              
00005fcc  _enable_interrupt_                  
00005fd4  _esmCcmErrorsClear_                 
0000605c  _memInit_                           
00006090  _checkMemInitOn_                    
000060b0  _cacheEnable_                       
000060f4  _cacheDisable_                      
00006118  _dCacheInvalidate_                  
0000612c  _iCacheInvalidate_                  
00006140  __TI_PINIT_Base                     
00006144  __TI_PINIT_Limit                    
00006148  _mpuInit_                           
00006400  _mpuEnable_                         
00006418  _mpuDisable_                        
00006430  _mpuEnableBackgroundRegion_         
00006440  _mpuDisableBackgroundRegion_        
00006450  _mpuGetNumberOfRegions_             
0000645c  _mpuAreRegionsSeparate_             
00006468  _mpuSetRegion_                      
00006470  _mpuGetRegion_                      
00006478  _mpuSetRegionBaseAddress_           
00006480  _mpuGetRegionBaseAddress_           
00006488  _mpuSetRegionTypeAndPermission_     
00006494  _mpuGetRegionType_                  
000064a0  _mpuGetRegionPermission_            
000064ac  _mpuSetRegionSizeRegister_          
000064b4  vimECCErrorHandler                  
00006acc  __aeabi_uldivmod                    
00006d84  main                                
00006e88  pwm_init                            
00006eb8  wait                                
00006efc  sci_display                         
00007220  __aeabi_memcpy                      
00007220  __aeabi_memcpy4                     
00007220  __aeabi_memcpy8                     
00007220  memcpy                              
000073a0  esmHighInterrupt                    
000077b8  floor                               
000077b8  floorl                              
000078f4  ldexp                               
000078f4  ldexpl                              
000078f4  scalbn                              
000078f4  scalbnl                             
00007bf4  _c_int00                            
00007ca8  __aeabi_memclr                      
00007ca8  __aeabi_memclr4                     
00007ca8  __aeabi_memclr8                     
00007cac  __aeabi_memset                      
00007cac  __aeabi_memset4                     
00007cac  __aeabi_memset8                     
00007cb8  memset                              
00007d58  esmGroup1Notification               
00007d6c  esmGroup2Notification               
00007d80  esmGroup3Notification               
00007d90  dmaGroupANotification               
00007da4  sciNotification                     
00007db8  etpwmNotification                   
00007dc8  etpwmTripNotification               
00007ddc  epcCAMFullNotification              
00007de0  epcFIFOFullNotification             
00007e88  __TI_decompress_lzss                
00007f18  frexp                               
00007f18  frexpl                              
00007fa4  atoi                                
00008028  ltoa                                
0000811c  __TI_auto_init_nobinit_nopinit      
000081e8  sprintf                             
0000824c  __aeabi_idiv                        
0000824c  __aeabi_idivmod                     
000082a0  __aeabi_uidiv                       
000082a0  __aeabi_uidivmod                    
00008320  memccpy                             
0000834c  strchr                              
00008374  wcslen                              
00008398  __TI_zero_init_nomemset             
000083b8  strlen                              
000083d8  copysign                            
000083d8  copysignl                           
00008408  __TI_decompress_none                
0000841c  __aeabi_errno_addr                  
00008428  C$$EXIT                             
00008428  abort                               
00008430  phantomInterrupt                    
00008434  __aeabi_idiv0                       
00008434  __aeabi_ldiv0                       
00008640  _ctypes_                            
00008790  __TI_Handler_Table_Base             
0000879c  __TI_Handler_Table_Limit            
000087a8  __TI_CINIT_Base                     
000087b8  __TI_CINIT_Limit                    
08001550  tmp                                 
08001558  receive_data                        
0800155c  value                               
08001560  pwm_duty                            
08001584  errno                               
ffffffff  __TI_pprof_out_hndl                 
ffffffff  __TI_prof_data_size                 
ffffffff  __TI_prof_data_start                
ffffffff  __binit__                           
ffffffff  __c_args__                          
ffffffff  binit                               
UNDEFED   SHT$$INIT_ARRAY$$Base               
UNDEFED   SHT$$INIT_ARRAY$$Limit              
UNDEFED   _system_post_cinit                  

[237 symbols]
