******************************************************************************
                  TI ARM Linker Unix v18.1.3                   
******************************************************************************
>> Linked Thu May  9 14:14:09 2019

OUTPUT FILE NAME:   <serial_dsp_mcu_test.out>
ENTRY POINT SYMBOL: "_c_int00"  address: 00006120


MEMORY CONFIGURATION

         name            origin    length      used     unused   attr    fill
----------------------  --------  ---------  --------  --------  ----  --------
  VECTORS               00000000   00000020  00000020  00000000     X
  FLASH0                00000020   001fffe0  00006508  001f9ad8  R  X
  FLASH1                00200000   00200000  00000000  00200000  R  X
  STACKS                08000000   00001500  00000000  00001500  RW  
  RAM                   08001500   0007eb00  00000071  0007ea8f  RW  


SEGMENT ALLOCATION MAP

run origin  load origin   length   init length attrs members
----------  ----------- ---------- ----------- ----- -------
00000000    00000000    00006314   00006314    r-x
  00000000    00000000    00000020   00000020    r-x .intvecs
  00000020    00000020    000062f4   000062f4    r-x .text
00006320    00006320    00000214   00000214    r--
  00006320    00006320    00000200   00000200    r-- .const
  00006520    00006520    00000014   00000014    r-- .cinit
08001500    08001500    00000071   00000000    rw-
  08001500    08001500    00000071   00000000    rw- .bss


SECTION ALLOCATION MAP

 output                                  attributes/
section   page    origin      length       input sections
--------  ----  ----------  ----------   ----------------
.intvecs   0    00000000    00000020     
                  00000000    00000020     HL_sys_intvecs.obj (.intvecs)

.text      0    00000020    000062f4     
                  00000020    00002178     HL_etpwm.obj (.text)
                  00002198    000009d0     HL_pinmux.obj (.text)
                  00002b68    0000095c     HL_system.obj (.text)
                  000034c4    00000938     HL_sys_vim.obj (.text)
                  00003dfc    00000870     HL_sci.obj (.text)
                  0000466c    0000078c     HL_esm.obj (.text)
                  00004df8    00000484     HL_gio.obj (.text)
                  0000527c    000003c4     HL_sys_core.obj (.text)
                  00005640    0000036c     HL_sys_mpu.obj (.text)
                  000059ac    0000033c     HL_sys_vim.obj (.text:retain)
                  00005ce8    00000184     HL_sys_main.obj (.text)
                  00005e6c    00000178     HL_esm.obj (.text:retain)
                  00005fe4    0000013c     rtsv7R4_A_be_v3D16_eabi.lib : s_floor.c.obj (.text:floor)
                  00006120    000000b4     HL_sys_startup.obj (.text:retain)
                  000061d4    000000ac     HL_notification.obj (.text)
                  00006280    00000068     rtsv7R4_A_be_v3D16_eabi.lib : autoinit.c.obj (.text:__TI_auto_init_nobinit_nopinit:__TI_auto_init_nobinit_nopinit)
                  000062e8    00000020                                 : copy_zero_init.c.obj (.text:decompress:ZI:__TI_zero_init_nomemset:__TI_zero_init_nomemset)
                  00006308    00000008                                 : exit.c.obj (.text:abort:abort)
                  00006310    00000004     HL_sys_phantom.obj (.text:retain)

.const     0    00006320    00000200     
                  00006320    00000200     HL_sys_vim.obj (.const:s_vim_init)

.cinit     0    00006520    00000014     
                  00006520    00000008     (.cinit..bss.load) [load image, compression = zero_init]
                  00006528    00000004     (__TI_handler_table)
                  0000652c    00000008     (__TI_cinit_table)

.bss       0    08001500    00000071     UNINITIALIZED
                  08001500    00000050     HL_sci.obj (.bss:g_sciTransfer_t)
                  08001550    00000020     (.common:txt_buf)
                  08001570    00000001     (.common:txt)

MODULE SUMMARY

       Module                 code    ro data   rw data
       ------                 ----    -------   -------
    ./source/
       HL_etpwm.obj           8568    0         0      
       HL_sys_vim.obj         3188    512       0      
       HL_pinmux.obj          2512    0         0      
       HL_system.obj          2396    0         0      
       HL_esm.obj             2308    0         0      
       HL_sci.obj             2160    0         80     
       HL_gio.obj             1156    0         0      
       HL_sys_core.obj        964     0         0      
       HL_sys_mpu.obj         876     0         0      
       HL_sys_main.obj        388     0         33     
       HL_sys_startup.obj     180     0         0      
       HL_notification.obj    172     0         0      
       HL_sys_intvecs.obj     32      0         0      
       HL_sys_phantom.obj     4       0         0      
    +--+----------------------+-------+---------+---------+
       Total:                 24904   512       113    
                                                       
    /home/koitt/ti/ccsv8/tools/compiler/ti-cgt-arm_18.1.3.LTS/lib/rtsv7R4_A_be_v3D16_eabi.lib
       s_floor.c.obj          316     0         0      
       autoinit.c.obj         104     0         0      
       copy_zero_init.c.obj   32      0         0      
       exit.c.obj             8       0         0      
    +--+----------------------+-------+---------+---------+
       Total:                 460     0         0      
                                                       
       Linker Generated:      0       20        0      
    +--+----------------------+-------+---------+---------+
       Grand Total:           25364   532       113    


LINKER GENERATED COPY TABLES

__TI_cinit_table @ 0000652c records: 1, size/record: 8, table size: 8
	.bss: load addr=00006520, load size=00000008 bytes, run addr=08001500, run size=00000071 bytes, compression=zero_init


LINKER GENERATED HANDLER TABLE

__TI_handler_table @ 00006528 records: 1, size/record: 4, table size: 4
	index: 0, handler: __TI_zero_init


GLOBAL SYMBOLS: SORTED ALPHABETICALLY BY Name 

address   name                                
-------   ----                                
00006308  C$$EXIT                             
UNDEFED   SHT$$INIT_ARRAY$$Base               
UNDEFED   SHT$$INIT_ARRAY$$Limit              
0000652c  __TI_CINIT_Base                     
00006534  __TI_CINIT_Limit                    
00006528  __TI_Handler_Table_Base             
0000652c  __TI_Handler_Table_Limit            
00005638  __TI_PINIT_Base                     
0000563c  __TI_PINIT_Limit                    
00006280  __TI_auto_init_nobinit_nopinit      
ffffffff  __TI_pprof_out_hndl                 
ffffffff  __TI_prof_data_size                 
ffffffff  __TI_prof_data_start                
00000000  __TI_static_base__                  
000062e8  __TI_zero_init_nomemset             
ffffffff  __binit__                           
ffffffff  __c_args__                          
00006120  _c_int00                            
000055ec  _cacheDisable_                      
000055a8  _cacheEnable_                       
00005588  _checkMemInitOn_                    
00005494  _coreClearAuxiliaryDataFault_       
000054a8  _coreClearAuxiliaryInstructionFault_
0000546c  _coreClearDataFaultAddress_         
00005444  _coreClearDataFault_                
00005480  _coreClearInstructionFaultAddress_  
00005458  _coreClearInstructionFault_         
0000541c  _coreDisableEventBusExport_         
0000540c  _coreEnableEventBusExport_          
0000542c  _coreEnableIrqVicOffset_            
000053f4  _coreEnableVfp_                     
0000548c  _coreGetAuxiliaryDataFault_         
000054a0  _coreGetAuxiliaryInstructionFault_  
00005464  _coreGetDataFaultAddress_           
0000543c  _coreGetDataFault_                  
00005478  _coreGetInstructionFaultAddress_    
00005450  _coreGetInstructionFault_           
0000527c  _coreInitRegisters_                 
00005388  _coreInitStackPointer_              
00005610  _dCacheInvalidate_                  
000054b4  _disable_IRQ_interrupt_             
000054bc  _enable_IRQ_interrupt_              
000054c4  _enable_interrupt_                  
000054cc  _esmCcmErrorsClear_                 
000053d4  _getCPSRValue_                      
000053dc  _gotoCPUIdle_                       
00005624  _iCacheInvalidate_                  
00005554  _memInit_                           
00005954  _mpuAreRegionsSeparate_             
00005938  _mpuDisableBackgroundRegion_        
00005910  _mpuDisable_                        
00005928  _mpuEnableBackgroundRegion_         
000058f8  _mpuEnable_                         
00005948  _mpuGetNumberOfRegions_             
00005978  _mpuGetRegionBaseAddress_           
00005998  _mpuGetRegionPermission_            
0000598c  _mpuGetRegionType_                  
00005968  _mpuGetRegion_                      
00005640  _mpuInit_                           
00005970  _mpuSetRegionBaseAddress_           
000059a4  _mpuSetRegionSizeRegister_          
00005980  _mpuSetRegionTypeAndPermission_     
00005960  _mpuSetRegion_                      
UNDEFED   _system_post_cinit                  
00006308  abort                               
ffffffff  binit                               
0000620c  dmaGroupANotification               
0000626c  epcCAMFullNotification              
00006270  epcFIFOFullNotification             
0000487c  esmActivateNormalOperation          
000049c8  esmClearStatus                      
00004a2c  esmClearStatusBuffer                
00004a08  esmClearStatusUpper                 
00004828  esmDisableError                     
00004850  esmDisableErrorUpper                
000048d0  esmDisableInterrupt                 
000048f8  esmDisableInterruptUpper            
000047e4  esmEnableError                      
0000480c  esmEnableErrorUpper                 
0000488c  esmEnableInterrupt                  
000048b4  esmEnableInterruptUpper             
00004b5c  esmEnterSelfTest                    
000047c8  esmError                            
00004c34  esmGetConfigValue                   
00004a68  esmGetStatus                        
00004b34  esmGetStatusBuffer                  
00004aec  esmGetStatusUpper                   
000061d4  esmGroup1Notification               
000061e8  esmGroup2Notification               
000061fc  esmGroup3Notification               
00005e6c  esmHighInterrupt                    
0000466c  esmInit                             
00004be4  esmSelfTestStatus                   
00004a48  esmSetCounterPreloadValue           
00004914  esmSetInterruptLevel                
00004988  esmSetInterruptLevelUpper           
0000486c  esmTriggerErrorPinReset             
00000aa8  etpwm1GetConfigValue                
00000da4  etpwm2GetConfigValue                
000010b4  etpwm3GetConfigValue                
00001394  etpwm4GetConfigValue                
00001674  etpwm5GetConfigValue                
0000195c  etpwm6GetConfigValue                
00001c7c  etpwm7GetConfigValue                
000009dc  etpwmClearEventFlag                 
000007ac  etpwmClearTripCondition             
000007cc  etpwmClearTripInterruptFlag         
00000670  etpwmDisableChopping                
0000043c  etpwmDisableCmpAShadowMode          
0000049c  etpwmDisableCmpBShadowMode          
000002cc  etpwmDisableCounterLoadOnSync       
000005f0  etpwmDisableDeadband                
000009a0  etpwmDisableInterrupt               
0000087c  etpwmDisableSOCA                    
00000914  etpwmDisableSOCB                    
00000238  etpwmDisableTimebasePeriodShadowMode
0000077c  etpwmDisableTripInterrupt           
000006b4  etpwmDisableTripZoneSources         
0000063c  etpwmEnableChopping                 
00000400  etpwmEnableCmpAShadowMode           
0000045c  etpwmEnableCmpBShadowMode           
0000027c  etpwmEnableCounterLoadOnSync        
0000059c  etpwmEnableDeadBand                 
00000a1c  etpwmEnableDigitalCompareEvents     
00000934  etpwmEnableInterrupt                
00000808  etpwmEnableSOCA                     
000008a0  etpwmEnableSOCB                     
00000258  etpwmEnableTimebasePeriodShadowMode 
00000754  etpwmEnableTripInterrupt            
0000068c  etpwmEnableTripZoneSources          
000007e8  etpwmForceTripEvent                 
000009c4  etpwmGetEventStatus                 
00000020  etpwmInit                           
00006248  etpwmNotification                   
000004bc  etpwmSetActionQualPwmA              
0000052c  etpwmSetActionQualPwmB              
000001b0  etpwmSetClkDiv                      
000003c0  etpwmSetCmpA                        
000003e0  etpwmSetCmpB                        
00000218  etpwmSetCount                       
0000032c  etpwmSetCounterMode                 
0000060c  etpwmSetDeadBandDelay               
00000388  etpwmSetRunMode                     
000002f0  etpwmSetSyncOut                     
000001f8  etpwmSetTimebasePeriod              
000006e4  etpwmSetTripAction                  
0000011c  etpwmStartTBCLK                     
00000168  etpwmStopTBCLK                      
000009fc  etpwmTriggerEvent                   
00000368  etpwmTriggerSWSync                  
00006258  etpwmTripNotification               
00005fe4  floor                               
00005fe4  floorl                              
00002ed4  getResetSource                      
00005058  gioDisableNotification              
00004ff0  gioEnableNotification               
00004f58  gioGetBit                           
000050c0  gioGetConfigValue                   
00004f80  gioGetPort                          
00004df8  gioInit                             
00006220  gioNotification                     
00004ee8  gioSetBit                           
00004ec8  gioSetDirection                     
00004f38  gioSetPort                          
00004f98  gioToggleBit                        
00005ce8  main                                
00002d04  mapClocks                           
00002198  muxInit                             
00002c50  periphInit                          
00006310  phantomInterrupt                    
00000000  resetEntry                          
000044b8  sci1GetConfigValue                  
0000432c  sciDisableLoopback                  
000043e0  sciDisableNotification              
000042f8  sciEnableLoopback                   
00004348  sciEnableNotification               
00004478  sciEnterResetState                  
00004498  sciExitResetState                   
00003dfc  sciInit                             
00004170  sciIsIdleDetected                   
00004154  sciIsRxReady                        
00003fa4  sciIsTxReady                        
00006234  sciNotification                     
000041e8  sciReceive                          
000041bc  sciReceiveByte                      
0000418c  sciRxError                          
00003ff0  sciSend                             
00003fc0  sciSendByte                         
00005df8  sciSendText                         
00003f08  sciSetBaudrate                      
00003ee8  sciSetFunctional                    
00002c10  setupFlash                          
00002b68  setupPLL                            
00002ffc  systemGetConfigValue                
00002e30  systemInit                          
00002ea4  systemPowerDown                     
00002bc8  trimLPO                             
08001570  txt                                 
08001550  txt_buf                             
00003598  vimChannelMap                       
00003804  vimDisableInterrupt                 
000059ac  vimECCErrorHandler                  
0000363c  vimEnableInterrupt                  
000038b0  vimGetConfigValue                   
000034c4  vimInit                             
00005db4  wait                                


GLOBAL SYMBOLS: SORTED BY Symbol Address 

address   name                                
-------   ----                                
00000000  __TI_static_base__                  
00000000  resetEntry                          
00000020  etpwmInit                           
0000011c  etpwmStartTBCLK                     
00000168  etpwmStopTBCLK                      
000001b0  etpwmSetClkDiv                      
000001f8  etpwmSetTimebasePeriod              
00000218  etpwmSetCount                       
00000238  etpwmDisableTimebasePeriodShadowMode
00000258  etpwmEnableTimebasePeriodShadowMode 
0000027c  etpwmEnableCounterLoadOnSync        
000002cc  etpwmDisableCounterLoadOnSync       
000002f0  etpwmSetSyncOut                     
0000032c  etpwmSetCounterMode                 
00000368  etpwmTriggerSWSync                  
00000388  etpwmSetRunMode                     
000003c0  etpwmSetCmpA                        
000003e0  etpwmSetCmpB                        
00000400  etpwmEnableCmpAShadowMode           
0000043c  etpwmDisableCmpAShadowMode          
0000045c  etpwmEnableCmpBShadowMode           
0000049c  etpwmDisableCmpBShadowMode          
000004bc  etpwmSetActionQualPwmA              
0000052c  etpwmSetActionQualPwmB              
0000059c  etpwmEnableDeadBand                 
000005f0  etpwmDisableDeadband                
0000060c  etpwmSetDeadBandDelay               
0000063c  etpwmEnableChopping                 
00000670  etpwmDisableChopping                
0000068c  etpwmEnableTripZoneSources          
000006b4  etpwmDisableTripZoneSources         
000006e4  etpwmSetTripAction                  
00000754  etpwmEnableTripInterrupt            
0000077c  etpwmDisableTripInterrupt           
000007ac  etpwmClearTripCondition             
000007cc  etpwmClearTripInterruptFlag         
000007e8  etpwmForceTripEvent                 
00000808  etpwmEnableSOCA                     
0000087c  etpwmDisableSOCA                    
000008a0  etpwmEnableSOCB                     
00000914  etpwmDisableSOCB                    
00000934  etpwmEnableInterrupt                
000009a0  etpwmDisableInterrupt               
000009c4  etpwmGetEventStatus                 
000009dc  etpwmClearEventFlag                 
000009fc  etpwmTriggerEvent                   
00000a1c  etpwmEnableDigitalCompareEvents     
00000aa8  etpwm1GetConfigValue                
00000da4  etpwm2GetConfigValue                
000010b4  etpwm3GetConfigValue                
00001394  etpwm4GetConfigValue                
00001674  etpwm5GetConfigValue                
0000195c  etpwm6GetConfigValue                
00001c7c  etpwm7GetConfigValue                
00002198  muxInit                             
00002b68  setupPLL                            
00002bc8  trimLPO                             
00002c10  setupFlash                          
00002c50  periphInit                          
00002d04  mapClocks                           
00002e30  systemInit                          
00002ea4  systemPowerDown                     
00002ed4  getResetSource                      
00002ffc  systemGetConfigValue                
000034c4  vimInit                             
00003598  vimChannelMap                       
0000363c  vimEnableInterrupt                  
00003804  vimDisableInterrupt                 
000038b0  vimGetConfigValue                   
00003dfc  sciInit                             
00003ee8  sciSetFunctional                    
00003f08  sciSetBaudrate                      
00003fa4  sciIsTxReady                        
00003fc0  sciSendByte                         
00003ff0  sciSend                             
00004154  sciIsRxReady                        
00004170  sciIsIdleDetected                   
0000418c  sciRxError                          
000041bc  sciReceiveByte                      
000041e8  sciReceive                          
000042f8  sciEnableLoopback                   
0000432c  sciDisableLoopback                  
00004348  sciEnableNotification               
000043e0  sciDisableNotification              
00004478  sciEnterResetState                  
00004498  sciExitResetState                   
000044b8  sci1GetConfigValue                  
0000466c  esmInit                             
000047c8  esmError                            
000047e4  esmEnableError                      
0000480c  esmEnableErrorUpper                 
00004828  esmDisableError                     
00004850  esmDisableErrorUpper                
0000486c  esmTriggerErrorPinReset             
0000487c  esmActivateNormalOperation          
0000488c  esmEnableInterrupt                  
000048b4  esmEnableInterruptUpper             
000048d0  esmDisableInterrupt                 
000048f8  esmDisableInterruptUpper            
00004914  esmSetInterruptLevel                
00004988  esmSetInterruptLevelUpper           
000049c8  esmClearStatus                      
00004a08  esmClearStatusUpper                 
00004a2c  esmClearStatusBuffer                
00004a48  esmSetCounterPreloadValue           
00004a68  esmGetStatus                        
00004aec  esmGetStatusUpper                   
00004b34  esmGetStatusBuffer                  
00004b5c  esmEnterSelfTest                    
00004be4  esmSelfTestStatus                   
00004c34  esmGetConfigValue                   
00004df8  gioInit                             
00004ec8  gioSetDirection                     
00004ee8  gioSetBit                           
00004f38  gioSetPort                          
00004f58  gioGetBit                           
00004f80  gioGetPort                          
00004f98  gioToggleBit                        
00004ff0  gioEnableNotification               
00005058  gioDisableNotification              
000050c0  gioGetConfigValue                   
0000527c  _coreInitRegisters_                 
00005388  _coreInitStackPointer_              
000053d4  _getCPSRValue_                      
000053dc  _gotoCPUIdle_                       
000053f4  _coreEnableVfp_                     
0000540c  _coreEnableEventBusExport_          
0000541c  _coreDisableEventBusExport_         
0000542c  _coreEnableIrqVicOffset_            
0000543c  _coreGetDataFault_                  
00005444  _coreClearDataFault_                
00005450  _coreGetInstructionFault_           
00005458  _coreClearInstructionFault_         
00005464  _coreGetDataFaultAddress_           
0000546c  _coreClearDataFaultAddress_         
00005478  _coreGetInstructionFaultAddress_    
00005480  _coreClearInstructionFaultAddress_  
0000548c  _coreGetAuxiliaryDataFault_         
00005494  _coreClearAuxiliaryDataFault_       
000054a0  _coreGetAuxiliaryInstructionFault_  
000054a8  _coreClearAuxiliaryInstructionFault_
000054b4  _disable_IRQ_interrupt_             
000054bc  _enable_IRQ_interrupt_              
000054c4  _enable_interrupt_                  
000054cc  _esmCcmErrorsClear_                 
00005554  _memInit_                           
00005588  _checkMemInitOn_                    
000055a8  _cacheEnable_                       
000055ec  _cacheDisable_                      
00005610  _dCacheInvalidate_                  
00005624  _iCacheInvalidate_                  
00005638  __TI_PINIT_Base                     
0000563c  __TI_PINIT_Limit                    
00005640  _mpuInit_                           
000058f8  _mpuEnable_                         
00005910  _mpuDisable_                        
00005928  _mpuEnableBackgroundRegion_         
00005938  _mpuDisableBackgroundRegion_        
00005948  _mpuGetNumberOfRegions_             
00005954  _mpuAreRegionsSeparate_             
00005960  _mpuSetRegion_                      
00005968  _mpuGetRegion_                      
00005970  _mpuSetRegionBaseAddress_           
00005978  _mpuGetRegionBaseAddress_           
00005980  _mpuSetRegionTypeAndPermission_     
0000598c  _mpuGetRegionType_                  
00005998  _mpuGetRegionPermission_            
000059a4  _mpuSetRegionSizeRegister_          
000059ac  vimECCErrorHandler                  
00005ce8  main                                
00005db4  wait                                
00005df8  sciSendText                         
00005e6c  esmHighInterrupt                    
00005fe4  floor                               
00005fe4  floorl                              
00006120  _c_int00                            
000061d4  esmGroup1Notification               
000061e8  esmGroup2Notification               
000061fc  esmGroup3Notification               
0000620c  dmaGroupANotification               
00006220  gioNotification                     
00006234  sciNotification                     
00006248  etpwmNotification                   
00006258  etpwmTripNotification               
0000626c  epcCAMFullNotification              
00006270  epcFIFOFullNotification             
00006280  __TI_auto_init_nobinit_nopinit      
000062e8  __TI_zero_init_nomemset             
00006308  C$$EXIT                             
00006308  abort                               
00006310  phantomInterrupt                    
00006528  __TI_Handler_Table_Base             
0000652c  __TI_CINIT_Base                     
0000652c  __TI_Handler_Table_Limit            
00006534  __TI_CINIT_Limit                    
08001550  txt_buf                             
08001570  txt                                 
ffffffff  __TI_pprof_out_hndl                 
ffffffff  __TI_prof_data_size                 
ffffffff  __TI_prof_data_start                
ffffffff  __binit__                           
ffffffff  __c_args__                          
ffffffff  binit                               
UNDEFED   SHT$$INIT_ARRAY$$Base               
UNDEFED   SHT$$INIT_ARRAY$$Limit              
UNDEFED   _system_post_cinit                  

[206 symbols]
