<?xml version="1.0" encoding="ISO-8859-1" ?>
<link_info>
   <banner>TI ARM Linker Unix v18.1.3.LTS</banner>
   <copyright>Copyright (c) 1996-2017 Texas Instruments Incorporated</copyright>
   <link_time>0x5c1c7a6e</link_time>
   <link_errors>0x0</link_errors>
   <output_file>test_bldc.out</output_file>
   <entry_point>
      <name>_c_int00</name>
      <address>0x10fdc</address>
   </entry_point>
   <input_file_list>
      <input_file id="fl-2">
         <path>./source/</path>
         <kind>object</kind>
         <file>HL_can.obj</file>
         <name>HL_can.obj</name>
      </input_file>
      <input_file id="fl-3">
         <path>./source/</path>
         <kind>object</kind>
         <file>HL_epc.obj</file>
         <name>HL_epc.obj</name>
      </input_file>
      <input_file id="fl-4">
         <path>./source/</path>
         <kind>object</kind>
         <file>HL_errata.obj</file>
         <name>HL_errata.obj</name>
      </input_file>
      <input_file id="fl-5">
         <path>./source/</path>
         <kind>object</kind>
         <file>HL_esm.obj</file>
         <name>HL_esm.obj</name>
      </input_file>
      <input_file id="fl-6">
         <path>./source/</path>
         <kind>object</kind>
         <file>HL_etpwm.obj</file>
         <name>HL_etpwm.obj</name>
      </input_file>
      <input_file id="fl-7">
         <path>./source/</path>
         <kind>object</kind>
         <file>HL_gio.obj</file>
         <name>HL_gio.obj</name>
      </input_file>
      <input_file id="fl-8">
         <path>./source/</path>
         <kind>object</kind>
         <file>HL_nmpu.obj</file>
         <name>HL_nmpu.obj</name>
      </input_file>
      <input_file id="fl-9">
         <path>./source/</path>
         <kind>object</kind>
         <file>HL_notification.obj</file>
         <name>HL_notification.obj</name>
      </input_file>
      <input_file id="fl-a">
         <path>./source/</path>
         <kind>object</kind>
         <file>HL_pinmux.obj</file>
         <name>HL_pinmux.obj</name>
      </input_file>
      <input_file id="fl-b">
         <path>./source/</path>
         <kind>object</kind>
         <file>HL_sci.obj</file>
         <name>HL_sci.obj</name>
      </input_file>
      <input_file id="fl-c">
         <path>./source/</path>
         <kind>object</kind>
         <file>HL_sys_core.obj</file>
         <name>HL_sys_core.obj</name>
      </input_file>
      <input_file id="fl-d">
         <path>./source/</path>
         <kind>object</kind>
         <file>HL_sys_dma.obj</file>
         <name>HL_sys_dma.obj</name>
      </input_file>
      <input_file id="fl-e">
         <path>./source/</path>
         <kind>object</kind>
         <file>HL_sys_intvecs.obj</file>
         <name>HL_sys_intvecs.obj</name>
      </input_file>
      <input_file id="fl-f">
         <path>./source/</path>
         <kind>object</kind>
         <file>HL_sys_main.obj</file>
         <name>HL_sys_main.obj</name>
      </input_file>
      <input_file id="fl-10">
         <path>./source/</path>
         <kind>object</kind>
         <file>HL_sys_mpu.obj</file>
         <name>HL_sys_mpu.obj</name>
      </input_file>
      <input_file id="fl-11">
         <path>./source/</path>
         <kind>object</kind>
         <file>HL_sys_pcr.obj</file>
         <name>HL_sys_pcr.obj</name>
      </input_file>
      <input_file id="fl-12">
         <path>./source/</path>
         <kind>object</kind>
         <file>HL_sys_phantom.obj</file>
         <name>HL_sys_phantom.obj</name>
      </input_file>
      <input_file id="fl-13">
         <path>./source/</path>
         <kind>object</kind>
         <file>HL_sys_pmm.obj</file>
         <name>HL_sys_pmm.obj</name>
      </input_file>
      <input_file id="fl-14">
         <path>./source/</path>
         <kind>object</kind>
         <file>HL_sys_pmu.obj</file>
         <name>HL_sys_pmu.obj</name>
      </input_file>
      <input_file id="fl-15">
         <path>./source/</path>
         <kind>object</kind>
         <file>HL_sys_startup.obj</file>
         <name>HL_sys_startup.obj</name>
      </input_file>
      <input_file id="fl-16">
         <path>./source/</path>
         <kind>object</kind>
         <file>HL_sys_vim.obj</file>
         <name>HL_sys_vim.obj</name>
      </input_file>
      <input_file id="fl-17">
         <path>./source/</path>
         <kind>object</kind>
         <file>HL_system.obj</file>
         <name>HL_system.obj</name>
      </input_file>
      <input_file id="fl-18">
         <path>./source/</path>
         <kind>object</kind>
         <file>os_croutine.obj</file>
         <name>os_croutine.obj</name>
      </input_file>
      <input_file id="fl-19">
         <path>./source/</path>
         <kind>object</kind>
         <file>os_event_groups.obj</file>
         <name>os_event_groups.obj</name>
      </input_file>
      <input_file id="fl-1a">
         <path>./source/</path>
         <kind>object</kind>
         <file>os_heap.obj</file>
         <name>os_heap.obj</name>
      </input_file>
      <input_file id="fl-1b">
         <path>./source/</path>
         <kind>object</kind>
         <file>os_list.obj</file>
         <name>os_list.obj</name>
      </input_file>
      <input_file id="fl-1c">
         <path>./source/</path>
         <kind>object</kind>
         <file>os_mpu_wrappers.obj</file>
         <name>os_mpu_wrappers.obj</name>
      </input_file>
      <input_file id="fl-1d">
         <path>./source/</path>
         <kind>object</kind>
         <file>os_port.obj</file>
         <name>os_port.obj</name>
      </input_file>
      <input_file id="fl-1e">
         <path>./source/</path>
         <kind>object</kind>
         <file>os_portasm.obj</file>
         <name>os_portasm.obj</name>
      </input_file>
      <input_file id="fl-1f">
         <path>./source/</path>
         <kind>object</kind>
         <file>os_queue.obj</file>
         <name>os_queue.obj</name>
      </input_file>
      <input_file id="fl-20">
         <path>./source/</path>
         <kind>object</kind>
         <file>os_tasks.obj</file>
         <name>os_tasks.obj</name>
      </input_file>
      <input_file id="fl-21">
         <path>./source/</path>
         <kind>object</kind>
         <file>os_timer.obj</file>
         <name>os_timer.obj</name>
      </input_file>
      <input_file id="fl-25">
         <kind>object</kind>
         <file>&lt;internal&gt;</file>
         <name>&lt;internal&gt;</name>
      </input_file>
      <input_file id="fl-db">
         <path>/home/koitt/ti/ccsv8/tools/compiler/ti-cgt-arm_18.1.3.LTS/lib/</path>
         <kind>archive</kind>
         <file>rtsv7R4_A_be_v3D16_eabi.lib</file>
         <name>e_pow.c.obj</name>
      </input_file>
      <input_file id="fl-dc">
         <path>/home/koitt/ti/ccsv8/tools/compiler/ti-cgt-arm_18.1.3.LTS/lib/</path>
         <kind>archive</kind>
         <file>rtsv7R4_A_be_v3D16_eabi.lib</file>
         <name>e_sqrt.c.obj</name>
      </input_file>
      <input_file id="fl-dd">
         <path>/home/koitt/ti/ccsv8/tools/compiler/ti-cgt-arm_18.1.3.LTS/lib/</path>
         <kind>archive</kind>
         <file>rtsv7R4_A_be_v3D16_eabi.lib</file>
         <name>s_floor.c.obj</name>
      </input_file>
      <input_file id="fl-de">
         <path>/home/koitt/ti/ccsv8/tools/compiler/ti-cgt-arm_18.1.3.LTS/lib/</path>
         <kind>archive</kind>
         <file>rtsv7R4_A_be_v3D16_eabi.lib</file>
         <name>s_scalbn.c.obj</name>
      </input_file>
      <input_file id="fl-df">
         <path>/home/koitt/ti/ccsv8/tools/compiler/ti-cgt-arm_18.1.3.LTS/lib/</path>
         <kind>archive</kind>
         <file>rtsv7R4_A_be_v3D16_eabi.lib</file>
         <name>memcpy32.asm.obj</name>
      </input_file>
      <input_file id="fl-e0">
         <path>/home/koitt/ti/ccsv8/tools/compiler/ti-cgt-arm_18.1.3.LTS/lib/</path>
         <kind>archive</kind>
         <file>rtsv7R4_A_be_v3D16_eabi.lib</file>
         <name>memset32.asm.obj</name>
      </input_file>
      <input_file id="fl-e1">
         <path>/home/koitt/ti/ccsv8/tools/compiler/ti-cgt-arm_18.1.3.LTS/lib/</path>
         <kind>archive</kind>
         <file>rtsv7R4_A_be_v3D16_eabi.lib</file>
         <name>autoinit.c.obj</name>
      </input_file>
      <input_file id="fl-e2">
         <path>/home/koitt/ti/ccsv8/tools/compiler/ti-cgt-arm_18.1.3.LTS/lib/</path>
         <kind>archive</kind>
         <file>rtsv7R4_A_be_v3D16_eabi.lib</file>
         <name>cpy_tbl.c.obj</name>
      </input_file>
      <input_file id="fl-e3">
         <path>/home/koitt/ti/ccsv8/tools/compiler/ti-cgt-arm_18.1.3.LTS/lib/</path>
         <kind>archive</kind>
         <file>rtsv7R4_A_be_v3D16_eabi.lib</file>
         <name>copy_zero_init.c.obj</name>
      </input_file>
      <input_file id="fl-e4">
         <path>/home/koitt/ti/ccsv8/tools/compiler/ti-cgt-arm_18.1.3.LTS/lib/</path>
         <kind>archive</kind>
         <file>rtsv7R4_A_be_v3D16_eabi.lib</file>
         <name>copy_decompress_none.c.obj</name>
      </input_file>
      <input_file id="fl-e5">
         <path>/home/koitt/ti/ccsv8/tools/compiler/ti-cgt-arm_18.1.3.LTS/lib/</path>
         <kind>archive</kind>
         <file>rtsv7R4_A_be_v3D16_eabi.lib</file>
         <name>copy_decompress_lzss.c.obj</name>
      </input_file>
      <input_file id="fl-e6">
         <path>/home/koitt/ti/ccsv8/tools/compiler/ti-cgt-arm_18.1.3.LTS/lib/</path>
         <kind>archive</kind>
         <file>rtsv7R4_A_be_v3D16_eabi.lib</file>
         <name>errno.c.obj</name>
      </input_file>
      <input_file id="fl-e7">
         <path>/home/koitt/ti/ccsv8/tools/compiler/ti-cgt-arm_18.1.3.LTS/lib/</path>
         <kind>archive</kind>
         <file>rtsv7R4_A_be_v3D16_eabi.lib</file>
         <name>exit.c.obj</name>
      </input_file>
      <input_file id="fl-e8">
         <path>/home/koitt/ti/ccsv8/tools/compiler/ti-cgt-arm_18.1.3.LTS/lib/</path>
         <kind>archive</kind>
         <file>rtsv7R4_A_be_v3D16_eabi.lib</file>
         <name>_lock.c.obj</name>
      </input_file>
      <input_file id="fl-e9">
         <path>/home/koitt/ti/ccsv8/tools/compiler/ti-cgt-arm_18.1.3.LTS/lib/</path>
         <kind>archive</kind>
         <file>rtsv7R4_A_be_v3D16_eabi.lib</file>
         <name>strlen.c.obj</name>
      </input_file>
      <input_file id="fl-ea">
         <path>/home/koitt/ti/ccsv8/tools/compiler/ti-cgt-arm_18.1.3.LTS/lib/</path>
         <kind>archive</kind>
         <file>rtsv7R4_A_be_v3D16_eabi.lib</file>
         <name>s_copysign.c.obj</name>
      </input_file>
   </input_file_list>
   <object_component_list>
      <object_component id="oc-30">
         <name>.intvecs</name>
         <load_address>0x0</load_address>
         <run_address>0x0</run_address>
         <size>0x20</size>
         <input_file_ref idref="fl-e"/>
      </object_component>
      <object_component id="oc-137">
         <name>.kernelTEXT</name>
         <load_address>0x20</load_address>
         <run_address>0x20</run_address>
         <size>0x2bdc</size>
         <input_file_ref idref="fl-20"/>
      </object_component>
      <object_component id="oc-202">
         <name>.kernelTEXT</name>
         <load_address>0x2bfc</load_address>
         <run_address>0x2bfc</run_address>
         <size>0x11dc</size>
         <input_file_ref idref="fl-1f"/>
      </object_component>
      <object_component id="oc-208">
         <name>.kernelTEXT</name>
         <load_address>0x3dd8</load_address>
         <run_address>0x3dd8</run_address>
         <size>0x81c</size>
         <input_file_ref idref="fl-19"/>
      </object_component>
      <object_component id="oc-95">
         <name>.kernelTEXT</name>
         <load_address>0x45f4</load_address>
         <run_address>0x45f4</run_address>
         <size>0x4b0</size>
         <input_file_ref idref="fl-1e"/>
      </object_component>
      <object_component id="oc-235">
         <name>.kernelTEXT</name>
         <load_address>0x4aa4</load_address>
         <run_address>0x4aa4</run_address>
         <size>0x3dc</size>
         <input_file_ref idref="fl-1d"/>
      </object_component>
      <object_component id="oc-229">
         <name>.kernelTEXT</name>
         <load_address>0x4e80</load_address>
         <run_address>0x4e80</run_address>
         <size>0x380</size>
         <input_file_ref idref="fl-1a"/>
      </object_component>
      <object_component id="oc-38b">
         <name>__TI_handler_table</name>
         <load_address>0x5200</load_address>
         <run_address>0x5200</run_address>
         <size>0xc</size>
      </object_component>
      <object_component id="oc-390">
         <name>.cinit..data.load</name>
         <load_address>0x520c</load_address>
         <run_address>0x520c</run_address>
         <size>0xb</size>
      </object_component>
      <object_component id="oc-38d">
         <name>.cinit..kernelBSS.load</name>
         <load_address>0x5217</load_address>
         <run_address>0x5217</run_address>
         <size>0x9</size>
      </object_component>
      <object_component id="oc-38f">
         <name>.cinit..bss.load</name>
         <load_address>0x5220</load_address>
         <run_address>0x5220</run_address>
         <size>0x8</size>
      </object_component>
      <object_component id="oc-38e">
         <name>.cinit..kernelHEAP.load</name>
         <load_address>0x5228</load_address>
         <run_address>0x5228</run_address>
         <size>0x8</size>
      </object_component>
      <object_component id="oc-38c">
         <name>__TI_cinit_table</name>
         <load_address>0x5230</load_address>
         <run_address>0x5230</run_address>
         <size>0x20</size>
      </object_component>
      <object_component id="oc-12b">
         <name>.text</name>
         <load_address>0x8020</load_address>
         <run_address>0x8020</run_address>
         <size>0x235c</size>
         <input_file_ref idref="fl-6"/>
      </object_component>
      <object_component id="oc-125">
         <name>.text</name>
         <load_address>0xa37c</load_address>
         <run_address>0xa37c</run_address>
         <size>0xb04</size>
         <input_file_ref idref="fl-2"/>
      </object_component>
      <object_component id="oc-d4">
         <name>.text</name>
         <load_address>0xae80</load_address>
         <run_address>0xae80</run_address>
         <size>0x9c8</size>
         <input_file_ref idref="fl-a"/>
      </object_component>
      <object_component id="oc-131">
         <name>.text</name>
         <load_address>0xb848</load_address>
         <run_address>0xb848</run_address>
         <size>0x9a0</size>
         <input_file_ref idref="fl-1c"/>
      </object_component>
      <object_component id="oc-75">
         <name>.text</name>
         <load_address>0xc1e8</load_address>
         <run_address>0xc1e8</run_address>
         <size>0x95c</size>
         <input_file_ref idref="fl-17"/>
      </object_component>
      <object_component id="oc-3c">
         <name>.text</name>
         <load_address>0xcb44</load_address>
         <run_address>0xcb44</run_address>
         <size>0x940</size>
         <input_file_ref idref="fl-16"/>
      </object_component>
      <object_component id="oc-119">
         <name>.text</name>
         <load_address>0xd484</load_address>
         <run_address>0xd484</run_address>
         <size>0x870</size>
         <input_file_ref idref="fl-b"/>
      </object_component>
      <object_component id="oc-13d">
         <name>.text:pow</name>
         <load_address>0xdcf4</load_address>
         <run_address>0xdcf4</run_address>
         <size>0x7d0</size>
         <input_file_ref idref="fl-db"/>
      </object_component>
      <object_component id="oc-7b">
         <name>.text</name>
         <load_address>0xe4c4</load_address>
         <run_address>0xe4c4</run_address>
         <size>0x78c</size>
         <input_file_ref idref="fl-5"/>
      </object_component>
      <object_component id="oc-87">
         <name>.text</name>
         <load_address>0xec50</load_address>
         <run_address>0xec50</run_address>
         <size>0x574</size>
         <input_file_ref idref="fl-f"/>
      </object_component>
      <object_component id="oc-11f">
         <name>.text</name>
         <load_address>0xf1c4</load_address>
         <run_address>0xf1c4</run_address>
         <size>0x484</size>
         <input_file_ref idref="fl-7"/>
      </object_component>
      <object_component id="oc-6a">
         <name>.text</name>
         <load_address>0xf648</load_address>
         <run_address>0xf648</run_address>
         <size>0x3c4</size>
         <input_file_ref idref="fl-c"/>
      </object_component>
      <object_component id="oc-81">
         <name>.text</name>
         <load_address>0xfa0c</load_address>
         <run_address>0xfa0c</run_address>
         <size>0x36c</size>
         <input_file_ref idref="fl-10"/>
      </object_component>
      <object_component id="oc-3b">
         <name>.text:retain</name>
         <load_address>0xfd78</load_address>
         <run_address>0xfd78</run_address>
         <size>0x33c</size>
         <input_file_ref idref="fl-16"/>
      </object_component>
      <object_component id="oc-2cc">
         <name>.text</name>
         <load_address>0x100b4</load_address>
         <run_address>0x100b4</run_address>
         <size>0x278</size>
         <input_file_ref idref="fl-1a"/>
      </object_component>
      <object_component id="oc-22f">
         <name>.text</name>
         <load_address>0x1032c</load_address>
         <run_address>0x1032c</run_address>
         <size>0x238</size>
         <input_file_ref idref="fl-1b"/>
      </object_component>
      <object_component id="oc-21">
         <name>.text:retain</name>
         <load_address>0x10564</load_address>
         <run_address>0x10564</run_address>
         <size>0x19c</size>
         <input_file_ref idref="fl-2"/>
      </object_component>
      <object_component id="oc-52">
         <name>.text</name>
         <load_address>0x10700</load_address>
         <run_address>0x10700</run_address>
         <size>0x180</size>
         <input_file_ref idref="fl-df"/>
      </object_component>
      <object_component id="oc-2a">
         <name>.text:retain</name>
         <load_address>0x10880</load_address>
         <run_address>0x10880</run_address>
         <size>0x178</size>
         <input_file_ref idref="fl-5"/>
      </object_component>
      <object_component id="oc-1fc">
         <name>.text</name>
         <load_address>0x109f8</load_address>
         <run_address>0x109f8</run_address>
         <size>0x164</size>
         <input_file_ref idref="fl-20"/>
      </object_component>
      <object_component id="oc-1df">
         <name>.text:floor</name>
         <load_address>0x10b5c</load_address>
         <run_address>0x10b5c</run_address>
         <size>0x13c</size>
         <input_file_ref idref="fl-dd"/>
      </object_component>
      <object_component id="oc-2dc">
         <name>.text</name>
         <load_address>0x10c98</load_address>
         <run_address>0x10c98</run_address>
         <size>0x13c</size>
         <input_file_ref idref="fl-1d"/>
      </object_component>
      <object_component id="oc-252">
         <name>.text:scalbn</name>
         <load_address>0x10dd4</load_address>
         <run_address>0x10dd4</run_address>
         <size>0x120</size>
         <input_file_ref idref="fl-de"/>
      </object_component>
      <object_component id="oc-6f">
         <name>.text</name>
         <load_address>0x10ef4</load_address>
         <run_address>0x10ef4</run_address>
         <size>0xe8</size>
         <input_file_ref idref="fl-9"/>
      </object_component>
      <object_component id="oc-1b">
         <name>.text:retain</name>
         <load_address>0x10fdc</load_address>
         <run_address>0x10fdc</run_address>
         <size>0xb4</size>
         <input_file_ref idref="fl-15"/>
      </object_component>
      <object_component id="oc-c6">
         <name>.text</name>
         <load_address>0x11090</load_address>
         <run_address>0x11090</run_address>
         <size>0xb0</size>
         <input_file_ref idref="fl-e0"/>
      </object_component>
      <object_component id="oc-e">
         <name>.text:decompress:lzss:__TI_decompress_lzss</name>
         <load_address>0x11140</load_address>
         <run_address>0x11140</run_address>
         <size>0x90</size>
         <input_file_ref idref="fl-e5"/>
      </object_component>
      <object_component id="oc-e9">
         <name>.text:__TI_auto_init_nobinit_nopinit:__TI_auto_init_nobinit_nopinit</name>
         <load_address>0x111d0</load_address>
         <run_address>0x111d0</run_address>
         <size>0x68</size>
         <input_file_ref idref="fl-e1"/>
      </object_component>
      <object_component id="oc-246">
         <name>.text:sqrt</name>
         <load_address>0x11238</load_address>
         <run_address>0x11238</run_address>
         <size>0x38</size>
         <input_file_ref idref="fl-dc"/>
      </object_component>
      <object_component id="oc-23e">
         <name>.text:strlen</name>
         <load_address>0x11270</load_address>
         <run_address>0x11270</run_address>
         <size>0x20</size>
         <input_file_ref idref="fl-e9"/>
      </object_component>
      <object_component id="oc-2f6">
         <name>.text:copysign</name>
         <load_address>0x11290</load_address>
         <run_address>0x11290</run_address>
         <size>0x1c</size>
         <input_file_ref idref="fl-ea"/>
      </object_component>
      <object_component id="oc-14">
         <name>.text:decompress:none:__TI_decompress_none</name>
         <load_address>0x112ac</load_address>
         <run_address>0x112ac</run_address>
         <size>0x14</size>
         <input_file_ref idref="fl-e4"/>
      </object_component>
      <object_component id="oc-64">
         <name>.text:decompress:ZI:__TI_zero_init</name>
         <load_address>0x112c0</load_address>
         <run_address>0x112c0</run_address>
         <size>0x10</size>
         <input_file_ref idref="fl-e3"/>
      </object_component>
      <object_component id="oc-24c">
         <name>.text:__aeabi_errno_addr</name>
         <load_address>0x112d0</load_address>
         <run_address>0x112d0</run_address>
         <size>0xc</size>
         <input_file_ref idref="fl-e6"/>
      </object_component>
      <object_component id="oc-154">
         <name>.text:abort:abort</name>
         <load_address>0x112dc</load_address>
         <run_address>0x112dc</run_address>
         <size>0x8</size>
         <input_file_ref idref="fl-e7"/>
      </object_component>
      <object_component id="oc-35">
         <name>.text:retain</name>
         <load_address>0x112e4</load_address>
         <run_address>0x112e4</run_address>
         <size>0x4</size>
         <input_file_ref idref="fl-12"/>
      </object_component>
      <object_component id="oc-27">
         <name>.const:s_vim_init</name>
         <load_address>0x11300</load_address>
         <run_address>0x11300</run_address>
         <size>0x200</size>
         <input_file_ref idref="fl-16"/>
      </object_component>
      <object_component id="oc-1ec">
         <name>.const:s_canByteOrder</name>
         <load_address>0x11500</load_address>
         <run_address>0x11500</run_address>
         <size>0x20</size>
         <input_file_ref idref="fl-2"/>
      </object_component>
      <object_component id="oc-258">
         <name>.const:bp</name>
         <load_address>0x11520</load_address>
         <run_address>0x11520</run_address>
         <size>0x10</size>
         <input_file_ref idref="fl-db"/>
      </object_component>
      <object_component id="oc-25b">
         <name>.const:dp_h</name>
         <load_address>0x11530</load_address>
         <run_address>0x11530</run_address>
         <size>0x10</size>
         <input_file_ref idref="fl-db"/>
      </object_component>
      <object_component id="oc-25e">
         <name>.const:dp_l</name>
         <load_address>0x11540</load_address>
         <run_address>0x11540</run_address>
         <size>0x10</size>
         <input_file_ref idref="fl-db"/>
      </object_component>
      <object_component id="oc-160">
         <name>.kernelBSS:init</name>
         <load_address>0x80008d0</load_address>
         <run_address>0x80008d0</run_address>
         <size>0x34</size>
         <input_file_ref idref="fl-20"/>
      </object_component>
      <object_component id="oc-23b">
         <name>.kernelBSS:uninit</name>
         <load_address>0x8000800</load_address>
         <run_address>0x8000800</run_address>
         <size>0xd0</size>
         <input_file_ref idref="fl-20"/>
      </object_component>
      <object_component id="oc-33e">
         <name>.kernelHEAP</name>
         <uninitialized>true</uninitialized>
         <run_address>0x8001000</run_address>
         <size>0x2000</size>
         <input_file_ref idref="fl-1a"/>
      </object_component>
      <object_component id="oc-1e5">
         <name>.bss:g_sciTransfer_t</name>
         <uninitialized>true</uninitialized>
         <run_address>0x8003000</run_address>
         <size>0x50</size>
         <input_file_ref idref="fl-b"/>
      </object_component>
      <object_component id="oc-2d5">
         <name>.bss:xStart</name>
         <uninitialized>true</uninitialized>
         <run_address>0x8003050</run_address>
         <size>0x8</size>
         <input_file_ref idref="fl-1a"/>
      </object_component>
      <object_component id="oc-146">
         <name>.common:task0</name>
         <uninitialized>true</uninitialized>
         <run_address>0x800306c</run_address>
         <size>0x4</size>
      </object_component>
      <object_component id="oc-149">
         <name>.common:task1</name>
         <uninitialized>true</uninitialized>
         <run_address>0x8003070</run_address>
         <size>0x4</size>
      </object_component>
      <object_component id="oc-14a">
         <name>.common:rx_data</name>
         <uninitialized>true</uninitialized>
         <run_address>0x8003058</run_address>
         <size>0x8</size>
      </object_component>
      <object_component id="oc-14c">
         <name>.common:accel</name>
         <uninitialized>true</uninitialized>
         <run_address>0x8003060</run_address>
         <size>0x4</size>
      </object_component>
      <object_component id="oc-14d">
         <name>.common:steering</name>
         <uninitialized>true</uninitialized>
         <run_address>0x8003068</run_address>
         <size>0x4</size>
      </object_component>
      <object_component id="oc-14b">
         <name>.common:collision</name>
         <uninitialized>true</uninitialized>
         <run_address>0x8003064</run_address>
         <size>0x4</size>
      </object_component>
      <object_component id="oc-143">
         <name>.data</name>
         <load_address>0x800308c</load_address>
         <run_address>0x800308c</run_address>
         <size>0x4</size>
         <input_file_ref idref="fl-f"/>
      </object_component>
      <object_component id="oc-2d2">
         <name>.data</name>
         <load_address>0x8003074</load_address>
         <run_address>0x8003074</run_address>
         <size>0x10</size>
         <input_file_ref idref="fl-1a"/>
      </object_component>
      <object_component id="oc-163">
         <name>.data</name>
         <load_address>0x8003084</load_address>
         <run_address>0x8003084</run_address>
         <size>0x8</size>
         <input_file_ref idref="fl-1d"/>
      </object_component>
      <object_component id="oc-2f1">
         <name>.data</name>
         <load_address>0x8003090</load_address>
         <run_address>0x8003090</run_address>
         <size>0x4</size>
         <input_file_ref idref="fl-e6"/>
      </object_component>
      <object_component id="oc-196">
         <name>.debug_info</name>
         <load_address>0x0</load_address>
         <run_address>0x0</run_address>
         <size>0x3ef</size>
         <input_file_ref idref="fl-2"/>
      </object_component>
      <object_component id="oc-1ed">
         <name>.debug_info</name>
         <load_address>0x3ef</load_address>
         <run_address>0x3ef</run_address>
         <size>0xd8</size>
         <input_file_ref idref="fl-2"/>
      </object_component>
      <object_component id="oc-126">
         <name>.debug_info</name>
         <load_address>0x4c7</load_address>
         <run_address>0x4c7</run_address>
         <size>0x1421</size>
         <input_file_ref idref="fl-2"/>
      </object_component>
      <object_component id="oc-22">
         <name>.debug_info</name>
         <load_address>0x18e8</load_address>
         <run_address>0x18e8</run_address>
         <size>0x25f</size>
         <input_file_ref idref="fl-2"/>
      </object_component>
      <object_component id="oc-169">
         <name>.debug_info</name>
         <load_address>0x1b47</load_address>
         <run_address>0x1b47</run_address>
         <size>0x26b</size>
         <input_file_ref idref="fl-2"/>
      </object_component>
      <object_component id="oc-90">
         <name>.debug_info</name>
         <load_address>0x1db2</load_address>
         <run_address>0x1db2</run_address>
         <size>0x157</size>
         <input_file_ref idref="fl-2"/>
      </object_component>
      <object_component id="oc-a6">
         <name>.debug_info</name>
         <load_address>0x1f09</load_address>
         <run_address>0x1f09</run_address>
         <size>0x8b</size>
         <input_file_ref idref="fl-2"/>
      </object_component>
      <object_component id="oc-a1">
         <name>.debug_info</name>
         <load_address>0x1f94</load_address>
         <run_address>0x1f94</run_address>
         <size>0x18c</size>
         <input_file_ref idref="fl-2"/>
      </object_component>
      <object_component id="oc-276">
         <name>.debug_info</name>
         <load_address>0x2120</load_address>
         <run_address>0x2120</run_address>
         <size>0x297</size>
         <input_file_ref idref="fl-2"/>
      </object_component>
      <object_component id="oc-14f">
         <name>.debug_info</name>
         <load_address>0x23b7</load_address>
         <run_address>0x23b7</run_address>
         <size>0xbb</size>
         <input_file_ref idref="fl-2"/>
      </object_component>
      <object_component id="oc-ab">
         <name>.debug_info</name>
         <load_address>0x2472</load_address>
         <run_address>0x2472</run_address>
         <size>0x86</size>
         <input_file_ref idref="fl-2"/>
      </object_component>
      <object_component id="oc-1ad">
         <name>.debug_info</name>
         <load_address>0x24f8</load_address>
         <run_address>0x24f8</run_address>
         <size>0x49b</size>
         <input_file_ref idref="fl-2"/>
      </object_component>
      <object_component id="oc-1f0">
         <name>.debug_info</name>
         <load_address>0x2993</load_address>
         <run_address>0x2993</run_address>
         <size>0x15f</size>
         <input_file_ref idref="fl-2"/>
      </object_component>
      <object_component id="oc-18c">
         <name>.debug_info</name>
         <load_address>0x2af2</load_address>
         <run_address>0x2af2</run_address>
         <size>0x36d</size>
         <input_file_ref idref="fl-2"/>
      </object_component>
      <object_component id="oc-289">
         <name>.debug_info</name>
         <load_address>0x2e5f</load_address>
         <run_address>0x2e5f</run_address>
         <size>0x374</size>
         <input_file_ref idref="fl-3"/>
      </object_component>
      <object_component id="oc-db">
         <name>.debug_info</name>
         <load_address>0x31d3</load_address>
         <run_address>0x31d3</run_address>
         <size>0x429</size>
         <input_file_ref idref="fl-3"/>
      </object_component>
      <object_component id="oc-16e">
         <name>.debug_info</name>
         <load_address>0x35fc</load_address>
         <run_address>0x35fc</run_address>
         <size>0x102</size>
         <input_file_ref idref="fl-3"/>
      </object_component>
      <object_component id="oc-1b2">
         <name>.debug_info</name>
         <load_address>0x36fe</load_address>
         <run_address>0x36fe</run_address>
         <size>0x142</size>
         <input_file_ref idref="fl-3"/>
      </object_component>
      <object_component id="oc-173">
         <name>.debug_info</name>
         <load_address>0x3840</load_address>
         <run_address>0x3840</run_address>
         <size>0x285</size>
         <input_file_ref idref="fl-3"/>
      </object_component>
      <object_component id="oc-178">
         <name>.debug_info</name>
         <load_address>0x3ac5</load_address>
         <run_address>0x3ac5</run_address>
         <size>0x44a</size>
         <input_file_ref idref="fl-3"/>
      </object_component>
      <object_component id="oc-17d">
         <name>.debug_info</name>
         <load_address>0x3f0f</load_address>
         <run_address>0x3f0f</run_address>
         <size>0x1f9</size>
         <input_file_ref idref="fl-3"/>
      </object_component>
      <object_component id="oc-182">
         <name>.debug_info</name>
         <load_address>0x4108</load_address>
         <run_address>0x4108</run_address>
         <size>0x152</size>
         <input_file_ref idref="fl-3"/>
      </object_component>
      <object_component id="oc-187">
         <name>.debug_info</name>
         <load_address>0x425a</load_address>
         <run_address>0x425a</run_address>
         <size>0x70a</size>
         <input_file_ref idref="fl-3"/>
      </object_component>
      <object_component id="oc-e7">
         <name>.debug_info</name>
         <load_address>0x4964</load_address>
         <run_address>0x4964</run_address>
         <size>0x340</size>
         <input_file_ref idref="fl-5"/>
      </object_component>
      <object_component id="oc-7c">
         <name>.debug_info</name>
         <load_address>0x4ca4</load_address>
         <run_address>0x4ca4</run_address>
         <size>0x10b5</size>
         <input_file_ref idref="fl-5"/>
      </object_component>
      <object_component id="oc-2b">
         <name>.debug_info</name>
         <load_address>0x5d59</load_address>
         <run_address>0x5d59</run_address>
         <size>0x19d</size>
         <input_file_ref idref="fl-5"/>
      </object_component>
      <object_component id="oc-e2">
         <name>.debug_info</name>
         <load_address>0x5ef6</load_address>
         <run_address>0x5ef6</run_address>
         <size>0x168</size>
         <input_file_ref idref="fl-5"/>
      </object_component>
      <object_component id="oc-1f6">
         <name>.debug_info</name>
         <load_address>0x605e</load_address>
         <run_address>0x605e</run_address>
         <size>0x2fc</size>
         <input_file_ref idref="fl-6"/>
      </object_component>
      <object_component id="oc-12c">
         <name>.debug_info</name>
         <load_address>0x635a</load_address>
         <run_address>0x635a</run_address>
         <size>0x2863</size>
         <input_file_ref idref="fl-6"/>
      </object_component>
      <object_component id="oc-1f7">
         <name>.debug_info</name>
         <load_address>0x8bbd</load_address>
         <run_address>0x8bbd</run_address>
         <size>0xc6d</size>
         <input_file_ref idref="fl-6"/>
      </object_component>
      <object_component id="oc-1b7">
         <name>.debug_info</name>
         <load_address>0x982a</load_address>
         <run_address>0x982a</run_address>
         <size>0x396</size>
         <input_file_ref idref="fl-6"/>
      </object_component>
      <object_component id="oc-1c9">
         <name>.debug_info</name>
         <load_address>0x9bc0</load_address>
         <run_address>0x9bc0</run_address>
         <size>0x199</size>
         <input_file_ref idref="fl-6"/>
      </object_component>
      <object_component id="oc-1eb">
         <name>.debug_info</name>
         <load_address>0x9d59</load_address>
         <run_address>0x9d59</run_address>
         <size>0x2a5</size>
         <input_file_ref idref="fl-7"/>
      </object_component>
      <object_component id="oc-120">
         <name>.debug_info</name>
         <load_address>0x9ffe</load_address>
         <run_address>0x9ffe</run_address>
         <size>0x70f</size>
         <input_file_ref idref="fl-7"/>
      </object_component>
      <object_component id="oc-2b2">
         <name>.debug_info</name>
         <load_address>0xa70d</load_address>
         <run_address>0xa70d</run_address>
         <size>0x12a</size>
         <input_file_ref idref="fl-7"/>
      </object_component>
      <object_component id="oc-ce">
         <name>.debug_info</name>
         <load_address>0xa837</load_address>
         <run_address>0xa837</run_address>
         <size>0x3d5</size>
         <input_file_ref idref="fl-9"/>
      </object_component>
      <object_component id="oc-70">
         <name>.debug_info</name>
         <load_address>0xac0c</load_address>
         <run_address>0xac0c</run_address>
         <size>0xae4</size>
         <input_file_ref idref="fl-9"/>
      </object_component>
      <object_component id="oc-1a8">
         <name>.debug_info</name>
         <load_address>0xb6f0</load_address>
         <run_address>0xb6f0</run_address>
         <size>0xadd</size>
         <input_file_ref idref="fl-9"/>
      </object_component>
      <object_component id="oc-cf">
         <name>.debug_info</name>
         <load_address>0xc1cd</load_address>
         <run_address>0xc1cd</run_address>
         <size>0x6eb</size>
         <input_file_ref idref="fl-9"/>
      </object_component>
      <object_component id="oc-1bc">
         <name>.debug_info</name>
         <load_address>0xc8b8</load_address>
         <run_address>0xc8b8</run_address>
         <size>0x243</size>
         <input_file_ref idref="fl-9"/>
      </object_component>
      <object_component id="oc-2ab">
         <name>.debug_info</name>
         <load_address>0xcafb</load_address>
         <run_address>0xcafb</run_address>
         <size>0x18e</size>
         <input_file_ref idref="fl-9"/>
      </object_component>
      <object_component id="oc-d5">
         <name>.debug_info</name>
         <load_address>0xcc89</load_address>
         <run_address>0xcc89</run_address>
         <size>0x111</size>
         <input_file_ref idref="fl-a"/>
      </object_component>
      <object_component id="oc-1e9">
         <name>.debug_info</name>
         <load_address>0xcd9a</load_address>
         <run_address>0xcd9a</run_address>
         <size>0x2f2</size>
         <input_file_ref idref="fl-b"/>
      </object_component>
      <object_component id="oc-1e6">
         <name>.debug_info</name>
         <load_address>0xd08c</load_address>
         <run_address>0xd08c</run_address>
         <size>0xda</size>
         <input_file_ref idref="fl-b"/>
      </object_component>
      <object_component id="oc-11a">
         <name>.debug_info</name>
         <load_address>0xd166</load_address>
         <run_address>0xd166</run_address>
         <size>0xc92</size>
         <input_file_ref idref="fl-b"/>
      </object_component>
      <object_component id="oc-2a6">
         <name>.debug_info</name>
         <load_address>0xddf8</load_address>
         <run_address>0xddf8</run_address>
         <size>0x91</size>
         <input_file_ref idref="fl-b"/>
      </object_component>
      <object_component id="oc-6b">
         <name>.debug_info</name>
         <load_address>0xde89</load_address>
         <run_address>0xde89</run_address>
         <size>0x807</size>
         <input_file_ref idref="fl-c"/>
      </object_component>
      <object_component id="oc-31">
         <name>.debug_info</name>
         <load_address>0xe690</load_address>
         <run_address>0xe690</run_address>
         <size>0xfd</size>
         <input_file_ref idref="fl-e"/>
      </object_component>
      <object_component id="oc-147">
         <name>.debug_info</name>
         <load_address>0xe78d</load_address>
         <run_address>0xe78d</run_address>
         <size>0x8ce</size>
         <input_file_ref idref="fl-f"/>
      </object_component>
      <object_component id="oc-144">
         <name>.debug_info</name>
         <load_address>0xf05b</load_address>
         <run_address>0xf05b</run_address>
         <size>0xcc</size>
         <input_file_ref idref="fl-f"/>
      </object_component>
      <object_component id="oc-88">
         <name>.debug_info</name>
         <load_address>0xf127</load_address>
         <run_address>0xf127</run_address>
         <size>0x802</size>
         <input_file_ref idref="fl-f"/>
      </object_component>
      <object_component id="oc-21a">
         <name>.debug_info</name>
         <load_address>0xf929</load_address>
         <run_address>0xf929</run_address>
         <size>0x30c</size>
         <input_file_ref idref="fl-f"/>
      </object_component>
      <object_component id="oc-271">
         <name>.debug_info</name>
         <load_address>0xfc35</load_address>
         <run_address>0xfc35</run_address>
         <size>0x379</size>
         <input_file_ref idref="fl-f"/>
      </object_component>
      <object_component id="oc-20f">
         <name>.debug_info</name>
         <load_address>0xffae</load_address>
         <run_address>0xffae</run_address>
         <size>0xe1</size>
         <input_file_ref idref="fl-f"/>
      </object_component>
      <object_component id="oc-21f">
         <name>.debug_info</name>
         <load_address>0x1008f</load_address>
         <run_address>0x1008f</run_address>
         <size>0x46</size>
         <input_file_ref idref="fl-f"/>
      </object_component>
      <object_component id="oc-214">
         <name>.debug_info</name>
         <load_address>0x100d5</load_address>
         <run_address>0x100d5</run_address>
         <size>0x2c</size>
         <input_file_ref idref="fl-f"/>
      </object_component>
      <object_component id="oc-26c">
         <name>.debug_info</name>
         <load_address>0x10101</load_address>
         <run_address>0x10101</run_address>
         <size>0x14c</size>
         <input_file_ref idref="fl-f"/>
      </object_component>
      <object_component id="oc-82">
         <name>.debug_info</name>
         <load_address>0x1024d</load_address>
         <run_address>0x1024d</run_address>
         <size>0x434</size>
         <input_file_ref idref="fl-10"/>
      </object_component>
      <object_component id="oc-28c">
         <name>.debug_info</name>
         <load_address>0x10681</load_address>
         <run_address>0x10681</run_address>
         <size>0x2e8</size>
         <input_file_ref idref="fl-11"/>
      </object_component>
      <object_component id="oc-1c4">
         <name>.debug_info</name>
         <load_address>0x10969</load_address>
         <run_address>0x10969</run_address>
         <size>0x457</size>
         <input_file_ref idref="fl-11"/>
      </object_component>
      <object_component id="oc-36">
         <name>.debug_info</name>
         <load_address>0x10dc0</load_address>
         <run_address>0x10dc0</run_address>
         <size>0x132</size>
         <input_file_ref idref="fl-12"/>
      </object_component>
      <object_component id="oc-1c">
         <name>.debug_info</name>
         <load_address>0x10ef2</load_address>
         <run_address>0x10ef2</run_address>
         <size>0x271</size>
         <input_file_ref idref="fl-15"/>
      </object_component>
      <object_component id="oc-9c">
         <name>.debug_info</name>
         <load_address>0x11163</load_address>
         <run_address>0x11163</run_address>
         <size>0x505</size>
         <input_file_ref idref="fl-16"/>
      </object_component>
      <object_component id="oc-28">
         <name>.debug_info</name>
         <load_address>0x11668</load_address>
         <run_address>0x11668</run_address>
         <size>0xd4</size>
         <input_file_ref idref="fl-16"/>
      </object_component>
      <object_component id="oc-3d">
         <name>.debug_info</name>
         <load_address>0x1173c</load_address>
         <run_address>0x1173c</run_address>
         <size>0x484</size>
         <input_file_ref idref="fl-16"/>
      </object_component>
      <object_component id="oc-42">
         <name>.debug_info</name>
         <load_address>0x11bc0</load_address>
         <run_address>0x11bc0</run_address>
         <size>0x1ef</size>
         <input_file_ref idref="fl-16"/>
      </object_component>
      <object_component id="oc-191">
         <name>.debug_info</name>
         <load_address>0x11daf</load_address>
         <run_address>0x11daf</run_address>
         <size>0x4f</size>
         <input_file_ref idref="fl-16"/>
      </object_component>
      <object_component id="oc-e0">
         <name>.debug_info</name>
         <load_address>0x11dfe</load_address>
         <run_address>0x11dfe</run_address>
         <size>0x3d6</size>
         <input_file_ref idref="fl-17"/>
      </object_component>
      <object_component id="oc-76">
         <name>.debug_info</name>
         <load_address>0x121d4</load_address>
         <run_address>0x121d4</run_address>
         <size>0x584</size>
         <input_file_ref idref="fl-17"/>
      </object_component>
      <object_component id="oc-4d">
         <name>.debug_info</name>
         <load_address>0x12758</load_address>
         <run_address>0x12758</run_address>
         <size>0x84</size>
         <input_file_ref idref="fl-18"/>
      </object_component>
      <object_component id="oc-2c4">
         <name>.debug_info</name>
         <load_address>0x127dc</load_address>
         <run_address>0x127dc</run_address>
         <size>0x669</size>
         <input_file_ref idref="fl-19"/>
      </object_component>
      <object_component id="oc-209">
         <name>.debug_info</name>
         <load_address>0x12e45</load_address>
         <run_address>0x12e45</run_address>
         <size>0x1467</size>
         <input_file_ref idref="fl-19"/>
      </object_component>
      <object_component id="oc-2be">
         <name>.debug_info</name>
         <load_address>0x142ac</load_address>
         <run_address>0x142ac</run_address>
         <size>0x110</size>
         <input_file_ref idref="fl-19"/>
      </object_component>
      <object_component id="oc-224">
         <name>.debug_info</name>
         <load_address>0x143bc</load_address>
         <run_address>0x143bc</run_address>
         <size>0x39</size>
         <input_file_ref idref="fl-19"/>
      </object_component>
      <object_component id="oc-2c7">
         <name>.debug_info</name>
         <load_address>0x143f5</load_address>
         <run_address>0x143f5</run_address>
         <size>0x46</size>
         <input_file_ref idref="fl-19"/>
      </object_component>
      <object_component id="oc-339">
         <name>.debug_info</name>
         <load_address>0x1443b</load_address>
         <run_address>0x1443b</run_address>
         <size>0x62</size>
         <input_file_ref idref="fl-19"/>
      </object_component>
      <object_component id="oc-2d9">
         <name>.debug_info</name>
         <load_address>0x1449d</load_address>
         <run_address>0x1449d</run_address>
         <size>0x411</size>
         <input_file_ref idref="fl-1a"/>
      </object_component>
      <object_component id="oc-33f">
         <name>.debug_info</name>
         <load_address>0x148ae</load_address>
         <run_address>0x148ae</run_address>
         <size>0xc9</size>
         <input_file_ref idref="fl-1a"/>
      </object_component>
      <object_component id="oc-2d6">
         <name>.debug_info</name>
         <load_address>0x14977</load_address>
         <run_address>0x14977</run_address>
         <size>0xc9</size>
         <input_file_ref idref="fl-1a"/>
      </object_component>
      <object_component id="oc-2d3">
         <name>.debug_info</name>
         <load_address>0x14a40</load_address>
         <run_address>0x14a40</run_address>
         <size>0x17d</size>
         <input_file_ref idref="fl-1a"/>
      </object_component>
      <object_component id="oc-22a">
         <name>.debug_info</name>
         <load_address>0x14bbd</load_address>
         <run_address>0x14bbd</run_address>
         <size>0x526</size>
         <input_file_ref idref="fl-1a"/>
      </object_component>
      <object_component id="oc-2cd">
         <name>.debug_info</name>
         <load_address>0x150e3</load_address>
         <run_address>0x150e3</run_address>
         <size>0x2a0</size>
         <input_file_ref idref="fl-1a"/>
      </object_component>
      <object_component id="oc-346">
         <name>.debug_info</name>
         <load_address>0x15383</load_address>
         <run_address>0x15383</run_address>
         <size>0x62</size>
         <input_file_ref idref="fl-1a"/>
      </object_component>
      <object_component id="oc-2db">
         <name>.debug_info</name>
         <load_address>0x153e5</load_address>
         <run_address>0x153e5</run_address>
         <size>0x34c</size>
         <input_file_ref idref="fl-1b"/>
      </object_component>
      <object_component id="oc-230">
         <name>.debug_info</name>
         <load_address>0x15731</load_address>
         <run_address>0x15731</run_address>
         <size>0x4a7</size>
         <input_file_ref idref="fl-1b"/>
      </object_component>
      <object_component id="oc-219">
         <name>.debug_info</name>
         <load_address>0x15bd8</load_address>
         <run_address>0x15bd8</run_address>
         <size>0xe18</size>
         <input_file_ref idref="fl-1c"/>
      </object_component>
      <object_component id="oc-132">
         <name>.debug_info</name>
         <load_address>0x169f0</load_address>
         <run_address>0x169f0</run_address>
         <size>0x3b01</size>
         <input_file_ref idref="fl-1c"/>
      </object_component>
      <object_component id="oc-2e3">
         <name>.debug_info</name>
         <load_address>0x1a4f1</load_address>
         <run_address>0x1a4f1</run_address>
         <size>0x3e3</size>
         <input_file_ref idref="fl-1d"/>
      </object_component>
      <object_component id="oc-164">
         <name>.debug_info</name>
         <load_address>0x1a8d4</load_address>
         <run_address>0x1a8d4</run_address>
         <size>0x117</size>
         <input_file_ref idref="fl-1d"/>
      </object_component>
      <object_component id="oc-236">
         <name>.debug_info</name>
         <load_address>0x1a9eb</load_address>
         <run_address>0x1a9eb</run_address>
         <size>0x592</size>
         <input_file_ref idref="fl-1d"/>
      </object_component>
      <object_component id="oc-2dd">
         <name>.debug_info</name>
         <load_address>0x1af7d</load_address>
         <run_address>0x1af7d</run_address>
         <size>0x24e</size>
         <input_file_ref idref="fl-1d"/>
      </object_component>
      <object_component id="oc-96">
         <name>.debug_info</name>
         <load_address>0x1b1cb</load_address>
         <run_address>0x1b1cb</run_address>
         <size>0x4d0</size>
         <input_file_ref idref="fl-1e"/>
      </object_component>
      <object_component id="oc-2bd">
         <name>.debug_info</name>
         <load_address>0x1b69b</load_address>
         <run_address>0x1b69b</run_address>
         <size>0x6c3</size>
         <input_file_ref idref="fl-1f"/>
      </object_component>
      <object_component id="oc-203">
         <name>.debug_info</name>
         <load_address>0x1bd5e</load_address>
         <run_address>0x1bd5e</run_address>
         <size>0x23ed</size>
         <input_file_ref idref="fl-1f"/>
      </object_component>
      <object_component id="oc-332">
         <name>.debug_info</name>
         <load_address>0x1e14b</load_address>
         <run_address>0x1e14b</run_address>
         <size>0x155</size>
         <input_file_ref idref="fl-1f"/>
      </object_component>
      <object_component id="oc-245">
         <name>.debug_info</name>
         <load_address>0x1e2a0</load_address>
         <run_address>0x1e2a0</run_address>
         <size>0x83a</size>
         <input_file_ref idref="fl-20"/>
      </object_component>
      <object_component id="oc-161">
         <name>.debug_info</name>
         <load_address>0x1eada</load_address>
         <run_address>0x1eada</run_address>
         <size>0x33a</size>
         <input_file_ref idref="fl-20"/>
      </object_component>
      <object_component id="oc-23c">
         <name>.debug_info</name>
         <load_address>0x1ee14</load_address>
         <run_address>0x1ee14</run_address>
         <size>0x266</size>
         <input_file_ref idref="fl-20"/>
      </object_component>
      <object_component id="oc-138">
         <name>.debug_info</name>
         <load_address>0x1f07a</load_address>
         <run_address>0x1f07a</run_address>
         <size>0x4b7a</size>
         <input_file_ref idref="fl-20"/>
      </object_component>
      <object_component id="oc-1fd">
         <name>.debug_info</name>
         <load_address>0x23bf4</load_address>
         <run_address>0x23bf4</run_address>
         <size>0x3e8</size>
         <input_file_ref idref="fl-20"/>
      </object_component>
      <object_component id="oc-2ea">
         <name>.debug_info</name>
         <load_address>0x23fdc</load_address>
         <run_address>0x23fdc</run_address>
         <size>0x146</size>
         <input_file_ref idref="fl-20"/>
      </object_component>
      <object_component id="oc-267">
         <name>.debug_info</name>
         <load_address>0x24122</load_address>
         <run_address>0x24122</run_address>
         <size>0x2f7</size>
         <input_file_ref idref="fl-db"/>
      </object_component>
      <object_component id="oc-259">
         <name>.debug_info</name>
         <load_address>0x24419</load_address>
         <run_address>0x24419</run_address>
         <size>0xd1</size>
         <input_file_ref idref="fl-db"/>
      </object_component>
      <object_component id="oc-25c">
         <name>.debug_info</name>
         <load_address>0x244ea</load_address>
         <run_address>0x244ea</run_address>
         <size>0xd5</size>
         <input_file_ref idref="fl-db"/>
      </object_component>
      <object_component id="oc-25f">
         <name>.debug_info</name>
         <load_address>0x245bf</load_address>
         <run_address>0x245bf</run_address>
         <size>0xd5</size>
         <input_file_ref idref="fl-db"/>
      </object_component>
      <object_component id="oc-13e">
         <name>.debug_info</name>
         <load_address>0x24694</load_address>
         <run_address>0x24694</run_address>
         <size>0x2de</size>
         <input_file_ref idref="fl-db"/>
      </object_component>
      <object_component id="oc-309">
         <name>.debug_info</name>
         <load_address>0x24972</load_address>
         <run_address>0x24972</run_address>
         <size>0x46</size>
         <input_file_ref idref="fl-db"/>
      </object_component>
      <object_component id="oc-262">
         <name>.debug_info</name>
         <load_address>0x249b8</load_address>
         <run_address>0x249b8</run_address>
         <size>0x39</size>
         <input_file_ref idref="fl-db"/>
      </object_component>
      <object_component id="oc-2f0">
         <name>.debug_info</name>
         <load_address>0x249f1</load_address>
         <run_address>0x249f1</run_address>
         <size>0x2a3</size>
         <input_file_ref idref="fl-dc"/>
      </object_component>
      <object_component id="oc-248">
         <name>.debug_info</name>
         <load_address>0x24c94</load_address>
         <run_address>0x24c94</run_address>
         <size>0x145</size>
         <input_file_ref idref="fl-dc"/>
      </object_component>
      <object_component id="oc-2a1">
         <name>.debug_info</name>
         <load_address>0x24dd9</load_address>
         <run_address>0x24dd9</run_address>
         <size>0x268</size>
         <input_file_ref idref="fl-dd"/>
      </object_component>
      <object_component id="oc-1e1">
         <name>.debug_info</name>
         <load_address>0x25041</load_address>
         <run_address>0x25041</run_address>
         <size>0x179</size>
         <input_file_ref idref="fl-dd"/>
      </object_component>
      <object_component id="oc-2fd">
         <name>.debug_info</name>
         <load_address>0x251ba</load_address>
         <run_address>0x251ba</run_address>
         <size>0x2d6</size>
         <input_file_ref idref="fl-de"/>
      </object_component>
      <object_component id="oc-254">
         <name>.debug_info</name>
         <load_address>0x25490</load_address>
         <run_address>0x25490</run_address>
         <size>0x186</size>
         <input_file_ref idref="fl-de"/>
      </object_component>
      <object_component id="oc-35d">
         <name>.debug_info</name>
         <load_address>0x25616</load_address>
         <run_address>0x25616</run_address>
         <size>0x39</size>
         <input_file_ref idref="fl-de"/>
      </object_component>
      <object_component id="oc-2fe">
         <name>.debug_info</name>
         <load_address>0x2564f</load_address>
         <run_address>0x2564f</run_address>
         <size>0x2c</size>
         <input_file_ref idref="fl-de"/>
      </object_component>
      <object_component id="oc-53">
         <name>.debug_info</name>
         <load_address>0x2567b</load_address>
         <run_address>0x2567b</run_address>
         <size>0x160</size>
         <input_file_ref idref="fl-df"/>
      </object_component>
      <object_component id="oc-c7">
         <name>.debug_info</name>
         <load_address>0x257db</load_address>
         <run_address>0x257db</run_address>
         <size>0x128</size>
         <input_file_ref idref="fl-e0"/>
      </object_component>
      <object_component id="oc-1d1">
         <name>.debug_info</name>
         <load_address>0x25903</load_address>
         <run_address>0x25903</run_address>
         <size>0x52b</size>
         <input_file_ref idref="fl-e1"/>
      </object_component>
      <object_component id="oc-eb">
         <name>.debug_info</name>
         <load_address>0x25e2e</load_address>
         <run_address>0x25e2e</run_address>
         <size>0x17f</size>
         <input_file_ref idref="fl-e1"/>
      </object_component>
      <object_component id="oc-28f">
         <name>.debug_info</name>
         <load_address>0x25fad</load_address>
         <run_address>0x25fad</run_address>
         <size>0x39</size>
         <input_file_ref idref="fl-e1"/>
      </object_component>
      <object_component id="oc-322">
         <name>.debug_info</name>
         <load_address>0x25fe6</load_address>
         <run_address>0x25fe6</run_address>
         <size>0x39</size>
         <input_file_ref idref="fl-e1"/>
      </object_component>
      <object_component id="oc-294">
         <name>.debug_info</name>
         <load_address>0x2601f</load_address>
         <run_address>0x2601f</run_address>
         <size>0x39</size>
         <input_file_ref idref="fl-e1"/>
      </object_component>
      <object_component id="oc-299">
         <name>.debug_info</name>
         <load_address>0x26058</load_address>
         <run_address>0x26058</run_address>
         <size>0xcd</size>
         <input_file_ref idref="fl-e1"/>
      </object_component>
      <object_component id="oc-c5">
         <name>.debug_info</name>
         <load_address>0x26125</load_address>
         <run_address>0x26125</run_address>
         <size>0x2f2</size>
         <input_file_ref idref="fl-e3"/>
      </object_component>
      <object_component id="oc-65">
         <name>.debug_info</name>
         <load_address>0x26417</load_address>
         <run_address>0x26417</run_address>
         <size>0x179</size>
         <input_file_ref idref="fl-e3"/>
      </object_component>
      <object_component id="oc-c0">
         <name>.debug_info</name>
         <load_address>0x26590</load_address>
         <run_address>0x26590</run_address>
         <size>0x46</size>
         <input_file_ref idref="fl-e3"/>
      </object_component>
      <object_component id="oc-19e">
         <name>.debug_info</name>
         <load_address>0x265d6</load_address>
         <run_address>0x265d6</run_address>
         <size>0x2c</size>
         <input_file_ref idref="fl-e3"/>
      </object_component>
      <object_component id="oc-5d">
         <name>.debug_info</name>
         <load_address>0x26602</load_address>
         <run_address>0x26602</run_address>
         <size>0x27c</size>
         <input_file_ref idref="fl-e4"/>
      </object_component>
      <object_component id="oc-15">
         <name>.debug_info</name>
         <load_address>0x2687e</load_address>
         <run_address>0x2687e</run_address>
         <size>0x1ae</size>
         <input_file_ref idref="fl-e4"/>
      </object_component>
      <object_component id="oc-58">
         <name>.debug_info</name>
         <load_address>0x26a2c</load_address>
         <run_address>0x26a2c</run_address>
         <size>0x46</size>
         <input_file_ref idref="fl-e4"/>
      </object_component>
      <object_component id="oc-b8">
         <name>.debug_info</name>
         <load_address>0x26a72</load_address>
         <run_address>0x26a72</run_address>
         <size>0x2c</size>
         <input_file_ref idref="fl-e4"/>
      </object_component>
      <object_component id="oc-b6">
         <name>.debug_info</name>
         <load_address>0x26a9e</load_address>
         <run_address>0x26a9e</run_address>
         <size>0x277</size>
         <input_file_ref idref="fl-e5"/>
      </object_component>
      <object_component id="oc-f">
         <name>.debug_info</name>
         <load_address>0x26d15</load_address>
         <run_address>0x26d15</run_address>
         <size>0x229</size>
         <input_file_ref idref="fl-e5"/>
      </object_component>
      <object_component id="oc-48">
         <name>.debug_info</name>
         <load_address>0x26f3e</load_address>
         <run_address>0x26f3e</run_address>
         <size>0x60</size>
         <input_file_ref idref="fl-e5"/>
      </object_component>
      <object_component id="oc-197">
         <name>.debug_info</name>
         <load_address>0x26f9e</load_address>
         <run_address>0x26f9e</run_address>
         <size>0x46</size>
         <input_file_ref idref="fl-e5"/>
      </object_component>
      <object_component id="oc-b1">
         <name>.debug_info</name>
         <load_address>0x26fe4</load_address>
         <run_address>0x26fe4</run_address>
         <size>0x39</size>
         <input_file_ref idref="fl-e5"/>
      </object_component>
      <object_component id="oc-2f5">
         <name>.debug_info</name>
         <load_address>0x2701d</load_address>
         <run_address>0x2701d</run_address>
         <size>0x262</size>
         <input_file_ref idref="fl-e6"/>
      </object_component>
      <object_component id="oc-2f2">
         <name>.debug_info</name>
         <load_address>0x2727f</load_address>
         <run_address>0x2727f</run_address>
         <size>0xe7</size>
         <input_file_ref idref="fl-e6"/>
      </object_component>
      <object_component id="oc-24d">
         <name>.debug_info</name>
         <load_address>0x27366</load_address>
         <run_address>0x27366</run_address>
         <size>0x127</size>
         <input_file_ref idref="fl-e6"/>
      </object_component>
      <object_component id="oc-155">
         <name>.debug_info</name>
         <load_address>0x2748d</load_address>
         <run_address>0x2748d</run_address>
         <size>0xfb</size>
         <input_file_ref idref="fl-e7"/>
      </object_component>
      <object_component id="oc-2e7">
         <name>.debug_info</name>
         <load_address>0x27588</load_address>
         <run_address>0x27588</run_address>
         <size>0x268</size>
         <input_file_ref idref="fl-e9"/>
      </object_component>
      <object_component id="oc-23f">
         <name>.debug_info</name>
         <load_address>0x277f0</load_address>
         <run_address>0x277f0</run_address>
         <size>0x1d6</size>
         <input_file_ref idref="fl-e9"/>
      </object_component>
      <object_component id="oc-2f7">
         <name>.debug_info</name>
         <load_address>0x279c6</load_address>
         <run_address>0x279c6</run_address>
         <size>0x13a</size>
         <input_file_ref idref="fl-ea"/>
      </object_component>
      <object_component id="oc-391">
         <name>.debug_info</name>
         <load_address>0x27b00</load_address>
         <run_address>0x27b00</run_address>
         <size>0x96</size>
      </object_component>
      <object_component id="oc-28b">
         <name>.debug_line</name>
         <load_address>0x0</load_address>
         <run_address>0x0</run_address>
         <size>0x54</size>
         <input_file_ref idref="fl-2"/>
      </object_component>
      <object_component id="oc-2b8">
         <name>.debug_line</name>
         <load_address>0x54</load_address>
         <run_address>0x54</run_address>
         <size>0x36</size>
         <input_file_ref idref="fl-2"/>
      </object_component>
      <object_component id="oc-129">
         <name>.debug_line</name>
         <load_address>0x8a</load_address>
         <run_address>0x8a</run_address>
         <size>0x3e5</size>
         <input_file_ref idref="fl-2"/>
      </object_component>
      <object_component id="oc-25">
         <name>.debug_line</name>
         <load_address>0x46f</load_address>
         <run_address>0x46f</run_address>
         <size>0x9f</size>
         <input_file_ref idref="fl-2"/>
      </object_component>
      <object_component id="oc-16c">
         <name>.debug_line</name>
         <load_address>0x50e</load_address>
         <run_address>0x50e</run_address>
         <size>0x72</size>
         <input_file_ref idref="fl-2"/>
      </object_component>
      <object_component id="oc-93">
         <name>.debug_line</name>
         <load_address>0x580</load_address>
         <run_address>0x580</run_address>
         <size>0x5d</size>
         <input_file_ref idref="fl-2"/>
      </object_component>
      <object_component id="oc-a9">
         <name>.debug_line</name>
         <load_address>0x5dd</load_address>
         <run_address>0x5dd</run_address>
         <size>0x20</size>
         <input_file_ref idref="fl-2"/>
      </object_component>
      <object_component id="oc-a4">
         <name>.debug_line</name>
         <load_address>0x5fd</load_address>
         <run_address>0x5fd</run_address>
         <size>0x58</size>
         <input_file_ref idref="fl-2"/>
      </object_component>
      <object_component id="oc-279">
         <name>.debug_line</name>
         <load_address>0x655</load_address>
         <run_address>0x655</run_address>
         <size>0x76</size>
         <input_file_ref idref="fl-2"/>
      </object_component>
      <object_component id="oc-152">
         <name>.debug_line</name>
         <load_address>0x6cb</load_address>
         <run_address>0x6cb</run_address>
         <size>0x73</size>
         <input_file_ref idref="fl-2"/>
      </object_component>
      <object_component id="oc-ae">
         <name>.debug_line</name>
         <load_address>0x73e</load_address>
         <run_address>0x73e</run_address>
         <size>0x5b</size>
         <input_file_ref idref="fl-2"/>
      </object_component>
      <object_component id="oc-1b0">
         <name>.debug_line</name>
         <load_address>0x799</load_address>
         <run_address>0x799</run_address>
         <size>0x58</size>
         <input_file_ref idref="fl-2"/>
      </object_component>
      <object_component id="oc-1f3">
         <name>.debug_line</name>
         <load_address>0x7f1</load_address>
         <run_address>0x7f1</run_address>
         <size>0x54</size>
         <input_file_ref idref="fl-2"/>
      </object_component>
      <object_component id="oc-18f">
         <name>.debug_line</name>
         <load_address>0x845</load_address>
         <run_address>0x845</run_address>
         <size>0x58</size>
         <input_file_ref idref="fl-2"/>
      </object_component>
      <object_component id="oc-31f">
         <name>.debug_line</name>
         <load_address>0x89d</load_address>
         <run_address>0x89d</run_address>
         <size>0x20</size>
         <input_file_ref idref="fl-3"/>
      </object_component>
      <object_component id="oc-de">
         <name>.debug_line</name>
         <load_address>0x8bd</load_address>
         <run_address>0x8bd</run_address>
         <size>0x57</size>
         <input_file_ref idref="fl-3"/>
      </object_component>
      <object_component id="oc-171">
         <name>.debug_line</name>
         <load_address>0x914</load_address>
         <run_address>0x914</run_address>
         <size>0x5a</size>
         <input_file_ref idref="fl-3"/>
      </object_component>
      <object_component id="oc-1b5">
         <name>.debug_line</name>
         <load_address>0x96e</load_address>
         <run_address>0x96e</run_address>
         <size>0x58</size>
         <input_file_ref idref="fl-3"/>
      </object_component>
      <object_component id="oc-176">
         <name>.debug_line</name>
         <load_address>0x9c6</load_address>
         <run_address>0x9c6</run_address>
         <size>0x58</size>
         <input_file_ref idref="fl-3"/>
      </object_component>
      <object_component id="oc-17b">
         <name>.debug_line</name>
         <load_address>0xa1e</load_address>
         <run_address>0xa1e</run_address>
         <size>0x5a</size>
         <input_file_ref idref="fl-3"/>
      </object_component>
      <object_component id="oc-180">
         <name>.debug_line</name>
         <load_address>0xa78</load_address>
         <run_address>0xa78</run_address>
         <size>0x58</size>
         <input_file_ref idref="fl-3"/>
      </object_component>
      <object_component id="oc-185">
         <name>.debug_line</name>
         <load_address>0xad0</load_address>
         <run_address>0xad0</run_address>
         <size>0x5b</size>
         <input_file_ref idref="fl-3"/>
      </object_component>
      <object_component id="oc-18a">
         <name>.debug_line</name>
         <load_address>0xb2b</load_address>
         <run_address>0xb2b</run_address>
         <size>0x5b</size>
         <input_file_ref idref="fl-3"/>
      </object_component>
      <object_component id="oc-1cf">
         <name>.debug_line</name>
         <load_address>0xb86</load_address>
         <run_address>0xb86</run_address>
         <size>0x54</size>
         <input_file_ref idref="fl-5"/>
      </object_component>
      <object_component id="oc-7f">
         <name>.debug_line</name>
         <load_address>0xbda</load_address>
         <run_address>0xbda</run_address>
         <size>0x365</size>
         <input_file_ref idref="fl-5"/>
      </object_component>
      <object_component id="oc-2e">
         <name>.debug_line</name>
         <load_address>0xf3f</load_address>
         <run_address>0xf3f</run_address>
         <size>0x7c</size>
         <input_file_ref idref="fl-5"/>
      </object_component>
      <object_component id="oc-e5">
         <name>.debug_line</name>
         <load_address>0xfbb</load_address>
         <run_address>0xfbb</run_address>
         <size>0x54</size>
         <input_file_ref idref="fl-5"/>
      </object_component>
      <object_component id="oc-2ba">
         <name>.debug_line</name>
         <load_address>0x100f</load_address>
         <run_address>0x100f</run_address>
         <size>0x20</size>
         <input_file_ref idref="fl-6"/>
      </object_component>
      <object_component id="oc-12f">
         <name>.debug_line</name>
         <load_address>0x102f</load_address>
         <run_address>0x102f</run_address>
         <size>0x7d5</size>
         <input_file_ref idref="fl-6"/>
      </object_component>
      <object_component id="oc-1fa">
         <name>.debug_line</name>
         <load_address>0x1804</load_address>
         <run_address>0x1804</run_address>
         <size>0x56</size>
         <input_file_ref idref="fl-6"/>
      </object_component>
      <object_component id="oc-1ba">
         <name>.debug_line</name>
         <load_address>0x185a</load_address>
         <run_address>0x185a</run_address>
         <size>0x5a</size>
         <input_file_ref idref="fl-6"/>
      </object_component>
      <object_component id="oc-1cc">
         <name>.debug_line</name>
         <load_address>0x18b4</load_address>
         <run_address>0x18b4</run_address>
         <size>0x5b</size>
         <input_file_ref idref="fl-6"/>
      </object_component>
      <object_component id="oc-2b1">
         <name>.debug_line</name>
         <load_address>0x190f</load_address>
         <run_address>0x190f</run_address>
         <size>0x20</size>
         <input_file_ref idref="fl-7"/>
      </object_component>
      <object_component id="oc-123">
         <name>.debug_line</name>
         <load_address>0x192f</load_address>
         <run_address>0x192f</run_address>
         <size>0x199</size>
         <input_file_ref idref="fl-7"/>
      </object_component>
      <object_component id="oc-2b5">
         <name>.debug_line</name>
         <load_address>0x1ac8</load_address>
         <run_address>0x1ac8</run_address>
         <size>0x54</size>
         <input_file_ref idref="fl-7"/>
      </object_component>
      <object_component id="oc-1a7">
         <name>.debug_line</name>
         <load_address>0x1b1c</load_address>
         <run_address>0x1b1c</run_address>
         <size>0x20</size>
         <input_file_ref idref="fl-9"/>
      </object_component>
      <object_component id="oc-73">
         <name>.debug_line</name>
         <load_address>0x1b3c</load_address>
         <run_address>0x1b3c</run_address>
         <size>0x15b</size>
         <input_file_ref idref="fl-9"/>
      </object_component>
      <object_component id="oc-1ab">
         <name>.debug_line</name>
         <load_address>0x1c97</load_address>
         <run_address>0x1c97</run_address>
         <size>0x58</size>
         <input_file_ref idref="fl-9"/>
      </object_component>
      <object_component id="oc-d2">
         <name>.debug_line</name>
         <load_address>0x1cef</load_address>
         <run_address>0x1cef</run_address>
         <size>0x58</size>
         <input_file_ref idref="fl-9"/>
      </object_component>
      <object_component id="oc-1bf">
         <name>.debug_line</name>
         <load_address>0x1d47</load_address>
         <run_address>0x1d47</run_address>
         <size>0x58</size>
         <input_file_ref idref="fl-9"/>
      </object_component>
      <object_component id="oc-2ae">
         <name>.debug_line</name>
         <load_address>0x1d9f</load_address>
         <run_address>0x1d9f</run_address>
         <size>0x54</size>
         <input_file_ref idref="fl-9"/>
      </object_component>
      <object_component id="oc-d8">
         <name>.debug_line</name>
         <load_address>0x1df3</load_address>
         <run_address>0x1df3</run_address>
         <size>0xdc</size>
         <input_file_ref idref="fl-a"/>
      </object_component>
      <object_component id="oc-2a5">
         <name>.debug_line</name>
         <load_address>0x1ecf</load_address>
         <run_address>0x1ecf</run_address>
         <size>0x6c</size>
         <input_file_ref idref="fl-b"/>
      </object_component>
      <object_component id="oc-2a3">
         <name>.debug_line</name>
         <load_address>0x1f3b</load_address>
         <run_address>0x1f3b</run_address>
         <size>0x36</size>
         <input_file_ref idref="fl-b"/>
      </object_component>
      <object_component id="oc-11d">
         <name>.debug_line</name>
         <load_address>0x1f71</load_address>
         <run_address>0x1f71</run_address>
         <size>0x2c0</size>
         <input_file_ref idref="fl-b"/>
      </object_component>
      <object_component id="oc-2a9">
         <name>.debug_line</name>
         <load_address>0x2231</load_address>
         <run_address>0x2231</run_address>
         <size>0x36</size>
         <input_file_ref idref="fl-b"/>
      </object_component>
      <object_component id="oc-6e">
         <name>.debug_line</name>
         <load_address>0x2267</load_address>
         <run_address>0x2267</run_address>
         <size>0x2f2</size>
         <input_file_ref idref="fl-c"/>
      </object_component>
      <object_component id="oc-34">
         <name>.debug_line</name>
         <load_address>0x2559</load_address>
         <run_address>0x2559</run_address>
         <size>0x52</size>
         <input_file_ref idref="fl-e"/>
      </object_component>
      <object_component id="oc-26b">
         <name>.debug_line</name>
         <load_address>0x25ab</load_address>
         <run_address>0x25ab</run_address>
         <size>0x1fd</size>
         <input_file_ref idref="fl-f"/>
      </object_component>
      <object_component id="oc-269">
         <name>.debug_line</name>
         <load_address>0x27a8</load_address>
         <run_address>0x27a8</run_address>
         <size>0x3b</size>
         <input_file_ref idref="fl-f"/>
      </object_component>
      <object_component id="oc-8b">
         <name>.debug_line</name>
         <load_address>0x27e3</load_address>
         <run_address>0x27e3</run_address>
         <size>0x19b</size>
         <input_file_ref idref="fl-f"/>
      </object_component>
      <object_component id="oc-21d">
         <name>.debug_line</name>
         <load_address>0x297e</load_address>
         <run_address>0x297e</run_address>
         <size>0x55</size>
         <input_file_ref idref="fl-f"/>
      </object_component>
      <object_component id="oc-274">
         <name>.debug_line</name>
         <load_address>0x29d3</load_address>
         <run_address>0x29d3</run_address>
         <size>0x56</size>
         <input_file_ref idref="fl-f"/>
      </object_component>
      <object_component id="oc-212">
         <name>.debug_line</name>
         <load_address>0x2a29</load_address>
         <run_address>0x2a29</run_address>
         <size>0x5a</size>
         <input_file_ref idref="fl-f"/>
      </object_component>
      <object_component id="oc-222">
         <name>.debug_line</name>
         <load_address>0x2a83</load_address>
         <run_address>0x2a83</run_address>
         <size>0x56</size>
         <input_file_ref idref="fl-f"/>
      </object_component>
      <object_component id="oc-217">
         <name>.debug_line</name>
         <load_address>0x2ad9</load_address>
         <run_address>0x2ad9</run_address>
         <size>0x59</size>
         <input_file_ref idref="fl-f"/>
      </object_component>
      <object_component id="oc-26f">
         <name>.debug_line</name>
         <load_address>0x2b32</load_address>
         <run_address>0x2b32</run_address>
         <size>0x55</size>
         <input_file_ref idref="fl-f"/>
      </object_component>
      <object_component id="oc-85">
         <name>.debug_line</name>
         <load_address>0x2b87</load_address>
         <run_address>0x2b87</run_address>
         <size>0x1f3</size>
         <input_file_ref idref="fl-10"/>
      </object_component>
      <object_component id="oc-321">
         <name>.debug_line</name>
         <load_address>0x2d7a</load_address>
         <run_address>0x2d7a</run_address>
         <size>0x20</size>
         <input_file_ref idref="fl-11"/>
      </object_component>
      <object_component id="oc-1c7">
         <name>.debug_line</name>
         <load_address>0x2d9a</load_address>
         <run_address>0x2d9a</run_address>
         <size>0x58</size>
         <input_file_ref idref="fl-11"/>
      </object_component>
      <object_component id="oc-39">
         <name>.debug_line</name>
         <load_address>0x2df2</load_address>
         <run_address>0x2df2</run_address>
         <size>0x4e</size>
         <input_file_ref idref="fl-12"/>
      </object_component>
      <object_component id="oc-1f">
         <name>.debug_line</name>
         <load_address>0x2e40</load_address>
[...]
      </symbol>
      <symbol id="sm-7c2">
         <name>MPU_xTaskResumeAll</name>
         <value>0xbafc</value>
         <object_component_ref idref="oc-131"/>
      </symbol>
      <symbol id="sm-7c3">
         <name>MPU_xEventGroupCreate</name>
         <value>0xc058</value>
         <object_component_ref idref="oc-131"/>
      </symbol>
      <symbol id="sm-7c4">
         <name>MPU_vTaskDelay</name>
         <value>0xb950</value>
         <object_component_ref idref="oc-131"/>
      </symbol>
      <symbol id="sm-7c5">
         <name>MPU_xTaskNotifyStateClear</name>
         <value>0xbdbc</value>
         <object_component_ref idref="oc-131"/>
      </symbol>
      <symbol id="sm-7c6">
         <name>MPU_ulTaskNotifyTake</name>
         <value>0xbd78</value>
         <object_component_ref idref="oc-131"/>
      </symbol>
      <symbol id="sm-7c7">
         <name>MPU_xQueueGenericCreate</name>
         <value>0xbfc8</value>
         <object_component_ref idref="oc-131"/>
      </symbol>
      <symbol id="sm-7c8">
         <name>MPU_xTaskCheckForTimeOut</name>
         <value>0xbe1c</value>
         <object_component_ref idref="oc-131"/>
      </symbol>
      <symbol id="sm-7c9">
         <name>MPU_eTaskGetState</name>
         <value>0xba18</value>
         <object_component_ref idref="oc-131"/>
      </symbol>
      <symbol id="sm-7ca">
         <name>MPU_vTaskSuspendAll</name>
         <value>0xbad8</value>
         <object_component_ref idref="oc-131"/>
      </symbol>
      <symbol id="sm-7cb">
         <name>MPU_xTaskGetIdleTaskHandle</name>
         <value>0xbca4</value>
         <object_component_ref idref="oc-131"/>
      </symbol>
      <symbol id="sm-7cc">
         <name>MPU_vTaskSetThreadLocalStoragePointer</name>
         <value>0xbc1c</value>
         <object_component_ref idref="oc-131"/>
      </symbol>
      <symbol id="sm-80e">
         <name>vPortStoreTaskMPUSettings</name>
         <value>0x4bb8</value>
         <object_component_ref idref="oc-235"/>
      </symbol>
      <symbol id="sm-80f">
         <name>ulTaskHasFPUContext</name>
         <value>0x8003088</value>
         <object_component_ref idref="oc-163"/>
      </symbol>
      <symbol id="sm-810">
         <name>vPortEndScheduler</name>
         <value>0x4e4c</value>
         <object_component_ref idref="oc-235"/>
      </symbol>
      <symbol id="sm-811">
         <name>ulCriticalNesting</name>
         <value>0x8003084</value>
         <object_component_ref idref="oc-163"/>
      </symbol>
      <symbol id="sm-812">
         <name>pxPortInitialiseStack</name>
         <value>0x4aa4</value>
         <object_component_ref idref="oc-235"/>
      </symbol>
      <symbol id="sm-813">
         <name>xPortStartScheduler</name>
         <value>0x4e2c</value>
         <object_component_ref idref="oc-235"/>
      </symbol>
      <symbol id="sm-82e">
         <name>prvMpuSetRegion</name>
         <value>0x4a4c</value>
         <object_component_ref idref="oc-95"/>
      </symbol>
      <symbol id="sm-82f">
         <name>vPortStartFirstTask</name>
         <value>0x45f8</value>
         <object_component_ref idref="oc-95"/>
      </symbol>
      <symbol id="sm-830">
         <name>vPortYeildWithinAPI</name>
         <value>0x4774</value>
         <object_component_ref idref="oc-95"/>
      </symbol>
      <symbol id="sm-831">
         <name>vPortPreemptiveTick</name>
         <value>0x4868</value>
         <object_component_ref idref="oc-95"/>
      </symbol>
      <symbol id="sm-832">
         <name>prvMpuDisable</name>
         <value>0x4a7c</value>
         <object_component_ref idref="oc-95"/>
      </symbol>
      <symbol id="sm-833">
         <name>prvMpuEnable</name>
         <value>0x4a64</value>
         <object_component_ref idref="oc-95"/>
      </symbol>
      <symbol id="sm-834">
         <name>vPortInitialiseFPSCR</name>
         <value>0x4968</value>
         <object_component_ref idref="oc-95"/>
      </symbol>
      <symbol id="sm-835">
         <name>ulPortCountLeadingZeros</name>
         <value>0x4974</value>
         <object_component_ref idref="oc-95"/>
      </symbol>
      <symbol id="sm-836">
         <name>vPortYieldProcessor</name>
         <value>0x4688</value>
         <object_component_ref idref="oc-95"/>
      </symbol>
      <symbol id="sm-837">
         <name>vPortSWI</name>
         <value>0x497c</value>
         <object_component_ref idref="oc-95"/>
      </symbol>
      <symbol id="sm-8f5">
         <name>xQueuePeekFromISR</name>
         <value>0x381c</value>
         <object_component_ref idref="oc-202"/>
      </symbol>
      <symbol id="sm-8f6">
         <name>xQueueIsQueueEmptyFromISR</name>
         <value>0x3cfc</value>
         <object_component_ref idref="oc-202"/>
      </symbol>
      <symbol id="sm-8f7">
         <name>xQueueGenericSendFromISR</name>
         <value>0x3100</value>
         <object_component_ref idref="oc-202"/>
      </symbol>
      <symbol id="sm-8f8">
         <name>uxQueueMessagesWaiting</name>
         <value>0x3910</value>
         <object_component_ref idref="oc-202"/>
      </symbol>
      <symbol id="sm-8f9">
         <name>xQueueIsQueueFullFromISR</name>
         <value>0x3d88</value>
         <object_component_ref idref="oc-202"/>
      </symbol>
      <symbol id="sm-8fa">
         <name>xQueueGenericCreate</name>
         <value>0x2d24</value>
         <object_component_ref idref="oc-202"/>
      </symbol>
      <symbol id="sm-8fb">
         <name>xQueueGenericSend</name>
         <value>0x2e40</value>
         <object_component_ref idref="oc-202"/>
      </symbol>
      <symbol id="sm-8fc">
         <name>xQueueGenericReset</name>
         <value>0x2bfc</value>
         <object_component_ref idref="oc-202"/>
      </symbol>
      <symbol id="sm-8fd">
         <name>xQueueReceiveFromISR</name>
         <value>0x36d4</value>
         <object_component_ref idref="oc-202"/>
      </symbol>
      <symbol id="sm-8fe">
         <name>uxQueueSpacesAvailable</name>
         <value>0x3948</value>
         <object_component_ref idref="oc-202"/>
      </symbol>
      <symbol id="sm-8ff">
         <name>xQueueGiveFromISR</name>
         <value>0x3290</value>
         <object_component_ref idref="oc-202"/>
      </symbol>
      <symbol id="sm-900">
         <name>uxQueueMessagesWaitingFromISR</name>
         <value>0x3994</value>
         <object_component_ref idref="oc-202"/>
      </symbol>
      <symbol id="sm-901">
         <name>xQueueGenericReceive</name>
         <value>0x33fc</value>
         <object_component_ref idref="oc-202"/>
      </symbol>
      <symbol id="sm-902">
         <name>vQueueDelete</name>
         <value>0x39c4</value>
         <object_component_ref idref="oc-202"/>
      </symbol>
      <symbol id="sm-aec">
         <name>xTaskCreateRestricted</name>
         <value>0x20</value>
         <object_component_ref idref="oc-137"/>
      </symbol>
      <symbol id="sm-aed">
         <name>vTaskDelay</name>
         <value>0x80c</value>
         <object_component_ref idref="oc-137"/>
      </symbol>
      <symbol id="sm-aee">
         <name>vTaskSuspendAll</name>
         <value>0x10a0</value>
         <object_component_ref idref="oc-137"/>
      </symbol>
      <symbol id="sm-aef">
         <name>vTaskPlaceOnEventList</name>
         <value>0x1ad0</value>
         <object_component_ref idref="oc-137"/>
      </symbol>
      <symbol id="sm-af0">
         <name>pvTaskGetThreadLocalStoragePointer</name>
         <value>0x1ff8</value>
         <object_component_ref idref="oc-137"/>
      </symbol>
      <symbol id="sm-af1">
         <name>uxTaskPriorityGetFromISR</name>
         <value>0x9d8</value>
         <object_component_ref idref="oc-137"/>
      </symbol>
      <symbol id="sm-af2">
         <name>ulTaskNotifyTake</name>
         <value>0x2390</value>
         <object_component_ref idref="oc-137"/>
      </symbol>
      <symbol id="sm-af3">
         <name>pcTaskGetName</name>
         <value>0x1354</value>
         <object_component_ref idref="oc-137"/>
      </symbol>
      <symbol id="sm-af4">
         <name>xTaskCheckForTimeOut</name>
         <value>0x1dd0</value>
         <object_component_ref idref="oc-137"/>
      </symbol>
      <symbol id="sm-af5">
         <name>xTaskRemoveFromUnorderedEventList</name>
         <value>0x1c88</value>
         <object_component_ref idref="oc-137"/>
      </symbol>
      <symbol id="sm-af6">
         <name>vTaskPrioritySet</name>
         <value>0xa20</value>
         <object_component_ref idref="oc-137"/>
      </symbol>
      <symbol id="sm-af7">
         <name>vTaskAllocateMPURegions</name>
         <value>0x2064</value>
         <object_component_ref idref="oc-137"/>
      </symbol>
      <symbol id="sm-af8">
         <name>xTaskAbortDelay</name>
         <value>0x16c8</value>
         <object_component_ref idref="oc-137"/>
      </symbol>
      <symbol id="sm-af9">
         <name>vTaskStartScheduler</name>
         <value>0xfec</value>
         <object_component_ref idref="oc-137"/>
      </symbol>
      <symbol id="sm-afa">
         <name>xTaskNotifyStateClear</name>
         <value>0x10ae0</value>
         <object_component_ref idref="oc-1fc"/>
      </symbol>
      <symbol id="sm-afb">
         <name>uxTaskGetStackHighWaterMark</name>
         <value>0x223c</value>
         <object_component_ref idref="oc-137"/>
      </symbol>
      <symbol id="sm-afc">
         <name>vTaskSetThreadLocalStoragePointer</name>
         <value>0x1f94</value>
         <object_component_ref idref="oc-137"/>
      </symbol>
      <symbol id="sm-afd">
         <name>xTaskGenericNotify</name>
         <value>0x2580</value>
         <object_component_ref idref="oc-137"/>
      </symbol>
      <symbol id="sm-afe">
         <name>xTaskCreate</name>
         <value>0xfc</value>
         <object_component_ref idref="oc-137"/>
      </symbol>
      <symbol id="sm-aff">
         <name>vTaskDelayUntil</name>
         <value>0x6a0</value>
         <object_component_ref idref="oc-137"/>
      </symbol>
      <symbol id="sm-b00">
         <name>vTaskEndScheduler</name>
         <value>0x1084</value>
         <object_component_ref idref="oc-137"/>
      </symbol>
      <symbol id="sm-b01">
         <name>xTaskNotifyWait</name>
         <value>0x2468</value>
         <object_component_ref idref="oc-137"/>
      </symbol>
      <symbol id="sm-b02">
         <name>vTaskMissedYield</name>
         <value>0x1f08</value>
         <object_component_ref idref="oc-137"/>
      </symbol>
      <symbol id="sm-b03">
         <name>uxTaskGetNumberOfTasks</name>
         <value>0x1348</value>
         <object_component_ref idref="oc-137"/>
      </symbol>
      <symbol id="sm-b04">
         <name>xTaskGenericNotifyFromISR</name>
         <value>0x2754</value>
         <object_component_ref idref="oc-137"/>
      </symbol>
      <symbol id="sm-b05">
         <name>uxTaskPriorityGet</name>
         <value>0x994</value>
         <object_component_ref idref="oc-137"/>
      </symbol>
      <symbol id="sm-b06">
         <name>vTaskStepTick</name>
         <value>0x166c</value>
         <object_component_ref idref="oc-137"/>
      </symbol>
      <symbol id="sm-b07">
         <name>xTaskResumeAll</name>
         <value>0x1158</value>
         <object_component_ref idref="oc-137"/>
      </symbol>
      <symbol id="sm-b08">
         <name>xTaskGetHandle</name>
         <value>0x152c</value>
         <object_component_ref idref="oc-137"/>
      </symbol>
      <symbol id="sm-b09">
         <name>xTaskGetTickCount</name>
         <value>0x1308</value>
         <object_component_ref idref="oc-137"/>
      </symbol>
      <symbol id="sm-b0a">
         <name>vTaskDelete</name>
         <value>0x538</value>
         <object_component_ref idref="oc-137"/>
      </symbol>
      <symbol id="sm-b0b">
         <name>pxCurrentTCB</name>
         <value>0x80008d0</value>
         <object_component_ref idref="oc-160"/>
      </symbol>
      <symbol id="sm-b0c">
         <name>vTaskNotifyGiveFromISR</name>
         <value>0x2954</value>
         <object_component_ref idref="oc-137"/>
      </symbol>
      <symbol id="sm-b0d">
         <name>eTaskGetState</name>
         <value>0x890</value>
         <object_component_ref idref="oc-137"/>
      </symbol>
      <symbol id="sm-b0e">
         <name>vTaskSuspend</name>
         <value>0xc18</value>
         <object_component_ref idref="oc-137"/>
      </symbol>
      <symbol id="sm-b0f">
         <name>xTaskGetIdleTaskHandle</name>
         <value>0x1634</value>
         <object_component_ref idref="oc-137"/>
      </symbol>
      <symbol id="sm-b10">
         <name>xTaskGetTickCountFromISR</name>
         <value>0x1324</value>
         <object_component_ref idref="oc-137"/>
      </symbol>
      <symbol id="sm-b11">
         <name>vTaskResume</name>
         <value>0xe20</value>
         <object_component_ref idref="oc-137"/>
      </symbol>
      <symbol id="sm-b12">
         <name>vTaskSetTimeOutState</name>
         <value>0x1d90</value>
         <object_component_ref idref="oc-137"/>
      </symbol>
      <symbol id="sm-b13">
         <name>xTaskIncrementTick</name>
         <value>0x17c8</value>
         <object_component_ref idref="oc-137"/>
      </symbol>
      <symbol id="sm-b14">
         <name>vTaskSwitchContext</name>
         <value>0x19f0</value>
         <object_component_ref idref="oc-137"/>
      </symbol>
      <symbol id="sm-b15">
         <name>uxTaskResetEventItemValue</name>
         <value>0x2354</value>
         <object_component_ref idref="oc-137"/>
      </symbol>
      <symbol id="sm-b16">
         <name>xTaskGetSchedulerState</name>
         <value>0x2304</value>
         <object_component_ref idref="oc-137"/>
      </symbol>
      <symbol id="sm-b17">
         <name>xTaskResumeFromISR</name>
         <value>0xf04</value>
         <object_component_ref idref="oc-137"/>
      </symbol>
      <symbol id="sm-b18">
         <name>vTaskPlaceOnUnorderedEventList</name>
         <value>0x1b14</value>
         <object_component_ref idref="oc-137"/>
      </symbol>
      <symbol id="sm-b19">
         <name>xTaskRemoveFromEventList</name>
         <value>0x1b98</value>
         <object_component_ref idref="oc-137"/>
      </symbol>
      <symbol id="sm-b1a">
         <name>eTaskConfirmSleepModeStatus</name>
         <value>0x1f18</value>
         <object_component_ref idref="oc-137"/>
      </symbol>
      <symbol id="sm-b9b">
         <name>pow</name>
         <value>0xdd14</value>
         <object_component_ref idref="oc-13d"/>
      </symbol>
      <symbol id="sm-b9c">
         <name>powl</name>
         <value>0xdd14</value>
         <object_component_ref idref="oc-13d"/>
      </symbol>
      <symbol id="sm-bac">
         <name>sqrtl</name>
         <value>0x11238</value>
         <object_component_ref idref="oc-246"/>
      </symbol>
      <symbol id="sm-bad">
         <name>sqrt</name>
         <value>0x11238</value>
         <object_component_ref idref="oc-246"/>
      </symbol>
      <symbol id="sm-bc7">
         <name>floorl</name>
         <value>0x10b5c</value>
         <object_component_ref idref="oc-1df"/>
      </symbol>
      <symbol id="sm-bc8">
         <name>floor</name>
         <value>0x10b5c</value>
         <object_component_ref idref="oc-1df"/>
      </symbol>
      <symbol id="sm-bec">
         <name>scalbn</name>
         <value>0x10dd4</value>
         <object_component_ref idref="oc-252"/>
      </symbol>
      <symbol id="sm-bed">
         <name>scalbnl</name>
         <value>0x10dd4</value>
         <object_component_ref idref="oc-252"/>
      </symbol>
      <symbol id="sm-bee">
         <name>ldexpl</name>
         <value>0x10dd4</value>
         <object_component_ref idref="oc-252"/>
      </symbol>
      <symbol id="sm-bef">
         <name>ldexp</name>
         <value>0x10dd4</value>
         <object_component_ref idref="oc-252"/>
      </symbol>
      <symbol id="sm-c08">
         <name>memcpy</name>
         <value>0x10700</value>
         <object_component_ref idref="oc-52"/>
      </symbol>
      <symbol id="sm-c09">
         <name>__aeabi_memcpy</name>
         <value>0x10700</value>
         <object_component_ref idref="oc-52"/>
      </symbol>
      <symbol id="sm-c0a">
         <name>__aeabi_memcpy8</name>
         <value>0x10700</value>
         <object_component_ref idref="oc-52"/>
      </symbol>
      <symbol id="sm-c0b">
         <name>__aeabi_memcpy4</name>
         <value>0x10700</value>
         <object_component_ref idref="oc-52"/>
      </symbol>
      <symbol id="sm-c1a">
         <name>__aeabi_memset</name>
         <value>0x11094</value>
         <object_component_ref idref="oc-c6"/>
      </symbol>
      <symbol id="sm-c1b">
         <name>memset</name>
         <value>0x110a0</value>
         <object_component_ref idref="oc-c6"/>
      </symbol>
      <symbol id="sm-c1c">
         <name>__aeabi_memset8</name>
         <value>0x11094</value>
         <object_component_ref idref="oc-c6"/>
      </symbol>
      <symbol id="sm-c1d">
         <name>__aeabi_memset4</name>
         <value>0x11094</value>
         <object_component_ref idref="oc-c6"/>
      </symbol>
      <symbol id="sm-c1e">
         <name>__aeabi_memclr8</name>
         <value>0x11090</value>
         <object_component_ref idref="oc-c6"/>
      </symbol>
      <symbol id="sm-c1f">
         <name>__aeabi_memclr4</name>
         <value>0x11090</value>
         <object_component_ref idref="oc-c6"/>
      </symbol>
      <symbol id="sm-c20">
         <name>__aeabi_memclr</name>
         <value>0x11090</value>
         <object_component_ref idref="oc-c6"/>
      </symbol>
      <symbol id="sm-c48">
         <name>__TI_auto_init_nobinit_nopinit</name>
         <value>0x111d0</value>
         <object_component_ref idref="oc-e9"/>
      </symbol>
      <symbol id="sm-c60">
         <name>__TI_zero_init</name>
         <value>0x112c0</value>
         <object_component_ref idref="oc-64"/>
      </symbol>
      <symbol id="sm-c77">
         <name>__TI_decompress_none</name>
         <value>0x112ac</value>
         <object_component_ref idref="oc-14"/>
      </symbol>
      <symbol id="sm-c9a">
         <name>__TI_decompress_lzss</name>
         <value>0x11140</value>
         <object_component_ref idref="oc-e"/>
      </symbol>
      <symbol id="sm-cb0">
         <name>__aeabi_errno_addr</name>
         <value>0x112d0</value>
         <object_component_ref idref="oc-24c"/>
      </symbol>
      <symbol id="sm-cb1">
         <name>errno</name>
         <value>0x8003090</value>
         <object_component_ref idref="oc-2f1"/>
      </symbol>
      <symbol id="sm-cbc">
         <name>C$$EXIT</name>
         <value>0x112dc</value>
         <object_component_ref idref="oc-154"/>
      </symbol>
      <symbol id="sm-cbd">
         <name>abort</name>
         <value>0x112dc</value>
         <object_component_ref idref="oc-154"/>
      </symbol>
      <symbol id="sm-ccc">
         <name>strlen</name>
         <value>0x11270</value>
         <object_component_ref idref="oc-23e"/>
      </symbol>
      <symbol id="sm-cd6">
         <name>copysign</name>
         <value>0x11290</value>
         <object_component_ref idref="oc-2f6"/>
      </symbol>
      <symbol id="sm-cd7">
         <name>copysignl</name>
         <value>0x11290</value>
         <object_component_ref idref="oc-2f6"/>
      </symbol>
      <symbol id="sm-cd8">
         <name>__TI_static_base__</name>
         <value>0x0</value>
      </symbol>
      <symbol id="sm-cdc">
         <name>SHT$$INIT_ARRAY$$Base</name>
         <value>0x0</value>
      </symbol>
      <symbol id="sm-cdd">
         <name>SHT$$INIT_ARRAY$$Limit</name>
         <value>0x0</value>
      </symbol>
      <symbol id="sm-cde">
         <name>_system_post_cinit</name>
         <value>0x0</value>
      </symbol>
   </symbol_table>
   <title>Link successful</title>
</link_info>
