******************************************************************************
                  TI ARM Linker Unix v18.1.3                   
******************************************************************************
>> Linked Tue Dec 18 16:13:18 2018

OUTPUT FILE NAME:   <rf_control.out>
ENTRY POINT SYMBOL: "_c_int00"  address: 00009448


MEMORY CONFIGURATION

         name            origin    length      used     unused   attr    fill
----------------------  --------  ---------  --------  --------  ----  --------
  VECTORS               00000000   00000020  00000020  00000000     X
  FLASH0                00000020   001fffe0  00009f05  001f60db  R  X
  FLASH1                00200000   00200000  00000000  00200000  R  X
  STACKS                08000000   00001500  00000000  00001500  RW  
  RAM                   08001500   0007eb00  000000e8  0007ea18  RW  


SEGMENT ALLOCATION MAP

run origin  load origin   length   init length attrs members
----------  ----------- ---------- ----------- ----- -------
00000000    00000000    00009bf4   00009bf4    r-x
  00000000    00000000    00000020   00000020    r-x .intvecs
  00000020    00000020    00009bd4   00009bd4    r-x .text
00009c00    00009c00    00000301   00000301    r--
  00009c00    00009c00    00000301   00000301    r-- .const
00009f20    00009f20    00000030   00000030    r--
  00009f20    00009f20    00000030   00000030    r-- .cinit
08001500    08001500    000000e8   00000000    rw-
  08001500    08001500    000000e4   00000000    rw- .bss
  080015e4    080015e4    00000004   00000000    rw- .data


SECTION ALLOCATION MAP

 output                                  attributes/
section   page    origin      length       input sections
--------  ----  ----------  ----------   ----------------
.intvecs   0    00000000    00000020     
                  00000000    00000020     HL_sys_intvecs.obj (.intvecs)

.text      0    00000020    00009bd4     
                  00000020    00002748     HL_etpwm.obj (.text)
                  00002768    00000f9c     rtsv7R4_A_be_v3D16_eabi.lib : _printfi.c.obj (.text:__TI_printfi)
                  00003704    000009cc     HL_pinmux.obj (.text)
                  000040d0    0000095c     HL_system.obj (.text)
                  00004a2c    00000938     HL_sys_vim.obj (.text)
                  00005364    000008f4     HL_ecap.obj (.text)
                  00005c58    00000870     HL_sci.obj (.text)
                  000064c8    0000078c     HL_esm.obj (.text)
                  00006c54    00000484     HL_gio.obj (.text)
                  000070d8    00000474     HL_sys_main.obj (.text)
                  0000754c    000003c4     HL_sys_core.obj (.text)
                  00007910    0000036c     HL_sys_mpu.obj (.text)
                  00007c7c    0000033c     HL_sys_vim.obj (.text:retain)
                  00007fb8    000002dc     rtsv7R4_A_be_v3D16_eabi.lib : _printfi.c.obj (.text:_pconv_a)
                  00008294    000002b8                                 : ull_div32.asm.obj (.text)
                  0000854c    00000248                                 : _printfi.c.obj (.text:_pconv_g)
                  00008794    00000220     HL_ecap.obj (.text:retain)
                  000089b4    00000180     rtsv7R4_A_be_v3D16_eabi.lib : memcpy32.asm.obj (.text)
                  00008b34    00000178     HL_esm.obj (.text:retain)
                  00008cac    0000015c     rtsv7R4_A_be_v3D16_eabi.lib : _printfi.c.obj (.text:_pconv_e)
                  00008e08    00000144                                 : _printfi.c.obj (.text:fcvt)
                  00008f4c    0000013c                                 : s_floor.c.obj (.text:floor)
                  00009088    00000120                                 : s_scalbn.c.obj (.text:scalbn)
                  000091a8    00000115                                 : _printfi.c.obj (.text:_ltostr)
                  000092bd    00000003     --HOLE-- [fill = 0]
                  000092c0    000000c8                                 : _printfi.c.obj (.text:_mcpy)
                  00009388    000000c0     HL_notification.obj (.text)
                  00009448    000000b4     HL_sys_startup.obj (.text:retain)
                  000094fc    000000b0     rtsv7R4_A_be_v3D16_eabi.lib : memset32.asm.obj (.text)
                  000095ac    00000098                                 : _printfi.c.obj (.text:_ecpy)
                  00009644    00000090                                 : copy_decompress_lzss.c.obj (.text:decompress:lzss:__TI_decompress_lzss)
                  000096d4    0000008c                                 : s_frexp.c.obj (.text:frexp)
                  00009760    00000084                                 : atoi.c.obj (.text:atoi)
                  000097e4    00000080                                 : ltoa.c.obj (.text:ltoa)
                  00009864    00000074                                 : _printfi.c.obj (.text:_pconv_f)
                  000098d8    00000068                                 : autoinit.c.obj (.text:__TI_auto_init_nobinit_nopinit:__TI_auto_init_nobinit_nopinit)
                  00009940    00000064                                 : _printfi.c.obj (.text:_fcpy)
                  000099a4    00000064                                 : sprintf.c.obj (.text:sprintf)
                  00009a08    00000054                                 : i_div32.asm.obj (.text)
                  00009a5c    00000050                                 : u_div32.asm.obj (.text)
                  00009aac    00000030                                 : sprintf.c.obj (.text:_outs)
                  00009adc    0000002c                                 : memccpy.c.obj (.text:memccpy)
                  00009b08    00000028                                 : strchr.c.obj (.text:strchr)
                  00009b30    00000024                                 : wcslen.c.obj (.text:wcslen)
                  00009b54    00000020                                 : copy_zero_init.c.obj (.text:decompress:ZI:__TI_zero_init_nomemset:__TI_zero_init_nomemset)
                  00009b74    00000020                                 : strlen.c.obj (.text:strlen)
                  00009b94    0000001c                                 : s_copysign.c.obj (.text:copysign)
                  00009bb0    00000014                                 : sprintf.c.obj (.text:_outc)
                  00009bc4    00000014                                 : copy_decompress_none.c.obj (.text:decompress:none:__TI_decompress_none)
                  00009bd8    0000000c                                 : errno.c.obj (.text:__aeabi_errno_addr)
                  00009be4    00000008                                 : exit.c.obj (.text:abort:abort)
                  00009bec    00000004     HL_sys_phantom.obj (.text:retain)
                  00009bf0    00000004     rtsv7R4_A_be_v3D16_eabi.lib : div0.asm.obj (.text)

.const     0    00009c00    00000301     
                  00009c00    00000200     HL_sys_vim.obj (.const:s_vim_init)
                  00009e00    00000101     rtsv7R4_A_be_v3D16_eabi.lib : ctype.c.obj (.const:.string:_ctypes_)

.cinit     0    00009f20    00000030     
                  00009f20    0000000c     (__TI_handler_table)
                  00009f2c    00000004     --HOLE-- [fill = 0]
                  00009f30    00000008     (.cinit..bss.load) [load image, compression = zero_init]
                  00009f38    00000007     (.cinit..data.load) [load image, compression = lzss]
                  00009f3f    00000001     --HOLE-- [fill = 0]
                  00009f40    00000010     (__TI_cinit_table)

.bss       0    08001500    000000e4     UNINITIALIZED
                  08001500    00000080     (.common:buf)
                  08001580    00000050     HL_sci.obj (.bss:g_sciTransfer_t)
                  080015d0    00000004     (.common:aileron)
                  080015d4    00000004     (.common:buf_len)
                  080015d8    00000004     (.common:elevator)
                  080015dc    00000004     (.common:rudder)
                  080015e0    00000004     (.common:throttle)

.data      0    080015e4    00000004     UNINITIALIZED
                  080015e4    00000004     rtsv7R4_A_be_v3D16_eabi.lib : errno.c.obj (.data)

MODULE SUMMARY

       Module                       code    ro data   rw data
       ------                       ----    -------   -------
    ./source/
       HL_etpwm.obj                 10056   0         0      
       HL_sys_vim.obj               3188    512       0      
       HL_ecap.obj                  2836    0         0      
       HL_pinmux.obj                2508    0         0      
       HL_system.obj                2396    0         0      
       HL_esm.obj                   2308    0         0      
       HL_sci.obj                   2160    0         80     
       HL_sys_main.obj              1140    0         148    
       HL_gio.obj                   1156    0         0      
       HL_sys_core.obj              964     0         0      
       HL_sys_mpu.obj               876     0         0      
       HL_notification.obj          192     0         0      
       HL_sys_startup.obj           180     0         0      
       HL_sys_intvecs.obj           32      0         0      
       HL_sys_phantom.obj           4       0         0      
    +--+----------------------------+-------+---------+---------+
       Total:                       29996   512       228    
                                                             
    /home/koitt/ti/ccsv8/tools/compiler/ti-cgt-arm_18.1.3.LTS/lib/rtsv7R4_A_be_v3D16_eabi.lib
       _printfi.c.obj               6829    0         0      
       ull_div32.asm.obj            696     0         0      
       memcpy32.asm.obj             384     0         0      
       s_floor.c.obj                316     0         0      
       s_scalbn.c.obj               288     0         0      
       ctype.c.obj                  0       257       0      
       memset32.asm.obj             176     0         0      
       sprintf.c.obj                168     0         0      
       copy_decompress_lzss.c.obj   144     0         0      
       s_frexp.c.obj                140     0         0      
       atoi.c.obj                   132     0         0      
       ltoa.c.obj                   128     0         0      
       autoinit.c.obj               104     0         0      
       i_div32.asm.obj              84      0         0      
       u_div32.asm.obj              80      0         0      
       memccpy.c.obj                44      0         0      
       strchr.c.obj                 40      0         0      
       wcslen.c.obj                 36      0         0      
       copy_zero_init.c.obj         32      0         0      
       strlen.c.obj                 32      0         0      
       s_copysign.c.obj             28      0         0      
       copy_decompress_none.c.obj   20      0         0      
       errno.c.obj                  12      0         4      
       exit.c.obj                   8       0         0      
       div0.asm.obj                 4       0         0      
    +--+----------------------------+-------+---------+---------+
       Total:                       9925    257       4      
                                                             
       Linker Generated:            0       43        0      
    +--+----------------------------+-------+---------+---------+
       Grand Total:                 39921   812       232    


LINKER GENERATED COPY TABLES

__TI_cinit_table @ 00009f40 records: 2, size/record: 8, table size: 16
	.bss: load addr=00009f30, load size=00000008 bytes, run addr=08001500, run size=000000e4 bytes, compression=zero_init
	.data: load addr=00009f38, load size=00000007 bytes, run addr=080015e4, run size=00000004 bytes, compression=lzss


LINKER GENERATED HANDLER TABLE

__TI_handler_table @ 00009f20 records: 3, size/record: 4, table size: 12
	index: 0, handler: __TI_zero_init
	index: 1, handler: __TI_decompress_lzss
	index: 2, handler: __TI_decompress_none


GLOBAL SYMBOLS: SORTED ALPHABETICALLY BY Name 

address   name                                
-------   ----                                
00009be4  C$$EXIT                             
UNDEFED   SHT$$INIT_ARRAY$$Base               
UNDEFED   SHT$$INIT_ARRAY$$Limit              
00009f40  __TI_CINIT_Base                     
00009f50  __TI_CINIT_Limit                    
00009f20  __TI_Handler_Table_Base             
00009f2c  __TI_Handler_Table_Limit            
00007908  __TI_PINIT_Base                     
0000790c  __TI_PINIT_Limit                    
000098d8  __TI_auto_init_nobinit_nopinit      
00009644  __TI_decompress_lzss                
00009bc4  __TI_decompress_none                
ffffffff  __TI_pprof_out_hndl                 
00002768  __TI_printfi                        
ffffffff  __TI_prof_data_size                 
ffffffff  __TI_prof_data_start                
00000000  __TI_static_base__                  
00009b54  __TI_zero_init_nomemset             
00009bd8  __aeabi_errno_addr                  
00009a08  __aeabi_idiv                        
00009bf0  __aeabi_idiv0                       
00009a08  __aeabi_idivmod                     
00009bf0  __aeabi_ldiv0                       
000094fc  __aeabi_memclr                      
000094fc  __aeabi_memclr4                     
000094fc  __aeabi_memclr8                     
000089b4  __aeabi_memcpy                      
000089b4  __aeabi_memcpy4                     
000089b4  __aeabi_memcpy8                     
00009500  __aeabi_memset                      
00009500  __aeabi_memset4                     
00009500  __aeabi_memset8                     
00009a5c  __aeabi_uidiv                       
00009a5c  __aeabi_uidivmod                    
00008294  __aeabi_uldivmod                    
ffffffff  __binit__                           
ffffffff  __c_args__                          
00009448  _c_int00                            
000078bc  _cacheDisable_                      
00007878  _cacheEnable_                       
00007858  _checkMemInitOn_                    
00007764  _coreClearAuxiliaryDataFault_       
00007778  _coreClearAuxiliaryInstructionFault_
0000773c  _coreClearDataFaultAddress_         
00007714  _coreClearDataFault_                
00007750  _coreClearInstructionFaultAddress_  
00007728  _coreClearInstructionFault_         
000076ec  _coreDisableEventBusExport_         
000076dc  _coreEnableEventBusExport_          
000076fc  _coreEnableIrqVicOffset_            
000076c4  _coreEnableVfp_                     
0000775c  _coreGetAuxiliaryDataFault_         
00007770  _coreGetAuxiliaryInstructionFault_  
00007734  _coreGetDataFaultAddress_           
0000770c  _coreGetDataFault_                  
00007748  _coreGetInstructionFaultAddress_    
00007720  _coreGetInstructionFault_           
0000754c  _coreInitRegisters_                 
00007658  _coreInitStackPointer_              
00009e00  _ctypes_                            
000078e0  _dCacheInvalidate_                  
00007784  _disable_IRQ_interrupt_             
0000778c  _enable_IRQ_interrupt_              
00007794  _enable_interrupt_                  
0000779c  _esmCcmErrorsClear_                 
000076a4  _getCPSRValue_                      
000076ac  _gotoCPUIdle_                       
000078f4  _iCacheInvalidate_                  
00007824  _memInit_                           
00007c24  _mpuAreRegionsSeparate_             
00007c08  _mpuDisableBackgroundRegion_        
00007be0  _mpuDisable_                        
00007bf8  _mpuEnableBackgroundRegion_         
00007bc8  _mpuEnable_                         
00007c18  _mpuGetNumberOfRegions_             
00007c48  _mpuGetRegionBaseAddress_           
00007c68  _mpuGetRegionPermission_            
00007c5c  _mpuGetRegionType_                  
00007c38  _mpuGetRegion_                      
00007910  _mpuInit_                           
00007c40  _mpuSetRegionBaseAddress_           
00007c74  _mpuSetRegionSizeRegister_          
00007c50  _mpuSetRegionTypeAndPermission_     
00007c30  _mpuSetRegion_                      
UNDEFED   _system_post_cinit                  
00009be4  abort                               
080015d0  aileron                             
00009760  atoi                                
ffffffff  binit                               
08001500  buf                                 
080015d4  buf_len                             
00009b94  copysign                            
00009b94  copysignl                           
000093c0  dmaGroupANotification               
00005880  ecap1GetConfigValue                 
00008794  ecap1Interrupt                      
00005914  ecap2GetConfigValue                 
0000880c  ecap2Interrupt                      
000059a8  ecap3GetConfigValue                 
00008884  ecap3nterrupt                       
00005a3c  ecap4GetConfigValue                 
000088fc  ecap4Interrupt                      
00005ad0  ecap5GetConfigValue                 
00005b64  ecap6GetConfigValue                 
00005800  ecapClearFlag                       
00005760  ecapDisableAPWMMode                 
00005650  ecapDisableCapture                  
00005448  ecapDisableCounterLoadOnSync        
000057ac  ecapDisableInterrupt                
000056f4  ecapEnableAPWMmode                  
00005630  ecapEnableCapture                   
00005418  ecapEnableCounterLoadOnSync         
00005784  ecapEnableInterrupt                 
00005820  ecapGetCAP1                         
00005838  ecapGetCAP2                         
00005850  ecapGetCAP3                         
00005868  ecapGetCAP4                         
000057dc  ecapGetEventStatus                  
00005364  ecapInit                            
000071f8  ecapNotification                    
000054a8  ecapSetCaptureEvent1                
000054f4  ecapSetCaptureEvent2                
00005544  ecapSetCaptureEvent3                
00005594  ecapSetCaptureEvent4                
000055e4  ecapSetCaptureMode                  
000053f8  ecapSetCounter                      
0000546c  ecapSetEventPrescaler               
000056b8  ecapSetSyncOut                      
00005674  ecapStartCounter                    
00005694  ecapStopCounter                     
080015d8  elevator                            
00009434  epcCAMFullNotification              
00009438  epcFIFOFullNotification             
080015e4  errno                               
000066d8  esmActivateNormalOperation          
00006824  esmClearStatus                      
00006888  esmClearStatusBuffer                
00006864  esmClearStatusUpper                 
00006684  esmDisableError                     
000066ac  esmDisableErrorUpper                
0000672c  esmDisableInterrupt                 
00006754  esmDisableInterruptUpper            
00006640  esmEnableError                      
00006668  esmEnableErrorUpper                 
000066e8  esmEnableInterrupt                  
00006710  esmEnableInterruptUpper             
000069b8  esmEnterSelfTest                    
00006624  esmError                            
00006a90  esmGetConfigValue                   
000068c4  esmGetStatus                        
00006990  esmGetStatusBuffer                  
00006948  esmGetStatusUpper                   
00009388  esmGroup1Notification               
0000939c  esmGroup2Notification               
000093b0  esmGroup3Notification               
00008b34  esmHighInterrupt                    
000064c8  esmInit                             
00006a40  esmSelfTestStatus                   
000068a4  esmSetCounterPreloadValue           
00006770  esmSetInterruptLevel                
000067e4  esmSetInterruptLevelUpper           
000066c8  esmTriggerErrorPinReset             
00001128  etpwm1GetConfigValue                
000014bc  etpwm2GetConfigValue                
0000179c  etpwm3GetConfigValue                
00001a7c  etpwm4GetConfigValue                
00001d5c  etpwm5GetConfigValue                
00002044  etpwm6GetConfigValue                
0000234c  etpwm7GetConfigValue                
00000f74  etpwmClearEventFlag                 
00000d44  etpwmClearTripCondition             
00000d64  etpwmClearTripInterruptFlag         
00000c08  etpwmDisableChopping                
000009d4  etpwmDisableCmpAShadowMode          
00000a34  etpwmDisableCmpBShadowMode          
00000864  etpwmDisableCounterLoadOnSync       
00000b88  etpwmDisableDeadband                
00000f38  etpwmDisableInterrupt               
00000e14  etpwmDisableSOCA                    
00000eac  etpwmDisableSOCB                    
000007d0  etpwmDisableTimebasePeriodShadowMode
00000d14  etpwmDisableTripInterrupt           
00000c4c  etpwmDisableTripZoneSources         
00000bd4  etpwmEnableChopping                 
00000998  etpwmEnableCmpAShadowMode           
000009f4  etpwmEnableCmpBShadowMode           
00000814  etpwmEnableCounterLoadOnSync        
00000b34  etpwmEnableDeadBand                 
00000fbc  etpwmEnableDigitalCompareEvents     
00000ecc  etpwmEnableInterrupt                
00000da0  etpwmEnableSOCA                     
00000e38  etpwmEnableSOCB                     
000007f0  etpwmEnableTimebasePeriodShadowMode 
00000cec  etpwmEnableTripInterrupt            
00000c24  etpwmEnableTripZoneSources          
00000d80  etpwmForceTripEvent                 
00000f5c  etpwmGetEventStatus                 
00000020  etpwmInit                           
000093fc  etpwmNotification                   
00000a54  etpwmSetActionQualPwmA              
00000ac4  etpwmSetActionQualPwmB              
00000748  etpwmSetClkDiv                      
00000958  etpwmSetCmpA                        
00000978  etpwmSetCmpB                        
000007b0  etpwmSetCount                       
000008c4  etpwmSetCounterMode                 
00000ba4  etpwmSetDeadBandDelay               
00000920  etpwmSetRunMode                     
00000888  etpwmSetSyncOut                     
00000790  etpwmSetTimebasePeriod              
00000c7c  etpwmSetTripAction                  
000006b4  etpwmStartTBCLK                     
00000700  etpwmStopTBCLK                      
00000f94  etpwmTriggerEvent                   
00000900  etpwmTriggerSWSync                  
0000940c  etpwmTripNotification               
00008f4c  floor                               
00008f4c  floorl                              
000096d4  frexp                               
000096d4  frexpl                              
0000443c  getResetSource                      
00006eb4  gioDisableNotification              
00006e4c  gioEnableNotification               
00006db4  gioGetBit                           
00006f1c  gioGetConfigValue                   
00006ddc  gioGetPort                          
00006c54  gioInit                             
000093d4  gioNotification                     
00006d44  gioSetBit                           
00006d24  gioSetDirection                     
00006d94  gioSetPort                          
00006df4  gioToggleBit                        
00009088  ldexp                               
00009088  ldexpl                              
000097e4  ltoa                                
000070d8  main                                
0000426c  mapClocks                           
00009adc  memccpy                             
000089b4  memcpy                              
0000950c  memset                              
00003704  muxInit                             
000041b8  periphInit                          
00009bec  phantomInterrupt                    
00000000  resetEntry                          
080015dc  rudder                              
00009088  scalbn                              
00009088  scalbnl                             
00006314  sci1GetConfigValue                  
00006188  sciDisableLoopback                  
0000623c  sciDisableNotification              
00006154  sciEnableLoopback                   
000061a4  sciEnableNotification               
000062d4  sciEnterResetState                  
000062f4  sciExitResetState                   
00005c58  sciInit                             
00005fcc  sciIsIdleDetected                   
00005fb0  sciIsRxReady                        
00005e00  sciIsTxReady                        
000093e8  sciNotification                     
00006044  sciReceive                          
00006018  sciReceiveByte                      
00005fe8  sciRxError                          
00005e4c  sciSend                             
00005e1c  sciSendByte                         
00005d64  sciSetBaudrate                      
00005d44  sciSetFunctional                    
000073e0  sci_display                         
00004178  setupFlash                          
000040d0  setupPLL                            
000099a4  sprintf                             
00009b08  strchr                              
00009b74  strlen                              
00004564  systemGetConfigValue                
00004398  systemInit                          
0000440c  systemPowerDown                     
080015e0  throttle                            
00004130  trimLPO                             
00004b00  vimChannelMap                       
00004d6c  vimDisableInterrupt                 
00007c7c  vimECCErrorHandler                  
00004ba4  vimEnableInterrupt                  
00004e18  vimGetConfigValue                   
00004a2c  vimInit                             
00007440  wait                                
00009b30  wcslen                              


GLOBAL SYMBOLS: SORTED BY Symbol Address 

address   name                                
-------   ----                                
00000000  __TI_static_base__                  
00000000  resetEntry                          
00000020  etpwmInit                           
000006b4  etpwmStartTBCLK                     
00000700  etpwmStopTBCLK                      
00000748  etpwmSetClkDiv                      
00000790  etpwmSetTimebasePeriod              
000007b0  etpwmSetCount                       
000007d0  etpwmDisableTimebasePeriodShadowMode
000007f0  etpwmEnableTimebasePeriodShadowMode 
00000814  etpwmEnableCounterLoadOnSync        
00000864  etpwmDisableCounterLoadOnSync       
00000888  etpwmSetSyncOut                     
000008c4  etpwmSetCounterMode                 
00000900  etpwmTriggerSWSync                  
00000920  etpwmSetRunMode                     
00000958  etpwmSetCmpA                        
00000978  etpwmSetCmpB                        
00000998  etpwmEnableCmpAShadowMode           
000009d4  etpwmDisableCmpAShadowMode          
000009f4  etpwmEnableCmpBShadowMode           
00000a34  etpwmDisableCmpBShadowMode          
00000a54  etpwmSetActionQualPwmA              
00000ac4  etpwmSetActionQualPwmB              
00000b34  etpwmEnableDeadBand                 
00000b88  etpwmDisableDeadband                
00000ba4  etpwmSetDeadBandDelay               
00000bd4  etpwmEnableChopping                 
00000c08  etpwmDisableChopping                
00000c24  etpwmEnableTripZoneSources          
00000c4c  etpwmDisableTripZoneSources         
00000c7c  etpwmSetTripAction                  
00000cec  etpwmEnableTripInterrupt            
00000d14  etpwmDisableTripInterrupt           
00000d44  etpwmClearTripCondition             
00000d64  etpwmClearTripInterruptFlag         
00000d80  etpwmForceTripEvent                 
00000da0  etpwmEnableSOCA                     
00000e14  etpwmDisableSOCA                    
00000e38  etpwmEnableSOCB                     
00000eac  etpwmDisableSOCB                    
00000ecc  etpwmEnableInterrupt                
00000f38  etpwmDisableInterrupt               
00000f5c  etpwmGetEventStatus                 
00000f74  etpwmClearEventFlag                 
00000f94  etpwmTriggerEvent                   
00000fbc  etpwmEnableDigitalCompareEvents     
00001128  etpwm1GetConfigValue                
000014bc  etpwm2GetConfigValue                
0000179c  etpwm3GetConfigValue                
00001a7c  etpwm4GetConfigValue                
00001d5c  etpwm5GetConfigValue                
00002044  etpwm6GetConfigValue                
0000234c  etpwm7GetConfigValue                
00002768  __TI_printfi                        
00003704  muxInit                             
000040d0  setupPLL                            
00004130  trimLPO                             
00004178  setupFlash                          
000041b8  periphInit                          
0000426c  mapClocks                           
00004398  systemInit                          
0000440c  systemPowerDown                     
0000443c  getResetSource                      
00004564  systemGetConfigValue                
00004a2c  vimInit                             
00004b00  vimChannelMap                       
00004ba4  vimEnableInterrupt                  
00004d6c  vimDisableInterrupt                 
00004e18  vimGetConfigValue                   
00005364  ecapInit                            
000053f8  ecapSetCounter                      
00005418  ecapEnableCounterLoadOnSync         
00005448  ecapDisableCounterLoadOnSync        
0000546c  ecapSetEventPrescaler               
000054a8  ecapSetCaptureEvent1                
000054f4  ecapSetCaptureEvent2                
00005544  ecapSetCaptureEvent3                
00005594  ecapSetCaptureEvent4                
000055e4  ecapSetCaptureMode                  
00005630  ecapEnableCapture                   
00005650  ecapDisableCapture                  
00005674  ecapStartCounter                    
00005694  ecapStopCounter                     
000056b8  ecapSetSyncOut                      
000056f4  ecapEnableAPWMmode                  
00005760  ecapDisableAPWMMode                 
00005784  ecapEnableInterrupt                 
000057ac  ecapDisableInterrupt                
000057dc  ecapGetEventStatus                  
00005800  ecapClearFlag                       
00005820  ecapGetCAP1                         
00005838  ecapGetCAP2                         
00005850  ecapGetCAP3                         
00005868  ecapGetCAP4                         
00005880  ecap1GetConfigValue                 
00005914  ecap2GetConfigValue                 
000059a8  ecap3GetConfigValue                 
00005a3c  ecap4GetConfigValue                 
00005ad0  ecap5GetConfigValue                 
00005b64  ecap6GetConfigValue                 
00005c58  sciInit                             
00005d44  sciSetFunctional                    
00005d64  sciSetBaudrate                      
00005e00  sciIsTxReady                        
00005e1c  sciSendByte                         
00005e4c  sciSend                             
00005fb0  sciIsRxReady                        
00005fcc  sciIsIdleDetected                   
00005fe8  sciRxError                          
00006018  sciReceiveByte                      
00006044  sciReceive                          
00006154  sciEnableLoopback                   
00006188  sciDisableLoopback                  
000061a4  sciEnableNotification               
0000623c  sciDisableNotification              
000062d4  sciEnterResetState                  
000062f4  sciExitResetState                   
00006314  sci1GetConfigValue                  
000064c8  esmInit                             
00006624  esmError                            
00006640  esmEnableError                      
00006668  esmEnableErrorUpper                 
00006684  esmDisableError                     
000066ac  esmDisableErrorUpper                
000066c8  esmTriggerErrorPinReset             
000066d8  esmActivateNormalOperation          
000066e8  esmEnableInterrupt                  
00006710  esmEnableInterruptUpper             
0000672c  esmDisableInterrupt                 
00006754  esmDisableInterruptUpper            
00006770  esmSetInterruptLevel                
000067e4  esmSetInterruptLevelUpper           
00006824  esmClearStatus                      
00006864  esmClearStatusUpper                 
00006888  esmClearStatusBuffer                
000068a4  esmSetCounterPreloadValue           
000068c4  esmGetStatus                        
00006948  esmGetStatusUpper                   
00006990  esmGetStatusBuffer                  
000069b8  esmEnterSelfTest                    
00006a40  esmSelfTestStatus                   
00006a90  esmGetConfigValue                   
00006c54  gioInit                             
00006d24  gioSetDirection                     
00006d44  gioSetBit                           
00006d94  gioSetPort                          
00006db4  gioGetBit                           
00006ddc  gioGetPort                          
00006df4  gioToggleBit                        
00006e4c  gioEnableNotification               
00006eb4  gioDisableNotification              
00006f1c  gioGetConfigValue                   
000070d8  main                                
000071f8  ecapNotification                    
000073e0  sci_display                         
00007440  wait                                
0000754c  _coreInitRegisters_                 
00007658  _coreInitStackPointer_              
000076a4  _getCPSRValue_                      
000076ac  _gotoCPUIdle_                       
000076c4  _coreEnableVfp_                     
000076dc  _coreEnableEventBusExport_          
000076ec  _coreDisableEventBusExport_         
000076fc  _coreEnableIrqVicOffset_            
0000770c  _coreGetDataFault_                  
00007714  _coreClearDataFault_                
00007720  _coreGetInstructionFault_           
00007728  _coreClearInstructionFault_         
00007734  _coreGetDataFaultAddress_           
0000773c  _coreClearDataFaultAddress_         
00007748  _coreGetInstructionFaultAddress_    
00007750  _coreClearInstructionFaultAddress_  
0000775c  _coreGetAuxiliaryDataFault_         
00007764  _coreClearAuxiliaryDataFault_       
00007770  _coreGetAuxiliaryInstructionFault_  
00007778  _coreClearAuxiliaryInstructionFault_
00007784  _disable_IRQ_interrupt_             
0000778c  _enable_IRQ_interrupt_              
00007794  _enable_interrupt_                  
0000779c  _esmCcmErrorsClear_                 
00007824  _memInit_                           
00007858  _checkMemInitOn_                    
00007878  _cacheEnable_                       
000078bc  _cacheDisable_                      
000078e0  _dCacheInvalidate_                  
000078f4  _iCacheInvalidate_                  
00007908  __TI_PINIT_Base                     
0000790c  __TI_PINIT_Limit                    
00007910  _mpuInit_                           
00007bc8  _mpuEnable_                         
00007be0  _mpuDisable_                        
00007bf8  _mpuEnableBackgroundRegion_         
00007c08  _mpuDisableBackgroundRegion_        
00007c18  _mpuGetNumberOfRegions_             
00007c24  _mpuAreRegionsSeparate_             
00007c30  _mpuSetRegion_                      
00007c38  _mpuGetRegion_                      
00007c40  _mpuSetRegionBaseAddress_           
00007c48  _mpuGetRegionBaseAddress_           
00007c50  _mpuSetRegionTypeAndPermission_     
00007c5c  _mpuGetRegionType_                  
00007c68  _mpuGetRegionPermission_            
00007c74  _mpuSetRegionSizeRegister_          
00007c7c  vimECCErrorHandler                  
00008294  __aeabi_uldivmod                    
00008794  ecap1Interrupt                      
0000880c  ecap2Interrupt                      
00008884  ecap3nterrupt                       
000088fc  ecap4Interrupt                      
000089b4  __aeabi_memcpy                      
000089b4  __aeabi_memcpy4                     
000089b4  __aeabi_memcpy8                     
000089b4  memcpy                              
00008b34  esmHighInterrupt                    
00008f4c  floor                               
00008f4c  floorl                              
00009088  ldexp                               
00009088  ldexpl                              
00009088  scalbn                              
00009088  scalbnl                             
00009388  esmGroup1Notification               
0000939c  esmGroup2Notification               
000093b0  esmGroup3Notification               
000093c0  dmaGroupANotification               
000093d4  gioNotification                     
000093e8  sciNotification                     
000093fc  etpwmNotification                   
0000940c  etpwmTripNotification               
00009434  epcCAMFullNotification              
00009438  epcFIFOFullNotification             
00009448  _c_int00                            
000094fc  __aeabi_memclr                      
000094fc  __aeabi_memclr4                     
000094fc  __aeabi_memclr8                     
00009500  __aeabi_memset                      
00009500  __aeabi_memset4                     
00009500  __aeabi_memset8                     
0000950c  memset                              
00009644  __TI_decompress_lzss                
000096d4  frexp                               
000096d4  frexpl                              
00009760  atoi                                
000097e4  ltoa                                
000098d8  __TI_auto_init_nobinit_nopinit      
000099a4  sprintf                             
00009a08  __aeabi_idiv                        
00009a08  __aeabi_idivmod                     
00009a5c  __aeabi_uidiv                       
00009a5c  __aeabi_uidivmod                    
00009adc  memccpy                             
00009b08  strchr                              
00009b30  wcslen                              
00009b54  __TI_zero_init_nomemset             
00009b74  strlen                              
00009b94  copysign                            
00009b94  copysignl                           
00009bc4  __TI_decompress_none                
00009bd8  __aeabi_errno_addr                  
00009be4  C$$EXIT                             
00009be4  abort                               
00009bec  phantomInterrupt                    
00009bf0  __aeabi_idiv0                       
00009bf0  __aeabi_ldiv0                       
00009e00  _ctypes_                            
00009f20  __TI_Handler_Table_Base             
00009f2c  __TI_Handler_Table_Limit            
00009f40  __TI_CINIT_Base                     
00009f50  __TI_CINIT_Limit                    
08001500  buf                                 
080015d0  aileron                             
080015d4  buf_len                             
080015d8  elevator                            
080015dc  rudder                              
080015e0  throttle                            
080015e4  errno                               
ffffffff  __TI_pprof_out_hndl                 
ffffffff  __TI_prof_data_size                 
ffffffff  __TI_prof_data_start                
ffffffff  __binit__                           
ffffffff  __c_args__                          
ffffffff  binit                               
UNDEFED   SHT$$INIT_ARRAY$$Base               
UNDEFED   SHT$$INIT_ARRAY$$Limit              
UNDEFED   _system_post_cinit                  

[285 symbols]
