******************************************************************************
                  TI ARM Linker Unix v18.1.3                   
******************************************************************************
>> Linked Fri Dec 14 13:25:15 2018

OUTPUT FILE NAME:   <i2c_mpu6050.out>
ENTRY POINT SYMBOL: "_c_int00"  address: 000073e0


MEMORY CONFIGURATION

         name            origin    length      used     unused   attr    fill
----------------------  --------  ---------  --------  --------  ----  --------
  VECTORS               00000000   00000020  00000020  00000000     X
  FLASH0                00000020   001fffe0  00007f4e  001f8092  R  X
  FLASH1                00200000   00200000  00000000  00200000  R  X
  STACKS                08000000   00001500  00000000  00001500  RW  
  RAM                   08001500   0007eb00  00000078  0007ea88  RW  


SEGMENT ALLOCATION MAP

run origin  load origin   length   init length attrs members
----------  ----------- ---------- ----------- ----- -------
00000000    00000000    00007f42   00007f42    r-x
  00000000    00000000    00000020   00000020    r-x .intvecs
  00000020    00000020    00007c1c   00007c1c    r-x .text
  00007c40    00007c40    00000302   00000302    r-- .const
00007f60    00007f60    00000030   00000030    r--
  00007f60    00007f60    00000030   00000030    r-- .cinit
08001500    08001500    00000078   00000000    rw-
  08001500    08001500    00000074   00000000    rw- .bss
  08001574    08001574    00000004   00000000    rw- .data


SECTION ALLOCATION MAP

 output                                  attributes/
section   page    origin      length       input sections
--------  ----  ----------  ----------   ----------------
.intvecs   0    00000000    00000020     
                  00000000    00000020     HL_sys_intvecs.obj (.intvecs)

.text      0    00000020    00007c1c     
                  00000020    00000f9c     rtsv7R4_A_be_v3D16_eabi.lib : _printfi.c.obj (.text:__TI_printfi)
                  00000fbc    000009e4     HL_i2c.obj (.text)
                  000019a0    000009c4     HL_pinmux.obj (.text)
                  00002364    0000095c     HL_system.obj (.text)
                  00002cc0    00000938     HL_sys_vim.obj (.text)
                  000035f8    00000870     HL_sci.obj (.text)
                  00003e68    0000078c     HL_esm.obj (.text)
                  000045f4    000006b4     HL_sys_main.obj (.text)
                  00004ca8    00000698     HL_rti.obj (.text)
                  00005340    00000484     HL_gio.obj (.text)
                  000057c4    000003c4     HL_sys_core.obj (.text)
                  00005b88    0000036c     HL_sys_mpu.obj (.text)
                  00005ef4    0000033c     HL_sys_vim.obj (.text:retain)
                  00006230    000002dc     rtsv7R4_A_be_v3D16_eabi.lib : _printfi.c.obj (.text:_pconv_a)
                  0000650c    000002b8                                 : ull_div32.asm.obj (.text)
                  000067c4    00000248                                 : _printfi.c.obj (.text:_pconv_g)
                  00006a0c    00000180                                 : memcpy32.asm.obj (.text)
                  00006b8c    00000178     HL_esm.obj (.text:retain)
                  00006d04    0000015c     rtsv7R4_A_be_v3D16_eabi.lib : _printfi.c.obj (.text:_pconv_e)
                  00006e60    00000144                                 : _printfi.c.obj (.text:fcvt)
                  00006fa4    0000013c                                 : s_floor.c.obj (.text:floor)
                  000070e0    00000120                                 : s_scalbn.c.obj (.text:scalbn)
                  00007200    00000115                                 : _printfi.c.obj (.text:_ltostr)
                  00007315    00000003     --HOLE-- [fill = 0]
                  00007318    000000c8                                 : _printfi.c.obj (.text:_mcpy)
                  000073e0    000000b4     HL_sys_startup.obj (.text:retain)
                  00007494    000000b0     HL_notification.obj (.text)
                  00007544    000000b0     rtsv7R4_A_be_v3D16_eabi.lib : memset32.asm.obj (.text)
                  000075f4    00000098                                 : _printfi.c.obj (.text:_ecpy)
                  0000768c    00000090                                 : copy_decompress_lzss.c.obj (.text:decompress:lzss:__TI_decompress_lzss)
                  0000771c    0000008c                                 : s_frexp.c.obj (.text:frexp)
                  000077a8    00000084                                 : atoi.c.obj (.text:atoi)
                  0000782c    00000080                                 : ltoa.c.obj (.text:ltoa)
                  000078ac    00000074                                 : _printfi.c.obj (.text:_pconv_f)
                  00007920    00000068                                 : autoinit.c.obj (.text:__TI_auto_init_nobinit_nopinit:__TI_auto_init_nobinit_nopinit)
                  00007988    00000064                                 : _printfi.c.obj (.text:_fcpy)
                  000079ec    00000064                                 : sprintf.c.obj (.text:sprintf)
                  00007a50    00000054                                 : i_div32.asm.obj (.text)
                  00007aa4    00000050                                 : u_div32.asm.obj (.text)
                  00007af4    00000030                                 : sprintf.c.obj (.text:_outs)
                  00007b24    0000002c                                 : memccpy.c.obj (.text:memccpy)
                  00007b50    00000028                                 : strchr.c.obj (.text:strchr)
                  00007b78    00000024                                 : wcslen.c.obj (.text:wcslen)
                  00007b9c    00000020                                 : copy_zero_init.c.obj (.text:decompress:ZI:__TI_zero_init_nomemset:__TI_zero_init_nomemset)
                  00007bbc    00000020                                 : strlen.c.obj (.text:strlen)
                  00007bdc    0000001c                                 : s_copysign.c.obj (.text:copysign)
                  00007bf8    00000014                                 : sprintf.c.obj (.text:_outc)
                  00007c0c    00000014                                 : copy_decompress_none.c.obj (.text:decompress:none:__TI_decompress_none)
                  00007c20    0000000c                                 : errno.c.obj (.text:__aeabi_errno_addr)
                  00007c2c    00000008                                 : exit.c.obj (.text:abort:abort)
                  00007c34    00000004     HL_sys_phantom.obj (.text:retain)
                  00007c38    00000004     rtsv7R4_A_be_v3D16_eabi.lib : div0.asm.obj (.text)

.const     0    00007c40    00000302     
                  00007c40    00000200     HL_sys_vim.obj (.const:s_vim_init)
                  00007e40    00000101     rtsv7R4_A_be_v3D16_eabi.lib : ctype.c.obj (.const:.string:_ctypes_)
                  00007f41    00000001     HL_sys_main.obj (.const:.string:$P$T0$1)

.cinit     0    00007f60    00000030     
                  00007f60    0000000c     (__TI_handler_table)
                  00007f6c    00000004     --HOLE-- [fill = 0]
                  00007f70    00000008     (.cinit..bss.load) [load image, compression = zero_init]
                  00007f78    00000007     (.cinit..data.load) [load image, compression = lzss]
                  00007f7f    00000001     --HOLE-- [fill = 0]
                  00007f80    00000010     (__TI_cinit_table)

.bss       0    08001500    00000074     UNINITIALIZED
                  08001500    00000050     HL_sci.obj (.bss:g_sciTransfer_t)
                  08001550    00000018     HL_i2c.obj (.bss:g_i2cTransfer_t)
                  08001568    00000008     (.common:g_acc_xyz)
                  08001570    00000004     (.common:g_acc_flag)

.data      0    08001574    00000004     UNINITIALIZED
                  08001574    00000004     rtsv7R4_A_be_v3D16_eabi.lib : errno.c.obj (.data)

MODULE SUMMARY

       Module                       code    ro data   rw data
       ------                       ----    -------   -------
    ./source/
       HL_sys_vim.obj               3188    512       0      
       HL_i2c.obj                   2532    0         24     
       HL_pinmux.obj                2500    0         0      
       HL_system.obj                2396    0         0      
       HL_esm.obj                   2308    0         0      
       HL_sci.obj                   2160    0         80     
       HL_sys_main.obj              1716    1         12     
       HL_rti.obj                   1688    0         0      
       HL_gio.obj                   1156    0         0      
       HL_sys_core.obj              964     0         0      
       HL_sys_mpu.obj               876     0         0      
       HL_sys_startup.obj           180     0         0      
       HL_notification.obj          176     0         0      
       HL_sys_intvecs.obj           32      0         0      
       HL_sys_phantom.obj           4       0         0      
    +--+----------------------------+-------+---------+---------+
       Total:                       21876   513       116    
                                                             
    /home/koitt/ti/ccsv8/tools/compiler/ti-cgt-arm_18.1.3.LTS/lib/rtsv7R4_A_be_v3D16_eabi.lib
       _printfi.c.obj               6829    0         0      
       ull_div32.asm.obj            696     0         0      
       memcpy32.asm.obj             384     0         0      
       s_floor.c.obj                316     0         0      
       s_scalbn.c.obj               288     0         0      
       ctype.c.obj                  0       257       0      
       memset32.asm.obj             176     0         0      
       sprintf.c.obj                168     0         0      
       copy_decompress_lzss.c.obj   144     0         0      
       s_frexp.c.obj                140     0         0      
       atoi.c.obj                   132     0         0      
       ltoa.c.obj                   128     0         0      
       autoinit.c.obj               104     0         0      
       i_div32.asm.obj              84      0         0      
       u_div32.asm.obj              80      0         0      
       memccpy.c.obj                44      0         0      
       strchr.c.obj                 40      0         0      
       wcslen.c.obj                 36      0         0      
       copy_zero_init.c.obj         32      0         0      
       strlen.c.obj                 32      0         0      
       s_copysign.c.obj             28      0         0      
       copy_decompress_none.c.obj   20      0         0      
       errno.c.obj                  12      0         4      
       exit.c.obj                   8       0         0      
       div0.asm.obj                 4       0         0      
    +--+----------------------------+-------+---------+---------+
       Total:                       9925    257       4      
                                                             
       Linker Generated:            0       43        0      
    +--+----------------------------+-------+---------+---------+
       Grand Total:                 31801   813       120    


LINKER GENERATED COPY TABLES

__TI_cinit_table @ 00007f80 records: 2, size/record: 8, table size: 16
	.bss: load addr=00007f70, load size=00000008 bytes, run addr=08001500, run size=00000074 bytes, compression=zero_init
	.data: load addr=00007f78, load size=00000007 bytes, run addr=08001574, run size=00000004 bytes, compression=lzss


LINKER GENERATED HANDLER TABLE

__TI_handler_table @ 00007f60 records: 3, size/record: 4, table size: 12
	index: 0, handler: __TI_zero_init
	index: 1, handler: __TI_decompress_lzss
	index: 2, handler: __TI_decompress_none


GLOBAL SYMBOLS: SORTED ALPHABETICALLY BY Name 

address   name                                
-------   ----                                
00007c2c  C$$EXIT                             
00005074  IsdwdKeySequenceCorrect             
UNDEFED   SHT$$INIT_ARRAY$$Base               
UNDEFED   SHT$$INIT_ARRAY$$Limit              
00007f80  __TI_CINIT_Base                     
00007f90  __TI_CINIT_Limit                    
00007f60  __TI_Handler_Table_Base             
00007f6c  __TI_Handler_Table_Limit            
00005b80  __TI_PINIT_Base                     
00005b84  __TI_PINIT_Limit                    
00007920  __TI_auto_init_nobinit_nopinit      
0000768c  __TI_decompress_lzss                
00007c0c  __TI_decompress_none                
ffffffff  __TI_pprof_out_hndl                 
00000020  __TI_printfi                        
ffffffff  __TI_prof_data_size                 
ffffffff  __TI_prof_data_start                
00000000  __TI_static_base__                  
00007b9c  __TI_zero_init_nomemset             
00007c20  __aeabi_errno_addr                  
00007a50  __aeabi_idiv                        
00007c38  __aeabi_idiv0                       
00007a50  __aeabi_idivmod                     
00007c38  __aeabi_ldiv0                       
00007544  __aeabi_memclr                      
00007544  __aeabi_memclr4                     
00007544  __aeabi_memclr8                     
00006a0c  __aeabi_memcpy                      
00006a0c  __aeabi_memcpy4                     
00006a0c  __aeabi_memcpy8                     
00007548  __aeabi_memset                      
00007548  __aeabi_memset4                     
00007548  __aeabi_memset8                     
00007aa4  __aeabi_uidiv                       
00007aa4  __aeabi_uidivmod                    
0000650c  __aeabi_uldivmod                    
ffffffff  __binit__                           
ffffffff  __c_args__                          
000073e0  _c_int00                            
00005b34  _cacheDisable_                      
00005af0  _cacheEnable_                       
00005ad0  _checkMemInitOn_                    
000059dc  _coreClearAuxiliaryDataFault_       
000059f0  _coreClearAuxiliaryInstructionFault_
000059b4  _coreClearDataFaultAddress_         
0000598c  _coreClearDataFault_                
000059c8  _coreClearInstructionFaultAddress_  
000059a0  _coreClearInstructionFault_         
00005964  _coreDisableEventBusExport_         
00005954  _coreEnableEventBusExport_          
00005974  _coreEnableIrqVicOffset_            
0000593c  _coreEnableVfp_                     
000059d4  _coreGetAuxiliaryDataFault_         
000059e8  _coreGetAuxiliaryInstructionFault_  
000059ac  _coreGetDataFaultAddress_           
00005984  _coreGetDataFault_                  
000059c0  _coreGetInstructionFaultAddress_    
00005998  _coreGetInstructionFault_           
000057c4  _coreInitRegisters_                 
000058d0  _coreInitStackPointer_              
00007e40  _ctypes_                            
00005b58  _dCacheInvalidate_                  
000059fc  _disable_IRQ_interrupt_             
00005a04  _enable_IRQ_interrupt_              
00005a0c  _enable_interrupt_                  
00005a14  _esmCcmErrorsClear_                 
0000591c  _getCPSRValue_                      
00005924  _gotoCPUIdle_                       
00005b6c  _iCacheInvalidate_                  
00005a9c  _memInit_                           
00005e9c  _mpuAreRegionsSeparate_             
00005e80  _mpuDisableBackgroundRegion_        
00005e58  _mpuDisable_                        
00005e70  _mpuEnableBackgroundRegion_         
00005e40  _mpuEnable_                         
00005e90  _mpuGetNumberOfRegions_             
00005ec0  _mpuGetRegionBaseAddress_           
00005ee0  _mpuGetRegionPermission_            
00005ed4  _mpuGetRegionType_                  
00005eb0  _mpuGetRegion_                      
00005b88  _mpuInit_                           
00005eb8  _mpuSetRegionBaseAddress_           
00005eec  _mpuSetRegionSizeRegister_          
00005ec8  _mpuSetRegionTypeAndPermission_     
00005ea8  _mpuSetRegion_                      
UNDEFED   _system_post_cinit                  
00007c2c  abort                               
000077a8  atoi                                
ffffffff  binit                               
00007bdc  copysign                            
00007bdc  copysignl                           
000074cc  dmaGroupANotification               
000050e4  dwdClearFlag                        
00004fe8  dwdCounterEnable                    
0000504c  dwdGenerateSysReset                 
000050ac  dwdGetStatus                        
00005100  dwdGetViolationStatus               
00004f58  dwdInit                             
00005024  dwdReset                            
00005004  dwdSetPreload                       
00004fd0  dwwdGetCurrentDownCounter           
00004f84  dwwdInit                            
00007530  epcCAMFullNotification              
00007534  epcFIFOFullNotification             
08001574  errno                               
00004078  esmActivateNormalOperation          
000041c4  esmClearStatus                      
00004228  esmClearStatusBuffer                
00004204  esmClearStatusUpper                 
00004024  esmDisableError                     
0000404c  esmDisableErrorUpper                
000040cc  esmDisableInterrupt                 
000040f4  esmDisableInterruptUpper            
00003fe0  esmEnableError                      
00004008  esmEnableErrorUpper                 
00004088  esmEnableInterrupt                  
000040b0  esmEnableInterruptUpper             
00004358  esmEnterSelfTest                    
00003fc4  esmError                            
00004430  esmGetConfigValue                   
00004264  esmGetStatus                        
00004330  esmGetStatusBuffer                  
000042e8  esmGetStatusUpper                   
00007494  esmGroup1Notification               
000074a8  esmGroup2Notification               
000074bc  esmGroup3Notification               
00006b8c  esmHighInterrupt                    
00003e68  esmInit                             
000043e0  esmSelfTestStatus                   
00004244  esmSetCounterPreloadValue           
00004110  esmSetInterruptLevel                
00004184  esmSetInterruptLevelUpper           
00004068  esmTriggerErrorPinReset             
00006fa4  floor                               
00006fa4  floorl                              
0000771c  frexp                               
0000771c  frexpl                              
08001570  g_acc_flag                          
08001568  g_acc_xyz                           
000026d0  getResetSource                      
000055a0  gioDisableNotification              
00005538  gioEnableNotification               
000054a0  gioGetBit                           
00005608  gioGetConfigValue                   
000054c8  gioGetPort                          
00005340  gioInit                             
000074f4  gioNotification                     
00005430  gioSetBit                           
00005410  gioSetDirection                     
00005480  gioSetPort                          
000054e0  gioToggleBit                        
000016c8  i2c2GetConfigValue                  
00001434  i2cClearSCD                         
0000158c  i2cDisableLoopback                  
00001614  i2cDisableNotification              
0000156c  i2cEnableLoopback                   
000015ac  i2cEnableNotification               
00000fbc  i2cInit                             
00001908  i2cIsBusBusy                        
000018c8  i2cIsMasterReady                    
000013cc  i2cIsRxReady                        
000013e8  i2cIsStopDetected                   
00001254  i2cIsTxReady                        
00007508  i2cNotification                     
00001494  i2cReceive                          
00001450  i2cReceiveByte                      
00001404  i2cRxError                          
000012a0  i2cSend                             
00001270  i2cSendByte                         
000010f4  i2cSetBaudrate                      
00001234  i2cSetCount                         
00001890  i2cSetDirection                     
00001690  i2cSetMode                          
000010b4  i2cSetOwnAdd                        
000010d4  i2cSetSlaveAdd                      
000011f4  i2cSetStart                         
00001214  i2cSetStop                          
000070e0  ldexp                               
000070e0  ldexpl                              
0000782c  ltoa                                
00004638  main                                
00002500  mapClocks                           
00007b24  memccpy                             
00006a0c  memcpy                              
00007554  memset                              
00004a48  mpu6050_acc_conf                    
000048d4  mpu6050_enable                      
000019a0  muxInit                             
0000244c  periphInit                          
00007c34  phantomInterrupt                    
00000000  resetEntry                          
000051b8  rtiDisableNotification              
0000518c  rtiEnableNotification               
000051d8  rtiGetConfigValue                   
00004ec0  rtiGetCurrentTick                   
00004e94  rtiGetPeriod                        
00004ca8  rtiInit                             
00004b18  rtiNotification                     
00004dfc  rtiResetCounter                     
00004e68  rtiSetPeriod                        
00004d9c  rtiStartCounter                     
00004dcc  rtiStopCounter                      
000070e0  scalbn                              
000070e0  scalbnl                             
00003cb4  sci1GetConfigValue                  
00003b28  sciDisableLoopback                  
00003bdc  sciDisableNotification              
00003af4  sciEnableLoopback                   
00003b44  sciEnableNotification               
00003c74  sciEnterResetState                  
00003c94  sciExitResetState                   
000035f8  sciInit                             
0000396c  sciIsIdleDetected                   
00003950  sciIsRxReady                        
000037a0  sciIsTxReady                        
0000751c  sciNotification                     
000039e4  sciReceive                          
000039b8  sciReceiveByte                      
00003988  sciRxError                          
000037ec  sciSend                             
000037bc  sciSendByte                         
00003704  sciSetBaudrate                      
000036e4  sciSetFunctional                    
00004874  sci_display                         
0000240c  setupFlash                          
00002364  setupPLL                            
000079ec  sprintf                             
00007b50  strchr                              
00007bbc  strlen                              
000027f8  systemGetConfigValue                
0000262c  systemInit                          
000026a0  systemPowerDown                     
000023c4  trimLPO                             
00002d94  vimChannelMap                       
00003000  vimDisableInterrupt                 
00005ef4  vimECCErrorHandler                  
00002e38  vimEnableInterrupt                  
000030ac  vimGetConfigValue                   
00002cc0  vimInit                             
000045f4  wait                                
00007b78  wcslen                              


GLOBAL SYMBOLS: SORTED BY Symbol Address 

address   name                                
-------   ----                                
00000000  __TI_static_base__                  
00000000  resetEntry                          
00000020  __TI_printfi                        
00000fbc  i2cInit                             
000010b4  i2cSetOwnAdd                        
000010d4  i2cSetSlaveAdd                      
000010f4  i2cSetBaudrate                      
000011f4  i2cSetStart                         
00001214  i2cSetStop                          
00001234  i2cSetCount                         
00001254  i2cIsTxReady                        
00001270  i2cSendByte                         
000012a0  i2cSend                             
000013cc  i2cIsRxReady                        
000013e8  i2cIsStopDetected                   
00001404  i2cRxError                          
00001434  i2cClearSCD                         
00001450  i2cReceiveByte                      
00001494  i2cReceive                          
0000156c  i2cEnableLoopback                   
0000158c  i2cDisableLoopback                  
000015ac  i2cEnableNotification               
00001614  i2cDisableNotification              
00001690  i2cSetMode                          
000016c8  i2c2GetConfigValue                  
00001890  i2cSetDirection                     
000018c8  i2cIsMasterReady                    
00001908  i2cIsBusBusy                        
000019a0  muxInit                             
00002364  setupPLL                            
000023c4  trimLPO                             
0000240c  setupFlash                          
0000244c  periphInit                          
00002500  mapClocks                           
0000262c  systemInit                          
000026a0  systemPowerDown                     
000026d0  getResetSource                      
000027f8  systemGetConfigValue                
00002cc0  vimInit                             
00002d94  vimChannelMap                       
00002e38  vimEnableInterrupt                  
00003000  vimDisableInterrupt                 
000030ac  vimGetConfigValue                   
000035f8  sciInit                             
000036e4  sciSetFunctional                    
00003704  sciSetBaudrate                      
000037a0  sciIsTxReady                        
000037bc  sciSendByte                         
000037ec  sciSend                             
00003950  sciIsRxReady                        
0000396c  sciIsIdleDetected                   
00003988  sciRxError                          
000039b8  sciReceiveByte                      
000039e4  sciReceive                          
00003af4  sciEnableLoopback                   
00003b28  sciDisableLoopback                  
00003b44  sciEnableNotification               
00003bdc  sciDisableNotification              
00003c74  sciEnterResetState                  
00003c94  sciExitResetState                   
00003cb4  sci1GetConfigValue                  
00003e68  esmInit                             
00003fc4  esmError                            
00003fe0  esmEnableError                      
00004008  esmEnableErrorUpper                 
00004024  esmDisableError                     
0000404c  esmDisableErrorUpper                
00004068  esmTriggerErrorPinReset             
00004078  esmActivateNormalOperation          
00004088  esmEnableInterrupt                  
000040b0  esmEnableInterruptUpper             
000040cc  esmDisableInterrupt                 
000040f4  esmDisableInterruptUpper            
00004110  esmSetInterruptLevel                
00004184  esmSetInterruptLevelUpper           
000041c4  esmClearStatus                      
00004204  esmClearStatusUpper                 
00004228  esmClearStatusBuffer                
00004244  esmSetCounterPreloadValue           
00004264  esmGetStatus                        
000042e8  esmGetStatusUpper                   
00004330  esmGetStatusBuffer                  
00004358  esmEnterSelfTest                    
000043e0  esmSelfTestStatus                   
00004430  esmGetConfigValue                   
000045f4  wait                                
00004638  main                                
00004874  sci_display                         
000048d4  mpu6050_enable                      
00004a48  mpu6050_acc_conf                    
00004b18  rtiNotification                     
00004ca8  rtiInit                             
00004d9c  rtiStartCounter                     
00004dcc  rtiStopCounter                      
00004dfc  rtiResetCounter                     
00004e68  rtiSetPeriod                        
00004e94  rtiGetPeriod                        
00004ec0  rtiGetCurrentTick                   
00004f58  dwdInit                             
00004f84  dwwdInit                            
00004fd0  dwwdGetCurrentDownCounter           
00004fe8  dwdCounterEnable                    
00005004  dwdSetPreload                       
00005024  dwdReset                            
0000504c  dwdGenerateSysReset                 
00005074  IsdwdKeySequenceCorrect             
000050ac  dwdGetStatus                        
000050e4  dwdClearFlag                        
00005100  dwdGetViolationStatus               
0000518c  rtiEnableNotification               
000051b8  rtiDisableNotification              
000051d8  rtiGetConfigValue                   
00005340  gioInit                             
00005410  gioSetDirection                     
00005430  gioSetBit                           
00005480  gioSetPort                          
000054a0  gioGetBit                           
000054c8  gioGetPort                          
000054e0  gioToggleBit                        
00005538  gioEnableNotification               
000055a0  gioDisableNotification              
00005608  gioGetConfigValue                   
000057c4  _coreInitRegisters_                 
000058d0  _coreInitStackPointer_              
0000591c  _getCPSRValue_                      
00005924  _gotoCPUIdle_                       
0000593c  _coreEnableVfp_                     
00005954  _coreEnableEventBusExport_          
00005964  _coreDisableEventBusExport_         
00005974  _coreEnableIrqVicOffset_            
00005984  _coreGetDataFault_                  
0000598c  _coreClearDataFault_                
00005998  _coreGetInstructionFault_           
000059a0  _coreClearInstructionFault_         
000059ac  _coreGetDataFaultAddress_           
000059b4  _coreClearDataFaultAddress_         
000059c0  _coreGetInstructionFaultAddress_    
000059c8  _coreClearInstructionFaultAddress_  
000059d4  _coreGetAuxiliaryDataFault_         
000059dc  _coreClearAuxiliaryDataFault_       
000059e8  _coreGetAuxiliaryInstructionFault_  
000059f0  _coreClearAuxiliaryInstructionFault_
000059fc  _disable_IRQ_interrupt_             
00005a04  _enable_IRQ_interrupt_              
00005a0c  _enable_interrupt_                  
00005a14  _esmCcmErrorsClear_                 
00005a9c  _memInit_                           
00005ad0  _checkMemInitOn_                    
00005af0  _cacheEnable_                       
00005b34  _cacheDisable_                      
00005b58  _dCacheInvalidate_                  
00005b6c  _iCacheInvalidate_                  
00005b80  __TI_PINIT_Base                     
00005b84  __TI_PINIT_Limit                    
00005b88  _mpuInit_                           
00005e40  _mpuEnable_                         
00005e58  _mpuDisable_                        
00005e70  _mpuEnableBackgroundRegion_         
00005e80  _mpuDisableBackgroundRegion_        
00005e90  _mpuGetNumberOfRegions_             
00005e9c  _mpuAreRegionsSeparate_             
00005ea8  _mpuSetRegion_                      
00005eb0  _mpuGetRegion_                      
00005eb8  _mpuSetRegionBaseAddress_           
00005ec0  _mpuGetRegionBaseAddress_           
00005ec8  _mpuSetRegionTypeAndPermission_     
00005ed4  _mpuGetRegionType_                  
00005ee0  _mpuGetRegionPermission_            
00005eec  _mpuSetRegionSizeRegister_          
00005ef4  vimECCErrorHandler                  
0000650c  __aeabi_uldivmod                    
00006a0c  __aeabi_memcpy                      
00006a0c  __aeabi_memcpy4                     
00006a0c  __aeabi_memcpy8                     
00006a0c  memcpy                              
00006b8c  esmHighInterrupt                    
00006fa4  floor                               
00006fa4  floorl                              
000070e0  ldexp                               
000070e0  ldexpl                              
000070e0  scalbn                              
000070e0  scalbnl                             
000073e0  _c_int00                            
00007494  esmGroup1Notification               
000074a8  esmGroup2Notification               
000074bc  esmGroup3Notification               
000074cc  dmaGroupANotification               
000074f4  gioNotification                     
00007508  i2cNotification                     
0000751c  sciNotification                     
00007530  epcCAMFullNotification              
00007534  epcFIFOFullNotification             
00007544  __aeabi_memclr                      
00007544  __aeabi_memclr4                     
00007544  __aeabi_memclr8                     
00007548  __aeabi_memset                      
00007548  __aeabi_memset4                     
00007548  __aeabi_memset8                     
00007554  memset                              
0000768c  __TI_decompress_lzss                
0000771c  frexp                               
0000771c  frexpl                              
000077a8  atoi                                
0000782c  ltoa                                
00007920  __TI_auto_init_nobinit_nopinit      
000079ec  sprintf                             
00007a50  __aeabi_idiv                        
00007a50  __aeabi_idivmod                     
00007aa4  __aeabi_uidiv                       
00007aa4  __aeabi_uidivmod                    
00007b24  memccpy                             
00007b50  strchr                              
00007b78  wcslen                              
00007b9c  __TI_zero_init_nomemset             
00007bbc  strlen                              
00007bdc  copysign                            
00007bdc  copysignl                           
00007c0c  __TI_decompress_none                
00007c20  __aeabi_errno_addr                  
00007c2c  C$$EXIT                             
00007c2c  abort                               
00007c34  phantomInterrupt                    
00007c38  __aeabi_idiv0                       
00007c38  __aeabi_ldiv0                       
00007e40  _ctypes_                            
00007f60  __TI_Handler_Table_Base             
00007f6c  __TI_Handler_Table_Limit            
00007f80  __TI_CINIT_Base                     
00007f90  __TI_CINIT_Limit                    
08001568  g_acc_xyz                           
08001570  g_acc_flag                          
08001574  errno                               
ffffffff  __TI_pprof_out_hndl                 
ffffffff  __TI_prof_data_size                 
ffffffff  __TI_prof_data_start                
ffffffff  __binit__                           
ffffffff  __c_args__                          
ffffffff  binit                               
UNDEFED   SHT$$INIT_ARRAY$$Base               
UNDEFED   SHT$$INIT_ARRAY$$Limit              
UNDEFED   _system_post_cinit                  

[241 symbols]
